févr. 12 13:47:54 ordi kernel: Linux version 6.11.11-1-MANJARO (linux611@manjaro) (gcc (GCC) 14.2.1 20240910, GNU ld (GNU Binutils) 2.43.0) #1 SMP PREEMPT_DYNAMIC Thu, 05 Dec 2024 16:26:44 +0000
févr. 12 13:47:54 ordi kernel: Command line: BOOT_IMAGE=/@/boot/vmlinuz-6.11-x86_64 root=UUID=10256267-fbb1-4dbc-8727-5a025a2a1a49 rw rootflags=subvol=@ resume=UUID=4f5c6ca5-0597-4ae1-a2ad-641549433216 quiet splash resume=UUID=4f5c6ca5-0597-4ae1-a2ad-641549433216 udev.log_priority=3
févr. 12 13:47:54 ordi kernel: BIOS-provided physical RAM map:
févr. 12 13:47:54 ordi kernel: BIOS-e820: [mem 0x0000000000000000-0x0000000000057fff] usable
févr. 12 13:47:54 ordi kernel: BIOS-e820: [mem 0x0000000000058000-0x0000000000058fff] reserved
févr. 12 13:47:54 ordi kernel: BIOS-e820: [mem 0x0000000000059000-0x000000000009dfff] usable
févr. 12 13:47:54 ordi kernel: BIOS-e820: [mem 0x000000000009e000-0x000000000009ffff] reserved
févr. 12 13:47:54 ordi kernel: BIOS-e820: [mem 0x0000000000100000-0x00000000830f7fff] usable
févr. 12 13:47:54 ordi kernel: BIOS-e820: [mem 0x00000000830f8000-0x00000000830f8fff] ACPI NVS
févr. 12 13:47:54 ordi kernel: BIOS-e820: [mem 0x00000000830f9000-0x0000000083122fff] reserved
févr. 12 13:47:54 ordi kernel: BIOS-e820: [mem 0x0000000083123000-0x0000000086a46fff] usable
févr. 12 13:47:54 ordi kernel: BIOS-e820: [mem 0x0000000086a47000-0x000000008738dfff] reserved
févr. 12 13:47:54 ordi kernel: BIOS-e820: [mem 0x000000008738e000-0x00000000873b8fff] ACPI data
févr. 12 13:47:54 ordi kernel: BIOS-e820: [mem 0x00000000873b9000-0x0000000087b97fff] ACPI NVS
févr. 12 13:47:54 ordi kernel: BIOS-e820: [mem 0x0000000087b98000-0x0000000087ffdfff] reserved
févr. 12 13:47:54 ordi kernel: BIOS-e820: [mem 0x0000000087ffe000-0x0000000087ffefff] usable
févr. 12 13:47:54 ordi kernel: BIOS-e820: [mem 0x0000000088000000-0x00000000880fffff] reserved
févr. 12 13:47:54 ordi kernel: BIOS-e820: [mem 0x00000000e0000000-0x00000000efffffff] reserved
févr. 12 13:47:54 ordi kernel: BIOS-e820: [mem 0x00000000fe000000-0x00000000fe010fff] reserved
févr. 12 13:47:54 ordi kernel: BIOS-e820: [mem 0x00000000fec00000-0x00000000fec00fff] reserved
févr. 12 13:47:54 ordi kernel: BIOS-e820: [mem 0x00000000fee00000-0x00000000fee00fff] reserved
févr. 12 13:47:54 ordi kernel: BIOS-e820: [mem 0x00000000ff000000-0x00000000ffffffff] reserved
févr. 12 13:47:54 ordi kernel: BIOS-e820: [mem 0x0000000100000000-0x0000000271ffffff] usable
févr. 12 13:47:54 ordi kernel: NX (Execute Disable) protection: active
févr. 12 13:47:54 ordi kernel: APIC: Static calls initialized
févr. 12 13:47:54 ordi kernel: e820: update [mem 0x7ecc5018-0x7ecd5057] usable ==> usable
févr. 12 13:47:54 ordi kernel: e820: update [mem 0x7ecb7018-0x7ecc4857] usable ==> usable
févr. 12 13:47:54 ordi kernel: extended physical RAM map:
févr. 12 13:47:54 ordi kernel: reserve setup_data: [mem 0x0000000000000000-0x0000000000057fff] usable
févr. 12 13:47:54 ordi kernel: reserve setup_data: [mem 0x0000000000058000-0x0000000000058fff] reserved
févr. 12 13:47:54 ordi kernel: reserve setup_data: [mem 0x0000000000059000-0x000000000009dfff] usable
févr. 12 13:47:54 ordi kernel: reserve setup_data: [mem 0x000000000009e000-0x000000000009ffff] reserved
févr. 12 13:47:54 ordi kernel: reserve setup_data: [mem 0x0000000000100000-0x000000007ecb7017] usable
févr. 12 13:47:54 ordi kernel: reserve setup_data: [mem 0x000000007ecb7018-0x000000007ecc4857] usable
févr. 12 13:47:54 ordi kernel: reserve setup_data: [mem 0x000000007ecc4858-0x000000007ecc5017] usable
févr. 12 13:47:54 ordi kernel: reserve setup_data: [mem 0x000000007ecc5018-0x000000007ecd5057] usable
févr. 12 13:47:54 ordi kernel: reserve setup_data: [mem 0x000000007ecd5058-0x00000000830f7fff] usable
févr. 12 13:47:54 ordi kernel: reserve setup_data: [mem 0x00000000830f8000-0x00000000830f8fff] ACPI NVS
févr. 12 13:47:54 ordi kernel: reserve setup_data: [mem 0x00000000830f9000-0x0000000083122fff] reserved
févr. 12 13:47:54 ordi kernel: reserve setup_data: [mem 0x0000000083123000-0x0000000086a46fff] usable
févr. 12 13:47:54 ordi kernel: reserve setup_data: [mem 0x0000000086a47000-0x000000008738dfff] reserved
févr. 12 13:47:54 ordi kernel: reserve setup_data: [mem 0x000000008738e000-0x00000000873b8fff] ACPI data
févr. 12 13:47:54 ordi kernel: reserve setup_data: [mem 0x00000000873b9000-0x0000000087b97fff] ACPI NVS
févr. 12 13:47:54 ordi kernel: reserve setup_data: [mem 0x0000000087b98000-0x0000000087ffdfff] reserved
févr. 12 13:47:54 ordi kernel: reserve setup_data: [mem 0x0000000087ffe000-0x0000000087ffefff] usable
févr. 12 13:47:54 ordi kernel: reserve setup_data: [mem 0x0000000088000000-0x00000000880fffff] reserved
févr. 12 13:47:54 ordi kernel: reserve setup_data: [mem 0x00000000e0000000-0x00000000efffffff] reserved
févr. 12 13:47:54 ordi kernel: reserve setup_data: [mem 0x00000000fe000000-0x00000000fe010fff] reserved
févr. 12 13:47:54 ordi kernel: reserve setup_data: [mem 0x00000000fec00000-0x00000000fec00fff] reserved
févr. 12 13:47:54 ordi kernel: reserve setup_data: [mem 0x00000000fee00000-0x00000000fee00fff] reserved
févr. 12 13:47:54 ordi kernel: reserve setup_data: [mem 0x00000000ff000000-0x00000000ffffffff] reserved
févr. 12 13:47:54 ordi kernel: reserve setup_data: [mem 0x0000000100000000-0x0000000271ffffff] usable
févr. 12 13:47:54 ordi kernel: efi: EFI v2.4 by American Megatrends
févr. 12 13:47:54 ordi kernel: efi: ESRT=0x87edaf98 ACPI=0x87396000 ACPI 2.0=0x87396000 SMBIOS=0x87ed9000 SMBIOS 3.0=0x87ed8000 INITRD=0x83595e18 TPMEventLog=0x87393018 
févr. 12 13:47:54 ordi kernel: TPM Final Events table not present
févr. 12 13:47:54 ordi kernel: efi: Remove mem33: MMIO range=[0xe0000000-0xefffffff] (256MB) from e820 map
févr. 12 13:47:54 ordi kernel: e820: remove [mem 0xe0000000-0xefffffff] reserved
févr. 12 13:47:54 ordi kernel: efi: Not removing mem34: MMIO range=[0xfe000000-0xfe010fff] (68KB) from e820 map
févr. 12 13:47:54 ordi kernel: efi: Not removing mem35: MMIO range=[0xfec00000-0xfec00fff] (4KB) from e820 map
févr. 12 13:47:54 ordi kernel: efi: Not removing mem36: MMIO range=[0xfee00000-0xfee00fff] (4KB) from e820 map
févr. 12 13:47:54 ordi kernel: efi: Remove mem37: MMIO range=[0xff000000-0xffffffff] (16MB) from e820 map
févr. 12 13:47:54 ordi kernel: e820: remove [mem 0xff000000-0xffffffff] reserved
févr. 12 13:47:54 ordi kernel: SMBIOS 3.0.0 present.
févr. 12 13:47:54 ordi kernel: DMI: Wortmann_AG TERRA_MOBILE_1749S/W670RZQ1, BIOS 1.05.09 05/27/2016
févr. 12 13:47:54 ordi kernel: DMI: Memory slots populated: 1/2
févr. 12 13:47:54 ordi kernel: tsc: Detected 2300.000 MHz processor
févr. 12 13:47:54 ordi kernel: tsc: Detected 2299.968 MHz TSC
févr. 12 13:47:54 ordi kernel: e820: update [mem 0x00000000-0x00000fff] usable ==> reserved
févr. 12 13:47:54 ordi kernel: e820: remove [mem 0x000a0000-0x000fffff] usable
févr. 12 13:47:54 ordi kernel: last_pfn = 0x272000 max_arch_pfn = 0x400000000
févr. 12 13:47:54 ordi kernel: MTRR map: 4 entries (3 fixed + 1 variable; max 23), built from 10 variable MTRRs
févr. 12 13:47:54 ordi kernel: x86/PAT: Configuration [0-7]: WB  WC  UC- UC  WB  WP  UC- WT  
févr. 12 13:47:54 ordi kernel: last_pfn = 0x87fff max_arch_pfn = 0x400000000
févr. 12 13:47:54 ordi kernel: esrt: Reserving ESRT space from 0x0000000087edaf98 to 0x0000000087edafd0.
févr. 12 13:47:54 ordi kernel: Using GB pages for direct mapping
févr. 12 13:47:54 ordi kernel: Secure boot disabled
févr. 12 13:47:54 ordi kernel: RAMDISK: [mem 0x7ecd6000-0x80951fff]
févr. 12 13:47:54 ordi kernel: ACPI: Early table checksum verification disabled
févr. 12 13:47:54 ordi kernel: ACPI: RSDP 0x0000000087396000 000024 (v02 ALASKA)
févr. 12 13:47:54 ordi kernel: ACPI: XSDT 0x00000000873960A0 0000BC (v01 WORTMA WORTMANN 01072009 AMI  00010013)
févr. 12 13:47:54 ordi kernel: ACPI: FACP 0x00000000873B0690 00010C (v05 WORTMA WORTMANN 01072009 AMI  00010013)
févr. 12 13:47:54 ordi kernel: ACPI: DSDT 0x00000000873961E8 01A4A8 (v02 WORTMA WORTMANN 01072009 INTL 20120913)
févr. 12 13:47:54 ordi kernel: ACPI: FACS 0x0000000087B97F80 000040
févr. 12 13:47:54 ordi kernel: ACPI: APIC 0x00000000873B07A0 000084 (v03 WORTMA WORTMANN 01072009 AMI  00010013)
févr. 12 13:47:54 ordi kernel: ACPI: FPDT 0x00000000873B0828 000044 (v01 WORTMA WORTMANN 01072009 AMI  00010013)
févr. 12 13:47:54 ordi kernel: ACPI: FIDT 0x00000000873B0870 00009C (v01 WORTMA WORTMANN 01072009 AMI  00010013)
févr. 12 13:47:54 ordi kernel: ACPI: SLIC 0x00000000873B0910 000176 (v01 WORTMA WORTMANN 01072009 AMI  00010013)
févr. 12 13:47:54 ordi kernel: ACPI: MCFG 0x00000000873B0A88 00003C (v01 WORTMA WORTMANN 01072009 MSFT 00000097)
févr. 12 13:47:54 ordi kernel: ACPI: HPET 0x00000000873B0AC8 000038 (v01 WORTMA WORTMANN 01072009 AMI. 0005000B)
févr. 12 13:47:54 ordi kernel: ACPI: SSDT 0x00000000873B0B00 000315 (v01 WORTMA WORTMANN 00001000 INTL 20120913)
févr. 12 13:47:54 ordi kernel: ACPI: SSDT 0x00000000873B0E18 001100 (v01 WORTMA WORTMANN 00001000 INTL 20120913)
févr. 12 13:47:54 ordi kernel: ACPI: DBGP 0x00000000873B1F18 000034 (v01 WORTMA WORTMANN 00000000 MSFT 0000005F)
févr. 12 13:47:54 ordi kernel: ACPI: DBG2 0x00000000873B1F50 000054 (v00 WORTMA WORTMANN 00000000 MSFT 0000005F)
févr. 12 13:47:54 ordi kernel: ACPI: MSDM 0x00000000873B1FA8 000055 (v03 WORTMA WORTMANN 01072009 AMI  00010013)
févr. 12 13:47:54 ordi kernel: ACPI: SSDT 0x00000000873B2000 0056CE (v02 WORTMA WORTMANN 00003000 INTL 20120913)
févr. 12 13:47:54 ordi kernel: ACPI: UEFI 0x00000000873B76D0 000042 (v01 WORTMA WORTMANN 00000000      00000000)
févr. 12 13:47:54 ordi kernel: ACPI: SSDT 0x00000000873B7718 000E58 (v02 WORTMA WORTMANN 00003000 INTL 20120913)
févr. 12 13:47:54 ordi kernel: ACPI: BGRT 0x00000000873B8570 000038 (v01 WORTMA WORTMANN 01072009 AMI  00010013)
févr. 12 13:47:54 ordi kernel: ACPI: DMAR 0x00000000873B85A8 0000A8 (v01 WORTMA WORTMANN 00000001 INTL 00000001)
févr. 12 13:47:54 ordi kernel: ACPI: TPM2 0x00000000873B8650 000034 (v03 WORTMA WORTMANN 00000001 AMI  00000000)
févr. 12 13:47:54 ordi kernel: ACPI: ASF! 0x00000000873B8688 0000A5 (v32 WORTMA WORTMANN 00000001 TFSM 000F4240)
févr. 12 13:47:54 ordi kernel: ACPI: Reserving FACP table memory at [mem 0x873b0690-0x873b079b]
févr. 12 13:47:54 ordi kernel: ACPI: Reserving DSDT table memory at [mem 0x873961e8-0x873b068f]
févr. 12 13:47:54 ordi kernel: ACPI: Reserving FACS table memory at [mem 0x87b97f80-0x87b97fbf]
févr. 12 13:47:54 ordi kernel: ACPI: Reserving APIC table memory at [mem 0x873b07a0-0x873b0823]
févr. 12 13:47:54 ordi kernel: ACPI: Reserving FPDT table memory at [mem 0x873b0828-0x873b086b]
févr. 12 13:47:54 ordi kernel: ACPI: Reserving FIDT table memory at [mem 0x873b0870-0x873b090b]
févr. 12 13:47:54 ordi kernel: ACPI: Reserving SLIC table memory at [mem 0x873b0910-0x873b0a85]
févr. 12 13:47:54 ordi kernel: ACPI: Reserving MCFG table memory at [mem 0x873b0a88-0x873b0ac3]
févr. 12 13:47:54 ordi kernel: ACPI: Reserving HPET table memory at [mem 0x873b0ac8-0x873b0aff]
févr. 12 13:47:54 ordi kernel: ACPI: Reserving SSDT table memory at [mem 0x873b0b00-0x873b0e14]
févr. 12 13:47:54 ordi kernel: ACPI: Reserving SSDT table memory at [mem 0x873b0e18-0x873b1f17]
févr. 12 13:47:54 ordi kernel: ACPI: Reserving DBGP table memory at [mem 0x873b1f18-0x873b1f4b]
févr. 12 13:47:54 ordi kernel: ACPI: Reserving DBG2 table memory at [mem 0x873b1f50-0x873b1fa3]
févr. 12 13:47:54 ordi kernel: ACPI: Reserving MSDM table memory at [mem 0x873b1fa8-0x873b1ffc]
févr. 12 13:47:54 ordi kernel: ACPI: Reserving SSDT table memory at [mem 0x873b2000-0x873b76cd]
févr. 12 13:47:54 ordi kernel: ACPI: Reserving UEFI table memory at [mem 0x873b76d0-0x873b7711]
févr. 12 13:47:54 ordi kernel: ACPI: Reserving SSDT table memory at [mem 0x873b7718-0x873b856f]
févr. 12 13:47:54 ordi kernel: ACPI: Reserving BGRT table memory at [mem 0x873b8570-0x873b85a7]
févr. 12 13:47:54 ordi kernel: ACPI: Reserving DMAR table memory at [mem 0x873b85a8-0x873b864f]
févr. 12 13:47:54 ordi kernel: ACPI: Reserving TPM2 table memory at [mem 0x873b8650-0x873b8683]
févr. 12 13:47:54 ordi kernel: ACPI: Reserving ASF! table memory at [mem 0x873b8688-0x873b872c]
févr. 12 13:47:54 ordi kernel: No NUMA configuration found
févr. 12 13:47:54 ordi kernel: Faking a node at [mem 0x0000000000000000-0x0000000271ffffff]
févr. 12 13:47:54 ordi kernel: NODE_DATA(0) allocated [mem 0x271fd3000-0x271ffdfff]
févr. 12 13:47:54 ordi kernel: Zone ranges:
févr. 12 13:47:54 ordi kernel:   DMA      [mem 0x0000000000001000-0x0000000000ffffff]
févr. 12 13:47:54 ordi kernel:   DMA32    [mem 0x0000000001000000-0x00000000ffffffff]
févr. 12 13:47:54 ordi kernel:   Normal   [mem 0x0000000100000000-0x0000000271ffffff]
févr. 12 13:47:54 ordi kernel:   Device   empty
févr. 12 13:47:54 ordi kernel: Movable zone start for each node
févr. 12 13:47:54 ordi kernel: Early memory node ranges
févr. 12 13:47:54 ordi kernel:   node   0: [mem 0x0000000000001000-0x0000000000057fff]
févr. 12 13:47:54 ordi kernel:   node   0: [mem 0x0000000000059000-0x000000000009dfff]
févr. 12 13:47:54 ordi kernel:   node   0: [mem 0x0000000000100000-0x00000000830f7fff]
févr. 12 13:47:54 ordi kernel:   node   0: [mem 0x0000000083123000-0x0000000086a46fff]
févr. 12 13:47:54 ordi kernel:   node   0: [mem 0x0000000087ffe000-0x0000000087ffefff]
févr. 12 13:47:54 ordi kernel:   node   0: [mem 0x0000000100000000-0x0000000271ffffff]
févr. 12 13:47:54 ordi kernel: Initmem setup node 0 [mem 0x0000000000001000-0x0000000271ffffff]
févr. 12 13:47:54 ordi kernel: On node 0, zone DMA: 1 pages in unavailable ranges
févr. 12 13:47:54 ordi kernel: On node 0, zone DMA: 1 pages in unavailable ranges
févr. 12 13:47:54 ordi kernel: On node 0, zone DMA: 98 pages in unavailable ranges
févr. 12 13:47:54 ordi kernel: On node 0, zone DMA32: 43 pages in unavailable ranges
févr. 12 13:47:54 ordi kernel: On node 0, zone DMA32: 5559 pages in unavailable ranges
févr. 12 13:47:54 ordi kernel: On node 0, zone Normal: 1 pages in unavailable ranges
févr. 12 13:47:54 ordi kernel: On node 0, zone Normal: 24576 pages in unavailable ranges
févr. 12 13:47:54 ordi kernel: Reserving Intel graphics memory at [mem 0x89000000-0x8cffffff]
févr. 12 13:47:54 ordi kernel: ACPI: PM-Timer IO Port: 0x1808
févr. 12 13:47:54 ordi kernel: ACPI: LAPIC_NMI (acpi_id[0x01] high edge lint[0x1])
févr. 12 13:47:54 ordi kernel: ACPI: LAPIC_NMI (acpi_id[0x02] high edge lint[0x1])
févr. 12 13:47:54 ordi kernel: ACPI: LAPIC_NMI (acpi_id[0x03] high edge lint[0x1])
févr. 12 13:47:54 ordi kernel: ACPI: LAPIC_NMI (acpi_id[0x04] high edge lint[0x1])
févr. 12 13:47:54 ordi kernel: IOAPIC[0]: apic_id 2, version 32, address 0xfec00000, GSI 0-119
févr. 12 13:47:54 ordi kernel: ACPI: INT_SRC_OVR (bus 0 bus_irq 0 global_irq 2 dfl dfl)
févr. 12 13:47:54 ordi kernel: ACPI: INT_SRC_OVR (bus 0 bus_irq 9 global_irq 9 high level)
févr. 12 13:47:54 ordi kernel: ACPI: Using ACPI (MADT) for SMP configuration information
févr. 12 13:47:54 ordi kernel: ACPI: HPET id: 0x8086a701 base: 0xfed00000
févr. 12 13:47:54 ordi kernel: e820: update [mem 0x8561d000-0x85698fff] usable ==> reserved
févr. 12 13:47:54 ordi kernel: TSC deadline timer available
févr. 12 13:47:54 ordi kernel: CPU topo: Max. logical packages:   1
févr. 12 13:47:54 ordi kernel: CPU topo: Max. logical dies:       1
févr. 12 13:47:54 ordi kernel: CPU topo: Max. dies per package:   1
févr. 12 13:47:54 ordi kernel: CPU topo: Max. threads per core:   1
févr. 12 13:47:54 ordi kernel: CPU topo: Num. cores per package:     4
févr. 12 13:47:54 ordi kernel: CPU topo: Num. threads per package:   4
févr. 12 13:47:54 ordi kernel: CPU topo: Allowing 4 present CPUs plus 0 hotplug CPUs
févr. 12 13:47:54 ordi kernel: PM: hibernation: Registered nosave memory: [mem 0x00000000-0x00000fff]
févr. 12 13:47:54 ordi kernel: PM: hibernation: Registered nosave memory: [mem 0x00058000-0x00058fff]
févr. 12 13:47:54 ordi kernel: PM: hibernation: Registered nosave memory: [mem 0x0009e000-0x0009ffff]
févr. 12 13:47:54 ordi kernel: PM: hibernation: Registered nosave memory: [mem 0x000a0000-0x000fffff]
févr. 12 13:47:54 ordi kernel: PM: hibernation: Registered nosave memory: [mem 0x7ecb7000-0x7ecb7fff]
févr. 12 13:47:54 ordi kernel: PM: hibernation: Registered nosave memory: [mem 0x7ecc4000-0x7ecc4fff]
févr. 12 13:47:54 ordi kernel: PM: hibernation: Registered nosave memory: [mem 0x7ecc5000-0x7ecc5fff]
févr. 12 13:47:54 ordi kernel: PM: hibernation: Registered nosave memory: [mem 0x7ecd5000-0x7ecd5fff]
févr. 12 13:47:54 ordi kernel: PM: hibernation: Registered nosave memory: [mem 0x830f8000-0x830f8fff]
févr. 12 13:47:54 ordi kernel: PM: hibernation: Registered nosave memory: [mem 0x830f9000-0x83122fff]
févr. 12 13:47:54 ordi kernel: PM: hibernation: Registered nosave memory: [mem 0x8561d000-0x85698fff]
févr. 12 13:47:54 ordi kernel: PM: hibernation: Registered nosave memory: [mem 0x86a47000-0x8738dfff]
févr. 12 13:47:54 ordi kernel: PM: hibernation: Registered nosave memory: [mem 0x8738e000-0x873b8fff]
févr. 12 13:47:54 ordi kernel: PM: hibernation: Registered nosave memory: [mem 0x873b9000-0x87b97fff]
févr. 12 13:47:54 ordi kernel: PM: hibernation: Registered nosave memory: [mem 0x87b98000-0x87ffdfff]
févr. 12 13:47:54 ordi kernel: PM: hibernation: Registered nosave memory: [mem 0x87fff000-0x87ffffff]
févr. 12 13:47:54 ordi kernel: PM: hibernation: Registered nosave memory: [mem 0x88000000-0x880fffff]
févr. 12 13:47:54 ordi kernel: PM: hibernation: Registered nosave memory: [mem 0x88100000-0x88ffffff]
févr. 12 13:47:54 ordi kernel: PM: hibernation: Registered nosave memory: [mem 0x89000000-0x8cffffff]
févr. 12 13:47:54 ordi kernel: PM: hibernation: Registered nosave memory: [mem 0x8d000000-0xfdffffff]
févr. 12 13:47:54 ordi kernel: PM: hibernation: Registered nosave memory: [mem 0xfe000000-0xfe010fff]
févr. 12 13:47:54 ordi kernel: PM: hibernation: Registered nosave memory: [mem 0xfe011000-0xfebfffff]
févr. 12 13:47:54 ordi kernel: PM: hibernation: Registered nosave memory: [mem 0xfec00000-0xfec00fff]
févr. 12 13:47:54 ordi kernel: PM: hibernation: Registered nosave memory: [mem 0xfec01000-0xfedfffff]
févr. 12 13:47:54 ordi kernel: PM: hibernation: Registered nosave memory: [mem 0xfee00000-0xfee00fff]
févr. 12 13:47:54 ordi kernel: PM: hibernation: Registered nosave memory: [mem 0xfee01000-0xffffffff]
févr. 12 13:47:54 ordi kernel: [mem 0x8d000000-0xfdffffff] available for PCI devices
févr. 12 13:47:54 ordi kernel: Booting paravirtualized kernel on bare hardware
févr. 12 13:47:54 ordi kernel: clocksource: refined-jiffies: mask: 0xffffffff max_cycles: 0xffffffff, max_idle_ns: 6370452778343963 ns
févr. 12 13:47:54 ordi kernel: setup_percpu: NR_CPUS:8192 nr_cpumask_bits:4 nr_cpu_ids:4 nr_node_ids:1
févr. 12 13:47:54 ordi kernel: percpu: Embedded 66 pages/cpu s233472 r8192 d28672 u524288
févr. 12 13:47:54 ordi kernel: pcpu-alloc: s233472 r8192 d28672 u524288 alloc=1*2097152
févr. 12 13:47:54 ordi kernel: pcpu-alloc: [0] 0 1 2 3 
févr. 12 13:47:54 ordi kernel: Kernel command line: BOOT_IMAGE=/@/boot/vmlinuz-6.11-x86_64 root=UUID=10256267-fbb1-4dbc-8727-5a025a2a1a49 rw rootflags=subvol=@ resume=UUID=4f5c6ca5-0597-4ae1-a2ad-641549433216 quiet splash resume=UUID=4f5c6ca5-0597-4ae1-a2ad-641549433216 udev.log_priority=3
févr. 12 13:47:54 ordi kernel: Unknown kernel command line parameters "splash BOOT_IMAGE=/@/boot/vmlinuz-6.11-x86_64", will be passed to user space.
févr. 12 13:47:54 ordi kernel: random: crng init done
févr. 12 13:47:54 ordi kernel: Dentry cache hash table entries: 1048576 (order: 11, 8388608 bytes, linear)
févr. 12 13:47:54 ordi kernel: Inode-cache hash table entries: 524288 (order: 10, 4194304 bytes, linear)
févr. 12 13:47:54 ordi kernel: Fallback order for Node 0: 0 
févr. 12 13:47:54 ordi kernel: Built 1 zonelists, mobility grouping on.  Total pages: 2066873
févr. 12 13:47:54 ordi kernel: Policy zone: Normal
févr. 12 13:47:54 ordi kernel: mem auto-init: stack:all(zero), heap alloc:on, heap free:off
févr. 12 13:47:54 ordi kernel: software IO TLB: area num 4.
févr. 12 13:47:54 ordi kernel: SLUB: HWalign=64, Order=0-3, MinObjects=0, CPUs=4, Nodes=1
févr. 12 13:47:54 ordi kernel: Kernel/User page tables isolation: enabled
févr. 12 13:47:54 ordi kernel: ftrace: allocating 50822 entries in 199 pages
févr. 12 13:47:54 ordi kernel: ftrace: allocated 199 pages with 5 groups
févr. 12 13:47:54 ordi kernel: Dynamic Preempt: full
févr. 12 13:47:54 ordi kernel: rcu: Preemptible hierarchical RCU implementation.
févr. 12 13:47:54 ordi kernel: rcu:         RCU restricting CPUs from NR_CPUS=8192 to nr_cpu_ids=4.
févr. 12 13:47:54 ordi kernel: rcu:         RCU priority boosting: priority 1 delay 500 ms.
févr. 12 13:47:54 ordi kernel:         Trampoline variant of Tasks RCU enabled.
févr. 12 13:47:54 ordi kernel:         Rude variant of Tasks RCU enabled.
févr. 12 13:47:54 ordi kernel:         Tracing variant of Tasks RCU enabled.
févr. 12 13:47:54 ordi kernel: rcu: RCU calculated value of scheduler-enlistment delay is 30 jiffies.
févr. 12 13:47:54 ordi kernel: rcu: Adjusting geometry for rcu_fanout_leaf=16, nr_cpu_ids=4
févr. 12 13:47:54 ordi kernel: RCU Tasks: Setting shift to 2 and lim to 1 rcu_task_cb_adjust=1 rcu_task_cpu_ids=4.
févr. 12 13:47:54 ordi kernel: RCU Tasks Rude: Setting shift to 2 and lim to 1 rcu_task_cb_adjust=1 rcu_task_cpu_ids=4.
févr. 12 13:47:54 ordi kernel: RCU Tasks Trace: Setting shift to 2 and lim to 1 rcu_task_cb_adjust=1 rcu_task_cpu_ids=4.
févr. 12 13:47:54 ordi kernel: NR_IRQS: 524544, nr_irqs: 1024, preallocated irqs: 16
févr. 12 13:47:54 ordi kernel: rcu: srcu_init: Setting srcu_struct sizes based on contention.
févr. 12 13:47:54 ordi kernel: kfence: initialized - using 2097152 bytes for 255 objects at 0x(____ptrval____)-0x(____ptrval____)
févr. 12 13:47:54 ordi kernel: spurious 8259A interrupt: IRQ7.
févr. 12 13:47:54 ordi kernel: Console: colour dummy device 80x25
févr. 12 13:47:54 ordi kernel: printk: legacy console [tty0] enabled
févr. 12 13:47:54 ordi kernel: ACPI: Core revision 20240322
févr. 12 13:47:54 ordi kernel: clocksource: hpet: mask: 0xffffffff max_cycles: 0xffffffff, max_idle_ns: 79635855245 ns
févr. 12 13:47:54 ordi kernel: APIC: Switch to symmetric I/O mode setup
févr. 12 13:47:54 ordi kernel: DMAR: Host address width 39
févr. 12 13:47:54 ordi kernel: DMAR: DRHD base: 0x000000fed90000 flags: 0x0
févr. 12 13:47:54 ordi kernel: DMAR: dmar0: reg_base_addr fed90000 ver 1:0 cap 1c0000c40660462 ecap 7e3ff0501e
févr. 12 13:47:54 ordi kernel: DMAR: DRHD base: 0x000000fed91000 flags: 0x1
févr. 12 13:47:54 ordi kernel: DMAR: dmar1: reg_base_addr fed91000 ver 1:0 cap d2008c40660462 ecap f050da
févr. 12 13:47:54 ordi kernel: DMAR: RMRR base: 0x00000087130000 end: 0x0000008714ffff
févr. 12 13:47:54 ordi kernel: DMAR: RMRR base: 0x00000088800000 end: 0x0000008cffffff
févr. 12 13:47:54 ordi kernel: DMAR: [Firmware Bug]: No firmware reserved region can cover this RMRR [0x0000000088800000-0x000000008cffffff], contact BIOS vendor for fixes
févr. 12 13:47:54 ordi kernel: DMAR: [Firmware Bug]: Your BIOS is broken; bad RMRR [0x0000000088800000-0x000000008cffffff]
                                BIOS vendor: American Megatrends Inc.; Ver: 1.05.09; Product Version: 1749S-DE-10010-i5
févr. 12 13:47:54 ordi kernel: DMAR-IR: IOAPIC id 2 under DRHD base  0xfed91000 IOMMU 1
févr. 12 13:47:54 ordi kernel: DMAR-IR: HPET id 0 under DRHD base 0xfed91000
févr. 12 13:47:54 ordi kernel: DMAR-IR: x2apic is disabled because BIOS sets x2apic opt out bit.
févr. 12 13:47:54 ordi kernel: DMAR-IR: Use 'intremap=no_x2apic_optout' to override the BIOS setting.
févr. 12 13:47:54 ordi kernel: DMAR-IR: Enabled IRQ remapping in xapic mode
févr. 12 13:47:54 ordi kernel: x2apic: IRQ remapping doesn't support X2APIC mode
févr. 12 13:47:54 ordi kernel: ..TIMER: vector=0x30 apic1=0 pin1=2 apic2=-1 pin2=-1
févr. 12 13:47:54 ordi kernel: clocksource: tsc-early: mask: 0xffffffffffffffff max_cycles: 0x212717146a7, max_idle_ns: 440795291431 ns
févr. 12 13:47:54 ordi kernel: Calibrating delay loop (skipped), value calculated using timer frequency.. 4601.60 BogoMIPS (lpj=7666560)
févr. 12 13:47:54 ordi kernel: x86/cpu: SGX disabled by BIOS.
févr. 12 13:47:54 ordi kernel: CPU0: Thermal monitoring enabled (TM1)
févr. 12 13:47:54 ordi kernel: Last level iTLB entries: 4KB 128, 2MB 8, 4MB 8
févr. 12 13:47:54 ordi kernel: Last level dTLB entries: 4KB 64, 2MB 0, 4MB 0, 1GB 4
févr. 12 13:47:54 ordi kernel: process: using mwait in idle threads
févr. 12 13:47:54 ordi kernel: Spectre V1 : Mitigation: usercopy/swapgs barriers and __user pointer sanitization
févr. 12 13:47:54 ordi kernel: Spectre V2 : Mitigation: IBRS
févr. 12 13:47:54 ordi kernel: Spectre V2 : Spectre v2 / SpectreRSB mitigation: Filling RSB on context switch
févr. 12 13:47:54 ordi kernel: Spectre V2 : Spectre v2 / SpectreRSB : Filling RSB on VMEXIT
févr. 12 13:47:54 ordi kernel: RETBleed: Mitigation: IBRS
févr. 12 13:47:54 ordi kernel: Spectre V2 : mitigation: Enabling conditional Indirect Branch Prediction Barrier
févr. 12 13:47:54 ordi kernel: Speculative Store Bypass: Mitigation: Speculative Store Bypass disabled via prctl
févr. 12 13:47:54 ordi kernel: MDS: Mitigation: Clear CPU buffers
févr. 12 13:47:54 ordi kernel: TAA: Mitigation: TSX disabled
févr. 12 13:47:54 ordi kernel: MMIO Stale Data: Mitigation: Clear CPU buffers
févr. 12 13:47:54 ordi kernel: SRBDS: Mitigation: Microcode
févr. 12 13:47:54 ordi kernel: GDS: Vulnerable: No microcode
févr. 12 13:47:54 ordi kernel: x86/fpu: Supporting XSAVE feature 0x001: 'x87 floating point registers'
févr. 12 13:47:54 ordi kernel: x86/fpu: Supporting XSAVE feature 0x002: 'SSE registers'
févr. 12 13:47:54 ordi kernel: x86/fpu: Supporting XSAVE feature 0x004: 'AVX registers'
févr. 12 13:47:54 ordi kernel: x86/fpu: Supporting XSAVE feature 0x008: 'MPX bounds registers'
févr. 12 13:47:54 ordi kernel: x86/fpu: Supporting XSAVE feature 0x010: 'MPX CSR'
févr. 12 13:47:54 ordi kernel: x86/fpu: xstate_offset[2]:  576, xstate_sizes[2]:  256
févr. 12 13:47:54 ordi kernel: x86/fpu: xstate_offset[3]:  832, xstate_sizes[3]:   64
févr. 12 13:47:54 ordi kernel: x86/fpu: xstate_offset[4]:  896, xstate_sizes[4]:   64
févr. 12 13:47:54 ordi kernel: x86/fpu: Enabled xstate features 0x1f, context size is 960 bytes, using 'compacted' format.
févr. 12 13:47:54 ordi kernel: Freeing SMP alternatives memory: 40K
févr. 12 13:47:54 ordi kernel: pid_max: default: 32768 minimum: 301
févr. 12 13:47:54 ordi kernel: LSM: initializing lsm=capability,landlock,lockdown,yama,bpf
févr. 12 13:47:54 ordi kernel: landlock: Up and running.
févr. 12 13:47:54 ordi kernel: Yama: becoming mindful.
févr. 12 13:47:54 ordi kernel: LSM support for eBPF active
févr. 12 13:47:54 ordi kernel: Mount-cache hash table entries: 16384 (order: 5, 131072 bytes, linear)
févr. 12 13:47:54 ordi kernel: Mountpoint-cache hash table entries: 16384 (order: 5, 131072 bytes, linear)
févr. 12 13:47:54 ordi kernel: smpboot: CPU0: Intel(R) Core(TM) i5-6300HQ CPU @ 2.30GHz (family: 0x6, model: 0x5e, stepping: 0x3)
févr. 12 13:47:54 ordi kernel: Performance Events: PEBS fmt3+, Skylake events, 32-deep LBR, full-width counters, Intel PMU driver.
févr. 12 13:47:54 ordi kernel: ... version:                4
févr. 12 13:47:54 ordi kernel: ... bit width:              48
févr. 12 13:47:54 ordi kernel: ... generic registers:      8
févr. 12 13:47:54 ordi kernel: ... value mask:             0000ffffffffffff
févr. 12 13:47:54 ordi kernel: ... max period:             00007fffffffffff
févr. 12 13:47:54 ordi kernel: ... fixed-purpose events:   3
févr. 12 13:47:54 ordi kernel: ... event mask:             00000007000000ff
févr. 12 13:47:54 ordi kernel: signal: max sigframe size: 2032
févr. 12 13:47:54 ordi kernel: Estimated ratio of average max frequency by base frequency (times 1024): 1246
févr. 12 13:47:54 ordi kernel: rcu: Hierarchical SRCU implementation.
févr. 12 13:47:54 ordi kernel: rcu:         Max phase no-delay instances is 1000.
févr. 12 13:47:54 ordi kernel: Timer migration: 1 hierarchy levels; 8 children per group; 1 crossnode level
févr. 12 13:47:54 ordi kernel: NMI watchdog: Enabled. Permanently consumes one hw-PMU counter.
févr. 12 13:47:54 ordi kernel: smp: Bringing up secondary CPUs ...
févr. 12 13:47:54 ordi kernel: smpboot: x86: Booting SMP configuration:
févr. 12 13:47:54 ordi kernel: .... node  #0, CPUs:      #1 #2 #3
févr. 12 13:47:54 ordi kernel: smp: Brought up 1 node, 4 CPUs
févr. 12 13:47:54 ordi kernel: smpboot: Total of 4 processors activated (18407.40 BogoMIPS)
févr. 12 13:47:54 ordi kernel: Memory: 7962360K/8267492K available (18432K kernel code, 2610K rwdata, 13760K rodata, 4188K init, 4296K bss, 292916K reserved, 0K cma-reserved)
févr. 12 13:47:54 ordi kernel: devtmpfs: initialized
févr. 12 13:47:54 ordi kernel: x86/mm: Memory block size: 128MB
févr. 12 13:47:54 ordi kernel: ACPI: PM: Registering ACPI NVS region [mem 0x830f8000-0x830f8fff] (4096 bytes)
févr. 12 13:47:54 ordi kernel: ACPI: PM: Registering ACPI NVS region [mem 0x873b9000-0x87b97fff] (8253440 bytes)
févr. 12 13:47:54 ordi kernel: clocksource: jiffies: mask: 0xffffffff max_cycles: 0xffffffff, max_idle_ns: 6370867519511994 ns
févr. 12 13:47:54 ordi kernel: futex hash table entries: 1024 (order: 4, 65536 bytes, linear)
févr. 12 13:47:54 ordi kernel: pinctrl core: initialized pinctrl subsystem
févr. 12 13:47:54 ordi kernel: PM: RTC time: 12:47:49, date: 2025-02-12
févr. 12 13:47:54 ordi kernel: NET: Registered PF_NETLINK/PF_ROUTE protocol family
févr. 12 13:47:54 ordi kernel: DMA: preallocated 1024 KiB GFP_KERNEL pool for atomic allocations
févr. 12 13:47:54 ordi kernel: DMA: preallocated 1024 KiB GFP_KERNEL|GFP_DMA pool for atomic allocations
févr. 12 13:47:54 ordi kernel: DMA: preallocated 1024 KiB GFP_KERNEL|GFP_DMA32 pool for atomic allocations
févr. 12 13:47:54 ordi kernel: audit: initializing netlink subsys (disabled)
févr. 12 13:47:54 ordi kernel: audit: type=2000 audit(1739364468.063:1): state=initialized audit_enabled=0 res=1
févr. 12 13:47:54 ordi kernel: thermal_sys: Registered thermal governor 'fair_share'
févr. 12 13:47:54 ordi kernel: thermal_sys: Registered thermal governor 'bang_bang'
févr. 12 13:47:54 ordi kernel: thermal_sys: Registered thermal governor 'step_wise'
févr. 12 13:47:54 ordi kernel: thermal_sys: Registered thermal governor 'user_space'
févr. 12 13:47:54 ordi kernel: thermal_sys: Registered thermal governor 'power_allocator'
févr. 12 13:47:54 ordi kernel: cpuidle: using governor ladder
févr. 12 13:47:54 ordi kernel: cpuidle: using governor menu
févr. 12 13:47:54 ordi kernel: ACPI FADT declares the system doesn't support PCIe ASPM, so disable it
févr. 12 13:47:54 ordi kernel: acpiphp: ACPI Hot Plug PCI Controller Driver version: 0.5
févr. 12 13:47:54 ordi kernel: PCI: ECAM [mem 0xe0000000-0xefffffff] (base 0xe0000000) for domain 0000 [bus 00-ff]
févr. 12 13:47:54 ordi kernel: PCI: Using configuration type 1 for base access
févr. 12 13:47:54 ordi kernel: kprobes: kprobe jump-optimization is enabled. All kprobes are optimized if possible.
févr. 12 13:47:54 ordi kernel: HugeTLB: registered 1.00 GiB page size, pre-allocated 0 pages
févr. 12 13:47:54 ordi kernel: HugeTLB: 16380 KiB vmemmap can be freed for a 1.00 GiB page
févr. 12 13:47:54 ordi kernel: HugeTLB: registered 2.00 MiB page size, pre-allocated 0 pages
févr. 12 13:47:54 ordi kernel: HugeTLB: 28 KiB vmemmap can be freed for a 2.00 MiB page
févr. 12 13:47:54 ordi kernel: ACPI: Added _OSI(Module Device)
févr. 12 13:47:54 ordi kernel: ACPI: Added _OSI(Processor Device)
févr. 12 13:47:54 ordi kernel: ACPI: Added _OSI(3.0 _SCP Extensions)
févr. 12 13:47:54 ordi kernel: ACPI: Added _OSI(Processor Aggregator Device)
févr. 12 13:47:54 ordi kernel: ACPI: 5 ACPI AML tables successfully acquired and loaded
févr. 12 13:47:54 ordi kernel: ACPI: [Firmware Bug]: BIOS _OSI(Linux) query ignored
févr. 12 13:47:54 ordi kernel: ACPI: Dynamic OEM Table Load:
févr. 12 13:47:54 ordi kernel: ACPI: SSDT 0xFFFF8A54C1524000 00037F (v02 PmRef  Cpu0Cst  00003001 INTL 20120913)
févr. 12 13:47:54 ordi kernel: ACPI: Dynamic OEM Table Load:
févr. 12 13:47:54 ordi kernel: ACPI: SSDT 0xFFFF8A54C0DBE800 000579 (v02 PmRef  Cpu0Ist  00003000 INTL 20120913)
févr. 12 13:47:54 ordi kernel: ACPI: Dynamic OEM Table Load:
févr. 12 13:47:54 ordi kernel: ACPI: SSDT 0xFFFF8A54C0DBF000 0005AA (v02 PmRef  ApIst    00003000 INTL 20120913)
févr. 12 13:47:54 ordi kernel: ACPI: Dynamic OEM Table Load:
févr. 12 13:47:54 ordi kernel: ACPI: SSDT 0xFFFF8A54C156BE00 000119 (v02 PmRef  ApCst    00003000 INTL 20120913)
févr. 12 13:47:54 ordi kernel: ACPI: EC: EC started
févr. 12 13:47:54 ordi kernel: ACPI: EC: interrupt blocked
févr. 12 13:47:54 ordi kernel: ACPI: EC: EC_CMD/EC_SC=0x66, EC_DATA=0x62
févr. 12 13:47:54 ordi kernel: ACPI: \_SB_.PCI0.LPCB.EC__: Boot DSDT EC used to handle transactions
févr. 12 13:47:54 ordi kernel: ACPI: Interpreter enabled
févr. 12 13:47:54 ordi kernel: ACPI: PM: (supports S0 S3 S4 S5)
févr. 12 13:47:54 ordi kernel: ACPI: Using IOAPIC for interrupt routing
févr. 12 13:47:54 ordi kernel: PCI: Using host bridge windows from ACPI; if necessary, use "pci=nocrs" and report a bug
févr. 12 13:47:54 ordi kernel: PCI: Using E820 reservations for host bridge windows
févr. 12 13:47:54 ordi kernel: ACPI: Enabled 8 GPEs in block 00 to 7F
févr. 12 13:47:54 ordi kernel: ACPI: \_SB_.PCI0.PEG0.PG00: New power resource
févr. 12 13:47:54 ordi kernel: ACPI: \_SB_.PCI0.PEG0.PG02: New power resource
févr. 12 13:47:54 ordi kernel: ACPI: \_SB_.PCI0.PEG1.PG01: New power resource
févr. 12 13:47:54 ordi kernel: ACPI: \_SB_.PCI0.PEG2.PG02: New power resource
févr. 12 13:47:54 ordi kernel: ACPI: PCI Root Bridge [PCI0] (domain 0000 [bus 00-fe])
févr. 12 13:47:54 ordi kernel: acpi PNP0A08:00: _OSC: OS supports [ExtendedConfig ASPM ClockPM Segments MSI EDR HPX-Type3]
févr. 12 13:47:54 ordi kernel: acpi PNP0A08:00: _OSC: OS requested [PCIeHotplug SHPCHotplug PME AER PCIeCapability LTR DPC]
févr. 12 13:47:54 ordi kernel: acpi PNP0A08:00: _OSC: platform willing to grant [PCIeHotplug SHPCHotplug PME AER PCIeCapability LTR DPC]
févr. 12 13:47:54 ordi kernel: acpi PNP0A08:00: _OSC: platform retains control of PCIe features (AE_ERROR)
févr. 12 13:47:54 ordi kernel: PCI host bridge to bus 0000:00
févr. 12 13:47:54 ordi kernel: pci_bus 0000:00: root bus resource [io  0x0000-0x0cf7 window]
févr. 12 13:47:54 ordi kernel: pci_bus 0000:00: root bus resource [io  0x0d00-0xffff window]
févr. 12 13:47:54 ordi kernel: pci_bus 0000:00: root bus resource [mem 0x000a0000-0x000fffff window]
févr. 12 13:47:54 ordi kernel: pci_bus 0000:00: root bus resource [mem 0x8d000000-0xdfffffff window]
févr. 12 13:47:54 ordi kernel: pci_bus 0000:00: root bus resource [mem 0xfd000000-0xfe7fffff window]
févr. 12 13:47:54 ordi kernel: pci_bus 0000:00: root bus resource [bus 00-fe]
févr. 12 13:47:54 ordi kernel: pci 0000:00:00.0: [8086:1910] type 00 class 0x060000 conventional PCI endpoint
févr. 12 13:47:54 ordi kernel: pci 0000:00:02.0: [8086:191b] type 00 class 0x030000 PCIe Root Complex Integrated Endpoint
févr. 12 13:47:54 ordi kernel: pci 0000:00:02.0: BAR 0 [mem 0xde000000-0xdeffffff 64bit]
févr. 12 13:47:54 ordi kernel: pci 0000:00:02.0: BAR 2 [mem 0xc0000000-0xcfffffff 64bit pref]
févr. 12 13:47:54 ordi kernel: pci 0000:00:02.0: BAR 4 [io  0xf000-0xf03f]
févr. 12 13:47:54 ordi kernel: pci 0000:00:02.0: Video device with shadowed ROM at [mem 0x000c0000-0x000dffff]
févr. 12 13:47:54 ordi kernel: pci 0000:00:14.0: [8086:a12f] type 00 class 0x0c0330 conventional PCI endpoint
févr. 12 13:47:54 ordi kernel: pci 0000:00:14.0: BAR 0 [mem 0xdf210000-0xdf21ffff 64bit]
févr. 12 13:47:54 ordi kernel: pci 0000:00:14.0: PME# supported from D3hot D3cold
févr. 12 13:47:54 ordi kernel: pci 0000:00:16.0: [8086:a13a] type 00 class 0x078000 conventional PCI endpoint
févr. 12 13:47:54 ordi kernel: pci 0000:00:16.0: BAR 0 [mem 0xdf22d000-0xdf22dfff 64bit]
févr. 12 13:47:54 ordi kernel: pci 0000:00:16.0: PME# supported from D3hot
févr. 12 13:47:54 ordi kernel: pci 0000:00:17.0: [8086:a103] type 00 class 0x010601 conventional PCI endpoint
févr. 12 13:47:54 ordi kernel: pci 0000:00:17.0: BAR 0 [mem 0xdf228000-0xdf229fff]
févr. 12 13:47:54 ordi kernel: pci 0000:00:17.0: BAR 1 [mem 0xdf22c000-0xdf22c0ff]
févr. 12 13:47:54 ordi kernel: pci 0000:00:17.0: BAR 2 [io  0xf090-0xf097]
févr. 12 13:47:54 ordi kernel: pci 0000:00:17.0: BAR 3 [io  0xf080-0xf083]
févr. 12 13:47:54 ordi kernel: pci 0000:00:17.0: BAR 4 [io  0xf060-0xf07f]
févr. 12 13:47:54 ordi kernel: pci 0000:00:17.0: BAR 5 [mem 0xdf22b000-0xdf22b7ff]
févr. 12 13:47:54 ordi kernel: pci 0000:00:17.0: PME# supported from D3hot
févr. 12 13:47:54 ordi kernel: pci 0000:00:1c.0: [8086:a110] type 01 class 0x060400 PCIe Root Port
févr. 12 13:47:54 ordi kernel: pci 0000:00:1c.0: PCI bridge to [bus 01]
févr. 12 13:47:54 ordi kernel: pci 0000:00:1c.0: PME# supported from D0 D3hot D3cold
févr. 12 13:47:54 ordi kernel: pci 0000:00:1c.4: [8086:a114] type 01 class 0x060400 PCIe Root Port
févr. 12 13:47:54 ordi kernel: pci 0000:00:1c.4: PCI bridge to [bus 02]
févr. 12 13:47:54 ordi kernel: pci 0000:00:1c.4:   bridge window [io  0xe000-0xefff]
févr. 12 13:47:54 ordi kernel: pci 0000:00:1c.4:   bridge window [mem 0xdf100000-0xdf1fffff]
févr. 12 13:47:54 ordi kernel: pci 0000:00:1c.4: PME# supported from D0 D3hot D3cold
févr. 12 13:47:54 ordi kernel: pci 0000:00:1c.6: [8086:a116] type 01 class 0x060400 PCIe Root Port
févr. 12 13:47:54 ordi kernel: pci 0000:00:1c.6: PCI bridge to [bus 03]
févr. 12 13:47:54 ordi kernel: pci 0000:00:1c.6:   bridge window [mem 0xdf000000-0xdf0fffff]
févr. 12 13:47:54 ordi kernel: pci 0000:00:1c.6: PME# supported from D0 D3hot D3cold
févr. 12 13:47:54 ordi kernel: pci 0000:00:1f.0: [8086:a14e] type 00 class 0x060100 conventional PCI endpoint
févr. 12 13:47:54 ordi kernel: pci 0000:00:1f.2: [8086:a121] type 00 class 0x058000 conventional PCI endpoint
févr. 12 13:47:54 ordi kernel: pci 0000:00:1f.2: BAR 0 [mem 0xdf224000-0xdf227fff]
févr. 12 13:47:54 ordi kernel: pci 0000:00:1f.3: [8086:a170] type 00 class 0x040300 conventional PCI endpoint
févr. 12 13:47:54 ordi kernel: pci 0000:00:1f.3: BAR 0 [mem 0xdf220000-0xdf223fff 64bit]
févr. 12 13:47:54 ordi kernel: pci 0000:00:1f.3: BAR 4 [mem 0xdf200000-0xdf20ffff 64bit]
févr. 12 13:47:54 ordi kernel: pci 0000:00:1f.3: PME# supported from D3hot D3cold
févr. 12 13:47:54 ordi kernel: pci 0000:00:1f.4: [8086:a123] type 00 class 0x0c0500 conventional PCI endpoint
févr. 12 13:47:54 ordi kernel: pci 0000:00:1f.4: BAR 0 [mem 0xdf22a000-0xdf22a0ff 64bit]
févr. 12 13:47:54 ordi kernel: pci 0000:00:1f.4: BAR 4 [io  0xf040-0xf05f]
févr. 12 13:47:54 ordi kernel: acpiphp: Slot [1] registered
févr. 12 13:47:54 ordi kernel: pci 0000:00:1c.0: PCI bridge to [bus 01]
févr. 12 13:47:54 ordi kernel: pci 0000:02:00.0: [10ec:5287] type 00 class 0xff0000 PCIe Endpoint
févr. 12 13:47:54 ordi kernel: pci 0000:02:00.0: BAR 0 [mem 0xdf115000-0xdf115fff]
févr. 12 13:47:54 ordi kernel: pci 0000:02:00.0: ROM [mem 0xdf100000-0xdf10ffff pref]
févr. 12 13:47:54 ordi kernel: pci 0000:02:00.0: supports D1 D2
févr. 12 13:47:54 ordi kernel: pci 0000:02:00.0: PME# supported from D1 D2 D3hot D3cold
févr. 12 13:47:54 ordi kernel: pci 0000:02:00.1: [10ec:8168] type 00 class 0x020000 PCIe Endpoint
févr. 12 13:47:54 ordi kernel: pci 0000:02:00.1: BAR 0 [io  0xe000-0xe0ff]
févr. 12 13:47:54 ordi kernel: pci 0000:02:00.1: BAR 2 [mem 0xdf114000-0xdf114fff 64bit]
févr. 12 13:47:54 ordi kernel: pci 0000:02:00.1: BAR 4 [mem 0xdf110000-0xdf113fff 64bit]
févr. 12 13:47:54 ordi kernel: pci 0000:02:00.1: supports D1 D2
févr. 12 13:47:54 ordi kernel: pci 0000:02:00.1: PME# supported from D0 D1 D2 D3hot D3cold
févr. 12 13:47:54 ordi kernel: pci 0000:00:1c.4: PCI bridge to [bus 02]
févr. 12 13:47:54 ordi kernel: pci 0000:03:00.0: [8086:3165] type 00 class 0x028000 PCIe Endpoint
févr. 12 13:47:54 ordi kernel: pci 0000:03:00.0: BAR 0 [mem 0xdf000000-0xdf001fff 64bit]
févr. 12 13:47:54 ordi kernel: pci 0000:03:00.0: PME# supported from D0 D3hot D3cold
févr. 12 13:47:54 ordi kernel: pci 0000:00:1c.6: PCI bridge to [bus 03]
févr. 12 13:47:54 ordi kernel: ACPI: PCI: Interrupt link LNKA configured for IRQ 11
févr. 12 13:47:54 ordi kernel: ACPI: PCI: Interrupt link LNKB configured for IRQ 10
févr. 12 13:47:54 ordi kernel: ACPI: PCI: Interrupt link LNKC configured for IRQ 11
févr. 12 13:47:54 ordi kernel: ACPI: PCI: Interrupt link LNKD configured for IRQ 11
févr. 12 13:47:54 ordi kernel: ACPI: PCI: Interrupt link LNKE configured for IRQ 11
févr. 12 13:47:54 ordi kernel: ACPI: PCI: Interrupt link LNKF configured for IRQ 11
févr. 12 13:47:54 ordi kernel: ACPI: PCI: Interrupt link LNKG configured for IRQ 11
févr. 12 13:47:54 ordi kernel: ACPI: PCI: Interrupt link LNKH configured for IRQ 11
févr. 12 13:47:54 ordi kernel: ACPI: EC: interrupt unblocked
févr. 12 13:47:54 ordi kernel: ACPI: EC: event unblocked
févr. 12 13:47:54 ordi kernel: ACPI: EC: EC_CMD/EC_SC=0x66, EC_DATA=0x62
févr. 12 13:47:54 ordi kernel: ACPI: EC: GPE=0x3
févr. 12 13:47:54 ordi kernel: ACPI: \_SB_.PCI0.LPCB.EC__: Boot DSDT EC initialization complete
févr. 12 13:47:54 ordi kernel: ACPI: \_SB_.PCI0.LPCB.EC__: EC: Used to handle transactions and events
févr. 12 13:47:54 ordi kernel: iommu: Default domain type: Translated
févr. 12 13:47:54 ordi kernel: iommu: DMA domain TLB invalidation policy: lazy mode
févr. 12 13:47:54 ordi kernel: SCSI subsystem initialized
févr. 12 13:47:54 ordi kernel: libata version 3.00 loaded.
févr. 12 13:47:54 ordi kernel: ACPI: bus type USB registered
févr. 12 13:47:54 ordi kernel: usbcore: registered new interface driver usbfs
févr. 12 13:47:54 ordi kernel: usbcore: registered new interface driver hub
févr. 12 13:47:54 ordi kernel: usbcore: registered new device driver usb
févr. 12 13:47:54 ordi kernel: EDAC MC: Ver: 3.0.0
févr. 12 13:47:54 ordi kernel: efivars: Registered efivars operations
févr. 12 13:47:54 ordi kernel: NetLabel: Initializing
févr. 12 13:47:54 ordi kernel: NetLabel:  domain hash size = 128
févr. 12 13:47:54 ordi kernel: NetLabel:  protocols = UNLABELED CIPSOv4 CALIPSO
févr. 12 13:47:54 ordi kernel: NetLabel:  unlabeled traffic allowed by default
févr. 12 13:47:54 ordi kernel: mctp: management component transport protocol core
févr. 12 13:47:54 ordi kernel: NET: Registered PF_MCTP protocol family
févr. 12 13:47:54 ordi kernel: PCI: Using ACPI for IRQ routing
févr. 12 13:47:54 ordi kernel: PCI: pci_cache_line_size set to 64 bytes
févr. 12 13:47:54 ordi kernel: e820: reserve RAM buffer [mem 0x00058000-0x0005ffff]
févr. 12 13:47:54 ordi kernel: e820: reserve RAM buffer [mem 0x0009e000-0x0009ffff]
févr. 12 13:47:54 ordi kernel: e820: reserve RAM buffer [mem 0x7ecb7018-0x7fffffff]
févr. 12 13:47:54 ordi kernel: e820: reserve RAM buffer [mem 0x7ecc5018-0x7fffffff]
févr. 12 13:47:54 ordi kernel: e820: reserve RAM buffer [mem 0x830f8000-0x83ffffff]
févr. 12 13:47:54 ordi kernel: e820: reserve RAM buffer [mem 0x8561d000-0x87ffffff]
févr. 12 13:47:54 ordi kernel: e820: reserve RAM buffer [mem 0x86a47000-0x87ffffff]
févr. 12 13:47:54 ordi kernel: e820: reserve RAM buffer [mem 0x87fff000-0x87ffffff]
févr. 12 13:47:54 ordi kernel: e820: reserve RAM buffer [mem 0x272000000-0x273ffffff]
févr. 12 13:47:54 ordi kernel: pci 0000:00:02.0: vgaarb: setting as boot VGA device
févr. 12 13:47:54 ordi kernel: pci 0000:00:02.0: vgaarb: bridge control possible
févr. 12 13:47:54 ordi kernel: pci 0000:00:02.0: vgaarb: VGA device added: decodes=io+mem,owns=io+mem,locks=none
févr. 12 13:47:54 ordi kernel: vgaarb: loaded
févr. 12 13:47:54 ordi kernel: hpet0: at MMIO 0xfed00000, IRQs 2, 8, 0, 0, 0, 0, 0, 0
févr. 12 13:47:54 ordi kernel: hpet0: 8 comparators, 64-bit 24.000000 MHz counter
févr. 12 13:47:54 ordi kernel: clocksource: Switched to clocksource tsc-early
févr. 12 13:47:54 ordi kernel: VFS: Disk quotas dquot_6.6.0
févr. 12 13:47:54 ordi kernel: VFS: Dquot-cache hash table entries: 512 (order 0, 4096 bytes)
févr. 12 13:47:54 ordi kernel: pnp: PnP ACPI init
févr. 12 13:47:54 ordi kernel: system 00:00: [io  0x0680-0x069f] has been reserved
févr. 12 13:47:54 ordi kernel: system 00:00: [io  0xffff] has been reserved
févr. 12 13:47:54 ordi kernel: system 00:00: [io  0xffff] has been reserved
févr. 12 13:47:54 ordi kernel: system 00:00: [io  0xffff] has been reserved
févr. 12 13:47:54 ordi kernel: system 00:00: [io  0x1800-0x18fe] has been reserved
févr. 12 13:47:54 ordi kernel: system 00:00: [io  0x164e-0x164f] has been reserved
févr. 12 13:47:54 ordi kernel: system 00:00: [io  0x3322-0x3323] has been reserved
févr. 12 13:47:54 ordi kernel: system 00:01: [io  0x0800-0x087f] has been reserved
févr. 12 13:47:54 ordi kernel: system 00:03: [io  0x1854-0x1857] has been reserved
févr. 12 13:47:54 ordi kernel: system 00:06: [mem 0xfed10000-0xfed17fff] has been reserved
févr. 12 13:47:54 ordi kernel: system 00:06: [mem 0xfed18000-0xfed18fff] has been reserved
févr. 12 13:47:54 ordi kernel: system 00:06: [mem 0xfed19000-0xfed19fff] has been reserved
févr. 12 13:47:54 ordi kernel: system 00:06: [mem 0xe0000000-0xefffffff] has been reserved
févr. 12 13:47:54 ordi kernel: system 00:06: [mem 0xfed20000-0xfed3ffff] has been reserved
févr. 12 13:47:54 ordi kernel: system 00:06: [mem 0xfed90000-0xfed93fff] could not be reserved
févr. 12 13:47:54 ordi kernel: system 00:06: [mem 0xfed45000-0xfed8ffff] has been reserved
févr. 12 13:47:54 ordi kernel: system 00:06: [mem 0xff000000-0xffffffff] has been reserved
févr. 12 13:47:54 ordi kernel: system 00:06: [mem 0xfee00000-0xfeefffff] could not be reserved
févr. 12 13:47:54 ordi kernel: system 00:06: [mem 0xdffe0000-0xdfffffff] has been reserved
févr. 12 13:47:54 ordi kernel: system 00:07: [mem 0xfd000000-0xfdabffff] has been reserved
févr. 12 13:47:54 ordi kernel: system 00:07: [mem 0xfdad0000-0xfdadffff] has been reserved
févr. 12 13:47:54 ordi kernel: system 00:07: [mem 0xfdb00000-0xfdffffff] has been reserved
févr. 12 13:47:54 ordi kernel: system 00:07: [mem 0xfe000000-0xfe01ffff] could not be reserved
févr. 12 13:47:54 ordi kernel: system 00:07: [mem 0xfe036000-0xfe03bfff] has been reserved
févr. 12 13:47:54 ordi kernel: system 00:07: [mem 0xfe03d000-0xfe3fffff] has been reserved
févr. 12 13:47:54 ordi kernel: system 00:07: [mem 0xfe410000-0xfe7fffff] has been reserved
févr. 12 13:47:54 ordi kernel: system 00:08: [io  0xff00-0xfffe] has been reserved
févr. 12 13:47:54 ordi kernel: system 00:09: [mem 0xfdaf0000-0xfdafffff] has been reserved
févr. 12 13:47:54 ordi kernel: system 00:09: [mem 0xfdae0000-0xfdaeffff] has been reserved
févr. 12 13:47:54 ordi kernel: system 00:09: [mem 0xfdac0000-0xfdacffff] has been reserved
févr. 12 13:47:54 ordi kernel: pnp: PnP ACPI: found 10 devices
févr. 12 13:47:54 ordi kernel: clocksource: acpi_pm: mask: 0xffffff max_cycles: 0xffffff, max_idle_ns: 2085701024 ns
févr. 12 13:47:54 ordi kernel: NET: Registered PF_INET protocol family
févr. 12 13:47:54 ordi kernel: IP idents hash table entries: 131072 (order: 8, 1048576 bytes, linear)
févr. 12 13:47:54 ordi kernel: tcp_listen_portaddr_hash hash table entries: 4096 (order: 4, 65536 bytes, linear)
févr. 12 13:47:54 ordi kernel: Table-perturb hash table entries: 65536 (order: 6, 262144 bytes, linear)
févr. 12 13:47:54 ordi kernel: TCP established hash table entries: 65536 (order: 7, 524288 bytes, linear)
févr. 12 13:47:54 ordi kernel: TCP bind hash table entries: 65536 (order: 9, 2097152 bytes, linear)
févr. 12 13:47:54 ordi kernel: TCP: Hash tables configured (established 65536 bind 65536)
févr. 12 13:47:54 ordi kernel: MPTCP token hash table entries: 8192 (order: 5, 196608 bytes, linear)
févr. 12 13:47:54 ordi kernel: UDP hash table entries: 4096 (order: 5, 131072 bytes, linear)
févr. 12 13:47:54 ordi kernel: UDP-Lite hash table entries: 4096 (order: 5, 131072 bytes, linear)
févr. 12 13:47:54 ordi kernel: NET: Registered PF_UNIX/PF_LOCAL protocol family
févr. 12 13:47:54 ordi kernel: NET: Registered PF_XDP protocol family
févr. 12 13:47:54 ordi kernel: pci 0000:00:1c.0: PCI bridge to [bus 01]
févr. 12 13:47:54 ordi kernel: pci 0000:00:1c.4: PCI bridge to [bus 02]
févr. 12 13:47:54 ordi kernel: pci 0000:00:1c.4:   bridge window [io  0xe000-0xefff]
févr. 12 13:47:54 ordi kernel: pci 0000:00:1c.4:   bridge window [mem 0xdf100000-0xdf1fffff]
févr. 12 13:47:54 ordi kernel: pci 0000:00:1c.6: PCI bridge to [bus 03]
févr. 12 13:47:54 ordi kernel: pci 0000:00:1c.6:   bridge window [mem 0xdf000000-0xdf0fffff]
févr. 12 13:47:54 ordi kernel: pci_bus 0000:00: resource 4 [io  0x0000-0x0cf7 window]
févr. 12 13:47:54 ordi kernel: pci_bus 0000:00: resource 5 [io  0x0d00-0xffff window]
févr. 12 13:47:54 ordi kernel: pci_bus 0000:00: resource 6 [mem 0x000a0000-0x000fffff window]
févr. 12 13:47:54 ordi kernel: pci_bus 0000:00: resource 7 [mem 0x8d000000-0xdfffffff window]
févr. 12 13:47:54 ordi kernel: pci_bus 0000:00: resource 8 [mem 0xfd000000-0xfe7fffff window]
févr. 12 13:47:54 ordi kernel: pci_bus 0000:02: resource 0 [io  0xe000-0xefff]
févr. 12 13:47:54 ordi kernel: pci_bus 0000:02: resource 1 [mem 0xdf100000-0xdf1fffff]
févr. 12 13:47:54 ordi kernel: pci_bus 0000:03: resource 1 [mem 0xdf000000-0xdf0fffff]
févr. 12 13:47:54 ordi kernel: PCI: CLS 0 bytes, default 64
févr. 12 13:47:54 ordi kernel: pci 0000:00:1f.1: [8086:a120] type 00 class 0x058000 conventional PCI endpoint
févr. 12 13:47:54 ordi kernel: pci 0000:00:1f.1: BAR 0 [mem 0xfd000000-0xfdffffff 64bit]
févr. 12 13:47:54 ordi kernel: PCI-DMA: Using software bounce buffering for IO (SWIOTLB)
févr. 12 13:47:54 ordi kernel: software IO TLB: mapped [mem 0x000000007acb7000-0x000000007ecb7000] (64MB)
févr. 12 13:47:54 ordi kernel: Trying to unpack rootfs image as initramfs...
févr. 12 13:47:54 ordi kernel: Initialise system trusted keyrings
févr. 12 13:47:54 ordi kernel: Key type blacklist registered
févr. 12 13:47:54 ordi kernel: workingset: timestamp_bits=36 max_order=21 bucket_order=0
févr. 12 13:47:54 ordi kernel: fuse: init (API version 7.40)
févr. 12 13:47:54 ordi kernel: integrity: Platform Keyring initialized
févr. 12 13:47:54 ordi kernel: integrity: Machine keyring initialized
févr. 12 13:47:54 ordi kernel: Key type asymmetric registered
févr. 12 13:47:54 ordi kernel: Asymmetric key parser 'x509' registered
févr. 12 13:47:54 ordi kernel: Block layer SCSI generic (bsg) driver version 0.4 loaded (major 246)
févr. 12 13:47:54 ordi kernel: io scheduler mq-deadline registered
févr. 12 13:47:54 ordi kernel: io scheduler kyber registered
févr. 12 13:47:54 ordi kernel: io scheduler bfq registered
févr. 12 13:47:54 ordi kernel: shpchp: Standard Hot Plug PCI Controller Driver version: 0.4
févr. 12 13:47:54 ordi kernel: ACPI: AC: AC Adapter [AC] (off-line)
févr. 12 13:47:54 ordi kernel: input: Power Button as /devices/LNXSYSTM:00/LNXSYBUS:00/PNP0C0C:00/input/input0
févr. 12 13:47:54 ordi kernel: ACPI: button: Power Button [PWRB]
févr. 12 13:47:54 ordi kernel: input: Sleep Button as /devices/LNXSYSTM:00/LNXSYBUS:00/PNP0C0E:00/input/input1
févr. 12 13:47:54 ordi kernel: ACPI: button: Sleep Button [SLPB]
févr. 12 13:47:54 ordi kernel: input: Lid Switch as /devices/LNXSYSTM:00/LNXSYBUS:00/PNP0C0D:00/input/input2
févr. 12 13:47:54 ordi kernel: ACPI: button: Lid Switch [LID0]
févr. 12 13:47:54 ordi kernel: input: Power Button as /devices/LNXSYSTM:00/LNXPWRBN:00/input/input3
févr. 12 13:47:54 ordi kernel: ACPI: button: Power Button [PWRF]
févr. 12 13:47:54 ordi kernel: thermal LNXTHERM:00: registered as thermal_zone0
févr. 12 13:47:54 ordi kernel: ACPI: thermal: Thermal Zone [TZ0] (11 C)
févr. 12 13:47:54 ordi kernel: Serial: 8250/16550 driver, 32 ports, IRQ sharing enabled
févr. 12 13:47:54 ordi kernel: ACPI: battery: Slot [BAT0] (battery present)
févr. 12 13:47:54 ordi kernel: Non-volatile memory driver v1.3
févr. 12 13:47:54 ordi kernel: Linux agpgart interface v0.103
févr. 12 13:47:54 ordi kernel: tpm_crb MSFT0101:00: [Firmware Bug]: ACPI region does not cover the entire command/response buffer. [mem 0xfed40000-0xfed4087f flags 0x200] vs fed40080 f80
févr. 12 13:47:54 ordi kernel: tpm_crb MSFT0101:00: [Firmware Bug]: ACPI region does not cover the entire command/response buffer. [mem 0xfed40000-0xfed4087f flags 0x200] vs fed40080 f80
févr. 12 13:47:54 ordi kernel: Freeing initrd memory: 29168K
févr. 12 13:47:54 ordi kernel: ACPI: bus type drm_connector registered
févr. 12 13:47:54 ordi kernel: ahci 0000:00:17.0: version 3.0
févr. 12 13:47:54 ordi kernel: ahci 0000:00:17.0: AHCI vers 0001.0301, 32 command slots, 6 Gbps, SATA mode
févr. 12 13:47:54 ordi kernel: ahci 0000:00:17.0: 3/3 ports implemented (port mask 0xd)
févr. 12 13:47:54 ordi kernel: ahci 0000:00:17.0: flags: 64bit ncq sntf pm led clo only pio slum part ems deso sadm sds apst 
févr. 12 13:47:54 ordi kernel: scsi host0: ahci
févr. 12 13:47:54 ordi kernel: scsi host1: ahci
févr. 12 13:47:54 ordi kernel: scsi host2: ahci
févr. 12 13:47:54 ordi kernel: scsi host3: ahci
févr. 12 13:47:54 ordi kernel: ata1: SATA max UDMA/133 abar m2048@0xdf22b000 port 0xdf22b100 irq 123 lpm-pol 3
févr. 12 13:47:54 ordi kernel: ata2: DUMMY
févr. 12 13:47:54 ordi kernel: ata3: SATA max UDMA/133 abar m2048@0xdf22b000 port 0xdf22b200 irq 123 lpm-pol 3
févr. 12 13:47:54 ordi kernel: ata4: SATA max UDMA/133 abar m2048@0xdf22b000 port 0xdf22b280 irq 123 lpm-pol 3
févr. 12 13:47:54 ordi kernel: usbcore: registered new interface driver usbserial_generic
févr. 12 13:47:54 ordi kernel: usbserial: USB Serial support registered for generic
févr. 12 13:47:54 ordi kernel: rtc_cmos 00:02: RTC can wake from S4
févr. 12 13:47:54 ordi kernel: rtc_cmos 00:02: registered as rtc0
févr. 12 13:47:54 ordi kernel: rtc_cmos 00:02: setting system clock to 2025-02-12T12:47:49 UTC (1739364469)
févr. 12 13:47:54 ordi kernel: rtc_cmos 00:02: alarms up to one month, y3k, 242 bytes nvram
févr. 12 13:47:54 ordi kernel: intel_pstate: Intel P-state driver initializing
févr. 12 13:47:54 ordi kernel: intel_pstate: HWP enabled
févr. 12 13:47:54 ordi kernel: ledtrig-cpu: registered to indicate activity on CPUs
févr. 12 13:47:54 ordi kernel: [drm] Initialized simpledrm 1.0.0 for simple-framebuffer.0 on minor 0
févr. 12 13:47:54 ordi kernel: fbcon: Deferring console take-over
févr. 12 13:47:54 ordi kernel: simple-framebuffer simple-framebuffer.0: [drm] fb0: simpledrmdrmfb frame buffer device
févr. 12 13:47:54 ordi kernel: hid: raw HID events driver (C) Jiri Kosina
févr. 12 13:47:54 ordi kernel: drop_monitor: Initializing network drop monitor service
févr. 12 13:47:54 ordi kernel: NET: Registered PF_INET6 protocol family
févr. 12 13:47:54 ordi kernel: Segment Routing with IPv6
févr. 12 13:47:54 ordi kernel: RPL Segment Routing with IPv6
févr. 12 13:47:54 ordi kernel: In-situ OAM (IOAM) with IPv6
févr. 12 13:47:54 ordi kernel: NET: Registered PF_PACKET protocol family
févr. 12 13:47:54 ordi kernel: ENERGY_PERF_BIAS: Set to 'normal', was 'performance'
févr. 12 13:47:54 ordi kernel: microcode: Current revision: 0x000000f0
févr. 12 13:47:54 ordi kernel: microcode: Updated early from: 0x0000008a
févr. 12 13:47:54 ordi kernel: IPI shorthand broadcast: enabled
févr. 12 13:47:54 ordi kernel: sched_clock: Marking stable (770002108, 530140)->(777214817, -6682569)
févr. 12 13:47:54 ordi kernel: registered taskstats version 1
févr. 12 13:47:54 ordi kernel: Loading compiled-in X.509 certificates
févr. 12 13:47:54 ordi kernel: Loaded X.509 cert 'Build time autogenerated kernel key: 71ee67db269dd53a19108c88862458a333b16741'
févr. 12 13:47:54 ordi kernel: Demotion targets for Node 0: null
févr. 12 13:47:54 ordi kernel: Key type .fscrypt registered
févr. 12 13:47:54 ordi kernel: Key type fscrypt-provisioning registered
févr. 12 13:47:54 ordi kernel: PM:   Magic number: 13:384:784
févr. 12 13:47:54 ordi kernel: RAS: Correctable Errors collector initialized.
févr. 12 13:47:54 ordi kernel: ata1: SATA link up 6.0 Gbps (SStatus 133 SControl 300)
févr. 12 13:47:54 ordi kernel: ata3: SATA link down (SStatus 4 SControl 300)
févr. 12 13:47:54 ordi kernel: ata1.00: ATA-9: SAMSUNG MZNLN256HMHQ-00000, MAV2100Q, max UDMA/133
févr. 12 13:47:54 ordi kernel: ata1.00: 500118192 sectors, multi 16: LBA48 NCQ (depth 32), AA
févr. 12 13:47:54 ordi kernel: ata4: SATA link up 1.5 Gbps (SStatus 113 SControl 300)
févr. 12 13:47:54 ordi kernel: ata1.00: Features: Dev-Sleep NCQ-sndrcv
févr. 12 13:47:54 ordi kernel: ata4.00: ATAPI: Slimtype DVD A  DS8ACSH, LP5M, max UDMA/133
févr. 12 13:47:54 ordi kernel: ata1.00: configured for UDMA/133
févr. 12 13:47:54 ordi kernel: ata4.00: configured for UDMA/133
févr. 12 13:47:54 ordi kernel: ahci 0000:00:17.0: port does not support device sleep
févr. 12 13:47:54 ordi kernel: scsi 0:0:0:0: Direct-Access     ATA      SAMSUNG MZNLN256 100Q PQ: 0 ANSI: 5
févr. 12 13:47:54 ordi kernel: sd 0:0:0:0: [sda] 500118192 512-byte logical blocks: (256 GB/238 GiB)
févr. 12 13:47:54 ordi kernel: sd 0:0:0:0: [sda] Write Protect is off
févr. 12 13:47:54 ordi kernel: sd 0:0:0:0: [sda] Mode Sense: 00 3a 00 00
févr. 12 13:47:54 ordi kernel: sd 0:0:0:0: [sda] Write cache: enabled, read cache: enabled, doesn't support DPO or FUA
févr. 12 13:47:54 ordi kernel: sd 0:0:0:0: [sda] Preferred minimum I/O size 512 bytes
févr. 12 13:47:54 ordi kernel: scsi 3:0:0:0: CD-ROM            Slimtype DVD A  DS8ACSH   LP5M PQ: 0 ANSI: 5
févr. 12 13:47:54 ordi kernel:  sda: sda1 sda2 sda3
févr. 12 13:47:54 ordi kernel: sd 0:0:0:0: [sda] Attached SCSI disk
févr. 12 13:47:54 ordi kernel: clk: Disabling unused clocks
févr. 12 13:47:54 ordi kernel: PM: genpd: Disabling unused power domains
févr. 12 13:47:54 ordi kernel: Freeing unused decrypted memory: 2028K
févr. 12 13:47:54 ordi kernel: Freeing unused kernel image (initmem) memory: 4188K
févr. 12 13:47:54 ordi kernel: Write protecting the kernel read-only data: 32768k
févr. 12 13:47:54 ordi kernel: Freeing unused kernel image (rodata/data gap) memory: 576K
févr. 12 13:47:54 ordi kernel: x86/mm: Checked W+X mappings: passed, no W+X pages found.
févr. 12 13:47:54 ordi kernel: rodata_test: all tests were successful
févr. 12 13:47:54 ordi kernel: x86/mm: Checking user space page tables
févr. 12 13:47:54 ordi kernel: x86/mm: Checked W+X mappings: passed, no W+X pages found.
févr. 12 13:47:54 ordi kernel: Run /init as init process
févr. 12 13:47:54 ordi kernel:   with arguments:
févr. 12 13:47:54 ordi kernel:     /init
févr. 12 13:47:54 ordi kernel:     splash
févr. 12 13:47:54 ordi kernel:   with environment:
févr. 12 13:47:54 ordi kernel:     HOME=/
févr. 12 13:47:54 ordi kernel:     TERM=linux
févr. 12 13:47:54 ordi kernel:     BOOT_IMAGE=/@/boot/vmlinuz-6.11-x86_64
févr. 12 13:47:54 ordi kernel: tsc: Refined TSC clocksource calibration: 2304.000 MHz
févr. 12 13:47:54 ordi kernel: clocksource: tsc: mask: 0xffffffffffffffff max_cycles: 0x2135f7c97c8, max_idle_ns: 440795273205 ns
févr. 12 13:47:54 ordi kernel: clocksource: Switched to clocksource tsc
févr. 12 13:47:54 ordi kernel: i8042: PNP: PS/2 Controller [PNP0303:PS2K,PNP0f13:SYNM] at 0x60,0x64 irq 1,12
févr. 12 13:47:54 ordi kernel: i8042: Detected active multiplexing controller, rev 1.1
févr. 12 13:47:54 ordi kernel: rtsx_pci 0000:02:00.0: enabling device (0000 -> 0002)
févr. 12 13:47:54 ordi kernel: serio: i8042 KBD port at 0x60,0x64 irq 1
févr. 12 13:47:54 ordi kernel: serio: i8042 AUX0 port at 0x60,0x64 irq 12
févr. 12 13:47:54 ordi kernel: serio: i8042 AUX1 port at 0x60,0x64 irq 12
févr. 12 13:47:54 ordi kernel: serio: i8042 AUX2 port at 0x60,0x64 irq 12
févr. 12 13:47:54 ordi kernel: serio: i8042 AUX3 port at 0x60,0x64 irq 12
févr. 12 13:47:54 ordi kernel: xhci_hcd 0000:00:14.0: xHCI Host Controller
févr. 12 13:47:54 ordi kernel: xhci_hcd 0000:00:14.0: new USB bus registered, assigned bus number 1
févr. 12 13:47:54 ordi kernel: xhci_hcd 0000:00:14.0: hcc params 0x200077c1 hci version 0x100 quirks 0x0000000001109810
févr. 12 13:47:54 ordi kernel: xhci_hcd 0000:00:14.0: xHCI Host Controller
févr. 12 13:47:54 ordi kernel: xhci_hcd 0000:00:14.0: new USB bus registered, assigned bus number 2
févr. 12 13:47:54 ordi kernel: xhci_hcd 0000:00:14.0: Host supports USB 3.0 SuperSpeed
févr. 12 13:47:54 ordi kernel: usb usb1: New USB device found, idVendor=1d6b, idProduct=0002, bcdDevice= 6.11
févr. 12 13:47:54 ordi kernel: usb usb1: New USB device strings: Mfr=3, Product=2, SerialNumber=1
févr. 12 13:47:54 ordi kernel: usb usb1: Product: xHCI Host Controller
févr. 12 13:47:54 ordi kernel: usb usb1: Manufacturer: Linux 6.11.11-1-MANJARO xhci-hcd
févr. 12 13:47:54 ordi kernel: usb usb1: SerialNumber: 0000:00:14.0
févr. 12 13:47:54 ordi kernel: hub 1-0:1.0: USB hub found
févr. 12 13:47:54 ordi kernel: hub 1-0:1.0: 16 ports detected
févr. 12 13:47:54 ordi kernel: usb usb2: New USB device found, idVendor=1d6b, idProduct=0003, bcdDevice= 6.11
févr. 12 13:47:54 ordi kernel: usb usb2: New USB device strings: Mfr=3, Product=2, SerialNumber=1
févr. 12 13:47:54 ordi kernel: usb usb2: Product: xHCI Host Controller
févr. 12 13:47:54 ordi kernel: usb usb2: Manufacturer: Linux 6.11.11-1-MANJARO xhci-hcd
févr. 12 13:47:54 ordi kernel: usb usb2: SerialNumber: 0000:00:14.0
févr. 12 13:47:54 ordi kernel: hub 2-0:1.0: USB hub found
févr. 12 13:47:54 ordi kernel: hub 2-0:1.0: 8 ports detected
févr. 12 13:47:54 ordi kernel: usb: port power management may be unreliable
févr. 12 13:47:54 ordi kernel: input: AT Translated Set 2 keyboard as /devices/platform/i8042/serio0/input/input4
févr. 12 13:47:54 ordi kernel: raid6: skipped pq benchmark and selected avx2x4
févr. 12 13:47:54 ordi kernel: raid6: using avx2x2 recovery algorithm
févr. 12 13:47:54 ordi kernel: sr 3:0:0:0: [sr0] scsi3-mmc drive: 24x/24x writer cd/rw xa/form2 cdda tray
févr. 12 13:47:54 ordi kernel: cdrom: Uniform CD-ROM driver Revision: 3.20
févr. 12 13:47:54 ordi kernel: xor: automatically using best checksumming function   avx       
févr. 12 13:47:54 ordi kernel: sr 3:0:0:0: Attached scsi CD-ROM sr0
févr. 12 13:47:54 ordi kernel: Btrfs loaded, zoned=yes, fsverity=yes
févr. 12 13:47:54 ordi kernel: usb 1-2: new high-speed USB device number 2 using xhci_hcd
févr. 12 13:47:54 ordi kernel: usb 1-2: New USB device found, idVendor=04f2, idProduct=b5b0, bcdDevice=36.02
févr. 12 13:47:54 ordi kernel: usb 1-2: New USB device strings: Mfr=1, Product=2, SerialNumber=0
févr. 12 13:47:54 ordi kernel: usb 1-2: Product: Chicony USB 2.0 Camera
févr. 12 13:47:54 ordi kernel: usb 1-2: Manufacturer: SunplusIT Inc
févr. 12 13:47:54 ordi kernel: usb 1-3: new full-speed USB device number 3 using xhci_hcd
févr. 12 13:47:54 ordi kernel: i915 0000:00:02.0: [drm] Found SKYLAKE (device ID 191b) display version 9.00
févr. 12 13:47:54 ordi kernel: i915 0000:00:02.0: vgaarb: deactivate vga console
févr. 12 13:47:54 ordi kernel: i915 0000:00:02.0: vgaarb: VGA decodes changed: olddecodes=io+mem,decodes=io+mem:owns=io+mem
févr. 12 13:47:54 ordi kernel: i915 0000:00:02.0: [drm] Finished loading DMC firmware i915/skl_dmc_ver1_27.bin (v1.27)
févr. 12 13:47:54 ordi kernel: [drm] Initialized i915 1.6.0 for 0000:00:02.0 on minor 1
févr. 12 13:47:54 ordi kernel: ACPI: video: Video Device [GFX0] (multi-head: yes  rom: no  post: no)
févr. 12 13:47:54 ordi kernel: input: Video Bus as /devices/LNXSYSTM:00/LNXSYBUS:00/PNP0A08:00/LNXVIDEO:00/input/input9
févr. 12 13:47:54 ordi kernel: usb 1-3: New USB device found, idVendor=8087, idProduct=0a2a, bcdDevice= 0.01
févr. 12 13:47:54 ordi kernel: usb 1-3: New USB device strings: Mfr=0, Product=0, SerialNumber=0
févr. 12 13:47:54 ordi kernel: fbcon: i915drmfb (fb0) is primary device
févr. 12 13:47:54 ordi kernel: fbcon: Deferring console take-over
févr. 12 13:47:54 ordi kernel: i915 0000:00:02.0: [drm] fb0: i915drmfb frame buffer device
févr. 12 13:47:54 ordi kernel: usb 1-6: new low-speed USB device number 4 using xhci_hcd
févr. 12 13:47:54 ordi kernel: usb 1-6: New USB device found, idVendor=0000, idProduct=3825, bcdDevice= 1.00
févr. 12 13:47:54 ordi kernel: usb 1-6: New USB device strings: Mfr=0, Product=1, SerialNumber=0
févr. 12 13:47:54 ordi kernel: usb 1-6: Product:  USB OPTICAL MOUSE
févr. 12 13:47:54 ordi kernel: usbcore: registered new interface driver usbhid
févr. 12 13:47:54 ordi kernel: usbhid: USB HID core driver
févr. 12 13:47:54 ordi kernel: input:  USB OPTICAL MOUSE as /devices/pci0000:00/0000:00:14.0/usb1/1-6/1-6:1.0/0003:0000:3825.0001/input/input10
févr. 12 13:47:54 ordi kernel: hid-generic 0003:0000:3825.0001: input,hidraw0: USB HID v1.11 Mouse [ USB OPTICAL MOUSE] on usb-0000:00:14.0-6/input0
févr. 12 13:47:54 ordi kernel: PM: Image not found (code -22)
févr. 12 13:47:54 ordi kernel: BTRFS: device fsid 10256267-fbb1-4dbc-8727-5a025a2a1a49 devid 1 transid 94099 /dev/sda2 (8:2) scanned by mount (229)
févr. 12 13:47:54 ordi kernel: BTRFS info (device sda2): first mount of filesystem 10256267-fbb1-4dbc-8727-5a025a2a1a49
févr. 12 13:47:54 ordi kernel: BTRFS info (device sda2): using crc32c (crc32c-intel) checksum algorithm
févr. 12 13:47:54 ordi kernel: BTRFS info (device sda2): using free-space-tree
févr. 12 13:47:54 ordi systemd[1]: systemd 256.9-1-manjaro running in system mode (+PAM +AUDIT -SELINUX -APPARMOR -IMA +SMACK +SECCOMP +GCRYPT +GNUTLS +OPENSSL +ACL +BLKID +CURL +ELFUTILS +FIDO2 +IDN2 -IDN +IPTC +KMOD +LIBCRYPTSETUP +LIBCRYPTSETUP_PLUGINS +LIBFDISK +PCRE2 +PWQUALITY +P11KIT +QRENCODE +TPM2 +BZIP2 +LZ4 +XZ +ZLIB +ZSTD +BPF_FRAMEWORK +XKBCOMMON +UTMP -SYSVINIT +LIBARCHIVE)
févr. 12 13:47:54 ordi systemd[1]: Detected architecture x86-64.
févr. 12 13:47:54 ordi systemd[1]: Hostname set to <ordi>.
févr. 12 13:47:54 ordi systemd[1]: bpf-restrict-fs: LSM BPF program attached
févr. 12 13:47:54 ordi systemd-fstab-generator[272]: Failed to create unit file '/run/systemd/generator/dev-disk-by\x2duuid-4f5c6ca5\x2d0597\x2d4ae1\x2da2ad\x2d641549433216.swap', as it already exists. Duplicate entry in '/etc/fstab'?
févr. 12 13:47:54 ordi (sd-exec-[265]: /usr/lib/systemd/system-generators/systemd-fstab-generator failed with exit status 1.
févr. 12 13:47:54 ordi systemd[1]: Queued start job for default target Graphical Interface.
févr. 12 13:47:54 ordi systemd[1]: Created slice CUPS Slice.
févr. 12 13:47:54 ordi systemd[1]: Created slice Slice /system/dirmngr.
févr. 12 13:47:54 ordi systemd[1]: Created slice Slice /system/getty.
févr. 12 13:47:54 ordi systemd[1]: Created slice Slice /system/gpg-agent.
févr. 12 13:47:54 ordi systemd[1]: Created slice Slice /system/gpg-agent-browser.
févr. 12 13:47:54 ordi systemd[1]: Created slice Slice /system/gpg-agent-extra.
févr. 12 13:47:54 ordi systemd[1]: Created slice Slice /system/gpg-agent-ssh.
févr. 12 13:47:54 ordi systemd[1]: Created slice Slice /system/keyboxd.
févr. 12 13:47:54 ordi systemd[1]: Created slice Slice /system/modprobe.
févr. 12 13:47:54 ordi systemd[1]: Created slice Slice /system/systemd-fsck.
févr. 12 13:47:54 ordi systemd[1]: Created slice User and Session Slice.
févr. 12 13:47:54 ordi systemd[1]: Started Forward Password Requests to Wall Directory Watch.
févr. 12 13:47:54 ordi systemd[1]: Set up automount Arbitrary Executable File Formats File System Automount Point.
févr. 12 13:47:54 ordi systemd[1]: Expecting device /dev/disk/by-uuid/10256267-fbb1-4dbc-8727-5a025a2a1a49...
févr. 12 13:47:54 ordi systemd[1]: Expecting device /dev/disk/by-uuid/4f5c6ca5-0597-4ae1-a2ad-641549433216...
févr. 12 13:47:54 ordi systemd[1]: Expecting device /dev/disk/by-uuid/9DBE-99E5...
févr. 12 13:47:54 ordi systemd[1]: Reached target Login Prompts.
févr. 12 13:47:54 ordi systemd[1]: Reached target Local Integrity Protected Volumes.
févr. 12 13:47:54 ordi systemd[1]: Reached target Remote File Systems.
févr. 12 13:47:54 ordi systemd[1]: Reached target Slice Units.
févr. 12 13:47:54 ordi systemd[1]: Reached target Local Verity Protected Volumes.
févr. 12 13:47:54 ordi systemd[1]: Listening on Device-mapper event daemon FIFOs.
févr. 12 13:47:54 ordi systemd[1]: Listening on LVM2 poll daemon socket.
févr. 12 13:47:54 ordi systemd[1]: Listening on Process Core Dump Socket.
févr. 12 13:47:54 ordi systemd[1]: Listening on Credential Encryption/Decryption.
févr. 12 13:47:54 ordi systemd[1]: Listening on Journal Socket (/dev/log).
févr. 12 13:47:54 ordi systemd[1]: Listening on Journal Sockets.
févr. 12 13:47:54 ordi systemd[1]: TPM PCR Measurements was skipped because of an unmet condition check (ConditionSecurity=measured-uki).
févr. 12 13:47:54 ordi systemd[1]: Make TPM PCR Policy was skipped because of an unmet condition check (ConditionSecurity=measured-uki).
févr. 12 13:47:54 ordi systemd[1]: Listening on udev Control Socket.
févr. 12 13:47:54 ordi systemd[1]: Listening on udev Kernel Socket.
févr. 12 13:47:54 ordi systemd[1]: Listening on User Database Manager Socket.
févr. 12 13:47:54 ordi systemd[1]: Mounting Huge Pages File System...
févr. 12 13:47:54 ordi systemd[1]: Mounting POSIX Message Queue File System...
févr. 12 13:47:54 ordi systemd[1]: Mounting Kernel Debug File System...
févr. 12 13:47:54 ordi systemd[1]: Mounting Kernel Trace File System...
févr. 12 13:47:54 ordi systemd[1]: Starting Create List of Static Device Nodes...
févr. 12 13:47:54 ordi systemd[1]: Starting Monitoring of LVM2 mirrors, snapshots etc. using dmeventd or progress polling...
févr. 12 13:47:54 ordi systemd[1]: Starting Load Kernel Module configfs...
févr. 12 13:47:54 ordi systemd[1]: Starting Load Kernel Module dm_mod...
févr. 12 13:47:54 ordi systemd[1]: Starting Load Kernel Module drm...
févr. 12 13:47:54 ordi systemd[1]: Starting Load Kernel Module fuse...
févr. 12 13:47:54 ordi systemd[1]: Starting Load Kernel Module loop...
févr. 12 13:47:54 ordi systemd[1]: Clear Stale Hibernate Storage Info was skipped because of an unmet condition check (ConditionPathExists=/sys/firmware/efi/efivars/HibernateLocation-8cf2644b-4b0b-428f-9387-6d876050dc67).
févr. 12 13:47:54 ordi systemd[1]: Starting Journal Service...
févr. 12 13:47:54 ordi systemd[1]: Starting Load Kernel Modules...
févr. 12 13:47:54 ordi systemd[1]: TPM PCR Machine ID Measurement was skipped because of an unmet condition check (ConditionSecurity=measured-uki).
févr. 12 13:47:54 ordi systemd[1]: Starting Remount Root and Kernel File Systems...
févr. 12 13:47:54 ordi systemd[1]: Early TPM SRK Setup was skipped because of an unmet condition check (ConditionSecurity=measured-uki).
févr. 12 13:47:54 ordi systemd[1]: Starting Load udev Rules from Credentials...
févr. 12 13:47:54 ordi systemd[1]: Starting Coldplug All udev Devices...
févr. 12 13:47:54 ordi systemd[1]: Starting Virtual Console Setup...
févr. 12 13:47:54 ordi systemd[1]: Mounted Huge Pages File System.
févr. 12 13:47:54 ordi systemd[1]: Mounted POSIX Message Queue File System.
févr. 12 13:47:54 ordi systemd[1]: Mounted Kernel Debug File System.
févr. 12 13:47:54 ordi systemd[1]: Mounted Kernel Trace File System.
févr. 12 13:47:54 ordi systemd[1]: Finished Create List of Static Device Nodes.
févr. 12 13:47:54 ordi systemd[1]: modprobe@configfs.service: Deactivated successfully.
févr. 12 13:47:54 ordi systemd[1]: Finished Load Kernel Module configfs.
févr. 12 13:47:54 ordi systemd[1]: modprobe@drm.service: Deactivated successfully.
févr. 12 13:47:54 ordi systemd[1]: Finished Load Kernel Module drm.
févr. 12 13:47:54 ordi systemd[1]: modprobe@fuse.service: Deactivated successfully.
févr. 12 13:47:54 ordi systemd[1]: Finished Load Kernel Module fuse.
févr. 12 13:47:54 ordi kernel: device-mapper: uevent: version 1.0.3
févr. 12 13:47:54 ordi kernel: device-mapper: ioctl: 4.48.0-ioctl (2023-03-01) initialised: dm-devel@lists.linux.dev
févr. 12 13:47:54 ordi systemd[1]: Mounting FUSE Control File System...
févr. 12 13:47:54 ordi systemd[1]: Mounting Kernel Configuration File System...
févr. 12 13:47:54 ordi systemd[1]: Starting Create Static Device Nodes in /dev gracefully...
févr. 12 13:47:54 ordi systemd[1]: modprobe@dm_mod.service: Deactivated successfully.
févr. 12 13:47:54 ordi systemd[1]: Finished Load Kernel Module dm_mod.
févr. 12 13:47:54 ordi systemd[1]: Mounted FUSE Control File System.
févr. 12 13:47:54 ordi systemd[1]: Mounted Kernel Configuration File System.
févr. 12 13:47:54 ordi kernel: loop: module loaded
févr. 12 13:47:54 ordi systemd[1]: modprobe@loop.service: Deactivated successfully.
févr. 12 13:47:54 ordi systemd[1]: Finished Load Kernel Module loop.
févr. 12 13:47:54 ordi systemd[1]: Repartition Root Disk was skipped because no trigger condition checks were met.
févr. 12 13:47:54 ordi systemd[1]: Finished Load udev Rules from Credentials.
févr. 12 13:47:54 ordi systemd[1]: Finished Virtual Console Setup.
févr. 12 13:47:54 ordi systemd-journald[295]: Collecting audit messages is disabled.
févr. 12 13:47:54 ordi kernel: i2c_dev: i2c /dev entries driver
févr. 12 13:47:54 ordi systemd[1]: Starting User Database Manager...
févr. 12 13:47:54 ordi kernel: vboxdrv: loading out-of-tree module taints kernel.
févr. 12 13:47:54 ordi kernel: vboxdrv: module verification failed: signature and/or required key missing - tainting kernel
févr. 12 13:47:54 ordi kernel: vboxdrv: Found 4 processor cores/threads
févr. 12 13:47:54 ordi systemd[1]: Finished Monitoring of LVM2 mirrors, snapshots etc. using dmeventd or progress polling.
févr. 12 13:47:54 ordi kernel: vboxdrv: TSC mode is Invariant, tentative frequency 2303998687 Hz
févr. 12 13:47:54 ordi kernel: vboxdrv: Successfully loaded version 7.1.4 r165100 (interface 0x00340001)
févr. 12 13:47:54 ordi systemd-journald[295]: Journal started
févr. 12 13:47:54 ordi systemd-journald[295]: Runtime Journal (/run/log/journal/e747f86e70c548248c0d24fd21f17975) is 8M, max 391.1M, 383.1M free.
févr. 12 13:47:54 ordi systemd-modules-load[296]: Inserted module 'crypto_user'
févr. 12 13:47:54 ordi systemd-vconsole-setup[301]: All allocated VCs are currently busy, skipping initialization of font and keyboard settings.
févr. 12 13:47:54 ordi systemd-modules-load[296]: Inserted module 'i2c_dev'
févr. 12 13:47:54 ordi systemd-modules-load[296]: Inserted module 'vboxdrv'
févr. 12 13:47:54 ordi systemd-modules-load[296]: Inserted module 'vboxnetadp'
févr. 12 13:47:54 ordi systemd[1]: Started Journal Service.
févr. 12 13:47:54 ordi kernel: VBoxNetAdp: Successfully started.
févr. 12 13:47:54 ordi systemd-modules-load[296]: Inserted module 'vboxnetflt'
févr. 12 13:47:54 ordi kernel: VBoxNetFlt: Successfully started.
févr. 12 13:47:54 ordi systemd[1]: Finished Remount Root and Kernel File Systems.
févr. 12 13:47:54 ordi systemd[1]: Finished Load Kernel Modules.
févr. 12 13:47:54 ordi systemd[1]: Rebuild Hardware Database was skipped because no trigger condition checks were met.
févr. 12 13:47:54 ordi systemd[1]: Starting Load/Save OS Random Seed...
févr. 12 13:47:54 ordi systemd[1]: Starting Apply Kernel Variables...
févr. 12 13:47:54 ordi systemd[1]: TPM SRK Setup was skipped because of an unmet condition check (ConditionSecurity=measured-uki).
févr. 12 13:47:54 ordi systemd[1]: Started User Database Manager.
févr. 12 13:47:54 ordi systemd[1]: Finished Apply Kernel Variables.
févr. 12 13:47:54 ordi systemd[1]: Starting CLI Netfilter Manager...
févr. 12 13:47:54 ordi systemd[1]: Finished Load/Save OS Random Seed.
févr. 12 13:47:54 ordi systemd[1]: Finished Create Static Device Nodes in /dev gracefully.
févr. 12 13:47:54 ordi systemd[1]: Starting Create System Users...
févr. 12 13:47:55 ordi systemd[1]: Finished Create System Users.
févr. 12 13:47:55 ordi systemd[1]: Starting Create Static Device Nodes in /dev...
févr. 12 13:47:55 ordi systemd[1]: Finished Coldplug All udev Devices.
févr. 12 13:47:55 ordi systemd[1]: Finished Create Static Device Nodes in /dev.
févr. 12 13:47:55 ordi systemd[1]: Reached target Preparation for Local File Systems.
févr. 12 13:47:55 ordi systemd[1]: Starting Rule-based Manager for Device Events and Files...
févr. 12 13:47:55 ordi systemd[1]: Finished CLI Netfilter Manager.
févr. 12 13:47:55 ordi systemd[1]: Started Rule-based Manager for Device Events and Files.
févr. 12 13:47:55 ordi systemd[1]: Starting Show Plymouth Boot Screen...
févr. 12 13:47:55 ordi systemd[1]: Condition check resulted in /dev/tpmrm0 being skipped.
févr. 12 13:47:55 ordi systemd[1]: Reached target Trusted Platform Module.
févr. 12 13:47:55 ordi systemd[1]: Started Show Plymouth Boot Screen.
févr. 12 13:47:55 ordi systemd[1]: Dispatch Password Requests to Console Directory Watch was skipped because of an unmet condition check (ConditionPathExists=!/run/plymouth/pid).
févr. 12 13:47:55 ordi systemd[1]: Started Forward Password Requests to Plymouth Directory Watch.
févr. 12 13:47:55 ordi systemd[1]: Reached target Local Encrypted Volumes.
févr. 12 13:47:55 ordi mtp-probe[448]: checking bus 1, device 4: "/sys/devices/pci0000:00/0000:00:14.0/usb1/1-6"
févr. 12 13:47:55 ordi mtp-probe[448]: bus: 1, device: 4 was not an MTP device
févr. 12 13:47:55 ordi systemd[1]: Found device SAMSUNG_MZNLN256HMHQ-00000 swap.
févr. 12 13:47:55 ordi systemd[1]: Found device SAMSUNG_MZNLN256HMHQ-00000 1.
févr. 12 13:47:55 ordi systemd[1]: Activating swap /dev/disk/by-uuid/4f5c6ca5-0597-4ae1-a2ad-641549433216...
févr. 12 13:47:55 ordi systemd[1]: Starting File System Check on /dev/disk/by-uuid/9DBE-99E5...
févr. 12 13:47:55 ordi kernel: Adding 9227464k swap on /dev/sda3.  Priority:-2 extents:1 across:9227464k SS
févr. 12 13:47:55 ordi systemd[1]: Activated swap /dev/disk/by-uuid/4f5c6ca5-0597-4ae1-a2ad-641549433216.
févr. 12 13:47:55 ordi systemd[1]: Found device SAMSUNG_MZNLN256HMHQ-00000 root.
févr. 12 13:47:55 ordi systemd[1]: Reached target Swaps.
févr. 12 13:47:55 ordi systemd-fsck[468]: fsck.fat 4.2 (2021-01-31)
févr. 12 13:47:55 ordi systemd-fsck[468]: There are differences between boot sector and its backup.
févr. 12 13:47:55 ordi systemd-fsck[468]: This is mostly harmless. Differences: (offset:original/backup)
févr. 12 13:47:55 ordi systemd-fsck[468]:   65:01/00
févr. 12 13:47:55 ordi systemd-fsck[468]:   Not automatically fixing this.
févr. 12 13:47:55 ordi systemd-fsck[468]: Dirty bit is set. Fs was not properly unmounted and some data may be corrupt.
févr. 12 13:47:55 ordi systemd-fsck[468]:  Automatically removing dirty bit.
févr. 12 13:47:55 ordi systemd-fsck[468]: *** Filesystem was changed ***
févr. 12 13:47:55 ordi systemd-fsck[468]: Writing changes.
févr. 12 13:47:55 ordi systemd-fsck[468]: /dev/sda1: 5 files, 146/76643 clusters
févr. 12 13:47:55 ordi systemd[1]: Finished File System Check on /dev/disk/by-uuid/9DBE-99E5.
févr. 12 13:47:55 ordi mtp-probe[475]: checking bus 1, device 2: "/sys/devices/pci0000:00/0000:00:14.0/usb1/1-2"
févr. 12 13:47:55 ordi kernel: intel_pmc_core INT33A1:00:  initialized
févr. 12 13:47:55 ordi mtp-probe[475]: bus: 1, device: 2 was not an MTP device
févr. 12 13:47:55 ordi systemd[1]: Created slice Slice /system/systemd-backlight.
févr. 12 13:47:55 ordi systemd[1]: Starting Load/Save Screen Backlight Brightness of backlight:intel_backlight...
févr. 12 13:47:55 ordi kernel: mousedev: PS/2 mouse device common for all mice
févr. 12 13:47:55 ordi kernel: mei_me 0000:00:16.0: enabling device (0000 -> 0002)
févr. 12 13:47:55 ordi systemd[1]: Finished Load/Save Screen Backlight Brightness of backlight:intel_backlight.
févr. 12 13:47:55 ordi kernel: i801_smbus 0000:00:1f.4: SPD Write Disable is set
févr. 12 13:47:55 ordi kernel: i801_smbus 0000:00:1f.4: SMBus using PCI interrupt
févr. 12 13:47:55 ordi kernel: input: PC Speaker as /devices/platform/pcspkr/input/input12
févr. 12 13:47:55 ordi kernel: mc: Linux media interface: v0.10
févr. 12 13:47:55 ordi systemd[1]: systemd-vconsole-setup.service: Deactivated successfully.
févr. 12 13:47:55 ordi systemd[1]: Stopped Virtual Console Setup.
févr. 12 13:47:55 ordi systemd[1]: Stopping Virtual Console Setup...
févr. 12 13:47:55 ordi systemd[1]: Starting Virtual Console Setup...
févr. 12 13:47:55 ordi systemd[1]: Listening on Load/Save RF Kill Switch Status /dev/rfkill Watch.
févr. 12 13:47:55 ordi systemd-vconsole-setup[515]: All allocated VCs are currently busy, skipping initialization of font and keyboard settings.
févr. 12 13:47:55 ordi systemd[1]: Finished Virtual Console Setup.
févr. 12 13:47:55 ordi kernel: cfg80211: Loading compiled-in X.509 certificates for regulatory database
févr. 12 13:47:55 ordi kernel: Bluetooth: Core ver 2.22
févr. 12 13:47:55 ordi kernel: NET: Registered PF_BLUETOOTH protocol family
févr. 12 13:47:55 ordi kernel: Bluetooth: HCI device and connection manager initialized
févr. 12 13:47:55 ordi kernel: Bluetooth: HCI socket layer initialized
févr. 12 13:47:55 ordi kernel: Bluetooth: L2CAP socket layer initialized
févr. 12 13:47:55 ordi kernel: Bluetooth: SCO socket layer initialized
févr. 12 13:47:55 ordi kernel: RAPL PMU: API unit is 2^-32 Joules, 4 fixed counters, 655360 ms ovfl timer
févr. 12 13:47:55 ordi kernel: RAPL PMU: hw unit of domain pp0-core 2^-14 Joules
févr. 12 13:47:55 ordi kernel: RAPL PMU: hw unit of domain package 2^-14 Joules
févr. 12 13:47:55 ordi kernel: RAPL PMU: hw unit of domain dram 2^-14 Joules
févr. 12 13:47:55 ordi kernel: RAPL PMU: hw unit of domain pp1-gpu 2^-14 Joules
févr. 12 13:47:55 ordi kernel: iTCO_vendor_support: vendor-support=0
févr. 12 13:47:55 ordi kernel: Loaded X.509 cert 'sforshee: 00b28ddf47aef9cea7'
févr. 12 13:47:55 ordi kernel: Loaded X.509 cert 'wens: 61c038651aabdcf94bd0ac7ff06c7248db18c600'
févr. 12 13:47:55 ordi kernel: r8169 0000:02:00.1: can't disable ASPM; OS doesn't have ASPM control
févr. 12 13:47:55 ordi kernel: cryptd: max_cpu_qlen set to 1000
févr. 12 13:47:55 ordi kernel: iTCO_wdt iTCO_wdt: Found a Intel PCH TCO device (Version=4, TCOBASE=0x0400)
févr. 12 13:47:55 ordi kernel: iTCO_wdt iTCO_wdt: initialized. heartbeat=30 sec (nowayout=0)
févr. 12 13:47:55 ordi kernel: videodev: Linux video capture interface: v2.00
févr. 12 13:47:55 ordi kernel: r8169 0000:02:00.1 eth0: RTL8411b, 80:fa:5b:4a:71:9f, XID 5c8, IRQ 132
févr. 12 13:47:55 ordi kernel: r8169 0000:02:00.1 eth0: jumbo features [frames: 9194 bytes, tx checksumming: ko]
févr. 12 13:47:55 ordi kernel: r8169 0000:02:00.1 enp2s0f1: renamed from eth0
févr. 12 13:47:55 ordi kernel: Intel(R) Wireless WiFi driver for Linux
févr. 12 13:47:55 ordi kernel: iwlwifi 0000:03:00.0: enabling device (0000 -> 0002)
févr. 12 13:47:55 ordi kernel: iwlwifi 0000:03:00.0: Detected crf-id 0x0, cnv-id 0x0 wfpm id 0x0
févr. 12 13:47:55 ordi kernel: iwlwifi 0000:03:00.0: PCI dev 3165/4010, rev=0x210, rfid=0xd55555d5
févr. 12 13:47:55 ordi kernel: iwlwifi 0000:03:00.0: Detected Intel(R) Dual Band Wireless AC 3165
févr. 12 13:47:55 ordi kernel: iwlwifi 0000:03:00.0: Found debug destination: EXTERNAL_DRAM
févr. 12 13:47:55 ordi kernel: iwlwifi 0000:03:00.0: Found debug configuration: 0
févr. 12 13:47:55 ordi kernel: iwlwifi 0000:03:00.0: loaded firmware version 29.f2390aa8.0 7265D-29.ucode op_mode iwlmvm
févr. 12 13:47:55 ordi kernel: AES CTR mode by8 optimization enabled
févr. 12 13:47:55 ordi kernel: pps_core: LinuxPPS API ver. 1 registered
févr. 12 13:47:55 ordi kernel: pps_core: Software ver. 5.3.6 - Copyright 2005-2007 Rodolfo Giometti <giometti@linux.it>
févr. 12 13:47:55 ordi kernel: snd_hda_intel 0000:00:1f.3: enabling device (0000 -> 0002)
févr. 12 13:47:55 ordi kernel: PTP clock support registered
févr. 12 13:47:55 ordi kernel: snd_hda_intel 0000:00:1f.3: bound 0000:00:02.0 (ops i915_audio_component_bind_ops [i915])
févr. 12 13:47:55 ordi systemd[1]: Mounting /boot/efi...
févr. 12 13:47:55 ordi kernel: usb 1-2: Found UVC 1.00 device Chicony USB 2.0 Camera (04f2:b5b0)
févr. 12 13:47:55 ordi kernel: usbcore: registered new interface driver btusb
févr. 12 13:47:55 ordi systemd[1]: Mounting /home...
févr. 12 13:47:55 ordi systemd[1]: Mounting /tmp...
févr. 12 13:47:55 ordi kernel: usbcore: registered new interface driver uvcvideo
févr. 12 13:47:55 ordi systemd[1]: Mounting /var/cache...
févr. 12 13:47:55 ordi systemd[1]: Virtual Machine and Container Storage (Compatibility) was skipped because of an unmet condition check (ConditionPathExists=/var/lib/machines.raw).
févr. 12 13:47:55 ordi systemd[1]: Mounting /var/log...
févr. 12 13:47:55 ordi systemd[1]: Mounted /tmp.
févr. 12 13:47:55 ordi systemd[1]: Dispatch Password Requests to Console Directory Watch was skipped because of an unmet condition check (ConditionPathExists=!/run/plymouth/pid).
févr. 12 13:47:55 ordi systemd[1]: Starting Load Kernel Module dm_mod...
févr. 12 13:47:55 ordi systemd[1]: Starting Load Kernel Module loop...
févr. 12 13:47:55 ordi systemd[1]: Clear Stale Hibernate Storage Info was skipped because of an unmet condition check (ConditionPathExists=/sys/firmware/efi/efivars/HibernateLocation-8cf2644b-4b0b-428f-9387-6d876050dc67).
févr. 12 13:47:55 ordi systemd[1]: Rebuild Hardware Database was skipped because no trigger condition checks were met.
févr. 12 13:47:55 ordi systemd[1]: TPM PCR Machine ID Measurement was skipped because of an unmet condition check (ConditionSecurity=measured-uki).
févr. 12 13:47:55 ordi systemd[1]: Starting Load/Save RF Kill Switch Status...
févr. 12 13:47:55 ordi systemd[1]: Early TPM SRK Setup was skipped because of an unmet condition check (ConditionSecurity=measured-uki).
févr. 12 13:47:55 ordi systemd[1]: TPM SRK Setup was skipped because of an unmet condition check (ConditionSecurity=measured-uki).
févr. 12 13:47:55 ordi systemd[1]: modprobe@dm_mod.service: Deactivated successfully.
févr. 12 13:47:55 ordi systemd[1]: Finished Load Kernel Module dm_mod.
févr. 12 13:47:55 ordi systemd[1]: modprobe@loop.service: Deactivated successfully.
févr. 12 13:47:55 ordi systemd[1]: Finished Load Kernel Module loop.
févr. 12 13:47:55 ordi systemd[1]: Repartition Root Disk was skipped because no trigger condition checks were met.
févr. 12 13:47:55 ordi systemd[1]: Started Load/Save RF Kill Switch Status.
févr. 12 13:47:56 ordi kernel: Bluetooth: hci0: Legacy ROM 2.5 revision 1.0 build 3 week 17 2014
févr. 12 13:47:56 ordi kernel: Bluetooth: hci0: Intel Bluetooth firmware file: intel/ibt-hw-37.8.10-fw-1.10.3.11.e.bseq
févr. 12 13:47:56 ordi systemd[1]: Mounted /home.
févr. 12 13:47:56 ordi systemd[1]: Mounted /var/cache.
févr. 12 13:47:56 ordi systemd[1]: Mounted /var/log.
févr. 12 13:47:56 ordi systemd[1]: Starting Flush Journal to Persistent Storage...
févr. 12 13:47:56 ordi kernel: snd_hda_codec_realtek hdaudioC0D0: autoconfig for ALC269VC: line_outs=1 (0x14/0x0/0x0/0x0/0x0) type:speaker
févr. 12 13:47:56 ordi kernel: snd_hda_codec_realtek hdaudioC0D0:    speaker_outs=0 (0x0/0x0/0x0/0x0/0x0)
févr. 12 13:47:56 ordi kernel: snd_hda_codec_realtek hdaudioC0D0:    hp_outs=1 (0x15/0x0/0x0/0x0/0x0)
févr. 12 13:47:56 ordi kernel: snd_hda_codec_realtek hdaudioC0D0:    mono: mono_out=0x0
févr. 12 13:47:56 ordi kernel: snd_hda_codec_realtek hdaudioC0D0:    inputs:
févr. 12 13:47:56 ordi kernel: snd_hda_codec_realtek hdaudioC0D0:      Mic=0x18
févr. 12 13:47:56 ordi kernel: snd_hda_codec_realtek hdaudioC0D0:      Internal Mic=0x12
févr. 12 13:47:56 ordi systemd-journald[295]: Time spent on flushing to /var/log/journal/e747f86e70c548248c0d24fd21f17975 is 13.770ms for 983 entries.
févr. 12 13:47:56 ordi systemd-journald[295]: System Journal (/var/log/journal/e747f86e70c548248c0d24fd21f17975) is 530.8M, max 4G, 3.4G free.
févr. 12 13:47:56 ordi systemd-journald[295]: Received client request to flush runtime journal.
févr. 12 13:47:56 ordi systemd-journald[295]: File /var/log/journal/e747f86e70c548248c0d24fd21f17975/system.journal corrupted or uncleanly shut down, renaming and replacing.
févr. 12 13:47:56 ordi kernel: kvm: unknown parameter 'enable_virt_at_load' ignored
févr. 12 13:47:56 ordi kernel: input: HDA Intel PCH Mic as /devices/pci0000:00/0000:00:1f.3/sound/card0/input14
févr. 12 13:47:56 ordi kernel: input: HDA Intel PCH Front Headphone as /devices/pci0000:00/0000:00:1f.3/sound/card0/input15
févr. 12 13:47:56 ordi kernel: input: HDA Intel PCH HDMI/DP,pcm=3 as /devices/pci0000:00/0000:00:1f.3/sound/card0/input16
févr. 12 13:47:56 ordi kernel: input: HDA Intel PCH HDMI/DP,pcm=7 as /devices/pci0000:00/0000:00:1f.3/sound/card0/input17
févr. 12 13:47:56 ordi kernel: input: HDA Intel PCH HDMI/DP,pcm=8 as /devices/pci0000:00/0000:00:1f.3/sound/card0/input18
févr. 12 13:47:56 ordi systemd[1]: Mounted /boot/efi.
févr. 12 13:47:56 ordi systemd[1]: Reached target Local File Systems.
févr. 12 13:47:56 ordi systemd[1]: Listening on Boot Entries Service Socket.
févr. 12 13:47:56 ordi systemd[1]: Listening on System Extension Image Management.
févr. 12 13:47:56 ordi systemd[1]: Starting Rebuild Dynamic Linker Cache...
févr. 12 13:47:56 ordi systemd[1]: Starting Tell Plymouth To Write Out Runtime Data...
févr. 12 13:47:56 ordi systemd[1]: Set Up Additional Binary Formats was skipped because no trigger condition checks were met.
févr. 12 13:47:56 ordi systemd[1]: Update Boot Loader Random Seed was skipped because no trigger condition checks were met.
févr. 12 13:47:56 ordi systemd[1]: Received SIGRTMIN+20 from PID 200 (plymouthd).
févr. 12 13:47:56 ordi systemd[1]: Finished Tell Plymouth To Write Out Runtime Data.
févr. 12 13:47:56 ordi systemd[1]: Finished Flush Journal to Persistent Storage.
févr. 12 13:47:56 ordi kernel: iwlwifi 0000:03:00.0: Applying debug destination EXTERNAL_DRAM
févr. 12 13:47:56 ordi kernel: iwlwifi 0000:03:00.0: Allocated 0x00400000 bytes for firmware monitor.
févr. 12 13:47:56 ordi systemd[1]: Starting Create System Files and Directories...
févr. 12 13:47:56 ordi kernel: iwlwifi 0000:03:00.0: base HW address: cc:2f:71:54:47:8c, OTP minor version: 0x0
févr. 12 13:47:56 ordi systemd[1]: Dispatch Password Requests to Console Directory Watch was skipped because of an unmet condition check (ConditionPathExists=!/run/plymouth/pid).
févr. 12 13:47:56 ordi systemd[1]: Starting Load Kernel Module dm_mod...
févr. 12 13:47:56 ordi systemd[1]: Starting Load Kernel Module loop...
févr. 12 13:47:56 ordi systemd[1]: Set Up Additional Binary Formats was skipped because no trigger condition checks were met.
févr. 12 13:47:56 ordi systemd[1]: Update Boot Loader Random Seed was skipped because no trigger condition checks were met.
févr. 12 13:47:56 ordi systemd[1]: Clear Stale Hibernate Storage Info was skipped because of an unmet condition check (ConditionPathExists=/sys/firmware/efi/efivars/HibernateLocation-8cf2644b-4b0b-428f-9387-6d876050dc67).
févr. 12 13:47:56 ordi systemd[1]: Rebuild Hardware Database was skipped because no trigger condition checks were met.
févr. 12 13:47:56 ordi systemd[1]: TPM PCR Machine ID Measurement was skipped because of an unmet condition check (ConditionSecurity=measured-uki).
févr. 12 13:47:56 ordi systemd[1]: Early TPM SRK Setup was skipped because of an unmet condition check (ConditionSecurity=measured-uki).
févr. 12 13:47:56 ordi systemd[1]: TPM SRK Setup was skipped because of an unmet condition check (ConditionSecurity=measured-uki).
févr. 12 13:47:56 ordi systemd[1]: modprobe@dm_mod.service: Deactivated successfully.
févr. 12 13:47:56 ordi systemd[1]: Finished Load Kernel Module dm_mod.
févr. 12 13:47:56 ordi systemd[1]: modprobe@loop.service: Deactivated successfully.
févr. 12 13:47:56 ordi systemd[1]: Finished Load Kernel Module loop.
févr. 12 13:47:56 ordi systemd[1]: Repartition Root Disk was skipped because no trigger condition checks were met.
févr. 12 13:47:56 ordi kernel: intel_tcc_cooling: Programmable TCC Offset detected
févr. 12 13:47:56 ordi kernel: ieee80211 phy0: Selected rate control algorithm 'iwl-mvm-rs'
févr. 12 13:47:56 ordi kernel: psmouse serio2: synaptics: queried max coordinates: x [..5672], y [..4722]
févr. 12 13:47:56 ordi kernel: iwlwifi 0000:03:00.0 wlp3s0: renamed from wlan0
févr. 12 13:47:56 ordi kernel: psmouse serio2: synaptics: queried min coordinates: x [1380..], y [1192..]
févr. 12 13:47:56 ordi kernel: psmouse serio2: synaptics: Your touchpad (PNP: SYN1213 PNP0f13) says it can support a different bus. If i2c-hid and hid-rmi are not used, you might want to try setting psmouse.synaptics_intertouch to 1 and report this to linux-input@vger.kernel.org.
févr. 12 13:47:56 ordi kernel: intel_rapl_common: Found RAPL domain package
févr. 12 13:47:56 ordi kernel: intel_rapl_common: Found RAPL domain core
févr. 12 13:47:56 ordi kernel: intel_rapl_common: Found RAPL domain uncore
févr. 12 13:47:56 ordi kernel: intel_rapl_common: Found RAPL domain dram
févr. 12 13:47:56 ordi kernel: Bluetooth: hci0: Intel BT fw patch 0x32 completed & activated
févr. 12 13:47:56 ordi kernel: psmouse serio2: synaptics: Touchpad model: 1, fw: 8.1, id: 0x1e2b1, caps: 0xd00123/0x840300/0x126800/0x0, board id: 2942, fw id: 1524475
févr. 12 13:47:56 ordi kernel: input: SynPS/2 Synaptics TouchPad as /devices/platform/i8042/serio2/input/input13
févr. 12 13:47:56 ordi systemd[1]: Finished Create System Files and Directories.
févr. 12 13:47:56 ordi systemd[1]: First Boot Wizard was skipped because of an unmet condition check (ConditionFirstBoot=yes).
févr. 12 13:47:56 ordi systemd[1]: First Boot Complete was skipped because of an unmet condition check (ConditionFirstBoot=yes).
févr. 12 13:47:56 ordi systemd[1]: Starting Rebuild Journal Catalog...
févr. 12 13:47:56 ordi systemd[1]: Save Transient machine-id to Disk was skipped because of an unmet condition check (ConditionPathIsMountPoint=/etc/machine-id).
févr. 12 13:47:56 ordi systemd[1]: Starting Network Time Synchronization...
févr. 12 13:47:56 ordi systemd[1]: Starting Record System Boot/Shutdown in UTMP...
févr. 12 13:47:56 ordi systemd[1]: Finished Record System Boot/Shutdown in UTMP.
févr. 12 13:47:56 ordi systemd[1]: Finished Rebuild Journal Catalog.
févr. 12 13:47:56 ordi systemd[1]: Finished Rebuild Dynamic Linker Cache.
févr. 12 13:47:56 ordi systemd[1]: Starting Update is Completed...
févr. 12 13:47:56 ordi systemd[1]: Finished Update is Completed.
févr. 12 13:47:56 ordi systemd[1]: Started Network Time Synchronization.
févr. 12 13:47:56 ordi systemd[1]: Reached target System Initialization.
févr. 12 13:47:56 ordi systemd[1]: Started CUPS Scheduler.
févr. 12 13:47:56 ordi systemd[1]: Started Daily Cleanup of Temporary Directories.
févr. 12 13:47:56 ordi systemd[1]: Reached target Path Units.
févr. 12 13:47:56 ordi systemd[1]: Reached target System Time Set.
févr. 12 13:47:56 ordi systemd[1]: Started Refresh existing PGP keys of archlinux-keyring regularly.
févr. 12 13:47:56 ordi systemd[1]: Started Discard unused filesystem blocks once a week.
févr. 12 13:47:56 ordi systemd[1]: Started Daily rotation of log files.
févr. 12 13:47:56 ordi systemd[1]: Started Daily man-db regeneration.
févr. 12 13:47:56 ordi systemd[1]: Started Monthly clean packages cache.
févr. 12 13:47:56 ordi systemd[1]: Started Generate mirrorlist weekly.
févr. 12 13:47:56 ordi systemd[1]: Started Daily verification of password and group files.
févr. 12 13:47:56 ordi systemd[1]: Reached target Timer Units.
févr. 12 13:47:56 ordi systemd[1]: Listening on CUPS Scheduler.
févr. 12 13:47:56 ordi systemd[1]: Listening on D-Bus System Message Bus Socket.
févr. 12 13:47:56 ordi systemd[1]: Listening on GnuPG network certificate management daemon for /etc/pacman.d/gnupg.
févr. 12 13:47:56 ordi systemd[1]: Starting Docker Socket for the API...
févr. 12 13:47:56 ordi systemd[1]: Listening on GnuPG cryptographic agent and passphrase cache (access for web browsers) for /etc/pacman.d/gnupg.
févr. 12 13:47:56 ordi systemd[1]: Listening on GnuPG cryptographic agent and passphrase cache (restricted) for /etc/pacman.d/gnupg.
févr. 12 13:47:56 ordi systemd[1]: Listening on GnuPG cryptographic agent (ssh-agent emulation) for /etc/pacman.d/gnupg.
févr. 12 13:47:56 ordi systemd[1]: Listening on GnuPG cryptographic agent and passphrase cache for /etc/pacman.d/gnupg.
févr. 12 13:47:56 ordi systemd[1]: Listening on GnuPG public key management service for /etc/pacman.d/gnupg.
févr. 12 13:47:56 ordi systemd[1]: Listening on OpenSSH Server Socket (systemd-ssh-generator, AF_UNIX Local).
févr. 12 13:47:56 ordi systemd[1]: Listening on Hostname Service Socket.
févr. 12 13:47:56 ordi systemd[1]: Starting D-Bus System Message Bus...
févr. 12 13:47:56 ordi systemd[1]: TPM PCR Barrier (Initialization) was skipped because of an unmet condition check (ConditionSecurity=measured-uki).
févr. 12 13:47:56 ordi systemd[1]: Listening on Docker Socket for the API.
févr. 12 13:47:56 ordi systemd[1]: Reached target Socket Units.
févr. 12 13:47:56 ordi systemd[1]: Started D-Bus System Message Bus.
févr. 12 13:47:56 ordi systemd[1]: Reached target Basic System.
févr. 12 13:47:56 ordi systemd[1]: Starting Network Manager...
févr. 12 13:47:56 ordi systemd[1]: Starting Save/Restore Sound Card State...
févr. 12 13:47:56 ordi systemd[1]: Manage Sound Card State (restore and store) was skipped because of an unmet condition check (ConditionPathExists=/etc/alsa/state-daemon.conf).
févr. 12 13:47:56 ordi systemd[1]: Starting Bluetooth service...
févr. 12 13:47:56 ordi systemd[1]: Starting Authorization Manager...
févr. 12 13:47:56 ordi systemd[1]: Starting User Login Management...
févr. 12 13:47:56 ordi systemd[1]: TPM PCR Barrier (User) was skipped because of an unmet condition check (ConditionSecurity=measured-uki).
févr. 12 13:47:57 ordi dbus-broker-launch[592]: Ready
févr. 12 13:47:57 ordi systemd[1]: Finished Save/Restore Sound Card State.
févr. 12 13:47:57 ordi systemd[1]: Reached target Sound Card.
févr. 12 13:47:57 ordi NetworkManager[594]: <info>  [1739364477.0844] NetworkManager (version 1.50.0-1) is starting... (boot:f71cd721-d09d-4d76-93e3-27ba1c796b1b)
févr. 12 13:47:57 ordi NetworkManager[594]: <info>  [1739364477.0845] Read config: /etc/NetworkManager/NetworkManager.conf (lib: 20-connectivity.conf)
févr. 12 13:47:57 ordi NetworkManager[594]: <info>  [1739364477.0958] manager[0x5776228fa5f0]: monitoring kernel firmware directory '/lib/firmware'.
févr. 12 13:47:57 ordi bluetoothd[596]: Bluetooth daemon 5.79
févr. 12 13:47:57 ordi bluetoothd[596]: Starting SDP server
févr. 12 13:47:57 ordi systemd[1]: Starting Hostname Service...
févr. 12 13:47:57 ordi systemd[1]: Started Bluetooth service.
févr. 12 13:47:57 ordi systemd[1]: Reached target Bluetooth Support.
févr. 12 13:47:57 ordi bluetoothd[596]: src/plugin.c:init_plugin() System does not support bap plugin
févr. 12 13:47:57 ordi bluetoothd[596]: src/plugin.c:init_plugin() System does not support bass plugin
févr. 12 13:47:57 ordi bluetoothd[596]: src/plugin.c:init_plugin() System does not support mcp plugin
févr. 12 13:47:57 ordi bluetoothd[596]: src/plugin.c:init_plugin() System does not support vcp plugin
févr. 12 13:47:57 ordi bluetoothd[596]: profiles/audio/micp.c:micp_init() D-Bus experimental not enabled
févr. 12 13:47:57 ordi bluetoothd[596]: src/plugin.c:init_plugin() System does not support micp plugin
févr. 12 13:47:57 ordi bluetoothd[596]: src/plugin.c:init_plugin() System does not support ccp plugin
févr. 12 13:47:57 ordi bluetoothd[596]: src/plugin.c:init_plugin() System does not support csip plugin
févr. 12 13:47:57 ordi bluetoothd[596]: src/plugin.c:init_plugin() System does not support asha plugin
févr. 12 13:47:57 ordi bluetoothd[596]: Bluetooth management interface 1.23 initialized
févr. 12 13:47:57 ordi bluetoothd[596]: Battery Provider Manager created
févr. 12 13:47:57 ordi kernel: Bluetooth: BNEP (Ethernet Emulation) ver 1.3
févr. 12 13:47:57 ordi kernel: Bluetooth: BNEP filters: protocol multicast
févr. 12 13:47:57 ordi kernel: Bluetooth: BNEP socket layer initialized
févr. 12 13:47:57 ordi kernel: Bluetooth: MGMT ver 1.23
févr. 12 13:47:57 ordi systemd-logind[598]: New seat seat0.
févr. 12 13:47:57 ordi systemd-logind[598]: Watching system buttons on /dev/input/event3 (Power Button)
févr. 12 13:47:57 ordi kernel: NET: Registered PF_ALG protocol family
févr. 12 13:47:57 ordi systemd-logind[598]: Watching system buttons on /dev/input/event0 (Power Button)
févr. 12 13:47:57 ordi systemd-logind[598]: Watching system buttons on /dev/input/event2 (Lid Switch)
févr. 12 13:47:57 ordi systemd-logind[598]: Watching system buttons on /dev/input/event1 (Sleep Button)
févr. 12 13:47:57 ordi systemd-logind[598]: Watching system buttons on /dev/input/event4 (AT Translated Set 2 keyboard)
févr. 12 13:47:57 ordi systemd[1]: Started User Login Management.
févr. 12 13:47:57 ordi polkitd[597]: Started polkitd version 125
févr. 12 13:47:57 ordi systemd[1]: Started Authorization Manager.
févr. 12 13:47:57 ordi systemd[1]: Starting Modem Manager...
