###### dmesg
[    0.000000] Linux version 6.10.6-arch1-1 (linux@archlinux) (gcc (GCC) 14.2.1 20240805, GNU ld (GNU Binutils) 2.43.0) #1 SMP PREEMPT_DYNAMIC Mon, 19 Aug 2024 17:02:39 +0000
[    0.000000] Command line: initrd=\initramfs-linux.img root=PARTUUID=4cf8d353-e858-4dfe-9ec1-a114f257324d zswap.enabled=0 rootflags=subvol=@ rw rootfstype=btrfs
[    0.000000] BIOS-provided physical RAM map:
[    0.000000] BIOS-e820: [mem 0x0000000000000000-0x0000000000000fff] reserved
[    0.000000] BIOS-e820: [mem 0x0000000000001000-0x0000000000001fff] usable
[    0.000000] BIOS-e820: [mem 0x0000000000002000-0x000000000000bfff] reserved
[    0.000000] BIOS-e820: [mem 0x000000000000c000-0x000000000003efff] usable
[    0.000000] BIOS-e820: [mem 0x000000000003f000-0x0000000000086fff] reserved
[    0.000000] BIOS-e820: [mem 0x0000000000087000-0x000000000008afff] usable
[    0.000000] BIOS-e820: [mem 0x000000000008b000-0x000000000009ffff] reserved
[    0.000000] BIOS-e820: [mem 0x00000000000e0000-0x000000000010ffff] reserved
[    0.000000] BIOS-e820: [mem 0x0000000000110000-0x0000000009bfffff] usable
[    0.000000] BIOS-e820: [mem 0x0000000009c00000-0x0000000009cd0fff] reserved
[    0.000000] BIOS-e820: [mem 0x0000000009cd1000-0x0000000009efffff] usable
[    0.000000] BIOS-e820: [mem 0x0000000009f00000-0x0000000009f0afff] ACPI NVS
[    0.000000] BIOS-e820: [mem 0x0000000009f0b000-0x00000000ba1f6fff] usable
[    0.000000] BIOS-e820: [mem 0x00000000ba1f7000-0x00000000bd660fff] reserved
[    0.000000] BIOS-e820: [mem 0x00000000bd661000-0x00000000bd7f9fff] ACPI NVS
[    0.000000] BIOS-e820: [mem 0x00000000bd7fa000-0x00000000bd7fdfff] ACPI data
[    0.000000] BIOS-e820: [mem 0x00000000bd7fe000-0x00000000beffffff] usable
[    0.000000] BIOS-e820: [mem 0x00000000bf000000-0x00000000bfffffff] reserved
[    0.000000] BIOS-e820: [mem 0x00000000fd200000-0x00000000fd2fffff] reserved
[    0.000000] BIOS-e820: [mem 0x00000000fed80000-0x00000000fed80fff] reserved
[    0.000000] BIOS-e820: [mem 0x0000000100000000-0x00000001beffffff] usable
[    0.000000] NX (Execute Disable) protection: active
[    0.000000] APIC: Static calls initialized
[    0.000000] e820: update [mem 0xaa71f018-0xaa72f057] usable ==> usable
[    0.000000] e820: update [mem 0xaa711018-0xaa71e457] usable ==> usable
[    0.000000] extended physical RAM map:
[    0.000000] reserve setup_data: [mem 0x0000000000000000-0x0000000000000fff] reserved
[    0.000000] reserve setup_data: [mem 0x0000000000001000-0x0000000000001fff] usable
[    0.000000] reserve setup_data: [mem 0x0000000000002000-0x000000000000bfff] reserved
[    0.000000] reserve setup_data: [mem 0x000000000000c000-0x000000000003efff] usable
[    0.000000] reserve setup_data: [mem 0x000000000003f000-0x0000000000086fff] reserved
[    0.000000] reserve setup_data: [mem 0x0000000000087000-0x000000000008afff] usable
[    0.000000] reserve setup_data: [mem 0x000000000008b000-0x000000000009ffff] reserved
[    0.000000] reserve setup_data: [mem 0x00000000000e0000-0x000000000010ffff] reserved
[    0.000000] reserve setup_data: [mem 0x0000000000110000-0x0000000009bfffff] usable
[    0.000000] reserve setup_data: [mem 0x0000000009c00000-0x0000000009cd0fff] reserved
[    0.000000] reserve setup_data: [mem 0x0000000009cd1000-0x0000000009efffff] usable
[    0.000000] reserve setup_data: [mem 0x0000000009f00000-0x0000000009f0afff] ACPI NVS
[    0.000000] reserve setup_data: [mem 0x0000000009f0b000-0x00000000aa711017] usable
[    0.000000] reserve setup_data: [mem 0x00000000aa711018-0x00000000aa71e457] usable
[    0.000000] reserve setup_data: [mem 0x00000000aa71e458-0x00000000aa71f017] usable
[    0.000000] reserve setup_data: [mem 0x00000000aa71f018-0x00000000aa72f057] usable
[    0.000000] reserve setup_data: [mem 0x00000000aa72f058-0x00000000ba1f6fff] usable
[    0.000000] reserve setup_data: [mem 0x00000000ba1f7000-0x00000000bd660fff] reserved
[    0.000000] reserve setup_data: [mem 0x00000000bd661000-0x00000000bd7f9fff] ACPI NVS
[    0.000000] reserve setup_data: [mem 0x00000000bd7fa000-0x00000000bd7fdfff] ACPI data
[    0.000000] reserve setup_data: [mem 0x00000000bd7fe000-0x00000000beffffff] usable
[    0.000000] reserve setup_data: [mem 0x00000000bf000000-0x00000000bfffffff] reserved
[    0.000000] reserve setup_data: [mem 0x00000000fd200000-0x00000000fd2fffff] reserved
[    0.000000] reserve setup_data: [mem 0x00000000fed80000-0x00000000fed80fff] reserved
[    0.000000] reserve setup_data: [mem 0x0000000100000000-0x00000001beffffff] usable
[    0.000000] efi: EFI v2.7 by Lenovo
[    0.000000] efi: ACPI=0xbd7fd000 ACPI 2.0=0xbd7fd014 TPMFinalLog=0xbd6a7000 SMBIOS=0xbc00f000 SMBIOS 3.0=0xbc002000 MEMATTR=0xb7d39018 ESRT=0xba6ca000 RNG=0xbd7fcf18 INITRD=0xac9f8218 TPMEventLog=0xaa730018 
[    0.000000] random: crng init done
[    0.000000] efi: Remove mem54: MMIO range=[0xfd200000-0xfd2fffff] (1MB) from e820 map
[    0.000000] e820: remove [mem 0xfd200000-0xfd2fffff] reserved
[    0.000000] efi: Not removing mem55: MMIO range=[0xfed80000-0xfed80fff] (4KB) from e820 map
[    0.000000] SMBIOS 3.1.1 present.
[    0.000000] DMI: LENOVO 20NMS0C901/20NMS0C901, BIOS R13ET54W(1.28 ) 01/12/2023
[    0.000000] DMI: Memory slots populated: 2/2
[    0.000000] tsc: Fast TSC calibration using PIT
[    0.000000] tsc: Detected 2095.960 MHz processor
[    0.000623] e820: update [mem 0x00000000-0x00000fff] usable ==> reserved
[    0.000626] e820: remove [mem 0x000a0000-0x000fffff] usable
[    0.000636] last_pfn = 0x1bf000 max_arch_pfn = 0x400000000
[    0.000644] MTRR map: 7 entries (3 fixed + 4 variable; max 20), built from 9 variable MTRRs
[    0.000647] x86/PAT: Configuration [0-7]: WB  WC  UC- UC  WB  WP  UC- WT  
[    0.000958] last_pfn = 0xbf000 max_arch_pfn = 0x400000000
[    0.005336] esrt: Reserving ESRT space from 0x00000000ba6ca000 to 0x00000000ba6ca0b0.
[    0.005345] Using GB pages for direct mapping
[    0.006044] Secure boot disabled
[    0.006045] RAMDISK: [mem 0xa6a18000-0xa8cd6fff]
[    0.006237] ACPI: Early table checksum verification disabled
[    0.006241] ACPI: RSDP 0x00000000BD7FD014 000024 (v02 LENOVO)
[    0.006245] ACPI: XSDT 0x00000000BD7FB188 0000E4 (v01 LENOVO TP-R13   000011C0 PTEC 00000002)
[    0.006251] ACPI: FACP 0x00000000BA6EC000 00010C (v05 LENOVO TP-R13   000011C0 PTEC 00000002)
[    0.006257] ACPI: DSDT 0x00000000BA6D9000 00DAB3 (v01 LENOVO TP-R13   000011C0 INTL 20120711)
[    0.006260] ACPI: FACS 0x00000000BD696000 000040
[    0.006263] ACPI: SSDT 0x00000000BC03B000 000D2D (v01 LENOVO UsbCTabl 00000001 INTL 20120711)
[    0.006266] ACPI: SSDT 0x00000000BC035000 005419 (v02 LENOVO TP-R13   00000002 MSFT 02000002)
[    0.006269] ACPI: SSDT 0x00000000BBFE3000 000651 (v02 LENOVO Tpm2Tabl 00001000 INTL 20120711)
[    0.006272] ACPI: TPM2 0x00000000BBFE2000 000034 (v03 LENOVO TP-R13   000011C0 PTEC 00000002)
[    0.006275] ACPI: SSDT 0x00000000BBFE1000 000924 (v01 LENOVO WmiTable 00000001 INTL 20120711)
[    0.006278] ACPI: MSDM 0x00000000BBAD1000 000055 (v03 LENOVO TP-R13   000011C0 PTEC 00000002)
[    0.006281] ACPI: SLIC 0x00000000BB8F4000 000176 (v01 LENOVO TP-R13   000011C0 PTEC 00000002)
[    0.006284] ACPI: BATB 0x00000000BB8F3000 00004A (v02 LENOVO TP-R13   000011C0 PTEC 00000002)
[    0.006287] ACPI: HPET 0x00000000BA6EB000 000038 (v01 LENOVO TP-R13   000011C0 PTEC 00000002)
[    0.006290] ACPI: APIC 0x00000000BA6EA000 000138 (v02 LENOVO TP-R13   000011C0 PTEC 00000002)
[    0.006293] ACPI: MCFG 0x00000000BA6E9000 00003C (v01 LENOVO TP-R13   000011C0 PTEC 00000002)
[    0.006296] ACPI: SBST 0x00000000BA6E8000 000030 (v01 LENOVO TP-R13   000011C0 PTEC 00000002)
[    0.006299] ACPI: WSMT 0x00000000BA6E7000 000028 (v01 LENOVO TP-R13   000011C0 PTEC 00000002)
[    0.006302] ACPI: IVRS 0x00000000BA6D8000 00013E (v02 LENOVO TP-R13   000011C0 PTEC 00000002)
[    0.006305] ACPI: SSDT 0x00000000BA6D6000 00119C (v01 LENOVO TP-R13   00000001 AMD  00000001)
[    0.006308] ACPI: CRAT 0x00000000BA6D5000 000810 (v01 LENOVO TP-R13   000011C0 PTEC 00000002)
[    0.006311] ACPI: CDIT 0x00000000BA6D4000 000029 (v01 LENOVO TP-R13   000011C0 PTEC 00000002)
[    0.006313] ACPI: FPDT 0x00000000BA6D3000 000034 (v01 LENOVO TP-R13   000011C0 PTEC 00000002)
[    0.006316] ACPI: SSDT 0x00000000BA6CD000 000CA3 (v01 LENOVO TP-R13   00000001 INTL 20120711)
[    0.006319] ACPI: SSDT 0x00000000BA6CB000 00112D (v01 LENOVO TP-R13   00000001 INTL 20120711)
[    0.006322] ACPI: SSDT 0x00000000BA6C7000 0025CD (v01 LENOVO TP-R13   00000001 INTL 20120711)
[    0.006325] ACPI: UEFI 0x00000000BD695000 00012A (v01 LENOVO TP-R13   000011C0 PTEC 00000002)
[    0.006328] ACPI: SSDT 0x00000000BA6D2000 00036B (v01 LENOVO TP-R13   00000001 INTL 20120711)
[    0.006330] ACPI: Reserving FACP table memory at [mem 0xba6ec000-0xba6ec10b]
[    0.006332] ACPI: Reserving DSDT table memory at [mem 0xba6d9000-0xba6e6ab2]
[    0.006333] ACPI: Reserving FACS table memory at [mem 0xbd696000-0xbd69603f]
[    0.006334] ACPI: Reserving SSDT table memory at [mem 0xbc03b000-0xbc03bd2c]
[    0.006335] ACPI: Reserving SSDT table memory at [mem 0xbc035000-0xbc03a418]
[    0.006336] ACPI: Reserving SSDT table memory at [mem 0xbbfe3000-0xbbfe3650]
[    0.006337] ACPI: Reserving TPM2 table memory at [mem 0xbbfe2000-0xbbfe2033]
[    0.006338] ACPI: Reserving SSDT table memory at [mem 0xbbfe1000-0xbbfe1923]
[    0.006339] ACPI: Reserving MSDM table memory at [mem 0xbbad1000-0xbbad1054]
[    0.006340] ACPI: Reserving SLIC table memory at [mem 0xbb8f4000-0xbb8f4175]
[    0.006340] ACPI: Reserving BATB table memory at [mem 0xbb8f3000-0xbb8f3049]
[    0.006341] ACPI: Reserving HPET table memory at [mem 0xba6eb000-0xba6eb037]
[    0.006342] ACPI: Reserving APIC table memory at [mem 0xba6ea000-0xba6ea137]
[    0.006343] ACPI: Reserving MCFG table memory at [mem 0xba6e9000-0xba6e903b]
[    0.006344] ACPI: Reserving SBST table memory at [mem 0xba6e8000-0xba6e802f]
[    0.006345] ACPI: Reserving WSMT table memory at [mem 0xba6e7000-0xba6e7027]
[    0.006346] ACPI: Reserving IVRS table memory at [mem 0xba6d8000-0xba6d813d]
[    0.006347] ACPI: Reserving SSDT table memory at [mem 0xba6d6000-0xba6d719b]
[    0.006348] ACPI: Reserving CRAT table memory at [mem 0xba6d5000-0xba6d580f]
[    0.006348] ACPI: Reserving CDIT table memory at [mem 0xba6d4000-0xba6d4028]
[    0.006349] ACPI: Reserving FPDT table memory at [mem 0xba6d3000-0xba6d3033]
[    0.006350] ACPI: Reserving SSDT table memory at [mem 0xba6cd000-0xba6cdca2]
[    0.006351] ACPI: Reserving SSDT table memory at [mem 0xba6cb000-0xba6cc12c]
[    0.006352] ACPI: Reserving SSDT table memory at [mem 0xba6c7000-0xba6c95cc]
[    0.006353] ACPI: Reserving UEFI table memory at [mem 0xbd695000-0xbd695129]
[    0.006354] ACPI: Reserving SSDT table memory at [mem 0xba6d2000-0xba6d236a]
[    0.006420] No NUMA configuration found
[    0.006421] Faking a node at [mem 0x0000000000000000-0x00000001beffffff]
[    0.006425] NODE_DATA(0) allocated [mem 0x1beffb000-0x1beffffff]
[    0.006452] Zone ranges:
[    0.006452]   DMA      [mem 0x0000000000001000-0x0000000000ffffff]
[    0.006454]   DMA32    [mem 0x0000000001000000-0x00000000ffffffff]
[    0.006456]   Normal   [mem 0x0000000100000000-0x00000001beffffff]
[    0.006457]   Device   empty
[    0.006458] Movable zone start for each node
[    0.006459] Early memory node ranges
[    0.006459]   node   0: [mem 0x0000000000001000-0x0000000000001fff]
[    0.006461]   node   0: [mem 0x000000000000c000-0x000000000003efff]
[    0.006462]   node   0: [mem 0x0000000000087000-0x000000000008afff]
[    0.006463]   node   0: [mem 0x0000000000110000-0x0000000009bfffff]
[    0.006464]   node   0: [mem 0x0000000009cd1000-0x0000000009efffff]
[    0.006465]   node   0: [mem 0x0000000009f0b000-0x00000000ba1f6fff]
[    0.006466]   node   0: [mem 0x00000000bd7fe000-0x00000000beffffff]
[    0.006467]   node   0: [mem 0x0000000100000000-0x00000001beffffff]
[    0.006469] Initmem setup node 0 [mem 0x0000000000001000-0x00000001beffffff]
[    0.006473] On node 0, zone DMA: 1 pages in unavailable ranges
[    0.006476] On node 0, zone DMA: 10 pages in unavailable ranges
[    0.006478] On node 0, zone DMA: 72 pages in unavailable ranges
[    0.006503] On node 0, zone DMA: 133 pages in unavailable ranges
[    0.006727] On node 0, zone DMA32: 209 pages in unavailable ranges
[    0.013875] On node 0, zone DMA32: 11 pages in unavailable ranges
[    0.014111] On node 0, zone DMA32: 13831 pages in unavailable ranges
[    0.022032] On node 0, zone Normal: 4096 pages in unavailable ranges
[    0.022084] On node 0, zone Normal: 4096 pages in unavailable ranges
[    0.022228] ACPI: PM-Timer IO Port: 0x408
[    0.022237] CPU topo: Ignoring hot-pluggable APIC ID 8 in present package.
[    0.022241] ACPI: LAPIC_NMI (acpi_id[0x00] high edge lint[0x1])
[    0.022243] ACPI: LAPIC_NMI (acpi_id[0x01] high edge lint[0x1])
[    0.022244] ACPI: LAPIC_NMI (acpi_id[0x02] high edge lint[0x1])
[    0.022245] ACPI: LAPIC_NMI (acpi_id[0x03] high edge lint[0x1])
[    0.022246] ACPI: LAPIC_NMI (acpi_id[0x04] high edge lint[0x1])
[    0.022247] ACPI: LAPIC_NMI (acpi_id[0x05] high edge lint[0x1])
[    0.022248] ACPI: LAPIC_NMI (acpi_id[0x06] high edge lint[0x1])
[    0.022249] ACPI: LAPIC_NMI (acpi_id[0x07] high edge lint[0x1])
[    0.022250] ACPI: LAPIC_NMI (acpi_id[0x08] high edge lint[0x1])
[    0.022250] ACPI: LAPIC_NMI (acpi_id[0x09] high edge lint[0x1])
[    0.022251] ACPI: LAPIC_NMI (acpi_id[0x0a] high edge lint[0x1])
[    0.022252] ACPI: LAPIC_NMI (acpi_id[0x0b] high edge lint[0x1])
[    0.022253] ACPI: LAPIC_NMI (acpi_id[0x0c] high edge lint[0x1])
[    0.022254] ACPI: LAPIC_NMI (acpi_id[0x0d] high edge lint[0x1])
[    0.022255] ACPI: LAPIC_NMI (acpi_id[0x0e] high edge lint[0x1])
[    0.022255] ACPI: LAPIC_NMI (acpi_id[0x0f] high edge lint[0x1])
[    0.022275] IOAPIC[0]: apic_id 32, version 33, address 0xfec00000, GSI 0-23
[    0.022283] IOAPIC[1]: apic_id 33, version 33, address 0xfec01000, GSI 24-55
[    0.022286] ACPI: INT_SRC_OVR (bus 0 bus_irq 0 global_irq 2 dfl dfl)
[    0.022287] ACPI: INT_SRC_OVR (bus 0 bus_irq 9 global_irq 9 low level)
[    0.022292] ACPI: Using ACPI (MADT) for SMP configuration information
[    0.022293] ACPI: HPET id: 0x43538210 base: 0xfed00000
[    0.022303] CPU topo: Max. logical packages:   1
[    0.022303] CPU topo: Max. logical dies:       1
[    0.022304] CPU topo: Max. dies per package:   1
[    0.022309] CPU topo: Max. threads per core:   2
[    0.022310] CPU topo: Num. cores per package:     4
[    0.022310] CPU topo: Num. threads per package:   8
[    0.022311] CPU topo: Allowing 8 present CPUs plus 0 hotplug CPUs
[    0.022312] CPU topo: Rejected CPUs 8
[    0.022332] PM: hibernation: Registered nosave memory: [mem 0x00000000-0x00000fff]
[    0.022334] PM: hibernation: Registered nosave memory: [mem 0x00002000-0x0000bfff]
[    0.022336] PM: hibernation: Registered nosave memory: [mem 0x0003f000-0x00086fff]
[    0.022338] PM: hibernation: Registered nosave memory: [mem 0x0008b000-0x0009ffff]
[    0.022339] PM: hibernation: Registered nosave memory: [mem 0x000a0000-0x000dffff]
[    0.022340] PM: hibernation: Registered nosave memory: [mem 0x000e0000-0x0010ffff]
[    0.022341] PM: hibernation: Registered nosave memory: [mem 0x09c00000-0x09cd0fff]
[    0.022343] PM: hibernation: Registered nosave memory: [mem 0x09f00000-0x09f0afff]
[    0.022345] PM: hibernation: Registered nosave memory: [mem 0xaa711000-0xaa711fff]
[    0.022347] PM: hibernation: Registered nosave memory: [mem 0xaa71e000-0xaa71efff]
[    0.022347] PM: hibernation: Registered nosave memory: [mem 0xaa71f000-0xaa71ffff]
[    0.022349] PM: hibernation: Registered nosave memory: [mem 0xaa72f000-0xaa72ffff]
[    0.022351] PM: hibernation: Registered nosave memory: [mem 0xba1f7000-0xbd660fff]
[    0.022352] PM: hibernation: Registered nosave memory: [mem 0xbd661000-0xbd7f9fff]
[    0.022352] PM: hibernation: Registered nosave memory: [mem 0xbd7fa000-0xbd7fdfff]
[    0.022354] PM: hibernation: Registered nosave memory: [mem 0xbf000000-0xbfffffff]
[    0.022355] PM: hibernation: Registered nosave memory: [mem 0xc0000000-0xfed7ffff]
[    0.022356] PM: hibernation: Registered nosave memory: [mem 0xfed80000-0xfed80fff]
[    0.022357] PM: hibernation: Registered nosave memory: [mem 0xfed81000-0xffffffff]
[    0.022359] [mem 0xc0000000-0xfed7ffff] available for PCI devices
[    0.022361] Booting paravirtualized kernel on bare hardware
[    0.022364] clocksource: refined-jiffies: mask: 0xffffffff max_cycles: 0xffffffff, max_idle_ns: 6370452778343963 ns
[    0.027888] setup_percpu: NR_CPUS:320 nr_cpumask_bits:8 nr_cpu_ids:8 nr_node_ids:1
[    0.028556] percpu: Embedded 66 pages/cpu s233472 r8192 d28672 u524288
[    0.028565] pcpu-alloc: s233472 r8192 d28672 u524288 alloc=1*2097152
[    0.028568] pcpu-alloc: [0] 0 1 2 3 [0] 4 5 6 7 
[    0.028587] Kernel command line: initrd=\initramfs-linux.img root=PARTUUID=4cf8d353-e858-4dfe-9ec1-a114f257324d zswap.enabled=0 rootflags=subvol=@ rw rootfstype=btrfs
[    0.030115] Dentry cache hash table entries: 1048576 (order: 11, 8388608 bytes, linear)
[    0.030753] Inode-cache hash table entries: 524288 (order: 10, 4194304 bytes, linear)
[    0.030823] Fallback order for Node 0: 0 
[    0.030829] Built 1 zonelists, mobility grouping on.  Total pages: 1550405
[    0.030831] Policy zone: Normal
[    0.031203] mem auto-init: stack:all(zero), heap alloc:on, heap free:off
[    0.031253] software IO TLB: area num 8.
[    0.068871] Memory: 5869052K/6201620K available (18432K kernel code, 2177K rwdata, 13440K rodata, 3432K init, 3492K bss, 332308K reserved, 0K cma-reserved)
[    0.069113] SLUB: HWalign=64, Order=0-3, MinObjects=0, CPUs=8, Nodes=1
[    0.069177] ftrace: allocating 50278 entries in 197 pages
[    0.078235] ftrace: allocated 197 pages with 4 groups
[    0.078339] Dynamic Preempt: full
[    0.078399] rcu: Preemptible hierarchical RCU implementation.
[    0.078400] rcu: 	RCU restricting CPUs from NR_CPUS=320 to nr_cpu_ids=8.
[    0.078401] rcu: 	RCU priority boosting: priority 1 delay 500 ms.
[    0.078403] 	Trampoline variant of Tasks RCU enabled.
[    0.078403] 	Rude variant of Tasks RCU enabled.
[    0.078403] 	Tracing variant of Tasks RCU enabled.
[    0.078404] rcu: RCU calculated value of scheduler-enlistment delay is 30 jiffies.
[    0.078405] rcu: Adjusting geometry for rcu_fanout_leaf=16, nr_cpu_ids=8
[    0.078414] RCU Tasks: Setting shift to 3 and lim to 1 rcu_task_cb_adjust=1.
[    0.078416] RCU Tasks Rude: Setting shift to 3 and lim to 1 rcu_task_cb_adjust=1.
[    0.078418] RCU Tasks Trace: Setting shift to 3 and lim to 1 rcu_task_cb_adjust=1.
[    0.082656] NR_IRQS: 20736, nr_irqs: 1032, preallocated irqs: 16
[    0.082871] rcu: srcu_init: Setting srcu_struct sizes based on contention.
[    0.083059] kfence: initialized - using 2097152 bytes for 255 objects at 0x(____ptrval____)-0x(____ptrval____)
[    0.083096] Console: colour dummy device 80x25
[    0.083098] printk: legacy console [tty0] enabled
[    0.083148] ACPI: Core revision 20240322
[    0.083294] clocksource: hpet: mask: 0xffffffff max_cycles: 0xffffffff, max_idle_ns: 133484873504 ns
[    0.083317] APIC: Switch to symmetric I/O mode setup
[    0.084623] AMD-Vi: ivrs, add hid:PNP0D40, uid:, rdevid:152
[    0.084625] AMD-Vi: Using global IVHD EFR:0x4f77ef22294ada, EFR2:0x0
[    0.086010] ..TIMER: vector=0x30 apic1=0 pin1=2 apic2=-1 pin2=-1
[    0.099991] clocksource: tsc-early: mask: 0xffffffffffffffff max_cycles: 0x1e3648083ab, max_idle_ns: 440795257868 ns
[    0.099999] Calibrating delay loop (skipped), value calculated using timer frequency.. 4193.58 BogoMIPS (lpj=6986533)
[    0.100018] AMD Zen1 DIV0 bug detected. Disable SMT for full protection.
[    0.100168] LVT offset 1 assigned for vector 0xf9
[    0.100251] LVT offset 2 assigned for vector 0xf4
[    0.100273] Last level iTLB entries: 4KB 1024, 2MB 1024, 4MB 512
[    0.100275] Last level dTLB entries: 4KB 1536, 2MB 1536, 4MB 768, 1GB 0
[    0.100279] process: using mwait in idle threads
[    0.100283] Spectre V1 : Mitigation: usercopy/swapgs barriers and __user pointer sanitization
[    0.100285] Spectre V2 : Mitigation: Retpolines
[    0.100286] Spectre V2 : Spectre v2 / SpectreRSB mitigation: Filling RSB on context switch
[    0.100287] Spectre V2 : Spectre v2 / SpectreRSB : Filling RSB on VMEXIT
[    0.100288] Spectre V2 : Enabling Speculation Barrier for firmware calls
[    0.100289] RETBleed: Mitigation: untrained return thunk
[    0.100291] Spectre V2 : mitigation: Enabling conditional Indirect Branch Prediction Barrier
[    0.100293] Speculative Store Bypass: Mitigation: Speculative Store Bypass disabled via prctl
[    0.100295] Speculative Return Stack Overflow: Mitigation: Safe RET
[    0.100302] x86/fpu: Supporting XSAVE feature 0x001: 'x87 floating point registers'
[    0.100304] x86/fpu: Supporting XSAVE feature 0x002: 'SSE registers'
[    0.100305] x86/fpu: Supporting XSAVE feature 0x004: 'AVX registers'
[    0.100307] x86/fpu: xstate_offset[2]:  576, xstate_sizes[2]:  256
[    0.100308] x86/fpu: Enabled xstate features 0x7, context size is 832 bytes, using 'compacted' format.
[    0.130778] Freeing SMP alternatives memory: 40K
[    0.130783] pid_max: default: 32768 minimum: 301
[    0.134252] LSM: initializing lsm=capability,landlock,lockdown,yama,bpf
[    0.134291] landlock: Up and running.
[    0.134293] Yama: becoming mindful.
[    0.134300] LSM support for eBPF active
[    0.134344] Mount-cache hash table entries: 16384 (order: 5, 131072 bytes, linear)
[    0.134360] Mountpoint-cache hash table entries: 16384 (order: 5, 131072 bytes, linear)
[    0.244094] smpboot: CPU0: AMD Ryzen 5 PRO 3500U w/ Radeon Vega Mobile Gfx (family: 0x17, model: 0x18, stepping: 0x1)
[    0.244423] Performance Events: Fam17h+ core perfctr, AMD PMU driver.
[    0.244432] ... version:                0
[    0.244434] ... bit width:              48
[    0.244435] ... generic registers:      6
[    0.244437] ... value mask:             0000ffffffffffff
[    0.244439] ... max period:             00007fffffffffff
[    0.244440] ... fixed-purpose events:   0
[    0.244441] ... event mask:             000000000000003f
[    0.244574] signal: max sigframe size: 1776
[    0.244614] rcu: Hierarchical SRCU implementation.
[    0.244616] rcu: 	Max phase no-delay instances is 1000.
[    0.247866] MCE: In-kernel MCE decoding enabled.
[    0.247944] NMI watchdog: Enabled. Permanently consumes one hw-PMU counter.
[    0.248086] smp: Bringing up secondary CPUs ...
[    0.248236] smpboot: x86: Booting SMP configuration:
[    0.248238] .... node  #0, CPUs:      #2 #4 #6 #1 #3 #5 #7
[    0.265330] smp: Brought up 1 node, 8 CPUs
[    0.265330] smpboot: Total of 8 processors activated (33548.66 BogoMIPS)
[    0.267171] devtmpfs: initialized
[    0.267171] x86/mm: Memory block size: 128MB
[    0.267976] ACPI: PM: Registering ACPI NVS region [mem 0x09f00000-0x09f0afff] (45056 bytes)
[    0.267976] ACPI: PM: Registering ACPI NVS region [mem 0xbd661000-0xbd7f9fff] (1675264 bytes)
[    0.267976] clocksource: jiffies: mask: 0xffffffff max_cycles: 0xffffffff, max_idle_ns: 6370867519511994 ns
[    0.267976] futex hash table entries: 2048 (order: 5, 131072 bytes, linear)
[    0.267976] pinctrl core: initialized pinctrl subsystem
[    0.267976] PM: RTC time: 09:27:48, date: 2024-08-21
[    0.267976] NET: Registered PF_NETLINK/PF_ROUTE protocol family
[    0.268048] DMA: preallocated 1024 KiB GFP_KERNEL pool for atomic allocations
[    0.268184] DMA: preallocated 1024 KiB GFP_KERNEL|GFP_DMA pool for atomic allocations
[    0.268344] DMA: preallocated 1024 KiB GFP_KERNEL|GFP_DMA32 pool for atomic allocations
[    0.268365] audit: initializing netlink subsys (disabled)
[    0.270039] audit: type=2000 audit(1724232468.186:1): state=initialized audit_enabled=0 res=1
[    0.270173] thermal_sys: Registered thermal governor 'fair_share'
[    0.270175] thermal_sys: Registered thermal governor 'bang_bang'
[    0.270177] thermal_sys: Registered thermal governor 'step_wise'
[    0.270178] thermal_sys: Registered thermal governor 'user_space'
[    0.270180] thermal_sys: Registered thermal governor 'power_allocator'
[    0.270190] cpuidle: using governor ladder
[    0.270190] cpuidle: using governor menu
[    0.270190] ACPI FADT declares the system doesn't support PCIe ASPM, so disable it
[    0.270190] acpiphp: ACPI Hot Plug PCI Controller Driver version: 0.5
[    0.270238] PCI: ECAM [mem 0xf8000000-0xfbffffff] (base 0xf8000000) for domain 0000 [bus 00-3f]
[    0.270257] PCI: Using configuration type 1 for base access
[    0.270423] kprobes: kprobe jump-optimization is enabled. All kprobes are optimized if possible.
[    0.273446] HugeTLB: registered 1.00 GiB page size, pre-allocated 0 pages
[    0.273446] HugeTLB: 16380 KiB vmemmap can be freed for a 1.00 GiB page
[    0.273446] HugeTLB: registered 2.00 MiB page size, pre-allocated 0 pages
[    0.273446] HugeTLB: 28 KiB vmemmap can be freed for a 2.00 MiB page
[    0.273454] Demotion targets for Node 0: null
[    0.273601] ACPI: Added _OSI(Module Device)
[    0.273606] ACPI: Added _OSI(Processor Device)
[    0.273610] ACPI: Added _OSI(3.0 _SCP Extensions)
[    0.273614] ACPI: Added _OSI(Processor Aggregator Device)
[    0.305630] ACPI: 10 ACPI AML tables successfully acquired and loaded
[    0.311280] ACPI: [Firmware Bug]: BIOS _OSI(Linux) query ignored
[    0.326819] ACPI: _OSC evaluation for CPUs failed, trying _PDC
[    0.330305] ACPI: EC: EC started
[    0.330309] ACPI: EC: interrupt blocked
[    0.333180] ACPI: EC: EC_CMD/EC_SC=0x66, EC_DATA=0x62
[    0.333187] ACPI: \_SB_.PCI0.LPC0.EC0_: Boot DSDT EC used to handle transactions
[    0.333192] ACPI: Interpreter enabled
[    0.333233] ACPI: PM: (supports S0 S3 S4 S5)
[    0.333236] ACPI: Using IOAPIC for interrupt routing
[    0.337007] PCI: Using host bridge windows from ACPI; if necessary, use "pci=nocrs" and report a bug
[    0.337010] PCI: Ignoring E820 reservations for host bridge windows
[    0.337590] ACPI: Enabled 2 GPEs in block 00 to 1F
[    0.341618] ACPI: \_SB_.PCI0.GPP1.PXSX.WRST: New power resource
[    0.342640] ACPI: \_SB_.PCI0.GP17.XHC0.PUBS: New power resource
[    0.382142] ACPI: PCI Root Bridge [PCI0] (domain 0000 [bus 00-ff])
[    0.382152] acpi PNP0A08:00: _OSC: OS supports [ExtendedConfig ASPM ClockPM Segments MSI EDR HPX-Type3]
[    0.382330] acpi PNP0A08:00: _OSC: platform does not support [SHPCHotplug LTR DPC]
[    0.382655] acpi PNP0A08:00: _OSC: OS now controls [PCIeHotplug PME AER PCIeCapability]
[    0.382658] acpi PNP0A08:00: FADT indicates ASPM is unsupported, using BIOS configuration
[    0.382673] acpi PNP0A08:00: [Firmware Info]: ECAM [mem 0xf8000000-0xfbffffff] for domain 0000 [bus 00-3f] only partially covers this bridge
[    0.384165] PCI host bridge to bus 0000:00
[    0.384168] pci_bus 0000:00: root bus resource [mem 0x000a0000-0x000bffff window]
[    0.384172] pci_bus 0000:00: root bus resource [mem 0xc0000000-0xf7ffffff window]
[    0.384174] pci_bus 0000:00: root bus resource [mem 0xfc000000-0xfdffffff window]
[    0.384177] pci_bus 0000:00: root bus resource [io  0x0000-0x0cf7 window]
[    0.384179] pci_bus 0000:00: root bus resource [io  0x0d00-0xffff window]
[    0.384182] pci_bus 0000:00: root bus resource [bus 00-ff]
[    0.384201] pci 0000:00:00.0: [1022:15d0] type 00 class 0x060000 conventional PCI endpoint
[    0.384313] pci 0000:00:00.2: [1022:15d1] type 00 class 0x080600 conventional PCI endpoint
[    0.384429] pci 0000:00:01.0: [1022:1452] type 00 class 0x060000 conventional PCI endpoint
[    0.384532] pci 0000:00:01.2: [1022:15d3] type 01 class 0x060400 PCIe Root Port
[    0.384556] pci 0000:00:01.2: PCI bridge to [bus 01]
[    0.384564] pci 0000:00:01.2:   bridge window [mem 0xd0900000-0xd09fffff]
[    0.384582] pci 0000:00:01.2: enabling Extended Tags
[    0.384643] pci 0000:00:01.2: PME# supported from D0 D3hot D3cold
[    0.384812] pci 0000:00:01.3: [1022:15d3] type 01 class 0x060400 PCIe Root Port
[    0.384836] pci 0000:00:01.3: PCI bridge to [bus 02]
[    0.384843] pci 0000:00:01.3:   bridge window [mem 0xd0800000-0xd08fffff]
[    0.384861] pci 0000:00:01.3: enabling Extended Tags
[    0.384921] pci 0000:00:01.3: PME# supported from D0 D3hot D3cold
[    0.385092] pci 0000:00:01.4: [1022:15d3] type 01 class 0x060400 PCIe Root Port
[    0.385116] pci 0000:00:01.4: PCI bridge to [bus 03]
[    0.385122] pci 0000:00:01.4:   bridge window [io  0x2000-0x2fff]
[    0.385126] pci 0000:00:01.4:   bridge window [mem 0xd0700000-0xd07fffff]
[    0.385143] pci 0000:00:01.4: enabling Extended Tags
[    0.385203] pci 0000:00:01.4: PME# supported from D0 D3hot D3cold
[    0.385383] pci 0000:00:01.7: [1022:15d3] type 01 class 0x060400 PCIe Root Port
[    0.385406] pci 0000:00:01.7: PCI bridge to [bus 04]
[    0.385414] pci 0000:00:01.7:   bridge window [mem 0xd0600000-0xd06fffff]
[    0.385431] pci 0000:00:01.7: enabling Extended Tags
[    0.385491] pci 0000:00:01.7: PME# supported from D0 D3hot D3cold
[    0.385670] pci 0000:00:08.0: [1022:1452] type 00 class 0x060000 conventional PCI endpoint
[    0.385767] pci 0000:00:08.1: [1022:15db] type 01 class 0x060400 PCIe Root Port
[    0.385792] pci 0000:00:08.1: PCI bridge to [bus 05]
[    0.385798] pci 0000:00:08.1:   bridge window [io  0x1000-0x1fff]
[    0.385802] pci 0000:00:08.1:   bridge window [mem 0xd0200000-0xd05fffff]
[    0.385812] pci 0000:00:08.1:   bridge window [mem 0xc0000000-0xd01fffff 64bit pref]
[    0.385822] pci 0000:00:08.1: enabling Extended Tags
[    0.385873] pci 0000:00:08.1: PME# supported from D0 D3hot D3cold
[    0.386076] pci 0000:00:14.0: [1022:790b] type 00 class 0x0c0500 conventional PCI endpoint
[    0.386229] pci 0000:00:14.3: [1022:790e] type 00 class 0x060100 conventional PCI endpoint
[    0.386447] pci 0000:00:18.0: [1022:15e8] type 00 class 0x060000 conventional PCI endpoint
[    0.386500] pci 0000:00:18.1: [1022:15e9] type 00 class 0x060000 conventional PCI endpoint
[    0.386552] pci 0000:00:18.2: [1022:15ea] type 00 class 0x060000 conventional PCI endpoint
[    0.386605] pci 0000:00:18.3: [1022:15eb] type 00 class 0x060000 conventional PCI endpoint
[    0.386659] pci 0000:00:18.4: [1022:15ec] type 00 class 0x060000 conventional PCI endpoint
[    0.386716] pci 0000:00:18.5: [1022:15ed] type 00 class 0x060000 conventional PCI endpoint
[    0.386768] pci 0000:00:18.6: [1022:15ee] type 00 class 0x060000 conventional PCI endpoint
[    0.386820] pci 0000:00:18.7: [1022:15ef] type 00 class 0x060000 conventional PCI endpoint
[    0.387156] pci 0000:01:00.0: [8086:2526] type 00 class 0x028000 PCIe Endpoint
[    0.387211] pci 0000:01:00.0: BAR 0 [mem 0x00000000-0x00003fff 64bit]
[    0.387461] pci 0000:01:00.0: PME# supported from D0 D3hot D3cold
[    0.388082] pci 0000:00:01.2: PCI bridge to [bus 01]
[    0.388216] pci 0000:02:00.0: [144d:a808] type 00 class 0x010802 PCIe Endpoint
[    0.388236] pci 0000:02:00.0: BAR 0 [mem 0xd0800000-0xd0803fff 64bit]
[    0.388524] pci 0000:00:01.3: PCI bridge to [bus 02]
[    0.388594] pci 0000:03:00.0: [10ec:8168] type 00 class 0x020000 PCIe Endpoint
[    0.388614] pci 0000:03:00.0: BAR 0 [io  0x2400-0x24ff]
[    0.388641] pci 0000:03:00.0: BAR 2 [mem 0xd0714000-0xd0714fff 64bit]
[    0.388659] pci 0000:03:00.0: BAR 4 [mem 0xd0700000-0xd0703fff 64bit]
[    0.388774] pci 0000:03:00.0: supports D1 D2
[    0.388776] pci 0000:03:00.0: PME# supported from D0 D1 D2 D3hot D3cold
[    0.388983] pci 0000:03:00.1: [10ec:816a] type 00 class 0x070002 PCIe Endpoint
[    0.389001] pci 0000:03:00.1: BAR 0 [io  0x2200-0x22ff]
[    0.389022] pci 0000:03:00.1: BAR 2 [mem 0xd0715000-0xd0715fff 64bit]
[    0.389037] pci 0000:03:00.1: BAR 4 [mem 0xd0704000-0xd0707fff 64bit]
[    0.389140] pci 0000:03:00.1: supports D1 D2
[    0.389142] pci 0000:03:00.1: PME# supported from D0 D1 D2 D3hot D3cold
[    0.389314] pci 0000:03:00.2: [10ec:816b] type 00 class 0x070002 PCIe Endpoint
[    0.389332] pci 0000:03:00.2: BAR 0 [io  0x2100-0x21ff]
[    0.389353] pci 0000:03:00.2: BAR 2 [mem 0xd0716000-0xd0716fff 64bit]
[    0.389368] pci 0000:03:00.2: BAR 4 [mem 0xd0708000-0xd070bfff 64bit]
[    0.389471] pci 0000:03:00.2: supports D1 D2
[    0.389473] pci 0000:03:00.2: PME# supported from D0 D1 D2 D3hot D3cold
[    0.389653] pci 0000:03:00.3: [10ec:816c] type 00 class 0x0c0701 PCIe Endpoint
[    0.389671] pci 0000:03:00.3: BAR 0 [io  0x2000-0x20ff]
[    0.389692] pci 0000:03:00.3: BAR 2 [mem 0xd0717000-0xd0717fff 64bit]
[    0.389706] pci 0000:03:00.3: BAR 4 [mem 0xd070c000-0xd070ffff 64bit]
[    0.389810] pci 0000:03:00.3: supports D1 D2
[    0.389812] pci 0000:03:00.3: PME# supported from D0 D1 D2 D3hot D3cold
[    0.389983] pci 0000:03:00.4: [10ec:816d] type 00 class 0x0c0320 PCIe Endpoint
[    0.390006] pci 0000:03:00.4: BAR 0 [mem 0xd0718000-0xd0718fff]
[    0.390033] pci 0000:03:00.4: BAR 2 [mem 0xd0710000-0xd0713fff 64bit]
[    0.390158] pci 0000:03:00.4: PME# supported from D0 D3cold
[    0.390382] pci 0000:00:01.4: PCI bridge to [bus 03]
[    0.390452] pci 0000:04:00.0: [10ec:522a] type 00 class 0xff0000 PCIe Endpoint
[    0.390470] pci 0000:04:00.0: BAR 0 [mem 0xd0600000-0xd0600fff]
[    0.390599] pci 0000:04:00.0: supports D1 D2
[    0.390601] pci 0000:04:00.0: PME# supported from D1 D2 D3hot D3cold
[    0.390800] pci 0000:00:01.7: PCI bridge to [bus 04]
[    0.390939] pci 0000:05:00.0: [1002:15d8] type 00 class 0x030000 PCIe Legacy Endpoint
[    0.390959] pci 0000:05:00.0: BAR 0 [mem 0xc0000000-0xcfffffff 64bit pref]
[    0.390972] pci 0000:05:00.0: BAR 2 [mem 0xd0000000-0xd01fffff 64bit pref]
[    0.390981] pci 0000:05:00.0: BAR 4 [io  0x1000-0x10ff]
[    0.390990] pci 0000:05:00.0: BAR 5 [mem 0xd0500000-0xd057ffff]
[    0.391005] pci 0000:05:00.0: enabling Extended Tags
[    0.391037] pci 0000:05:00.0: Video device with shadowed ROM at [mem 0x000c0000-0x000dffff]
[    0.391101] pci 0000:05:00.0: PME# supported from D1 D2 D3hot D3cold
[    0.391304] pci 0000:05:00.1: [1002:15de] type 00 class 0x040300 PCIe Legacy Endpoint
[    0.391317] pci 0000:05:00.1: BAR 0 [mem 0xd05c8000-0xd05cbfff]
[    0.391353] pci 0000:05:00.1: enabling Extended Tags
[    0.391404] pci 0000:05:00.1: PME# supported from D1 D2 D3hot D3cold
[    0.391495] pci 0000:05:00.2: [1022:15df] type 00 class 0x108000 PCIe Endpoint
[    0.391518] pci 0000:05:00.2: BAR 2 [mem 0xd0400000-0xd04fffff]
[    0.391534] pci 0000:05:00.2: BAR 5 [mem 0xd05cc000-0xd05cdfff]
[    0.391547] pci 0000:05:00.2: enabling Extended Tags
[    0.391714] pci 0000:05:00.3: [1022:15e0] type 00 class 0x0c0330 PCIe Endpoint
[    0.391733] pci 0000:05:00.3: BAR 0 [mem 0xd0200000-0xd02fffff 64bit]
[    0.391774] pci 0000:05:00.3: enabling Extended Tags
[    0.391828] pci 0000:05:00.3: PME# supported from D0 D3hot D3cold
[    0.391971] pci 0000:05:00.4: [1022:15e1] type 00 class 0x0c0330 PCIe Endpoint
[    0.391990] pci 0000:05:00.4: BAR 0 [mem 0xd0300000-0xd03fffff 64bit]
[    0.392030] pci 0000:05:00.4: enabling Extended Tags
[    0.392084] pci 0000:05:00.4: PME# supported from D0 D3hot D3cold
[    0.392230] pci 0000:05:00.5: [1022:15e2] type 00 class 0x048000 PCIe Endpoint
[    0.392244] pci 0000:05:00.5: BAR 0 [mem 0xd0580000-0xd05bffff]
[    0.392279] pci 0000:05:00.5: enabling Extended Tags
[    0.392330] pci 0000:05:00.5: PME# supported from D0 D3hot D3cold
[    0.392463] pci 0000:05:00.6: [1022:15e3] type 00 class 0x040300 PCIe Endpoint
[    0.392476] pci 0000:05:00.6: BAR 0 [mem 0xd05c0000-0xd05c7fff]
[    0.392512] pci 0000:05:00.6: enabling Extended Tags
[    0.392562] pci 0000:05:00.6: PME# supported from D0 D3hot D3cold
[    0.392721] pci 0000:00:08.1: PCI bridge to [bus 05]
[    0.393132] ACPI: PCI: Interrupt link LNKA configured for IRQ 0
[    0.393263] ACPI: PCI: Interrupt link LNKB configured for IRQ 0
[    0.393366] ACPI: PCI: Interrupt link LNKC configured for IRQ 0
[    0.393496] ACPI: PCI: Interrupt link LNKD configured for IRQ 0
[    0.393615] ACPI: PCI: Interrupt link LNKE configured for IRQ 0
[    0.393702] ACPI: PCI: Interrupt link LNKF configured for IRQ 0
[    0.393788] ACPI: PCI: Interrupt link LNKG configured for IRQ 0
[    0.393873] ACPI: PCI: Interrupt link LNKH configured for IRQ 0
[    0.395443] ACPI: EC: interrupt unblocked
[    0.395446] ACPI: EC: event unblocked
[    0.395449] ACPI: EC: EC_CMD/EC_SC=0x66, EC_DATA=0x62
[    0.395451] ACPI: EC: GPE=0x3
[    0.395453] ACPI: \_SB_.PCI0.LPC0.EC0_: Boot DSDT EC initialization complete
[    0.395456] ACPI: \_SB_.PCI0.LPC0.EC0_: EC: Used to handle transactions and events
[    0.395591] iommu: Default domain type: Translated
[    0.395591] iommu: DMA domain TLB invalidation policy: lazy mode
[    0.395591] SCSI subsystem initialized
[    0.396681] libata version 3.00 loaded.
[    0.396681] ACPI: bus type USB registered
[    0.396697] usbcore: registered new interface driver usbfs
[    0.396705] usbcore: registered new interface driver hub
[    0.396713] usbcore: registered new device driver usb
[    0.396752] EDAC MC: Ver: 3.0.0
[    0.396963] efivars: Registered efivars operations
[    0.396963] NetLabel: Initializing
[    0.396963] NetLabel:  domain hash size = 128
[    0.396963] NetLabel:  protocols = UNLABELED CIPSOv4 CALIPSO
[    0.396963] NetLabel:  unlabeled traffic allowed by default
[    0.396963] mctp: management component transport protocol core
[    0.396963] NET: Registered PF_MCTP protocol family
[    0.396963] PCI: Using ACPI for IRQ routing
[    0.399220] PCI: pci_cache_line_size set to 64 bytes
[    0.399520] e820: reserve RAM buffer [mem 0x00002000-0x0000ffff]
[    0.399522] e820: reserve RAM buffer [mem 0x0003f000-0x0003ffff]
[    0.399524] e820: reserve RAM buffer [mem 0x0008b000-0x0008ffff]
[    0.399526] e820: reserve RAM buffer [mem 0x09c00000-0x0bffffff]
[    0.399528] e820: reserve RAM buffer [mem 0x09f00000-0x0bffffff]
[    0.399530] e820: reserve RAM buffer [mem 0xaa711018-0xabffffff]
[    0.399532] e820: reserve RAM buffer [mem 0xaa71f018-0xabffffff]
[    0.399533] e820: reserve RAM buffer [mem 0xba1f7000-0xbbffffff]
[    0.399535] e820: reserve RAM buffer [mem 0xbf000000-0xbfffffff]
[    0.399537] e820: reserve RAM buffer [mem 0x1bf000000-0x1bfffffff]
[    0.400065] pci 0000:05:00.0: vgaarb: setting as boot VGA device
[    0.400065] pci 0000:05:00.0: vgaarb: bridge control possible
[    0.400065] pci 0000:05:00.0: vgaarb: VGA device added: decodes=io+mem,owns=io+mem,locks=none
[    0.400065] vgaarb: loaded
[    0.400074] hpet0: at MMIO 0xfed00000, IRQs 2, 8, 0
[    0.400081] hpet0: 3 comparators, 32-bit 14.318180 MHz counter
[    0.401096] clocksource: Switched to clocksource tsc-early
[    0.402514] VFS: Disk quotas dquot_6.6.0
[    0.402514] VFS: Dquot-cache hash table entries: 512 (order 0, 4096 bytes)
[    0.402514] pnp: PnP ACPI init
[    0.402514] system 00:00: [io  0x0f50-0x0f51] has been reserved
[    0.402514] system 00:00: [mem 0xfec00000-0xfec01fff] could not be reserved
[    0.402514] system 00:00: [mem 0xfee00000-0xfee00fff] has been reserved
[    0.402514] system 00:00: [mem 0xf8000000-0xfbffffff] has been reserved
[    0.402959] system 00:02: [io  0x04d0-0x04d1] has been reserved
[    0.402963] system 00:02: [io  0x0530-0x0537] has been reserved
[    0.402966] system 00:02: [io  0x0400-0x0427] has been reserved
[    0.402968] system 00:02: [io  0x0430] has been reserved
[    0.402971] system 00:02: [io  0x0440-0x0447] has been reserved
[    0.402973] system 00:02: [io  0x0b00-0x0b1f] has been reserved
[    0.402976] system 00:02: [io  0x0b20-0x0b3f] has been reserved
[    0.402978] system 00:02: [io  0x0c00-0x0c01] has been reserved
[    0.402981] system 00:02: [io  0x0c14] has been reserved
[    0.402983] system 00:02: [io  0x0c50-0x0c52] has been reserved
[    0.402986] system 00:02: [io  0x0cd0-0x0cd1] has been reserved
[    0.402988] system 00:02: [io  0x0cd2-0x0cd3] has been reserved
[    0.402991] system 00:02: [io  0x0cd4-0x0cd5] has been reserved
[    0.402993] system 00:02: [io  0x0cd6-0x0cd7] has been reserved
[    0.402996] system 00:02: [io  0x0cd8-0x0cdf] has been reserved
[    0.402998] system 00:02: [io  0x0cf9] could not be reserved
[    0.403001] system 00:02: [io  0x8100-0x81ff window] has been reserved
[    0.403004] system 00:02: [io  0x8200-0x82ff window] has been reserved
[    0.403147] system 00:03: [mem 0x000e0000-0x000fffff] could not be reserved
[    0.403151] system 00:03: [mem 0xff000000-0xffffffff] has been reserved
[    0.403154] system 00:03: [mem 0xfec10000-0xfec1001f] has been reserved
[    0.403157] system 00:03: [mem 0xfed00000-0xfed003ff] has been reserved
[    0.403160] system 00:03: [mem 0xfed61000-0xfed613ff] has been reserved
[    0.403163] system 00:03: [mem 0xfed80000-0xfed80fff] has been reserved
[    0.404010] pnp: PnP ACPI: found 6 devices
[    0.410714] clocksource: acpi_pm: mask: 0xffffff max_cycles: 0xffffff, max_idle_ns: 2085701024 ns
[    0.410798] NET: Registered PF_INET protocol family
[    0.410935] IP idents hash table entries: 131072 (order: 8, 1048576 bytes, linear)
[    0.428301] tcp_listen_portaddr_hash hash table entries: 4096 (order: 4, 65536 bytes, linear)
[    0.428338] Table-perturb hash table entries: 65536 (order: 6, 262144 bytes, linear)
[    0.428388] TCP established hash table entries: 65536 (order: 7, 524288 bytes, linear)
[    0.428627] TCP bind hash table entries: 65536 (order: 9, 2097152 bytes, linear)
[    0.428758] TCP: Hash tables configured (established 65536 bind 65536)
[    0.428859] MPTCP token hash table entries: 8192 (order: 5, 196608 bytes, linear)
[    0.428900] UDP hash table entries: 4096 (order: 5, 131072 bytes, linear)
[    0.428932] UDP-Lite hash table entries: 4096 (order: 5, 131072 bytes, linear)
[    0.428993] NET: Registered PF_UNIX/PF_LOCAL protocol family
[    0.429004] NET: Registered PF_XDP protocol family
[    0.429014] pci 0000:00:01.2: bridge window [io  0x1000-0x0fff] to [bus 01] add_size 1000
[    0.429020] pci 0000:00:01.2: bridge window [mem 0x00100000-0x000fffff 64bit pref] to [bus 01] add_size 200000 add_align 100000
[    0.429038] pci 0000:00:01.2: bridge window [mem 0xd0a00000-0xd0bfffff 64bit pref]: assigned
[    0.429043] pci 0000:00:01.2: bridge window [io  0x3000-0x3fff]: assigned
[    0.429048] pci 0000:01:00.0: BAR 0 [mem 0xd0900000-0xd0903fff 64bit]: assigned
[    0.429101] pci 0000:00:01.2: PCI bridge to [bus 01]
[    0.429105] pci 0000:00:01.2:   bridge window [io  0x3000-0x3fff]
[    0.429110] pci 0000:00:01.2:   bridge window [mem 0xd0900000-0xd09fffff]
[    0.429114] pci 0000:00:01.2:   bridge window [mem 0xd0a00000-0xd0bfffff 64bit pref]
[    0.429121] pci 0000:00:01.3: PCI bridge to [bus 02]
[    0.429125] pci 0000:00:01.3:   bridge window [mem 0xd0800000-0xd08fffff]
[    0.429134] pci 0000:00:01.4: PCI bridge to [bus 03]
[    0.429137] pci 0000:00:01.4:   bridge window [io  0x2000-0x2fff]
[    0.429141] pci 0000:00:01.4:   bridge window [mem 0xd0700000-0xd07fffff]
[    0.429149] pci 0000:00:01.7: PCI bridge to [bus 04]
[    0.429153] pci 0000:00:01.7:   bridge window [mem 0xd0600000-0xd06fffff]
[    0.429164] pci 0000:00:08.1: PCI bridge to [bus 05]
[    0.429171] pci 0000:00:08.1:   bridge window [io  0x1000-0x1fff]
[    0.429176] pci 0000:00:08.1:   bridge window [mem 0xd0200000-0xd05fffff]
[    0.429180] pci 0000:00:08.1:   bridge window [mem 0xc0000000-0xd01fffff 64bit pref]
[    0.429188] pci_bus 0000:00: resource 4 [mem 0x000a0000-0x000bffff window]
[    0.429190] pci_bus 0000:00: resource 5 [mem 0xc0000000-0xf7ffffff window]
[    0.429193] pci_bus 0000:00: resource 6 [mem 0xfc000000-0xfdffffff window]
[    0.429195] pci_bus 0000:00: resource 7 [io  0x0000-0x0cf7 window]
[    0.429198] pci_bus 0000:00: resource 8 [io  0x0d00-0xffff window]
[    0.429201] pci_bus 0000:01: resource 0 [io  0x3000-0x3fff]
[    0.429203] pci_bus 0000:01: resource 1 [mem 0xd0900000-0xd09fffff]
[    0.429205] pci_bus 0000:01: resource 2 [mem 0xd0a00000-0xd0bfffff 64bit pref]
[    0.429208] pci_bus 0000:02: resource 1 [mem 0xd0800000-0xd08fffff]
[    0.429211] pci_bus 0000:03: resource 0 [io  0x2000-0x2fff]
[    0.429213] pci_bus 0000:03: resource 1 [mem 0xd0700000-0xd07fffff]
[    0.429216] pci_bus 0000:04: resource 1 [mem 0xd0600000-0xd06fffff]
[    0.429218] pci_bus 0000:05: resource 0 [io  0x1000-0x1fff]
[    0.429220] pci_bus 0000:05: resource 1 [mem 0xd0200000-0xd05fffff]
[    0.429223] pci_bus 0000:05: resource 2 [mem 0xc0000000-0xd01fffff 64bit pref]
[    0.429920] pci 0000:05:00.1: D0 power state depends on 0000:05:00.0
[    0.429976] pci 0000:05:00.3: extending delay after power-on from D3hot to 20 msec
[    0.430300] pci 0000:05:00.4: extending delay after power-on from D3hot to 20 msec
[    0.430488] PCI: CLS 32 bytes, default 64
[    0.430514] pci 0000:00:00.2: AMD-Vi: IOMMU performance counters supported
[    0.430600] pci 0000:00:01.0: Adding to iommu group 0
[    0.430612] Trying to unpack rootfs image as initramfs...
[    0.430621] pci 0000:00:01.2: Adding to iommu group 1
[    0.430642] pci 0000:00:01.3: Adding to iommu group 2
[    0.430661] pci 0000:00:01.4: Adding to iommu group 3
[    0.430681] pci 0000:00:01.7: Adding to iommu group 4
[    0.430710] pci 0000:00:08.0: Adding to iommu group 5
[    0.430730] pci 0000:00:08.1: Adding to iommu group 6
[    0.430765] pci 0000:00:14.0: Adding to iommu group 7
[    0.430783] pci 0000:00:14.3: Adding to iommu group 7
[    0.430871] pci 0000:00:18.0: Adding to iommu group 8
[    0.430890] pci 0000:00:18.1: Adding to iommu group 8
[    0.430908] pci 0000:00:18.2: Adding to iommu group 8
[    0.430926] pci 0000:00:18.3: Adding to iommu group 8
[    0.430945] pci 0000:00:18.4: Adding to iommu group 8
[    0.430963] pci 0000:00:18.5: Adding to iommu group 8
[    0.430981] pci 0000:00:18.6: Adding to iommu group 8
[    0.431000] pci 0000:00:18.7: Adding to iommu group 8
[    0.431019] pci 0000:01:00.0: Adding to iommu group 9
[    0.431039] pci 0000:02:00.0: Adding to iommu group 10
[    0.431100] pci 0000:03:00.0: Adding to iommu group 11
[    0.431123] pci 0000:03:00.1: Adding to iommu group 11
[    0.431145] pci 0000:03:00.2: Adding to iommu group 11
[    0.431167] pci 0000:03:00.3: Adding to iommu group 11
[    0.431189] pci 0000:03:00.4: Adding to iommu group 11
[    0.431215] pci 0000:04:00.0: Adding to iommu group 12
[    0.431243] pci 0000:05:00.0: Adding to iommu group 13
[    0.431313] pci 0000:05:00.1: Adding to iommu group 14
[    0.431343] pci 0000:05:00.2: Adding to iommu group 14
[    0.431378] pci 0000:05:00.3: Adding to iommu group 14
[    0.431403] pci 0000:05:00.4: Adding to iommu group 14
[    0.431458] pci 0000:05:00.5: Adding to iommu group 14
[    0.431506] pci 0000:05:00.6: Adding to iommu group 14
[    0.433455] AMD-Vi: Extended features (0x4f77ef22294ada, 0x0): PPR NX GT IA GA PC GA_vAPIC
[    0.433471] AMD-Vi: Interrupt remapping enabled
[    0.433636] AMD-Vi: Virtual APIC enabled
[    0.433649] PCI-DMA: Using software bounce buffering for IO (SWIOTLB)
[    0.433650] software IO TLB: mapped [mem 0x00000000b2538000-0x00000000b6538000] (64MB)
[    0.433742] perf/amd_iommu: Detected AMD IOMMU #0 (2 banks, 4 counters/bank).
[    0.440464] Initialise system trusted keyrings
[    0.440480] Key type blacklist registered
[    0.440531] workingset: timestamp_bits=41 max_order=21 bucket_order=0
[    0.440540] zbud: loaded
[    0.440666] fuse: init (API version 7.40)
[    0.440773] integrity: Platform Keyring initialized
[    0.440777] integrity: Machine keyring initialized
[    0.456005] Key type asymmetric registered
[    0.456008] Asymmetric key parser 'x509' registered
[    0.456037] Block layer SCSI generic (bsg) driver version 0.4 loaded (major 246)
[    0.456101] io scheduler mq-deadline registered
[    0.456104] io scheduler kyber registered
[    0.456118] io scheduler bfq registered
[    0.457514] pcieport 0000:00:01.2: PME: Signaling with IRQ 26
[    0.457598] pcieport 0000:00:01.2: AER: enabled with IRQ 26
[    0.457626] pcieport 0000:00:01.2: pciehp: Slot #0 AttnBtn- PwrCtrl- MRL- AttnInd- PwrInd- HotPlug+ Surprise- Interlock- NoCompl+ IbPresDis- LLActRep+
[    0.457868] pcieport 0000:00:01.3: PME: Signaling with IRQ 27
[    0.457958] pcieport 0000:00:01.3: AER: enabled with IRQ 27
[    0.458126] pcieport 0000:00:01.4: PME: Signaling with IRQ 28
[    0.458196] pcieport 0000:00:01.4: AER: enabled with IRQ 28
[    0.458366] pcieport 0000:00:01.7: PME: Signaling with IRQ 29
[    0.458437] pcieport 0000:00:01.7: AER: enabled with IRQ 29
[    0.458610] pcieport 0000:00:08.1: PME: Signaling with IRQ 30
[    0.458757] shpchp: Standard Hot Plug PCI Controller Driver version: 0.4
[    0.460885] ACPI: AC: AC Adapter [AC] (on-line)
[    0.460966] input: Power Button as /devices/LNXSYSTM:00/LNXSYBUS:00/PNP0C0C:00/input/input0
[    0.460998] ACPI: button: Power Button [PWRB]
[    0.461068] input: Lid Switch as /devices/LNXSYSTM:00/LNXSYBUS:00/PNP0C0D:00/input/input1
[    0.462725] ACPI: button: Lid Switch [LID]
[    0.462836] input: Sleep Button as /devices/LNXSYSTM:00/LNXSYBUS:00/PNP0C0E:00/input/input2
[    0.462937] ACPI: button: Sleep Button [SLPB]
[    0.463058] input: Power Button as /devices/LNXSYSTM:00/LNXPWRBN:00/input/input3
[    0.463164] ACPI: button: Power Button [PWRF]
[    0.463277] Monitor-Mwait will be used to enter C-1 state
[    0.463290] ACPI: \_PR_.C000: Found 2 idle states
[    0.463514] ACPI: \_PR_.C001: Found 2 idle states
[    0.463722] ACPI: \_PR_.C002: Found 2 idle states
[    0.463982] ACPI: \_PR_.C003: Found 2 idle states
[    0.464188] ACPI: \_PR_.C004: Found 2 idle states
[    0.464440] ACPI: \_PR_.C005: Found 2 idle states
[    0.464645] ACPI: \_PR_.C006: Found 2 idle states
[    0.464906] ACPI: \_PR_.C007: Found 2 idle states
[    0.465527] Serial: 8250/16550 driver, 32 ports, IRQ sharing enabled
[    0.469532] serial 0000:03:00.1: enabling device (0000 -> 0003)
[    0.470223] 0000:03:00.1: ttyS4 at I/O 0x2200 (irq = 31, base_baud = 115200) is a 16550A
[    0.470344] serial 0000:03:00.2: enabling device (0000 -> 0003)
[    0.471011] 0000:03:00.2: ttyS5 at I/O 0x2100 (irq = 32, base_baud = 115200) is a 16550A
[    0.471279] Non-volatile memory driver v1.3
[    0.471282] Linux agpgart interface v0.103
[    0.476233] tpm_tis NTC0702:00: 2.0 TPM (device-id 0xFC, rev-id 1)
[    0.493110] ACPI: battery: Slot [BAT0] (battery present)
[    0.519620] Freeing initrd memory: 35580K
[    0.603499] ACPI: bus type drm_connector registered
[    0.606966] usbcore: registered new interface driver usbserial_generic
[    0.606975] usbserial: USB Serial support registered for generic
[    0.607119] rtc_cmos 00:01: RTC can wake from S4
[    0.607203] ehci-pci 0000:03:00.4: EHCI Host Controller
[    0.607211] ehci-pci 0000:03:00.4: new USB bus registered, assigned bus number 1
[    0.607422] ehci-pci 0000:03:00.4: irq 35, io mem 0xd0718000
[    0.607961] rtc_cmos 00:01: registered as rtc0
[    0.608101] rtc_cmos 00:01: setting system clock to 2024-08-21T09:27:48 UTC (1724232468)
[    0.608172] rtc_cmos 00:01: alarms up to one month, y3k, 114 bytes nvram
[    0.608232] amd_pstate: the _CPC object is not present in SBIOS or ACPI disabled
[    0.608448] ledtrig-cpu: registered to indicate activity on CPUs
[    0.609002] [drm] Initialized simpledrm 1.0.0 20200625 for simple-framebuffer.0 on minor 0
[    0.609690] fbcon: Deferring console take-over
[    0.609694] simple-framebuffer simple-framebuffer.0: [drm] fb0: simpledrmdrmfb frame buffer device
[    0.609849] hid: raw HID events driver (C) Jiri Kosina
[    0.609956] drop_monitor: Initializing network drop monitor service
[    0.610117] NET: Registered PF_INET6 protocol family
[    0.618410] Segment Routing with IPv6
[    0.618415] RPL Segment Routing with IPv6
[    0.618434] In-situ OAM (IOAM) with IPv6
[    0.618477] NET: Registered PF_PACKET protocol family
[    0.619263] microcode: Current revision: 0x08108109
[    0.619403] IPI shorthand broadcast: enabled
[    0.623149] sched_clock: Marking stable (622249247, 419384)->(626375757, -3707126)
[    0.623292] Timer migration: 1 hierarchy levels; 8 children per group; 1 crossnode level
[    0.623757] ehci-pci 0000:03:00.4: USB 0.0 started, EHCI 1.00
[    0.623845] usb usb1: New USB device found, idVendor=1d6b, idProduct=0002, bcdDevice= 6.10
[    0.623851] usb usb1: New USB device strings: Mfr=3, Product=2, SerialNumber=1
[    0.623855] usb usb1: Product: EHCI Host Controller
[    0.623858] usb usb1: Manufacturer: Linux 6.10.6-arch1-1 ehci_hcd
[    0.623862] usb usb1: SerialNumber: 0000:03:00.4
[    0.624025] hub 1-0:1.0: USB hub found
[    0.624037] hub 1-0:1.0: 1 port detected
[    0.624220] registered taskstats version 1
[    0.635163] Loading compiled-in X.509 certificates
[    0.640520] Loaded X.509 cert 'Build time autogenerated kernel key: 593bc9b84e779649f4c19ffa224819abd2ea5c49'
[    0.644283] Demotion targets for Node 0: null
[    0.644534] Key type .fscrypt registered
[    0.644536] Key type fscrypt-provisioning registered
[    0.645189] integrity: Loading X.509 certificate: UEFI:db
[    0.645213] integrity: Loaded X.509 cert 'Lenovo Ltd.: ThinkPad Product CA 2012: 838b1f54c1550463f45f98700640f11069265949'
[    0.645215] integrity: Loading X.509 certificate: UEFI:db
[    0.645234] integrity: Loaded X.509 cert 'Lenovo UEFI CA 2014: 4b91a68732eaefdd2c8ffffc6b027ec3449e9c8f'
[    0.645236] integrity: Loading X.509 certificate: UEFI:db
[    0.645263] integrity: Loaded X.509 cert 'Microsoft Corporation UEFI CA 2011: 13adbf4309bd82709c8cd54f316ed522988a1bd4'
[    0.645265] integrity: Loading X.509 certificate: UEFI:db
[    0.645288] integrity: Loaded X.509 cert 'Microsoft Windows Production PCA 2011: a92902398e16c49778cd90f99e4f9ae17c55af53'
[    0.647354] PM:   Magic number: 4:470:475
[    0.654432] RAS: Correctable Errors collector initialized.
[    0.672560] clk: Disabling unused clocks
[    0.672565] PM: genpd: Disabling unused power domains
[    0.674235] Freeing unused decrypted memory: 2028K
[    0.674809] Freeing unused kernel image (initmem) memory: 3432K
[    0.674830] Write protecting the kernel read-only data: 32768k
[    0.675266] Freeing unused kernel image (rodata/data gap) memory: 896K
[    0.743093] x86/mm: Checked W+X mappings: passed, no W+X pages found.
[    0.743104] rodata_test: all tests were successful
[    0.743114] Run /init as init process
[    0.743116]   with arguments:
[    0.743118]     /init
[    0.743120]   with environment:
[    0.743121]     HOME=/
[    0.743123]     TERM=linux
[    0.799726] fbcon: Taking over console
[    0.803588] Console: switching to colour frame buffer device 170x48
[    0.820579] raid6: skipped pq benchmark and selected avx2x4
[    0.820584] raid6: using avx2x2 recovery algorithm
[    0.824698] xor: automatically using best checksumming function   avx       
[    0.980978] Btrfs loaded, zoned=yes, fsverity=yes
[    1.113032] ACPI: video: Video Device [VGA] (multi-head: yes  rom: no  post: no)
[    1.113412] input: Video Bus as /devices/LNXSYSTM:00/LNXSYBUS:00/PNP0A08:00/device:0b/LNXVIDEO:00/input/input4
[    1.118078] i8042: PNP: PS/2 Controller [PNP0303:KBD,PNP0f13:MOU] at 0x60,0x64 irq 1,12
[    1.124517] serio: i8042 KBD port at 0x60,0x64 irq 1
[    1.124605] serio: i8042 AUX port at 0x60,0x64 irq 12
[    1.127907] rtsx_pci 0000:04:00.0: enabling device (0000 -> 0002)
[    1.130616] xhci_hcd 0000:05:00.3: xHCI Host Controller
[    1.130670] xhci_hcd 0000:05:00.3: new USB bus registered, assigned bus number 2
[    1.130853] xhci_hcd 0000:05:00.3: hcc params 0x0270ffe5 hci version 0x110 quirks 0x0000000840000010
[    1.131399] xhci_hcd 0000:05:00.3: xHCI Host Controller
[    1.131405] xhci_hcd 0000:05:00.3: new USB bus registered, assigned bus number 3
[    1.131410] xhci_hcd 0000:05:00.3: Host supports USB 3.1 Enhanced SuperSpeed
[    1.131511] usb usb2: New USB device found, idVendor=1d6b, idProduct=0002, bcdDevice= 6.10
[    1.131516] usb usb2: New USB device strings: Mfr=3, Product=2, SerialNumber=1
[    1.131520] usb usb2: Product: xHCI Host Controller
[    1.131523] usb usb2: Manufacturer: Linux 6.10.6-arch1-1 xhci-hcd
[    1.131526] usb usb2: SerialNumber: 0000:05:00.3
[    1.131737] hub 2-0:1.0: USB hub found
[    1.132146] hub 2-0:1.0: 4 ports detected
[    1.133254] usb usb3: We don't know the algorithms for LPM for this host, disabling LPM.
[    1.133328] usb usb3: New USB device found, idVendor=1d6b, idProduct=0003, bcdDevice= 6.10
[    1.133333] usb usb3: New USB device strings: Mfr=3, Product=2, SerialNumber=1
[    1.133337] usb usb3: Product: xHCI Host Controller
[    1.133341] usb usb3: Manufacturer: Linux 6.10.6-arch1-1 xhci-hcd
[    1.133344] usb usb3: SerialNumber: 0000:05:00.3
[    1.133539] hub 3-0:1.0: USB hub found
[    1.133558] hub 3-0:1.0: 4 ports detected
[    1.134581] xhci_hcd 0000:05:00.4: xHCI Host Controller
[    1.134593] xhci_hcd 0000:05:00.4: new USB bus registered, assigned bus number 4
[    1.134750] xhci_hcd 0000:05:00.4: hcc params 0x0260ffe5 hci version 0x110 quirks 0x0000000840000010
[    1.135203] xhci_hcd 0000:05:00.4: xHCI Host Controller
[    1.135208] xhci_hcd 0000:05:00.4: new USB bus registered, assigned bus number 5
[    1.135214] xhci_hcd 0000:05:00.4: Host supports USB 3.1 Enhanced SuperSpeed
[    1.135301] usb usb4: New USB device found, idVendor=1d6b, idProduct=0002, bcdDevice= 6.10
[    1.135306] usb usb4: New USB device strings: Mfr=3, Product=2, SerialNumber=1
[    1.135309] usb usb4: Product: xHCI Host Controller
[    1.135312] usb usb4: Manufacturer: Linux 6.10.6-arch1-1 xhci-hcd
[    1.135315] usb usb4: SerialNumber: 0000:05:00.4
[    1.135495] hub 4-0:1.0: USB hub found
[    1.135512] hub 4-0:1.0: 2 ports detected
[    1.135765] usb usb5: We don't know the algorithms for LPM for this host, disabling LPM.
[    1.135810] usb usb5: New USB device found, idVendor=1d6b, idProduct=0003, bcdDevice= 6.10
[    1.135814] usb usb5: New USB device strings: Mfr=3, Product=2, SerialNumber=1
[    1.135818] usb usb5: Product: xHCI Host Controller
[    1.135821] usb usb5: Manufacturer: Linux 6.10.6-arch1-1 xhci-hcd
[    1.135824] usb usb5: SerialNumber: 0000:05:00.4
[    1.135974] hub 5-0:1.0: USB hub found
[    1.135990] hub 5-0:1.0: 1 port detected
[    1.148773] nvme nvme0: pci function 0000:02:00.0
[    1.159545] nvme nvme0: missing or invalid SUBNQN field.
[    1.159734] nvme nvme0: D3 entry latency set to 8 seconds
[    1.171650] nvme nvme0: 8/0/0 default/read/poll queues
[    1.175792]  nvme0n1: p1 p2
[    1.193969] input: AT Translated Set 2 keyboard as /devices/platform/i8042/serio0/input/input5
[    1.196276] thinkpad_acpi: ThinkPad ACPI Extras v0.26
[    1.196280] thinkpad_acpi: http://ibm-acpi.sf.net/
[    1.196282] thinkpad_acpi: ThinkPad BIOS R13ET54W(1.28 ), EC R13HT54W
[    1.196284] thinkpad_acpi: Lenovo ThinkPad X395, model 20NMS0C901
[    1.196626] thinkpad_acpi: radio switch found; radios are enabled
[    1.196637] thinkpad_acpi: This ThinkPad has standard ACPI backlight brightness control, supported by the ACPI video driver
[    1.196639] thinkpad_acpi: Disabling thinkpad-acpi brightness events by default...
[    1.200811] thinkpad_acpi: rfkill switch tpacpi_bluetooth_sw: radio is unblocked
[    1.210117] thinkpad_acpi: Standard ACPI backlight interface available, not loading native one
[    1.222371] thinkpad_acpi: secondary fan control detected & enabled
[    1.235461] thinkpad_acpi: battery 1 registered (start 95, stop 100, behaviours: 0x7)
[    1.235547] ACPI: battery: new extension: ThinkPad Battery Extension
[    1.236566] input: ThinkPad Extra Buttons as /devices/platform/thinkpad_acpi/input/input7
[    1.383770] usb 4-1: new full-speed USB device number 2 using xhci_hcd
[    1.440435] tsc: Refined TSC clocksource calibration: 2096.061 MHz
[    1.440443] clocksource: tsc: mask: 0xffffffffffffffff max_cycles: 0x1e36a769ed4, max_idle_ns: 440795206585 ns
[    1.443757] clocksource: Switched to clocksource tsc
[    1.537342] usb 4-1: New USB device found, idVendor=8087, idProduct=0025, bcdDevice= 0.02
[    1.537351] usb 4-1: New USB device strings: Mfr=0, Product=0, SerialNumber=0
[    1.663791] usb 4-2: new high-speed USB device number 3 using xhci_hcd
[    1.805862] usb 4-2: New USB device found, idVendor=05e3, idProduct=0610, bcdDevice=60.52
[    1.805871] usb 4-2: New USB device strings: Mfr=0, Product=1, SerialNumber=0
[    1.805875] usb 4-2: Product: USB2.0 Hub
[    1.839850] hub 4-2:1.0: USB hub found
[    1.840231] hub 4-2:1.0: 4 ports detected
[    2.183793] usb 4-2.1: new high-speed USB device number 4 using xhci_hcd
[    2.306372] usb 4-2.1: New USB device found, idVendor=13d3, idProduct=56a6, bcdDevice=20.01
[    2.306382] usb 4-2.1: New USB device strings: Mfr=3, Product=1, SerialNumber=2
[    2.306388] usb 4-2.1: Product: Integrated Camera
[    2.306392] usb 4-2.1: Manufacturer: Azurewave
[    2.306397] usb 4-2.1: SerialNumber: 0001
[    2.427145] usb 4-2.4: new full-speed USB device number 5 using xhci_hcd
[    2.534382] usb 4-2.4: New USB device found, idVendor=06cb, idProduct=00bd, bcdDevice= 0.00
[    2.534392] usb 4-2.4: New USB device strings: Mfr=0, Product=0, SerialNumber=1
[    2.534398] usb 4-2.4: SerialNumber: 9ea037685fb5
[    4.097769] [drm] amdgpu kernel modesetting enabled.
[    4.125442] amdgpu: Virtual CRAT table created for CPU
[    4.125464] amdgpu: Topology: Add CPU node
[    4.125772] [drm] initializing kernel modesetting (RAVEN 0x1002:0x15D8 0x17AA:0x5126 0xD2).
[    4.127720] [drm] register mmio base: 0xD0500000
[    4.127722] [drm] register mmio size: 524288
[    4.127842] [drm] add ip block number 0 <soc15_common>
[    4.127845] [drm] add ip block number 1 <gmc_v9_0>
[    4.127847] [drm] add ip block number 2 <vega10_ih>
[    4.127849] [drm] add ip block number 3 <psp>
[    4.127851] [drm] add ip block number 4 <powerplay>
[    4.127853] [drm] add ip block number 5 <dm>
[    4.127855] [drm] add ip block number 6 <gfx_v9_0>
[    4.127858] [drm] add ip block number 7 <sdma_v4_0>
[    4.127860] [drm] add ip block number 8 <vcn_v1_0>
[    4.154113] [drm] BIOS signature incorrect 0 0
[    4.154139] amdgpu 0000:05:00.0: amdgpu: Fetched VBIOS from ROM BAR
[    4.154142] amdgpu: ATOM BIOS: 113-PICASSO-117
[    4.156229] [drm] VCN decode is enabled in VM mode
[    4.156230] [drm] VCN encode is enabled in VM mode
[    4.156232] [drm] JPEG decode is enabled in VM mode
[    4.170580] Console: switching to colour dummy device 80x25
[    4.197842] amdgpu 0000:05:00.0: vgaarb: deactivate vga console
[    4.197848] amdgpu 0000:05:00.0: amdgpu: Trusted Memory Zone (TMZ) feature enabled
[    4.198003] [drm] vm size is 262144 GB, 4 levels, block size is 9-bit, fragment size is 9-bit
[    4.198017] amdgpu 0000:05:00.0: amdgpu: VRAM: 2048M 0x000000F400000000 - 0x000000F47FFFFFFF (2048M used)
[    4.198021] amdgpu 0000:05:00.0: amdgpu: GART: 1024M 0x0000000000000000 - 0x000000003FFFFFFF
[    4.198037] [drm] Detected VRAM RAM=2048M, BAR=2048M
[    4.198040] [drm] RAM width 128bits DDR4
[    4.198399] [drm] amdgpu: 2048M of VRAM memory ready
[    4.198403] [drm] amdgpu: 2919M of GTT memory ready.
[    4.198430] [drm] GART: num cpu pages 262144, num gpu pages 262144
[    4.198728] [drm] PCIE GART of 1024M enabled.
[    4.198730] [drm] PTB located at 0x000000F400A00000
[    4.199692] amdgpu: hwmgr_sw_init smu backed is smu10_smu
[    4.200775] [drm] Found VCN firmware Version ENC: 1.15 DEC: 3 VEP: 0 Revision: 0
[    4.200791] amdgpu 0000:05:00.0: amdgpu: Will use PSP to load VCN firmware
[    4.221838] amdgpu 0000:05:00.0: amdgpu: reserve 0x400000 from 0xf47fc00000 for PSP TMR
[    4.302810] amdgpu 0000:05:00.0: amdgpu: RAS: optional ras ta ucode is not available
[    4.312396] amdgpu 0000:05:00.0: amdgpu: RAP: optional rap ta ucode is not available
[    4.318025] amdgpu 0000:05:00.0: amdgpu: psp gfx command LOAD_TA(0x1) failed and response status is (0x7)
[    4.318242] amdgpu 0000:05:00.0: amdgpu: psp gfx command INVOKE_CMD(0x3) failed and response status is (0x4)
[    4.318246] amdgpu 0000:05:00.0: amdgpu: Secure display: Generic Failure.
[    4.318256] amdgpu 0000:05:00.0: amdgpu: SECUREDISPLAY: query securedisplay TA failed. ret 0x0
[    4.319102] [drm] DM_PPLIB: values for F clock
[    4.319107] [drm] DM_PPLIB:	 400000 in kHz, 2874 in mV
[    4.319109] [drm] DM_PPLIB:	 933000 in kHz, 3224 in mV
[    4.319111] [drm] DM_PPLIB:	 1067000 in kHz, 3924 in mV
[    4.319113] [drm] DM_PPLIB:	 1200000 in kHz, 4074 in mV
[    4.319115] [drm] DM_PPLIB: values for DCF clock
[    4.319117] [drm] DM_PPLIB:	 300000 in kHz, 2874 in mV
[    4.319119] [drm] DM_PPLIB:	 600000 in kHz, 3224 in mV
[    4.319121] [drm] DM_PPLIB:	 626000 in kHz, 3924 in mV
[    4.319122] [drm] DM_PPLIB:	 654000 in kHz, 4074 in mV
[    4.320293] [drm] Display Core v3.2.281 initialized on DCN 1.0
[    4.403515] [drm] kiq ring mec 2 pipe 1 q 0
[    4.418050] [drm] VCN decode and encode initialized successfully(under SPG Mode).
[    4.420744] kfd kfd: amdgpu: Allocated 3969056 bytes on gart
[    4.420760] kfd kfd: amdgpu: Total number of KFD nodes to be created: 1
[    4.420928] amdgpu: Virtual CRAT table created for GPU
[    4.421022] amdgpu: Topology: Add dGPU node [0x15d8:0x1002]
[    4.421025] kfd kfd: amdgpu: added device 1002:15d8
[    4.421042] amdgpu 0000:05:00.0: amdgpu: SE 1, SH per SE 1, CU per SH 11, active_cu_number 8
[    4.421047] amdgpu 0000:05:00.0: amdgpu: ring gfx uses VM inv eng 0 on hub 0
[    4.421050] amdgpu 0000:05:00.0: amdgpu: ring comp_1.0.0 uses VM inv eng 1 on hub 0
[    4.421053] amdgpu 0000:05:00.0: amdgpu: ring comp_1.1.0 uses VM inv eng 4 on hub 0
[    4.421056] amdgpu 0000:05:00.0: amdgpu: ring comp_1.2.0 uses VM inv eng 5 on hub 0
[    4.421059] amdgpu 0000:05:00.0: amdgpu: ring comp_1.3.0 uses VM inv eng 6 on hub 0
[    4.421062] amdgpu 0000:05:00.0: amdgpu: ring comp_1.0.1 uses VM inv eng 7 on hub 0
[    4.421064] amdgpu 0000:05:00.0: amdgpu: ring comp_1.1.1 uses VM inv eng 8 on hub 0
[    4.421067] amdgpu 0000:05:00.0: amdgpu: ring comp_1.2.1 uses VM inv eng 9 on hub 0
[    4.421069] amdgpu 0000:05:00.0: amdgpu: ring comp_1.3.1 uses VM inv eng 10 on hub 0
[    4.421072] amdgpu 0000:05:00.0: amdgpu: ring kiq_0.2.1.0 uses VM inv eng 11 on hub 0
[    4.421075] amdgpu 0000:05:00.0: amdgpu: ring sdma0 uses VM inv eng 0 on hub 8
[    4.421077] amdgpu 0000:05:00.0: amdgpu: ring vcn_dec uses VM inv eng 1 on hub 8
[    4.421080] amdgpu 0000:05:00.0: amdgpu: ring vcn_enc0 uses VM inv eng 4 on hub 8
[    4.421083] amdgpu 0000:05:00.0: amdgpu: ring vcn_enc1 uses VM inv eng 5 on hub 8
[    4.421086] amdgpu 0000:05:00.0: amdgpu: ring jpeg_dec uses VM inv eng 6 on hub 8
[    4.428113] amdgpu: pp_dpm_get_sclk_od was not implemented.
[    4.428117] amdgpu: pp_dpm_get_mclk_od was not implemented.
[    4.428324] amdgpu 0000:05:00.0: amdgpu: Runtime PM not available
[    4.429415] [drm] Initialized amdgpu 3.57.0 20150101 for 0000:05:00.0 on minor 1
[    4.434982] fbcon: amdgpudrmfb (fb0) is primary device
[    4.439630] Console: switching to colour frame buffer device 170x48
[    4.455472] amdgpu 0000:05:00.0: [drm] fb0: amdgpudrmfb frame buffer device
[    4.527639] BTRFS: device fsid a7a53ebf-00d3-42fd-93dc-52ba94a54cd3 devid 1 transid 3512 /dev/nvme0n1p2 (259:2) scanned by mount (269)
[    4.528069] BTRFS info (device nvme0n1p2): first mount of filesystem a7a53ebf-00d3-42fd-93dc-52ba94a54cd3
[    4.528084] BTRFS info (device nvme0n1p2): using crc32c (crc32c-intel) checksum algorithm
[    4.528092] BTRFS info (device nvme0n1p2): using free-space-tree
[    4.701986] systemd[1]: systemd 256.5-1-arch running in system mode (+PAM +AUDIT -SELINUX -APPARMOR -IMA +SMACK +SECCOMP +GCRYPT +GNUTLS +OPENSSL +ACL +BLKID +CURL +ELFUTILS +FIDO2 +IDN2 -IDN +IPTC +KMOD +LIBCRYPTSETUP +LIBCRYPTSETUP_PLUGINS +LIBFDISK +PCRE2 +PWQUALITY +P11KIT +QRENCODE +TPM2 +BZIP2 +LZ4 +XZ +ZLIB +ZSTD +BPF_FRAMEWORK +XKBCOMMON +UTMP -SYSVINIT +LIBARCHIVE)
[    4.701993] systemd[1]: Detected architecture x86-64.
[    4.702970] systemd[1]: Hostname set to <preskhost>.
[    4.890897] systemd[1]: bpf-restrict-fs: LSM BPF program attached
[    4.937033] zram: Added device: zram0
[    5.017142] systemd[1]: Queued start job for default target Graphical Interface.
[    5.069084] systemd[1]: Created slice Slice /system/dirmngr.
[    5.069698] systemd[1]: Created slice Slice /system/getty.
[    5.070215] systemd[1]: Created slice Slice /system/gpg-agent.
[    5.070755] systemd[1]: Created slice Slice /system/gpg-agent-browser.
[    5.071277] systemd[1]: Created slice Slice /system/gpg-agent-extra.
[    5.071809] systemd[1]: Created slice Slice /system/gpg-agent-ssh.
[    5.072320] systemd[1]: Created slice Slice /system/keyboxd.
[    5.072846] systemd[1]: Created slice Slice /system/modprobe.
[    5.073358] systemd[1]: Created slice Slice /system/systemd-zram-setup.
[    5.073797] systemd[1]: Created slice User and Session Slice.
[    5.073997] systemd[1]: Started Dispatch Password Requests to Console Directory Watch.
[    5.074182] systemd[1]: Started Forward Password Requests to Wall Directory Watch.
[    5.074529] systemd[1]: Set up automount Arbitrary Executable File Formats File System Automount Point.
[    5.074638] systemd[1]: Expecting device /dev/disk/by-uuid/BE11-2ED6...
[    5.074707] systemd[1]: Expecting device /dev/disk/by-uuid/a7a53ebf-00d3-42fd-93dc-52ba94a54cd3...
[    5.074779] systemd[1]: Expecting device /dev/zram0...
[    5.074850] systemd[1]: Reached target Local Encrypted Volumes.
[    5.074920] systemd[1]: Reached target Login Prompts.
[    5.074978] systemd[1]: Reached target Local Integrity Protected Volumes.
[    5.075055] systemd[1]: Reached target Path Units.
[    5.075116] systemd[1]: Reached target Remote File Systems.
[    5.075173] systemd[1]: Reached target Slice Units.
[    5.075253] systemd[1]: Reached target Local Verity Protected Volumes.
[    5.075410] systemd[1]: Listening on Device-mapper event daemon FIFOs.
[    5.076974] systemd[1]: Listening on Process Core Dump Socket.
[    5.077895] systemd[1]: Listening on Credential Encryption/Decryption.
[    5.078083] systemd[1]: Listening on Journal Socket (/dev/log).
[    5.078246] systemd[1]: Listening on Journal Sockets.
[    5.078435] systemd[1]: Listening on Network Service Netlink Socket.
[    5.078533] systemd[1]: TPM PCR Measurements was skipped because of an unmet condition check (ConditionSecurity=measured-uki).
[    5.078551] systemd[1]: Make TPM PCR Policy was skipped because of an unmet condition check (ConditionSecurity=measured-uki).
[    5.078646] systemd[1]: Listening on udev Control Socket.
[    5.078774] systemd[1]: Listening on udev Kernel Socket.
[    5.078921] systemd[1]: Listening on User Database Manager Socket.
[    5.081608] systemd[1]: Mounting Huge Pages File System...
[    5.082912] systemd[1]: Mounting POSIX Message Queue File System...
[    5.084288] systemd[1]: Mounting Kernel Debug File System...
[    5.085640] systemd[1]: Mounting Kernel Trace File System...
[    5.087932] systemd[1]: Starting Create List of Static Device Nodes...
[    5.090833] systemd[1]: Starting Load Kernel Module configfs...
[    5.093011] systemd[1]: Starting Load Kernel Module dm_mod...
[    5.095056] systemd[1]: Starting Load Kernel Module drm...
[    5.097001] systemd[1]: Starting Load Kernel Module fuse...
[    5.099298] systemd[1]: Starting Load Kernel Module loop...
[    5.100125] systemd[1]: Clear Stale Hibernate Storage Info was skipped because of an unmet condition check (ConditionPathExists=/sys/firmware/efi/efivars/HibernateLocation-8cf2644b-4b0b-428f-9387-6d876050dc67).
[    5.102742] systemd[1]: Starting Journal Service...
[    5.104997] systemd[1]: Starting Load Kernel Modules...
[    5.106924] systemd[1]: Starting Generate network units from Kernel command line...
[    5.107621] systemd[1]: TPM PCR Machine ID Measurement was skipped because of an unmet condition check (ConditionSecurity=measured-uki).
[    5.108877] systemd[1]: Starting Remount Root and Kernel File Systems...
[    5.109689] systemd[1]: Early TPM SRK Setup was skipped because of an unmet condition check (ConditionSecurity=measured-uki).
[    5.111009] systemd[1]: Starting Load udev Rules from Credentials...
[    5.114009] systemd[1]: Starting Coldplug All udev Devices...
[    5.116414] device-mapper: uevent: version 1.0.3
[    5.116557] loop: module loaded
[    5.116679] device-mapper: ioctl: 4.48.0-ioctl (2023-03-01) initialised: dm-devel@lists.linux.dev
[    5.119926] systemd[1]: Mounted Huge Pages File System.
[    5.120897] systemd[1]: Mounted POSIX Message Queue File System.
[    5.122015] systemd[1]: Mounted Kernel Debug File System.
[    5.122680] Asymmetric key parser 'pkcs8' registered
[    5.123159] systemd[1]: Mounted Kernel Trace File System.
[    5.124415] systemd[1]: Finished Create List of Static Device Nodes.
[    5.125665] systemd[1]: modprobe@configfs.service: Deactivated successfully.
[    5.125962] systemd[1]: Finished Load Kernel Module configfs.
[    5.127254] systemd[1]: modprobe@dm_mod.service: Deactivated successfully.
[    5.127561] systemd[1]: Finished Load Kernel Module dm_mod.
[    5.128627] systemd[1]: modprobe@drm.service: Deactivated successfully.
[    5.128840] systemd-journald[339]: Collecting audit messages is disabled.
[    5.128917] systemd[1]: Finished Load Kernel Module drm.
[    5.129920] systemd[1]: modprobe@fuse.service: Deactivated successfully.
[    5.130200] systemd[1]: Finished Load Kernel Module fuse.
[    5.131487] systemd[1]: modprobe@loop.service: Deactivated successfully.
[    5.131782] systemd[1]: Finished Load Kernel Module loop.
[    5.132952] systemd[1]: Finished Load Kernel Modules.
[    5.134060] systemd[1]: Finished Generate network units from Kernel command line.
[    5.135127] systemd[1]: Finished Load udev Rules from Credentials.
[    5.136037] systemd[1]: Reached target Preparation for Network.
[    5.137763] systemd[1]: Mounting FUSE Control File System...
[    5.139434] systemd[1]: Mounting Kernel Configuration File System...
[    5.140010] systemd[1]: Repartition Root Disk was skipped because no trigger condition checks were met.
[    5.141149] systemd[1]: Starting Apply Kernel Variables...
[    5.142981] systemd[1]: Starting Create Static Device Nodes in /dev gracefully...
[    5.146621] systemd[1]: Mounted Kernel Configuration File System.
[    5.147966] systemd[1]: Mounted FUSE Control File System.
[    5.154928] systemd[1]: Finished Apply Kernel Variables.
[    5.164092] systemd[1]: Starting User Database Manager...
[    5.204792] systemd[1]: Started Journal Service.
[    5.230822] BTRFS info (device nvme0n1p2 state M): use zstd compression, level 3
[    5.559957] zram0: detected capacity change from 0 to 5978112
[    5.615025] piix4_smbus 0000:00:14.0: SMBus Host Controller at 0xb00, revision 0
[    5.615035] piix4_smbus 0000:00:14.0: Using register 0x02 for SMBus port selection
[    5.615346] piix4_smbus 0000:00:14.0: Auxiliary SMBus Host Controller at 0xb20
[    5.622676] IPMI message handler: version 39.2
[    5.624400] Adding 2989052k swap on /dev/zram0.  Priority:100 extents:1 across:2989052k SSDsc
[    5.624536] sp5100_tco: SP5100/SB800 TCO WatchDog Timer Driver
[    5.624749] sp5100-tco sp5100-tco: Using 0xfeb00000 for watchdog MMIO address
[    5.629071] snd_pci_acp3x 0000:05:00.5: enabling device (0000 -> 0002)
[    5.629338] snd_pci_acp3x 0000:05:00.5: ACP audio mode : 2
[    5.630757] ccp 0000:05:00.2: enabling device (0000 -> 0002)
[    5.634334] sp5100-tco sp5100-tco: initialized. heartbeat=60 sec (nowayout=0)
[    5.640786] ipmi device interface
[    5.662393] ccp 0000:05:00.2: ccp enabled
[    5.663746] ccp 0000:05:00.2: tee enabled
[    5.664577] ccp 0000:05:00.2: psp enabled
[    5.724349] input: PC Speaker as /devices/platform/pcspkr/input/input9
[    5.724533] mc: Linux media interface: v0.10
[    5.727756] cfg80211: Loading compiled-in X.509 certificates for regulatory database
[    5.734136] ipmi_si: IPMI System Interface driver
[    5.736323] Loaded X.509 cert 'sforshee: 00b28ddf47aef9cea7'
[    5.736567] Loaded X.509 cert 'wens: 61c038651aabdcf94bd0ac7ff06c7248db18c600'
[    5.737195] RAPL PMU: API unit is 2^-32 Joules, 1 fixed counters, 163840 ms ovfl timer
[    5.737199] RAPL PMU: hw unit of domain package 2^-16 Joules
[    5.737682] platform regulatory.0: Direct firmware load for regulatory.db failed with error -2
[    5.737689] cfg80211: failed to load regulatory.db
[    5.764100] Bluetooth: Core ver 2.22
[    5.764132] NET: Registered PF_BLUETOOTH protocol family
[    5.764136] Bluetooth: HCI device and connection manager initialized
[    5.764142] Bluetooth: HCI socket layer initialized
[    5.764146] Bluetooth: L2CAP socket layer initialized
[    5.764152] Bluetooth: SCO socket layer initialized
[    5.765677] cryptd: max_cpu_qlen set to 1000
[    5.780277] r8169 0000:03:00.0: can't disable ASPM; OS doesn't have ASPM control
[    5.786769] acpi_cpufreq: overriding BIOS provided _PSD data
[    5.788833] AVX2 version of gcm_enc/dec engaged.
[    5.788882] AES CTR mode by8 optimization enabled
[    5.797809] r8169 0000:03:00.0 eth0: RTL8168ep/8111ep, f8:75:a4:94:85:e7, XID 502, IRQ 72
[    5.797818] r8169 0000:03:00.0 eth0: jumbo features [frames: 9194 bytes, tx checksumming: ko]
[    5.797822] r8169 0000:03:00.0 eth0: DASH disabled
[    5.804044] videodev: Linux video capture interface: v2.00
[    5.807203] ipmi_si: Unable to find any System Interface(s)
[    5.809744] r8169 0000:03:00.0 enp3s0f0: renamed from eth0
[    5.812045] Intel(R) Wireless WiFi driver for Linux
[    5.813894] iwlwifi 0000:01:00.0: enabling device (0000 -> 0002)
[    5.819124] iwlwifi 0000:01:00.0: Detected crf-id 0x2816, cnv-id 0x1000200 wfpm id 0x80000000
[    5.819225] iwlwifi 0000:01:00.0: PCI dev 2526/0014, rev=0x321, rfid=0x105110
[    5.831340] iwlwifi 0000:01:00.0: WRT: Overriding region id 0
[    5.831348] iwlwifi 0000:01:00.0: WRT: Overriding region id 1
[    5.831351] iwlwifi 0000:01:00.0: WRT: Overriding region id 2
[    5.831354] iwlwifi 0000:01:00.0: WRT: Overriding region id 3
[    5.831357] iwlwifi 0000:01:00.0: WRT: Overriding region id 4
[    5.831359] iwlwifi 0000:01:00.0: WRT: Overriding region id 6
[    5.831362] iwlwifi 0000:01:00.0: WRT: Overriding region id 8
[    5.831364] iwlwifi 0000:01:00.0: WRT: Overriding region id 9
[    5.831367] iwlwifi 0000:01:00.0: WRT: Overriding region id 10
[    5.831370] iwlwifi 0000:01:00.0: WRT: Overriding region id 11
[    5.831372] iwlwifi 0000:01:00.0: WRT: Overriding region id 15
[    5.831375] iwlwifi 0000:01:00.0: WRT: Overriding region id 16
[    5.831378] iwlwifi 0000:01:00.0: WRT: Overriding region id 18
[    5.831398] iwlwifi 0000:01:00.0: WRT: Overriding region id 19
[    5.831401] iwlwifi 0000:01:00.0: WRT: Overriding region id 20
[    5.831404] iwlwifi 0000:01:00.0: WRT: Overriding region id 21
[    5.831406] iwlwifi 0000:01:00.0: WRT: Overriding region id 28
[    5.833519] iwlwifi 0000:01:00.0: loaded firmware version 46.7e3e4b69.0 9260-th-b0-jf-b0-46.ucode op_mode iwlmvm
[    5.863935] Generic FE-GE Realtek PHY r8169-0-300:00: attached PHY driver (mii_bus:phy_addr=r8169-0-300:00, irq=MAC)
[    5.895645] pps_core: LinuxPPS API ver. 1 registered
[    5.895653] pps_core: Software ver. 5.3.6 - Copyright 2005-2007 Rodolfo Giometti <giometti@linux.it>
[    5.902511] PTP clock support registered
[    5.908313] snd_hda_intel 0000:05:00.1: enabling device (0000 -> 0002)
[    5.909628] snd_hda_intel 0000:05:00.1: Handle vga_switcheroo audio client
[    5.910630] snd_hda_intel 0000:05:00.6: enabling device (0000 -> 0002)
[    5.927580] snd_hda_intel 0000:05:00.1: bound 0000:05:00.0 (ops amdgpu_dm_audio_component_bind_ops [amdgpu])
[    5.928459] usb 4-2.1: Found UVC 1.00 device Integrated Camera (13d3:56a6)
[    5.929634] input: HD-Audio Generic HDMI/DP,pcm=3 as /devices/pci0000:00/0000:00:08.1/0000:05:00.1/sound/card0/input11
[    5.929719] input: HD-Audio Generic HDMI/DP,pcm=7 as /devices/pci0000:00/0000:00:08.1/0000:05:00.1/sound/card0/input12
[    5.929803] input: HD-Audio Generic HDMI/DP,pcm=8 as /devices/pci0000:00/0000:00:08.1/0000:05:00.1/sound/card0/input13
[    5.938634] usbcore: registered new interface driver uvcvideo
[    5.947837] usbcore: registered new interface driver btusb
[    5.951377] Bluetooth: hci0: Bootloader revision 0.1 build 42 week 52 2015
[    5.955395] Bluetooth: hci0: Device revision is 2
[    5.955401] Bluetooth: hci0: Secure boot is enabled
[    5.955403] Bluetooth: hci0: OTP lock is enabled
[    5.955405] Bluetooth: hci0: API lock is enabled
[    5.955406] Bluetooth: hci0: Debug lock is disabled
[    5.955408] Bluetooth: hci0: Minimum firmware build 1 week 10 2014
[    5.960976] Bluetooth: hci0: Found device firmware: intel/ibt-18-16-1.sfi
[    5.960997] Bluetooth: hci0: Boot Address: 0x40800
[    5.961000] Bluetooth: hci0: Firmware Version: 201-12.24
[    5.987183] r8169 0000:03:00.0 enp3s0f0: Link is Down
[    6.096687] snd_hda_codec_realtek hdaudioC1D0: autoconfig for ALC257: line_outs=1 (0x14/0x0/0x0/0x0/0x0) type:speaker
[    6.096697] snd_hda_codec_realtek hdaudioC1D0:    speaker_outs=0 (0x0/0x0/0x0/0x0/0x0)
[    6.096701] snd_hda_codec_realtek hdaudioC1D0:    hp_outs=1 (0x21/0x0/0x0/0x0/0x0)
[    6.096705] snd_hda_codec_realtek hdaudioC1D0:    mono: mono_out=0x0
[    6.096708] snd_hda_codec_realtek hdaudioC1D0:    inputs:
[    6.096710] snd_hda_codec_realtek hdaudioC1D0:      Mic=0x19
[    6.096714] snd_hda_codec_realtek hdaudioC1D0:      Internal Mic=0x12
[    6.099827] kvm_amd: TSC scaling supported
[    6.099833] kvm_amd: Nested Virtualization enabled
[    6.099835] kvm_amd: Nested Paging enabled
[    6.099837] kvm_amd: LBR virtualization supported
[    6.099840] kvm_amd: SEV enabled (ASIDs 0 - 15)
[    6.099842] kvm_amd: SEV-ES enabled (ASIDs 0 - 4294967295)
[    6.099857] kvm_amd: Virtual VMLOAD VMSAVE supported
[    6.099858] kvm_amd: Virtual GIF supported
[    6.127877] iwlwifi 0000:01:00.0: Detected Intel(R) Wireless-AC 9260 160MHz, REV=0x321
[    6.172500] input: HD-Audio Generic Mic as /devices/pci0000:00/0000:00:08.1/0000:05:00.6/sound/card1/input14
[    6.172603] input: HD-Audio Generic Headphone as /devices/pci0000:00/0000:00:08.1/0000:05:00.6/sound/card1/input15
[    6.184458] iwlwifi 0000:01:00.0: base HW address: 0c:7a:15:cb:45:fd, OTP minor version: 0x4
[    6.187992] systemd-journald[339]: Received client request to flush runtime journal.
[    6.190734] systemd-journald[339]: File /var/log/journal/573a5841725c4155900a7431723084c7/system.journal corrupted or uncleanly shut down, renaming and replacing.
[    6.199264] FAT-fs (nvme0n1p1): Volume was not properly unmounted. Some data may be corrupt. Please run fsck.
[    6.213439] AMD Address Translation Library initialized
[    6.214253] intel_rapl_common: Found RAPL domain package
[    6.214259] intel_rapl_common: Found RAPL domain core
[    6.253725] ieee80211 phy0: Selected rate control algorithm 'iwl-mvm-rs'
[    6.297723] psmouse serio1: elantech: assuming hardware version 4 (with firmware version 0x7f3001)
[    6.308636] psmouse serio1: elantech: Synaptics capabilities query result 0x90, 0x18, 0x0f.
[    6.318987] psmouse serio1: elantech: Elan sample query result 00, 2f, c9
[    6.329013] psmouse serio1: elantech: Elan ic body: 0x10, current fw version: 0x0
[    6.351070] psmouse serio1: elantech: Trying to set up SMBus access
[    6.351114] psmouse serio1: elantech: SMbus companion is not ready yet
[    6.372212] input: ETPS/2 Elantech TrackPoint as /devices/platform/i8042/serio1/input/input16
[    6.381054] mousedev: PS/2 mouse device common for all mice
[    6.389898] input: ETPS/2 Elantech Touchpad as /devices/platform/i8042/serio1/input/input10
[    6.474050] iwlwifi 0000:01:00.0: Registered PHC clock: iwlwifi-PTP, with index: 0
[    6.753560] NET: Registered PF_ALG protocol family
[    7.262360] Bluetooth: hci0: Waiting for firmware download to complete
[    7.263346] Bluetooth: hci0: Firmware loaded in 1271839 usecs
[    7.263406] Bluetooth: hci0: Waiting for device to boot
[    7.280367] Bluetooth: hci0: Device booted in 16590 usecs
[    7.280478] Bluetooth: hci0: Malformed MSFT vendor event: 0x02
[    7.280773] Bluetooth: hci0: Found Intel DDC parameters: intel/ibt-18-16-1.ddc
[    7.288375] Bluetooth: hci0: Applying Intel DDC parameters completed
[    7.292373] Bluetooth: hci0: Firmware revision 0.1 build 201 week 12 2024
[    7.300378] Bluetooth: hci0: HCI LE Coded PHY feature bit is set, but its usage is not supported.
[    7.646054] wlan0: authenticate with 14:a3:2f:e8:cb:79 (local address=0c:7a:15:cb:45:fd)
[    7.646420] wlan0: send auth to 14:a3:2f:e8:cb:79 (try 1/3)
[    7.706953] wlan0: authenticated
[    7.707114] wlan0: associate with 14:a3:2f:e8:cb:79 (try 1/3)
[    7.712824] wlan0: RX AssocResp from 14:a3:2f:e8:cb:79 (capab=0x411 status=0 aid=1)
[    7.718717] wlan0: associated
[   16.882639] systemd-journald[339]: File /var/log/journal/573a5841725c4155900a7431723084c7/user-1000.journal corrupted or uncleanly shut down, renaming and replacing.
[ 1819.171877] iwlwifi 0000:01:00.0: Unhandled alg: 0xc040071b
[ 2820.927270] PM: suspend entry (deep)
[ 2820.969918] Filesystems sync: 0.042 seconds
[ 2820.975206] Freezing user space processes
[ 2820.976862] Freezing user space processes completed (elapsed 0.001 seconds)
[ 2820.976866] OOM killer disabled.
[ 2820.976868] Freezing remaining freezable tasks
[ 2820.978159] Freezing remaining freezable tasks completed (elapsed 0.001 seconds)
[ 2820.978190] printk: Suspending console(s) (use no_console_suspend to debug)
[ 2820.978640] wlan0: deauthenticating from 14:a3:2f:e8:cb:79 by local choice (Reason: 3=DEAUTH_LEAVING)
[ 2820.979700] thinkpad_acpi: acpi_evalf(GTRW, dd, ...) failed: AE_NOT_FOUND
[ 2820.979704] thinkpad_acpi: Cannot read adaptive keyboard mode.
[ 2821.362849] amdgpu 0000:05:00.0: amdgpu: psp gfx command UNLOAD_TA(0x2) failed and response status is (0x117)
[ 2821.400405] ACPI: EC: interrupt blocked
[ 2821.464560] ACPI: PM: Preparing to enter system sleep state S3
[ 2821.471708] ACPI: EC: event blocked
[ 2821.471710] ACPI: EC: EC stopped
[ 2821.471711] ACPI: PM: Saving platform NVS memory
[ 2821.471753] Disabling non-boot CPUs ...
[ 2821.474390] smpboot: CPU 1 is now offline
[ 2821.477257] smpboot: CPU 2 is now offline
[ 2821.479937] smpboot: CPU 3 is now offline
[ 2821.483199] smpboot: CPU 4 is now offline
[ 2821.486825] smpboot: CPU 5 is now offline
[ 2821.490154] smpboot: CPU 6 is now offline
[ 2821.492999] smpboot: CPU 7 is now offline
[ 2821.495258] ACPI: PM: Low-level resume complete
[ 2821.495289] ACPI: EC: EC started
[ 2821.495290] ACPI: PM: Restoring platform NVS memory
[ 2821.714481] AMD-Vi: Virtual APIC enabled
[ 2821.743563] AMD-Vi: Virtual APIC enabled
[ 2821.744240] Enabling non-boot CPUs ...
[ 2821.744554] smpboot: Booting Node 0 Processor 1 APIC 0x1
[ 2821.747468] ACPI: \_PR_.C001: Found 2 idle states
[ 2821.747895] CPU1 is up
[ 2821.748394] smpboot: Booting Node 0 Processor 2 APIC 0x2
[ 2821.751418] ACPI: \_PR_.C002: Found 2 idle states
[ 2821.751717] CPU2 is up
[ 2821.751994] smpboot: Booting Node 0 Processor 3 APIC 0x3
[ 2821.754894] ACPI: \_PR_.C003: Found 2 idle states
[ 2821.755282] CPU3 is up
[ 2821.755645] smpboot: Booting Node 0 Processor 4 APIC 0x4
[ 2821.759291] ACPI: \_PR_.C004: Found 2 idle states
[ 2821.759675] CPU4 is up
[ 2821.759968] smpboot: Booting Node 0 Processor 5 APIC 0x5
[ 2821.763027] ACPI: \_PR_.C005: Found 2 idle states
[ 2821.763444] CPU5 is up
[ 2821.763621] smpboot: Booting Node 0 Processor 6 APIC 0x6
[ 2821.766637] ACPI: \_PR_.C006: Found 2 idle states
[ 2821.767060] CPU6 is up
[ 2821.767242] smpboot: Booting Node 0 Processor 7 APIC 0x7
[ 2821.770249] ACPI: \_PR_.C007: Found 2 idle states
[ 2821.770759] CPU7 is up
[ 2821.772002] ACPI: PM: Waking up from system sleep state S3
[ 2822.319101] ACPI: EC: interrupt unblocked
[ 2822.379985] ACPI: EC: event unblocked
[ 2822.381630] [drm] PCIE GART of 1024M enabled.
[ 2822.381635] [drm] PTB located at 0x000000F400A00000
[ 2822.381660] amdgpu 0000:05:00.0: amdgpu: PSP is resuming...
[ 2822.390705] nvme nvme0: D3 entry latency set to 8 seconds
[ 2822.401103] nvme nvme0: 8/0/0 default/read/poll queues
[ 2822.401695] amdgpu 0000:05:00.0: amdgpu: reserve 0x400000 from 0xf47fc00000 for PSP TMR
[ 2822.430145] thinkpad_acpi: acpi_evalf(STRW, vd, ...) failed: AE_NOT_FOUND
[ 2822.430148] thinkpad_acpi: Cannot set adaptive keyboard mode.
[ 2822.481985] amdgpu 0000:05:00.0: amdgpu: RAS: optional ras ta ucode is not available
[ 2822.491534] amdgpu 0000:05:00.0: amdgpu: RAP: optional rap ta ucode is not available
[ 2822.491537] amdgpu 0000:05:00.0: amdgpu: SECUREDISPLAY: securedisplay ta ucode is not available
[ 2822.491711] amdgpu: restore the fine grain parameters
[ 2822.498270] r8169 0000:03:00.0 enp3s0f0: Link is Down
[ 2822.641374] usb 4-1: reset full-speed USB device number 2 using xhci_hcd
[ 2822.925094] usb 4-2: reset high-speed USB device number 3 using xhci_hcd
[ 2823.341079] [drm] kiq ring mec 2 pipe 1 q 0
[ 2823.352632] [drm] VCN decode and encode initialized successfully(under SPG Mode).
[ 2823.352673] amdgpu 0000:05:00.0: amdgpu: ring gfx uses VM inv eng 0 on hub 0
[ 2823.352676] amdgpu 0000:05:00.0: amdgpu: ring comp_1.0.0 uses VM inv eng 1 on hub 0
[ 2823.352679] amdgpu 0000:05:00.0: amdgpu: ring comp_1.1.0 uses VM inv eng 4 on hub 0
[ 2823.352681] amdgpu 0000:05:00.0: amdgpu: ring comp_1.2.0 uses VM inv eng 5 on hub 0
[ 2823.352684] amdgpu 0000:05:00.0: amdgpu: ring comp_1.3.0 uses VM inv eng 6 on hub 0
[ 2823.352686] amdgpu 0000:05:00.0: amdgpu: ring comp_1.0.1 uses VM inv eng 7 on hub 0
[ 2823.352688] amdgpu 0000:05:00.0: amdgpu: ring comp_1.1.1 uses VM inv eng 8 on hub 0
[ 2823.352690] amdgpu 0000:05:00.0: amdgpu: ring comp_1.2.1 uses VM inv eng 9 on hub 0
[ 2823.352692] amdgpu 0000:05:00.0: amdgpu: ring comp_1.3.1 uses VM inv eng 10 on hub 0
[ 2823.352695] amdgpu 0000:05:00.0: amdgpu: ring kiq_0.2.1.0 uses VM inv eng 11 on hub 0
[ 2823.352697] amdgpu 0000:05:00.0: amdgpu: ring sdma0 uses VM inv eng 0 on hub 8
[ 2823.352699] amdgpu 0000:05:00.0: amdgpu: ring vcn_dec uses VM inv eng 1 on hub 8
[ 2823.352702] amdgpu 0000:05:00.0: amdgpu: ring vcn_enc0 uses VM inv eng 4 on hub 8
[ 2823.352704] amdgpu 0000:05:00.0: amdgpu: ring vcn_enc1 uses VM inv eng 5 on hub 8
[ 2823.352706] amdgpu 0000:05:00.0: amdgpu: ring jpeg_dec uses VM inv eng 6 on hub 8
[ 2823.437134] usb 4-2.1: reset high-speed USB device number 4 using xhci_hcd
[ 2823.569774] OOM killer enabled.
[ 2823.569777] Restarting tasks ... done.
[ 2823.570668] random: crng reseeded on system resumption
[ 2823.572653] Bluetooth: hci0: Bootloader revision 0.1 build 42 week 52 2015
[ 2823.572920] pci_bus 0000:01: Allocating resources
[ 2823.573025] pci_bus 0000:02: Allocating resources
[ 2823.573110] pcieport 0000:00:01.3: bridge window [io  0x1000-0x0fff] to [bus 02] add_size 1000
[ 2823.573126] pcieport 0000:00:01.3: bridge window [mem 0x00100000-0x000fffff 64bit pref] to [bus 02] add_size 200000 add_align 100000
[ 2823.573150] pci_bus 0000:03: Allocating resources
[ 2823.573180] pcieport 0000:00:01.4: bridge window [mem 0x00100000-0x000fffff 64bit pref] to [bus 03] add_size 200000 add_align 100000
[ 2823.573200] pci_bus 0000:04: Allocating resources
[ 2823.573210] pcieport 0000:00:01.7: bridge window [io  0x1000-0x0fff] to [bus 04] add_size 1000
[ 2823.573219] pcieport 0000:00:01.7: bridge window [mem 0x00100000-0x000fffff 64bit pref] to [bus 04] add_size 200000 add_align 100000
[ 2823.573242] pcieport 0000:00:01.3: bridge window [mem 0xd0c00000-0xd0dfffff 64bit pref]: assigned
[ 2823.573252] pcieport 0000:00:01.4: bridge window [mem 0xd0e00000-0xd0ffffff 64bit pref]: assigned
[ 2823.573263] pcieport 0000:00:01.7: bridge window [mem 0xd1000000-0xd11fffff 64bit pref]: assigned
[ 2823.573279] pcieport 0000:00:01.3: bridge window [io  0x4000-0x4fff]: assigned
[ 2823.573293] pcieport 0000:00:01.7: bridge window [io  0x5000-0x5fff]: assigned
[ 2823.574382] pci_bus 0000:05: Allocating resources
[ 2823.575341] usb 4-2.4: USB disconnect, device number 5
[ 2823.575673] Bluetooth: hci0: Device revision is 2
[ 2823.575682] Bluetooth: hci0: Secure boot is enabled
[ 2823.575688] Bluetooth: hci0: OTP lock is enabled
[ 2823.575693] Bluetooth: hci0: API lock is enabled
[ 2823.575698] Bluetooth: hci0: Debug lock is disabled
[ 2823.575703] Bluetooth: hci0: Minimum firmware build 1 week 10 2014
[ 2823.576878] Bluetooth: hci0: Found device firmware: intel/ibt-18-16-1.sfi
[ 2823.576931] Bluetooth: hci0: Boot Address: 0x40800
[ 2823.576937] Bluetooth: hci0: Firmware Version: 201-12.24
[ 2823.601515] PM: suspend exit
[ 2823.668258] usb 4-2.4: new full-speed USB device number 6 using xhci_hcd
[ 2823.781610] usb 4-2.4: New USB device found, idVendor=06cb, idProduct=00bd, bcdDevice= 0.00
[ 2823.781618] usb 4-2.4: New USB device strings: Mfr=0, Product=0, SerialNumber=1
[ 2823.781621] usb 4-2.4: SerialNumber: 9ea037685fb5
[ 2823.937554] wlan0: authenticate with 14:a3:2f:e8:cb:79 (local address=0c:7a:15:cb:45:fd)
[ 2823.938498] wlan0: send auth to 14:a3:2f:e8:cb:79 (try 1/3)
[ 2823.978098] wlan0: authenticated
[ 2823.978216] wlan0: associate with 14:a3:2f:e8:cb:79 (try 1/3)
[ 2823.984097] wlan0: RX AssocResp from 14:a3:2f:e8:cb:79 (capab=0x411 status=0 aid=1)
[ 2823.990002] wlan0: associated
[ 2824.872790] Bluetooth: hci0: Waiting for firmware download to complete
[ 2824.873606] Bluetooth: hci0: Firmware loaded in 1266348 usecs
[ 2824.873636] Bluetooth: hci0: Waiting for device to boot
[ 2824.890615] Bluetooth: hci0: Malformed MSFT vendor event: 0x02
[ 2824.890618] Bluetooth: hci0: Device booted in 16607 usecs
[ 2824.890656] Bluetooth: hci0: Found Intel DDC parameters: intel/ibt-18-16-1.ddc
[ 2824.898627] Bluetooth: hci0: Applying Intel DDC parameters completed
[ 2824.902630] Bluetooth: hci0: Firmware revision 0.1 build 201 week 12 2024
[ 2824.910640] Bluetooth: hci0: HCI LE Coded PHY feature bit is set, but its usage is not supported.
[ 2835.579943] PM: suspend entry (deep)
[ 2835.632323] Filesystems sync: 0.053 seconds
[ 2835.641574] Freezing user space processes
[ 2835.642960] Freezing user space processes completed (elapsed 0.001 seconds)
[ 2835.642965] OOM killer disabled.
[ 2835.642966] Freezing remaining freezable tasks
[ 2835.644225] Freezing remaining freezable tasks completed (elapsed 0.001 seconds)
[ 2835.644254] printk: Suspending console(s) (use no_console_suspend to debug)
[ 2835.644624] wlan0: deauthenticating from 14:a3:2f:e8:cb:79 by local choice (Reason: 3=DEAUTH_LEAVING)
[ 2835.645692] thinkpad_acpi: acpi_evalf(GTRW, dd, ...) failed: AE_NOT_FOUND
[ 2835.645695] thinkpad_acpi: Cannot read adaptive keyboard mode.
[ 2835.876615] ACPI: EC: interrupt blocked
[ 2835.940925] ACPI: PM: Preparing to enter system sleep state S3
[ 2835.950381] ACPI: EC: event blocked
[ 2835.950385] ACPI: EC: EC stopped
[ 2835.950387] ACPI: PM: Saving platform NVS memory
[ 2835.950692] Disabling non-boot CPUs ...
[ 2835.953073] smpboot: CPU 1 is now offline
[ 2835.955785] smpboot: CPU 2 is now offline
[ 2835.958794] smpboot: CPU 3 is now offline
[ 2835.962030] smpboot: CPU 4 is now offline
[ 2835.964520] smpboot: CPU 5 is now offline
[ 2835.968182] smpboot: CPU 6 is now offline
[ 2835.971336] smpboot: CPU 7 is now offline
[ 2835.972884] ACPI: PM: Low-level resume complete
[ 2835.972917] ACPI: EC: EC started
[ 2835.972918] ACPI: PM: Restoring platform NVS memory
[ 2836.085890] AMD-Vi: Virtual APIC enabled
[ 2840.828906] AMD-Vi: Virtual APIC enabled
[ 2840.829559] Enabling non-boot CPUs ...
[ 2840.829873] smpboot: Booting Node 0 Processor 1 APIC 0x1
[ 2840.833339] ACPI: \_PR_.C001: Found 2 idle states
[ 2840.833793] CPU1 is up
[ 2840.834216] smpboot: Booting Node 0 Processor 2 APIC 0x2
[ 2840.837321] ACPI: \_PR_.C002: Found 2 idle states
[ 2840.837678] CPU2 is up
[ 2840.838182] smpboot: Booting Node 0 Processor 3 APIC 0x3
[ 2840.841280] ACPI: \_PR_.C003: Found 2 idle states
[ 2840.841642] CPU3 is up
[ 2840.841855] smpboot: Booting Node 0 Processor 4 APIC 0x4
[ 2840.845154] ACPI: \_PR_.C004: Found 2 idle states
[ 2840.845655] CPU4 is up
[ 2840.845986] smpboot: Booting Node 0 Processor 5 APIC 0x5
[ 2840.849112] ACPI: \_PR_.C005: Found 2 idle states
[ 2840.849545] CPU5 is up
[ 2840.849791] smpboot: Booting Node 0 Processor 6 APIC 0x6
[ 2840.852927] ACPI: \_PR_.C006: Found 2 idle states
[ 2840.853403] CPU6 is up
[ 2840.853570] smpboot: Booting Node 0 Processor 7 APIC 0x7
[ 2840.856576] ACPI: \_PR_.C007: Found 2 idle states
[ 2840.857070] CPU7 is up
[ 2840.858298] ACPI: PM: Waking up from system sleep state S3
[ 2841.394279] ACPI: EC: interrupt unblocked
[ 2841.460829] ACPI: EC: event unblocked
[ 2841.462517] [drm] PCIE GART of 1024M enabled.
[ 2841.462522] [drm] PTB located at 0x000000F400A00000
[ 2841.462546] amdgpu 0000:05:00.0: amdgpu: PSP is resuming...
[ 2841.472367] nvme nvme0: D3 entry latency set to 8 seconds
[ 2841.482580] amdgpu 0000:05:00.0: amdgpu: reserve 0x400000 from 0xf47fc00000 for PSP TMR
[ 2841.483012] nvme nvme0: 8/0/0 default/read/poll queues
[ 2841.488093] thinkpad_acpi: acpi_evalf(STRW, vd, ...) failed: AE_NOT_FOUND
[ 2841.488098] thinkpad_acpi: Cannot set adaptive keyboard mode.
[ 2841.565267] amdgpu 0000:05:00.0: amdgpu: RAS: optional ras ta ucode is not available
[ 2841.574914] amdgpu 0000:05:00.0: amdgpu: RAP: optional rap ta ucode is not available
[ 2841.574916] amdgpu 0000:05:00.0: amdgpu: SECUREDISPLAY: securedisplay ta ucode is not available
[ 2841.575491] amdgpu: restore the fine grain parameters
[ 2841.577141] r8169 0000:03:00.0 enp3s0f0: Link is Down
[ 2841.717301] usb 4-2: reset high-speed USB device number 3 using xhci_hcd
[ 2841.977466] usb 4-1: reset full-speed USB device number 2 using xhci_hcd
[ 2842.229722] usb 4-2.1: reset high-speed USB device number 4 using xhci_hcd
[ 2842.440992] [drm] kiq ring mec 2 pipe 1 q 0
[ 2842.451874] [drm] VCN decode and encode initialized successfully(under SPG Mode).
[ 2842.451928] amdgpu 0000:05:00.0: amdgpu: ring gfx uses VM inv eng 0 on hub 0
[ 2842.451933] amdgpu 0000:05:00.0: amdgpu: ring comp_1.0.0 uses VM inv eng 1 on hub 0
[ 2842.451935] amdgpu 0000:05:00.0: amdgpu: ring comp_1.1.0 uses VM inv eng 4 on hub 0
[ 2842.451938] amdgpu 0000:05:00.0: amdgpu: ring comp_1.2.0 uses VM inv eng 5 on hub 0
[ 2842.451940] amdgpu 0000:05:00.0: amdgpu: ring comp_1.3.0 uses VM inv eng 6 on hub 0
[ 2842.451942] amdgpu 0000:05:00.0: amdgpu: ring comp_1.0.1 uses VM inv eng 7 on hub 0
[ 2842.451944] amdgpu 0000:05:00.0: amdgpu: ring comp_1.1.1 uses VM inv eng 8 on hub 0
[ 2842.451947] amdgpu 0000:05:00.0: amdgpu: ring comp_1.2.1 uses VM inv eng 9 on hub 0
[ 2842.451949] amdgpu 0000:05:00.0: amdgpu: ring comp_1.3.1 uses VM inv eng 10 on hub 0
[ 2842.451951] amdgpu 0000:05:00.0: amdgpu: ring kiq_0.2.1.0 uses VM inv eng 11 on hub 0
[ 2842.451953] amdgpu 0000:05:00.0: amdgpu: ring sdma0 uses VM inv eng 0 on hub 8
[ 2842.451956] amdgpu 0000:05:00.0: amdgpu: ring vcn_dec uses VM inv eng 1 on hub 8
[ 2842.451958] amdgpu 0000:05:00.0: amdgpu: ring vcn_enc0 uses VM inv eng 4 on hub 8
[ 2842.451961] amdgpu 0000:05:00.0: amdgpu: ring vcn_enc1 uses VM inv eng 5 on hub 8
[ 2842.451963] amdgpu 0000:05:00.0: amdgpu: ring jpeg_dec uses VM inv eng 6 on hub 8
[ 2842.466649] OOM killer enabled.
[ 2842.466651] Restarting tasks ... done.
[ 2842.468035] random: crng reseeded on system resumption
[ 2842.469123] pci_bus 0000:01: Allocating resources
[ 2842.469183] pci_bus 0000:02: Allocating resources
[ 2842.469195] pci_bus 0000:03: Allocating resources
[ 2842.469220] pci_bus 0000:04: Allocating resources
[ 2842.469329] Bluetooth: hci0: Bootloader revision 0.1 build 42 week 52 2015
[ 2842.469873] usb 4-2.4: USB disconnect, device number 6
[ 2842.469948] pci_bus 0000:05: Allocating resources
[ 2842.472314] Bluetooth: hci0: Device revision is 2
[ 2842.472326] Bluetooth: hci0: Secure boot is enabled
[ 2842.472332] Bluetooth: hci0: OTP lock is enabled
[ 2842.472338] Bluetooth: hci0: API lock is enabled
[ 2842.472343] Bluetooth: hci0: Debug lock is disabled
