sudo journalctl -b0 journalctl -b0.md
no boot recorded journalctl -b0.md
févr. 21 11:06:40 computer kernel: microcode: microcode updated early to revision 0xf0, date = 2021-11-12
févr. 21 11:06:40 computer kernel: Linux version 6.1.0-31-amd64 (debian-kernel@lists.debian.org) (gcc-12 (Debian 12.2.0-14) 12.2.0, GNU ld (GNU Binutils for Debian) 2.40) #1 SMP PREEMPT_DYNAMIC Debian 6.1.128-1 (2025-02-07)
févr. 21 11:06:40 computer kernel: Command line: BOOT_IMAGE=/boot/vmlinuz-6.1.0-31-amd64 root=UUID=4f458939-6caa-417a-9089-2621fcc59d75 ro quiet cryptdevice=UUID=89741473-61f8-4a2a-a51d-5706f262feb8:luks-89741473-61f8-4a2a-a51d-5706f262feb8 root=/dev/mapper/luks-89741473-61f8-4a2a-a51d-5706f262feb8 splash resume=/dev/mapper/luks-04d06edc-abb2-4c09-a9e0-7c14c01b021c
févr. 21 11:06:40 computer kernel: BIOS-provided physical RAM map:
févr. 21 11:06:40 computer kernel: BIOS-e820: [mem 0x0000000000000000-0x0000000000057fff] usable
févr. 21 11:06:40 computer kernel: BIOS-e820: [mem 0x0000000000058000-0x0000000000058fff] reserved
févr. 21 11:06:40 computer kernel: BIOS-e820: [mem 0x0000000000059000-0x000000000009dfff] usable
févr. 21 11:06:40 computer kernel: BIOS-e820: [mem 0x000000000009e000-0x000000000009ffff] reserved
févr. 21 11:06:40 computer kernel: BIOS-e820: [mem 0x0000000000100000-0x00000000830f7fff] usable
févr. 21 11:06:40 computer kernel: BIOS-e820: [mem 0x00000000830f8000-0x00000000830f8fff] ACPI NVS
févr. 21 11:06:40 computer kernel: BIOS-e820: [mem 0x00000000830f9000-0x0000000083122fff] reserved
févr. 21 11:06:40 computer kernel: BIOS-e820: [mem 0x0000000083123000-0x0000000086a46fff] usable
févr. 21 11:06:40 computer kernel: BIOS-e820: [mem 0x0000000086a47000-0x000000008738dfff] reserved
févr. 21 11:06:40 computer kernel: BIOS-e820: [mem 0x000000008738e000-0x00000000873b8fff] ACPI data
févr. 21 11:06:40 computer kernel: BIOS-e820: [mem 0x00000000873b9000-0x0000000087b97fff] ACPI NVS
févr. 21 11:06:40 computer kernel: BIOS-e820: [mem 0x0000000087b98000-0x0000000087fa3fff] reserved
févr. 21 11:06:40 computer kernel: BIOS-e820: [mem 0x0000000087fa4000-0x0000000087ffdfff] type 20
févr. 21 11:06:40 computer kernel: BIOS-e820: [mem 0x0000000087ffe000-0x0000000087ffefff] usable
févr. 21 11:06:40 computer kernel: BIOS-e820: [mem 0x0000000088000000-0x00000000880fffff] reserved
févr. 21 11:06:40 computer kernel: BIOS-e820: [mem 0x00000000e0000000-0x00000000efffffff] reserved
févr. 21 11:06:40 computer kernel: BIOS-e820: [mem 0x00000000fe000000-0x00000000fe010fff] reserved
févr. 21 11:06:40 computer kernel: BIOS-e820: [mem 0x00000000fec00000-0x00000000fec00fff] reserved
févr. 21 11:06:40 computer kernel: BIOS-e820: [mem 0x00000000fee00000-0x00000000fee00fff] reserved
févr. 21 11:06:40 computer kernel: BIOS-e820: [mem 0x00000000ff000000-0x00000000ffffffff] reserved
févr. 21 11:06:40 computer kernel: BIOS-e820: [mem 0x0000000100000000-0x0000000271ffffff] usable
févr. 21 11:06:40 computer kernel: NX (Execute Disable) protection: active
févr. 21 11:06:40 computer kernel: efi: EFI v2.40 by American Megatrends
févr. 21 11:06:40 computer kernel: efi: ESRT=0x87edaf98 ACPI=0x87396000 ACPI 2.0=0x87396000 SMBIOS=0x87ed9000 SMBIOS 3.0=0x87ed8000 MOKvar=0x87c64000 
févr. 21 11:06:40 computer kernel: secureboot: Secure boot disabled
févr. 21 11:06:40 computer kernel: SMBIOS 3.0.0 present.
févr. 21 11:06:40 computer kernel: DMI: Wortmann_AG TERRA_MOBILE_1749S/W670RZQ1, BIOS 1.05.09 05/27/2016
févr. 21 11:06:40 computer kernel: tsc: Detected 2300.000 MHz processor
févr. 21 11:06:40 computer kernel: tsc: Detected 2299.968 MHz TSC
févr. 21 11:06:40 computer kernel: e820: update [mem 0x00000000-0x00000fff] usable ==> reserved
févr. 21 11:06:40 computer kernel: e820: remove [mem 0x000a0000-0x000fffff] usable
févr. 21 11:06:40 computer kernel: last_pfn = 0x272000 max_arch_pfn = 0x400000000
févr. 21 11:06:40 computer kernel: x86/PAT: Configuration [0-7]: WB  WC  UC- UC  WB  WP  UC- WT  
févr. 21 11:06:40 computer kernel: last_pfn = 0x87fff max_arch_pfn = 0x400000000
févr. 21 11:06:40 computer kernel: esrt: Reserving ESRT space from 0x0000000087edaf98 to 0x0000000087edafd0.
févr. 21 11:06:40 computer kernel: Using GB pages for direct mapping
févr. 21 11:06:40 computer kernel: RAMDISK: [mem 0x2dd97000-0x32ec2fff]
févr. 21 11:06:40 computer kernel: ACPI: Early table checksum verification disabled
févr. 21 11:06:40 computer kernel: ACPI: RSDP 0x0000000087396000 000024 (v02 ALASKA)
févr. 21 11:06:40 computer kernel: ACPI: XSDT 0x00000000873960A0 0000BC (v01 WORTMA WORTMANN 01072009 AMI  00010013)
févr. 21 11:06:40 computer kernel: ACPI: FACP 0x00000000873B0690 00010C (v05 WORTMA WORTMANN 01072009 AMI  00010013)
févr. 21 11:06:40 computer kernel: ACPI: DSDT 0x00000000873961E8 01A4A8 (v02 WORTMA WORTMANN 01072009 INTL 20120913)
févr. 21 11:06:40 computer kernel: ACPI: FACS 0x0000000087B97F80 000040
févr. 21 11:06:40 computer kernel: ACPI: APIC 0x00000000873B07A0 000084 (v03 WORTMA WORTMANN 01072009 AMI  00010013)
févr. 21 11:06:40 computer kernel: ACPI: FPDT 0x00000000873B0828 000044 (v01 WORTMA WORTMANN 01072009 AMI  00010013)
févr. 21 11:06:40 computer kernel: ACPI: FIDT 0x00000000873B0870 00009C (v01 WORTMA WORTMANN 01072009 AMI  00010013)
févr. 21 11:06:40 computer kernel: ACPI: SLIC 0x00000000873B0910 000176 (v01 WORTMA WORTMANN 01072009 AMI  00010013)
févr. 21 11:06:40 computer kernel: ACPI: MCFG 0x00000000873B0A88 00003C (v01 WORTMA WORTMANN 01072009 MSFT 00000097)
févr. 21 11:06:40 computer kernel: ACPI: HPET 0x00000000873B0AC8 000038 (v01 WORTMA WORTMANN 01072009 AMI. 0005000B)
févr. 21 11:06:40 computer kernel: ACPI: SSDT 0x00000000873B0B00 000315 (v01 WORTMA WORTMANN 00001000 INTL 20120913)
févr. 21 11:06:40 computer kernel: ACPI: SSDT 0x00000000873B0E18 001100 (v01 WORTMA WORTMANN 00001000 INTL 20120913)
févr. 21 11:06:40 computer kernel: ACPI: DBGP 0x00000000873B1F18 000034 (v01 WORTMA WORTMANN 00000000 MSFT 0000005F)
févr. 21 11:06:40 computer kernel: ACPI: DBG2 0x00000000873B1F50 000054 (v00 WORTMA WORTMANN 00000000 MSFT 0000005F)
févr. 21 11:06:40 computer kernel: ACPI: MSDM 0x00000000873B1FA8 000055 (v03 WORTMA WORTMANN 01072009 AMI  00010013)
févr. 21 11:06:40 computer kernel: ACPI: SSDT 0x00000000873B2000 0056CE (v02 WORTMA WORTMANN 00003000 INTL 20120913)
févr. 21 11:06:40 computer kernel: ACPI: UEFI 0x00000000873B76D0 000042 (v01 WORTMA WORTMANN 00000000      00000000)
févr. 21 11:06:40 computer kernel: ACPI: SSDT 0x00000000873B7718 000E58 (v02 WORTMA WORTMANN 00003000 INTL 20120913)
févr. 21 11:06:40 computer kernel: ACPI: BGRT 0x00000000873B8570 000038 (v01 WORTMA WORTMANN 01072009 AMI  00010013)
févr. 21 11:06:40 computer kernel: ACPI: DMAR 0x00000000873B85A8 0000A8 (v01 WORTMA WORTMANN 00000001 INTL 00000001)
févr. 21 11:06:40 computer kernel: ACPI: TPM2 0x00000000873B8650 000034 (v03 WORTMA WORTMANN 00000001 AMI  00000000)
févr. 21 11:06:40 computer kernel: ACPI: ASF! 0x00000000873B8688 0000A5 (v32 WORTMA WORTMANN 00000001 TFSM 000F4240)
févr. 21 11:06:40 computer kernel: ACPI: Reserving FACP table memory at [mem 0x873b0690-0x873b079b]
févr. 21 11:06:40 computer kernel: ACPI: Reserving DSDT table memory at [mem 0x873961e8-0x873b068f]
févr. 21 11:06:40 computer kernel: ACPI: Reserving FACS table memory at [mem 0x87b97f80-0x87b97fbf]
févr. 21 11:06:40 computer kernel: ACPI: Reserving APIC table memory at [mem 0x873b07a0-0x873b0823]
févr. 21 11:06:40 computer kernel: ACPI: Reserving FPDT table memory at [mem 0x873b0828-0x873b086b]
févr. 21 11:06:40 computer kernel: ACPI: Reserving FIDT table memory at [mem 0x873b0870-0x873b090b]
févr. 21 11:06:40 computer kernel: ACPI: Reserving SLIC table memory at [mem 0x873b0910-0x873b0a85]
févr. 21 11:06:40 computer kernel: ACPI: Reserving MCFG table memory at [mem 0x873b0a88-0x873b0ac3]
févr. 21 11:06:40 computer kernel: ACPI: Reserving HPET table memory at [mem 0x873b0ac8-0x873b0aff]
févr. 21 11:06:40 computer kernel: ACPI: Reserving SSDT table memory at [mem 0x873b0b00-0x873b0e14]
févr. 21 11:06:40 computer kernel: ACPI: Reserving SSDT table memory at [mem 0x873b0e18-0x873b1f17]
févr. 21 11:06:40 computer kernel: ACPI: Reserving DBGP table memory at [mem 0x873b1f18-0x873b1f4b]
févr. 21 11:06:40 computer kernel: ACPI: Reserving DBG2 table memory at [mem 0x873b1f50-0x873b1fa3]
févr. 21 11:06:40 computer kernel: ACPI: Reserving MSDM table memory at [mem 0x873b1fa8-0x873b1ffc]
févr. 21 11:06:40 computer kernel: ACPI: Reserving SSDT table memory at [mem 0x873b2000-0x873b76cd]
févr. 21 11:06:40 computer kernel: ACPI: Reserving UEFI table memory at [mem 0x873b76d0-0x873b7711]
févr. 21 11:06:40 computer kernel: ACPI: Reserving SSDT table memory at [mem 0x873b7718-0x873b856f]
févr. 21 11:06:40 computer kernel: ACPI: Reserving BGRT table memory at [mem 0x873b8570-0x873b85a7]
févr. 21 11:06:40 computer kernel: ACPI: Reserving DMAR table memory at [mem 0x873b85a8-0x873b864f]
févr. 21 11:06:40 computer kernel: ACPI: Reserving TPM2 table memory at [mem 0x873b8650-0x873b8683]
févr. 21 11:06:40 computer kernel: ACPI: Reserving ASF! table memory at [mem 0x873b8688-0x873b872c]
févr. 21 11:06:40 computer kernel: No NUMA configuration found
févr. 21 11:06:40 computer kernel: Faking a node at [mem 0x0000000000000000-0x0000000271ffffff]
févr. 21 11:06:40 computer kernel: NODE_DATA(0) allocated [mem 0x271fd5000-0x271ffffff]
févr. 21 11:06:40 computer kernel: Zone ranges:
févr. 21 11:06:40 computer kernel:   DMA      [mem 0x0000000000001000-0x0000000000ffffff]
févr. 21 11:06:40 computer kernel:   DMA32    [mem 0x0000000001000000-0x00000000ffffffff]
févr. 21 11:06:40 computer kernel:   Normal   [mem 0x0000000100000000-0x0000000271ffffff]
févr. 21 11:06:40 computer kernel:   Device   empty
févr. 21 11:06:40 computer kernel: Movable zone start for each node
févr. 21 11:06:40 computer kernel: Early memory node ranges
févr. 21 11:06:40 computer kernel:   node   0: [mem 0x0000000000001000-0x0000000000057fff]
févr. 21 11:06:40 computer kernel:   node   0: [mem 0x0000000000059000-0x000000000009dfff]
févr. 21 11:06:40 computer kernel:   node   0: [mem 0x0000000000100000-0x00000000830f7fff]
févr. 21 11:06:40 computer kernel:   node   0: [mem 0x0000000083123000-0x0000000086a46fff]
févr. 21 11:06:40 computer kernel:   node   0: [mem 0x0000000087ffe000-0x0000000087ffefff]
févr. 21 11:06:40 computer kernel:   node   0: [mem 0x0000000100000000-0x0000000271ffffff]
févr. 21 11:06:40 computer kernel: Initmem setup node 0 [mem 0x0000000000001000-0x0000000271ffffff]
févr. 21 11:06:40 computer kernel: On node 0, zone DMA: 1 pages in unavailable ranges
févr. 21 11:06:40 computer kernel: On node 0, zone DMA: 1 pages in unavailable ranges
févr. 21 11:06:40 computer kernel: On node 0, zone DMA: 98 pages in unavailable ranges
févr. 21 11:06:40 computer kernel: On node 0, zone DMA32: 43 pages in unavailable ranges
févr. 21 11:06:40 computer kernel: On node 0, zone DMA32: 5559 pages in unavailable ranges
févr. 21 11:06:40 computer kernel: On node 0, zone Normal: 1 pages in unavailable ranges
févr. 21 11:06:40 computer kernel: On node 0, zone Normal: 24576 pages in unavailable ranges
févr. 21 11:06:40 computer kernel: Reserving Intel graphics memory at [mem 0x89000000-0x8cffffff]
févr. 21 11:06:40 computer kernel: ACPI: PM-Timer IO Port: 0x1808
févr. 21 11:06:40 computer kernel: ACPI: LAPIC_NMI (acpi_id[0x01] high edge lint[0x1])
févr. 21 11:06:40 computer kernel: ACPI: LAPIC_NMI (acpi_id[0x02] high edge lint[0x1])
févr. 21 11:06:40 computer kernel: ACPI: LAPIC_NMI (acpi_id[0x03] high edge lint[0x1])
févr. 21 11:06:40 computer kernel: ACPI: LAPIC_NMI (acpi_id[0x04] high edge lint[0x1])
févr. 21 11:06:40 computer kernel: IOAPIC[0]: apic_id 2, version 32, address 0xfec00000, GSI 0-119
févr. 21 11:06:40 computer kernel: ACPI: INT_SRC_OVR (bus 0 bus_irq 0 global_irq 2 dfl dfl)
févr. 21 11:06:40 computer kernel: ACPI: INT_SRC_OVR (bus 0 bus_irq 9 global_irq 9 high level)
févr. 21 11:06:40 computer kernel: ACPI: Using ACPI (MADT) for SMP configuration information
févr. 21 11:06:40 computer kernel: ACPI: HPET id: 0x8086a701 base: 0xfed00000
févr. 21 11:06:40 computer kernel: e820: update [mem 0x8561d000-0x85698fff] usable ==> reserved
févr. 21 11:06:40 computer kernel: TSC deadline timer available
févr. 21 11:06:40 computer kernel: smpboot: Allowing 4 CPUs, 0 hotplug CPUs
févr. 21 11:06:40 computer kernel: PM: hibernation: Registered nosave memory: [mem 0x00000000-0x00000fff]
févr. 21 11:06:40 computer kernel: PM: hibernation: Registered nosave memory: [mem 0x00058000-0x00058fff]
févr. 21 11:06:40 computer kernel: PM: hibernation: Registered nosave memory: [mem 0x0009e000-0x0009ffff]
févr. 21 11:06:40 computer kernel: PM: hibernation: Registered nosave memory: [mem 0x000a0000-0x000fffff]
févr. 21 11:06:40 computer kernel: PM: hibernation: Registered nosave memory: [mem 0x830f8000-0x830f8fff]
févr. 21 11:06:40 computer kernel: PM: hibernation: Registered nosave memory: [mem 0x830f9000-0x83122fff]
févr. 21 11:06:40 computer kernel: PM: hibernation: Registered nosave memory: [mem 0x8561d000-0x85698fff]
févr. 21 11:06:40 computer kernel: PM: hibernation: Registered nosave memory: [mem 0x86a47000-0x8738dfff]
févr. 21 11:06:40 computer kernel: PM: hibernation: Registered nosave memory: [mem 0x8738e000-0x873b8fff]
févr. 21 11:06:40 computer kernel: PM: hibernation: Registered nosave memory: [mem 0x873b9000-0x87b97fff]
févr. 21 11:06:40 computer kernel: PM: hibernation: Registered nosave memory: [mem 0x87b98000-0x87fa3fff]
févr. 21 11:06:40 computer kernel: PM: hibernation: Registered nosave memory: [mem 0x87fa4000-0x87ffdfff]
févr. 21 11:06:40 computer kernel: PM: hibernation: Registered nosave memory: [mem 0x87fff000-0x87ffffff]
févr. 21 11:06:40 computer kernel: PM: hibernation: Registered nosave memory: [mem 0x88000000-0x880fffff]
févr. 21 11:06:40 computer kernel: PM: hibernation: Registered nosave memory: [mem 0x88100000-0x88ffffff]
févr. 21 11:06:40 computer kernel: PM: hibernation: Registered nosave memory: [mem 0x89000000-0x8cffffff]
févr. 21 11:06:40 computer kernel: PM: hibernation: Registered nosave memory: [mem 0x8d000000-0xdfffffff]
févr. 21 11:06:40 computer kernel: PM: hibernation: Registered nosave memory: [mem 0xe0000000-0xefffffff]
févr. 21 11:06:40 computer kernel: PM: hibernation: Registered nosave memory: [mem 0xf0000000-0xfdffffff]
févr. 21 11:06:40 computer kernel: PM: hibernation: Registered nosave memory: [mem 0xfe000000-0xfe010fff]
févr. 21 11:06:40 computer kernel: PM: hibernation: Registered nosave memory: [mem 0xfe011000-0xfebfffff]
févr. 21 11:06:40 computer kernel: PM: hibernation: Registered nosave memory: [mem 0xfec00000-0xfec00fff]
févr. 21 11:06:40 computer kernel: PM: hibernation: Registered nosave memory: [mem 0xfec01000-0xfedfffff]
févr. 21 11:06:40 computer kernel: PM: hibernation: Registered nosave memory: [mem 0xfee00000-0xfee00fff]
févr. 21 11:06:40 computer kernel: PM: hibernation: Registered nosave memory: [mem 0xfee01000-0xfeffffff]
févr. 21 11:06:40 computer kernel: PM: hibernation: Registered nosave memory: [mem 0xff000000-0xffffffff]
févr. 21 11:06:40 computer kernel: [mem 0x8d000000-0xdfffffff] available for PCI devices
févr. 21 11:06:40 computer kernel: Booting paravirtualized kernel on bare hardware
févr. 21 11:06:40 computer kernel: clocksource: refined-jiffies: mask: 0xffffffff max_cycles: 0xffffffff, max_idle_ns: 7645519600211568 ns
févr. 21 11:06:40 computer kernel: setup_percpu: NR_CPUS:8192 nr_cpumask_bits:4 nr_cpu_ids:4 nr_node_ids:1
févr. 21 11:06:40 computer kernel: percpu: Embedded 61 pages/cpu s212992 r8192 d28672 u524288
févr. 21 11:06:40 computer kernel: pcpu-alloc: s212992 r8192 d28672 u524288 alloc=1*2097152
févr. 21 11:06:40 computer kernel: pcpu-alloc: [0] 0 1 2 3 
févr. 21 11:06:40 computer kernel: Fallback order for Node 0: 0 
févr. 21 11:06:40 computer kernel: Built 1 zonelists, mobility grouping on.  Total pages: 2034420
févr. 21 11:06:40 computer kernel: Policy zone: Normal
févr. 21 11:06:40 computer kernel: Kernel command line: BOOT_IMAGE=/boot/vmlinuz-6.1.0-31-amd64 root=UUID=4f458939-6caa-417a-9089-2621fcc59d75 ro quiet cryptdevice=UUID=89741473-61f8-4a2a-a51d-5706f262feb8:luks-89741473-61f8-4a2a-a51d-5706f262feb8 root=/dev/mapper/luks-89741473-61f8-4a2a-a51d-5706f262feb8 splash resume=/dev/mapper/luks-04d06edc-abb2-4c09-a9e0-7c14c01b021c
févr. 21 11:06:40 computer kernel: Unknown kernel command line parameters "splash BOOT_IMAGE=/boot/vmlinuz-6.1.0-31-amd64 cryptdevice=UUID=89741473-61f8-4a2a-a51d-5706f262feb8:luks-89741473-61f8-4a2a-a51d-5706f262feb8", will be passed to user space.
févr. 21 11:06:40 computer kernel: random: crng init done
févr. 21 11:06:40 computer kernel: Dentry cache hash table entries: 1048576 (order: 11, 8388608 bytes, linear)
févr. 21 11:06:40 computer kernel: Inode-cache hash table entries: 524288 (order: 10, 4194304 bytes, linear)
févr. 21 11:06:40 computer kernel: mem auto-init: stack:all(zero), heap alloc:on, heap free:off
févr. 21 11:06:40 computer kernel: software IO TLB: area num 4.
févr. 21 11:06:40 computer kernel: Memory: 2118008K/8267492K available (14342K kernel code, 2338K rwdata, 9084K rodata, 2796K init, 17392K bss, 416884K reserved, 0K cma-reserved)
févr. 21 11:06:40 computer kernel: SLUB: HWalign=64, Order=0-3, MinObjects=0, CPUs=4, Nodes=1
févr. 21 11:06:40 computer kernel: Kernel/User page tables isolation: enabled
févr. 21 11:06:40 computer kernel: ftrace: allocating 40309 entries in 158 pages
févr. 21 11:06:40 computer kernel: ftrace: allocated 158 pages with 5 groups
févr. 21 11:06:40 computer kernel: Dynamic Preempt: voluntary
févr. 21 11:06:40 computer kernel: rcu: Preemptible hierarchical RCU implementation.
févr. 21 11:06:40 computer kernel: rcu:         RCU restricting CPUs from NR_CPUS=8192 to nr_cpu_ids=4.
févr. 21 11:06:40 computer kernel:         Trampoline variant of Tasks RCU enabled.
févr. 21 11:06:40 computer kernel:         Rude variant of Tasks RCU enabled.
févr. 21 11:06:40 computer kernel:         Tracing variant of Tasks RCU enabled.
févr. 21 11:06:40 computer kernel: rcu: RCU calculated value of scheduler-enlistment delay is 25 jiffies.
févr. 21 11:06:40 computer kernel: rcu: Adjusting geometry for rcu_fanout_leaf=16, nr_cpu_ids=4
févr. 21 11:06:40 computer kernel: NR_IRQS: 524544, nr_irqs: 1024, preallocated irqs: 16
févr. 21 11:06:40 computer kernel: rcu: srcu_init: Setting srcu_struct sizes based on contention.
févr. 21 11:06:40 computer kernel: spurious 8259A interrupt: IRQ7.
févr. 21 11:06:40 computer kernel: Console: colour dummy device 80x25
févr. 21 11:06:40 computer kernel: printk: console [tty0] enabled
févr. 21 11:06:40 computer kernel: ACPI: Core revision 20220331
févr. 21 11:06:40 computer kernel: clocksource: hpet: mask: 0xffffffff max_cycles: 0xffffffff, max_idle_ns: 79635855245 ns
févr. 21 11:06:40 computer kernel: APIC: Switch to symmetric I/O mode setup
févr. 21 11:06:40 computer kernel: DMAR: Host address width 39
févr. 21 11:06:40 computer kernel: DMAR: DRHD base: 0x000000fed90000 flags: 0x0
févr. 21 11:06:40 computer kernel: DMAR: dmar0: reg_base_addr fed90000 ver 1:0 cap 1c0000c40660462 ecap 7e3ff0501e
févr. 21 11:06:40 computer kernel: DMAR: DRHD base: 0x000000fed91000 flags: 0x1
févr. 21 11:06:40 computer kernel: DMAR: dmar1: reg_base_addr fed91000 ver 1:0 cap d2008c40660462 ecap f050da
févr. 21 11:06:40 computer kernel: DMAR: RMRR base: 0x00000087130000 end: 0x0000008714ffff
févr. 21 11:06:40 computer kernel: DMAR: RMRR base: 0x00000088800000 end: 0x0000008cffffff
févr. 21 11:06:40 computer kernel: DMAR: [Firmware Bug]: No firmware reserved region can cover this RMRR [0x0000000088800000-0x000000008cffffff], contact BIOS vendor for fixes
févr. 21 11:06:40 computer kernel: DMAR: [Firmware Bug]: Your BIOS is broken; bad RMRR [0x0000000088800000-0x000000008cffffff]
                                    BIOS vendor: American Megatrends Inc.; Ver: 1.05.09; Product Version: 1749S-DE-10010-i5
févr. 21 11:06:40 computer kernel: DMAR-IR: IOAPIC id 2 under DRHD base  0xfed91000 IOMMU 1
févr. 21 11:06:40 computer kernel: DMAR-IR: HPET id 0 under DRHD base 0xfed91000
févr. 21 11:06:40 computer kernel: DMAR-IR: x2apic is disabled because BIOS sets x2apic opt out bit.
févr. 21 11:06:40 computer kernel: DMAR-IR: Use 'intremap=no_x2apic_optout' to override the BIOS setting.
févr. 21 11:06:40 computer kernel: DMAR-IR: Enabled IRQ remapping in xapic mode
févr. 21 11:06:40 computer kernel: x2apic: IRQ remapping doesn't support X2APIC mode
févr. 21 11:06:40 computer kernel: ..TIMER: vector=0x30 apic1=0 pin1=2 apic2=-1 pin2=-1
févr. 21 11:06:40 computer kernel: clocksource: tsc-early: mask: 0xffffffffffffffff max_cycles: 0x212717146a7, max_idle_ns: 440795291431 ns
févr. 21 11:06:40 computer kernel: Calibrating delay loop (skipped), value calculated using timer frequency.. 4599.93 BogoMIPS (lpj=9199872)
févr. 21 11:06:40 computer kernel: x86/cpu: SGX disabled by BIOS.
févr. 21 11:06:40 computer kernel: CPU0: Thermal monitoring enabled (TM1)
févr. 21 11:06:40 computer kernel: process: using mwait in idle threads
févr. 21 11:06:40 computer kernel: Last level iTLB entries: 4KB 128, 2MB 8, 4MB 8
févr. 21 11:06:40 computer kernel: Last level dTLB entries: 4KB 64, 2MB 0, 4MB 0, 1GB 4
févr. 21 11:06:40 computer kernel: Spectre V1 : Mitigation: usercopy/swapgs barriers and __user pointer sanitization
févr. 21 11:06:40 computer kernel: Spectre V2 : Mitigation: IBRS
févr. 21 11:06:40 computer kernel: Spectre V2 : Spectre v2 / SpectreRSB mitigation: Filling RSB on context switch
févr. 21 11:06:40 computer kernel: Spectre V2 : Spectre v2 / SpectreRSB : Filling RSB on VMEXIT
févr. 21 11:06:40 computer kernel: RETBleed: Mitigation: IBRS
févr. 21 11:06:40 computer kernel: Spectre V2 : mitigation: Enabling conditional Indirect Branch Prediction Barrier
févr. 21 11:06:40 computer kernel: Speculative Store Bypass: Mitigation: Speculative Store Bypass disabled via prctl
févr. 21 11:06:40 computer kernel: MDS: Mitigation: Clear CPU buffers
févr. 21 11:06:40 computer kernel: TAA: Mitigation: TSX disabled
févr. 21 11:06:40 computer kernel: MMIO Stale Data: Mitigation: Clear CPU buffers
févr. 21 11:06:40 computer kernel: SRBDS: Mitigation: Microcode
févr. 21 11:06:40 computer kernel: GDS: Vulnerable: No microcode
févr. 21 11:06:40 computer kernel: x86/fpu: Supporting XSAVE feature 0x001: 'x87 floating point registers'
févr. 21 11:06:40 computer kernel: x86/fpu: Supporting XSAVE feature 0x002: 'SSE registers'
févr. 21 11:06:40 computer kernel: x86/fpu: Supporting XSAVE feature 0x004: 'AVX registers'
févr. 21 11:06:40 computer kernel: x86/fpu: Supporting XSAVE feature 0x008: 'MPX bounds registers'
févr. 21 11:06:40 computer kernel: x86/fpu: Supporting XSAVE feature 0x010: 'MPX CSR'
févr. 21 11:06:40 computer kernel: x86/fpu: xstate_offset[2]:  576, xstate_sizes[2]:  256
févr. 21 11:06:40 computer kernel: x86/fpu: xstate_offset[3]:  832, xstate_sizes[3]:   64
févr. 21 11:06:40 computer kernel: x86/fpu: xstate_offset[4]:  896, xstate_sizes[4]:   64
févr. 21 11:06:40 computer kernel: x86/fpu: Enabled xstate features 0x1f, context size is 960 bytes, using 'compacted' format.
févr. 21 11:06:40 computer kernel: Freeing SMP alternatives memory: 36K
févr. 21 11:06:40 computer kernel: pid_max: default: 32768 minimum: 301
févr. 21 11:06:40 computer kernel: LSM: Security Framework initializing
févr. 21 11:06:40 computer kernel: landlock: Up and running.
févr. 21 11:06:40 computer kernel: Yama: disabled by default; enable with sysctl kernel.yama.*
févr. 21 11:06:40 computer kernel: AppArmor: AppArmor initialized
févr. 21 11:06:40 computer kernel: TOMOYO Linux initialized
févr. 21 11:06:40 computer kernel: LSM support for eBPF active
févr. 21 11:06:40 computer kernel: Mount-cache hash table entries: 16384 (order: 5, 131072 bytes, linear)
févr. 21 11:06:40 computer kernel: Mountpoint-cache hash table entries: 16384 (order: 5, 131072 bytes, linear)
févr. 21 11:06:40 computer kernel: smpboot: CPU0: Intel(R) Core(TM) i5-6300HQ CPU @ 2.30GHz (family: 0x6, model: 0x5e, stepping: 0x3)
févr. 21 11:06:40 computer kernel: cblist_init_generic: Setting adjustable number of callback queues.
févr. 21 11:06:40 computer kernel: cblist_init_generic: Setting shift to 2 and lim to 1.
févr. 21 11:06:40 computer kernel: cblist_init_generic: Setting adjustable number of callback queues.
févr. 21 11:06:40 computer kernel: cblist_init_generic: Setting shift to 2 and lim to 1.
févr. 21 11:06:40 computer kernel: cblist_init_generic: Setting adjustable number of callback queues.
févr. 21 11:06:40 computer kernel: cblist_init_generic: Setting shift to 2 and lim to 1.
févr. 21 11:06:40 computer kernel: Performance Events: PEBS fmt3+, Skylake events, 32-deep LBR, full-width counters, Intel PMU driver.
févr. 21 11:06:40 computer kernel: ... version:                4
févr. 21 11:06:40 computer kernel: ... bit width:              48
févr. 21 11:06:40 computer kernel: ... generic registers:      8
févr. 21 11:06:40 computer kernel: ... value mask:             0000ffffffffffff
févr. 21 11:06:40 computer kernel: ... max period:             00007fffffffffff
févr. 21 11:06:40 computer kernel: ... fixed-purpose events:   3
févr. 21 11:06:40 computer kernel: ... event mask:             00000007000000ff
févr. 21 11:06:40 computer kernel: signal: max sigframe size: 2032
févr. 21 11:06:40 computer kernel: Estimated ratio of average max frequency by base frequency (times 1024): 1246
févr. 21 11:06:40 computer kernel: rcu: Hierarchical SRCU implementation.
févr. 21 11:06:40 computer kernel: rcu:         Max phase no-delay instances is 1000.
févr. 21 11:06:40 computer kernel: NMI watchdog: Enabled. Permanently consumes one hw-PMU counter.
févr. 21 11:06:40 computer kernel: smp: Bringing up secondary CPUs ...
févr. 21 11:06:40 computer kernel: x86: Booting SMP configuration:
févr. 21 11:06:40 computer kernel: .... node  #0, CPUs:      #1 #2 #3
févr. 21 11:06:40 computer kernel: smp: Brought up 1 node, 4 CPUs
févr. 21 11:06:40 computer kernel: smpboot: Max logical packages: 1
févr. 21 11:06:40 computer kernel: smpboot: Total of 4 processors activated (18399.74 BogoMIPS)
févr. 21 11:06:40 computer kernel: node 0 deferred pages initialised in 16ms
févr. 21 11:06:40 computer kernel: devtmpfs: initialized
févr. 21 11:06:40 computer kernel: x86/mm: Memory block size: 128MB
févr. 21 11:06:40 computer kernel: ACPI: PM: Registering ACPI NVS region [mem 0x830f8000-0x830f8fff] (4096 bytes)
févr. 21 11:06:40 computer kernel: ACPI: PM: Registering ACPI NVS region [mem 0x873b9000-0x87b97fff] (8253440 bytes)
févr. 21 11:06:40 computer kernel: clocksource: jiffies: mask: 0xffffffff max_cycles: 0xffffffff, max_idle_ns: 7645041785100000 ns
févr. 21 11:06:40 computer kernel: futex hash table entries: 1024 (order: 4, 65536 bytes, linear)
févr. 21 11:06:40 computer kernel: pinctrl core: initialized pinctrl subsystem
févr. 21 11:06:40 computer kernel: NET: Registered PF_NETLINK/PF_ROUTE protocol family
févr. 21 11:06:40 computer kernel: DMA: preallocated 1024 KiB GFP_KERNEL pool for atomic allocations
févr. 21 11:06:40 computer kernel: DMA: preallocated 1024 KiB GFP_KERNEL|GFP_DMA pool for atomic allocations
févr. 21 11:06:40 computer kernel: DMA: preallocated 1024 KiB GFP_KERNEL|GFP_DMA32 pool for atomic allocations
févr. 21 11:06:40 computer kernel: audit: initializing netlink subsys (disabled)
févr. 21 11:06:40 computer kernel: audit: type=2000 audit(1740132384.076:1): state=initialized audit_enabled=0 res=1
févr. 21 11:06:40 computer kernel: thermal_sys: Registered thermal governor 'fair_share'
févr. 21 11:06:40 computer kernel: thermal_sys: Registered thermal governor 'bang_bang'
févr. 21 11:06:40 computer kernel: thermal_sys: Registered thermal governor 'step_wise'
févr. 21 11:06:40 computer kernel: thermal_sys: Registered thermal governor 'user_space'
févr. 21 11:06:40 computer kernel: thermal_sys: Registered thermal governor 'power_allocator'
févr. 21 11:06:40 computer kernel: cpuidle: using governor ladder
févr. 21 11:06:40 computer kernel: cpuidle: using governor menu
févr. 21 11:06:40 computer kernel: ACPI FADT declares the system doesn't support PCIe ASPM, so disable it
févr. 21 11:06:40 computer kernel: acpiphp: ACPI Hot Plug PCI Controller Driver version: 0.5
févr. 21 11:06:40 computer kernel: PCI: MMCONFIG for domain 0000 [bus 00-ff] at [mem 0xe0000000-0xefffffff] (base 0xe0000000)
févr. 21 11:06:40 computer kernel: PCI: MMCONFIG at [mem 0xe0000000-0xefffffff] reserved in E820
févr. 21 11:06:40 computer kernel: PCI: Using configuration type 1 for base access
févr. 21 11:06:40 computer kernel: ENERGY_PERF_BIAS: Set to 'normal', was 'performance'
févr. 21 11:06:40 computer kernel: kprobes: kprobe jump-optimization is enabled. All kprobes are optimized if possible.
févr. 21 11:06:40 computer kernel: HugeTLB: registered 1.00 GiB page size, pre-allocated 0 pages
févr. 21 11:06:40 computer kernel: HugeTLB: 16380 KiB vmemmap can be freed for a 1.00 GiB page
févr. 21 11:06:40 computer kernel: HugeTLB: registered 2.00 MiB page size, pre-allocated 0 pages
févr. 21 11:06:40 computer kernel: HugeTLB: 28 KiB vmemmap can be freed for a 2.00 MiB page
févr. 21 11:06:40 computer kernel: ACPI: Added _OSI(Module Device)
févr. 21 11:06:40 computer kernel: ACPI: Added _OSI(Processor Device)
févr. 21 11:06:40 computer kernel: ACPI: Added _OSI(3.0 _SCP Extensions)
févr. 21 11:06:40 computer kernel: ACPI: Added _OSI(Processor Aggregator Device)
févr. 21 11:06:40 computer kernel: ACPI: 5 ACPI AML tables successfully acquired and loaded
févr. 21 11:06:40 computer kernel: ACPI: [Firmware Bug]: BIOS _OSI(Linux) query ignored
févr. 21 11:06:40 computer kernel: ACPI: Dynamic OEM Table Load:
févr. 21 11:06:40 computer kernel: ACPI: SSDT 0xFFFF8E7724C62800 000579 (v02 PmRef  Cpu0Ist  00003000 INTL 20120913)
févr. 21 11:06:40 computer kernel: ACPI: \_PR_.CPU0: _OSC native thermal LVT Acked
févr. 21 11:06:40 computer kernel: ACPI: Dynamic OEM Table Load:
févr. 21 11:06:40 computer kernel: ACPI: SSDT 0xFFFF8E7640D7D400 00037F (v02 PmRef  Cpu0Cst  00003001 INTL 20120913)
févr. 21 11:06:40 computer kernel: ACPI: Dynamic OEM Table Load:
févr. 21 11:06:40 computer kernel: ACPI: SSDT 0xFFFF8E7724C60800 0005AA (v02 PmRef  ApIst    00003000 INTL 20120913)
févr. 21 11:06:40 computer kernel: ACPI: Dynamic OEM Table Load:
févr. 21 11:06:40 computer kernel: ACPI: SSDT 0xFFFF8E7640E4C800 000119 (v02 PmRef  ApCst    00003000 INTL 20120913)
févr. 21 11:06:40 computer kernel: ACPI: EC: EC started
févr. 21 11:06:40 computer kernel: ACPI: EC: interrupt blocked
févr. 21 11:06:40 computer kernel: ACPI: EC: EC_CMD/EC_SC=0x66, EC_DATA=0x62
févr. 21 11:06:40 computer kernel: ACPI: \_SB_.PCI0.LPCB.EC__: Boot DSDT EC used to handle transactions
févr. 21 11:06:40 computer kernel: ACPI: Interpreter enabled
févr. 21 11:06:40 computer kernel: ACPI: PM: (supports S0 S3 S4 S5)
févr. 21 11:06:40 computer kernel: ACPI: Using IOAPIC for interrupt routing
févr. 21 11:06:40 computer kernel: PCI: Using host bridge windows from ACPI; if necessary, use "pci=nocrs" and report a bug
févr. 21 11:06:40 computer kernel: PCI: Using E820 reservations for host bridge windows
févr. 21 11:06:40 computer kernel: ACPI: Enabled 8 GPEs in block 00 to 7F
févr. 21 11:06:40 computer kernel: ACPI: PM: Power Resource [PG00]
févr. 21 11:06:40 computer kernel: ACPI: PM: Power Resource [PG02]
févr. 21 11:06:40 computer kernel: ACPI: PM: Power Resource [PG01]
févr. 21 11:06:40 computer kernel: ACPI: PM: Power Resource [PG02]
févr. 21 11:06:40 computer kernel: ACPI: PCI Root Bridge [PCI0] (domain 0000 [bus 00-fe])
févr. 21 11:06:40 computer kernel: acpi PNP0A08:00: _OSC: OS supports [ExtendedConfig ASPM ClockPM Segments MSI HPX-Type3]
févr. 21 11:06:40 computer kernel: acpi PNP0A08:00: _OSC: OS requested [PCIeHotplug SHPCHotplug PME AER PCIeCapability LTR]
févr. 21 11:06:40 computer kernel: acpi PNP0A08:00: _OSC: platform willing to grant [PCIeHotplug SHPCHotplug PME AER PCIeCapability LTR]
févr. 21 11:06:40 computer kernel: acpi PNP0A08:00: _OSC: platform retains control of PCIe features (AE_ERROR)
févr. 21 11:06:40 computer kernel: PCI host bridge to bus 0000:00
févr. 21 11:06:40 computer kernel: pci_bus 0000:00: root bus resource [io  0x0000-0x0cf7 window]
févr. 21 11:06:40 computer kernel: pci_bus 0000:00: root bus resource [io  0x0d00-0xffff window]
févr. 21 11:06:40 computer kernel: pci_bus 0000:00: root bus resource [mem 0x000a0000-0x000fffff window]
févr. 21 11:06:40 computer kernel: pci_bus 0000:00: root bus resource [mem 0x8d000000-0xdfffffff window]
févr. 21 11:06:40 computer kernel: pci_bus 0000:00: root bus resource [mem 0xfd000000-0xfe7fffff window]
févr. 21 11:06:40 computer kernel: pci_bus 0000:00: root bus resource [bus 00-fe]
févr. 21 11:06:40 computer kernel: pci 0000:00:00.0: [8086:1910] type 00 class 0x060000
févr. 21 11:06:40 computer kernel: pci 0000:00:02.0: [8086:191b] type 00 class 0x030000
févr. 21 11:06:40 computer kernel: pci 0000:00:02.0: reg 0x10: [mem 0xde000000-0xdeffffff 64bit]
févr. 21 11:06:40 computer kernel: pci 0000:00:02.0: reg 0x18: [mem 0xc0000000-0xcfffffff 64bit pref]
févr. 21 11:06:40 computer kernel: pci 0000:00:02.0: reg 0x20: [io  0xf000-0xf03f]
févr. 21 11:06:40 computer kernel: pci 0000:00:02.0: BAR 2: assigned to efifb
févr. 21 11:06:40 computer kernel: pci 0000:00:02.0: Video device with shadowed ROM at [mem 0x000c0000-0x000dffff]
févr. 21 11:06:40 computer kernel: pci 0000:00:14.0: [8086:a12f] type 00 class 0x0c0330
févr. 21 11:06:40 computer kernel: pci 0000:00:14.0: reg 0x10: [mem 0xdf210000-0xdf21ffff 64bit]
févr. 21 11:06:40 computer kernel: pci 0000:00:14.0: PME# supported from D3hot D3cold
févr. 21 11:06:40 computer kernel: pci 0000:00:16.0: [8086:a13a] type 00 class 0x078000
févr. 21 11:06:40 computer kernel: pci 0000:00:16.0: reg 0x10: [mem 0xdf22d000-0xdf22dfff 64bit]
févr. 21 11:06:40 computer kernel: pci 0000:00:16.0: PME# supported from D3hot
févr. 21 11:06:40 computer kernel: pci 0000:00:17.0: [8086:a103] type 00 class 0x010601
févr. 21 11:06:40 computer kernel: pci 0000:00:17.0: reg 0x10: [mem 0xdf228000-0xdf229fff]
févr. 21 11:06:40 computer kernel: pci 0000:00:17.0: reg 0x14: [mem 0xdf22c000-0xdf22c0ff]
févr. 21 11:06:40 computer kernel: pci 0000:00:17.0: reg 0x18: [io  0xf090-0xf097]
févr. 21 11:06:40 computer kernel: pci 0000:00:17.0: reg 0x1c: [io  0xf080-0xf083]
févr. 21 11:06:40 computer kernel: pci 0000:00:17.0: reg 0x20: [io  0xf060-0xf07f]
févr. 21 11:06:40 computer kernel: pci 0000:00:17.0: reg 0x24: [mem 0xdf22b000-0xdf22b7ff]
févr. 21 11:06:40 computer kernel: pci 0000:00:17.0: PME# supported from D3hot
févr. 21 11:06:40 computer kernel: pci 0000:00:1c.0: [8086:a110] type 01 class 0x060400
févr. 21 11:06:40 computer kernel: pci 0000:00:1c.0: PME# supported from D0 D3hot D3cold
févr. 21 11:06:40 computer kernel: pci 0000:00:1c.4: [8086:a114] type 01 class 0x060400
févr. 21 11:06:40 computer kernel: pci 0000:00:1c.4: PME# supported from D0 D3hot D3cold
févr. 21 11:06:40 computer kernel: pci 0000:00:1c.4: Intel SPT PCH root port ACS workaround enabled
févr. 21 11:06:40 computer kernel: pci 0000:00:1c.6: [8086:a116] type 01 class 0x060400
févr. 21 11:06:40 computer kernel: pci 0000:00:1c.6: PME# supported from D0 D3hot D3cold
févr. 21 11:06:40 computer kernel: pci 0000:00:1c.6: Intel SPT PCH root port ACS workaround enabled
févr. 21 11:06:40 computer kernel: pci 0000:00:1f.0: [8086:a14e] type 00 class 0x060100
févr. 21 11:06:40 computer kernel: pci 0000:00:1f.2: [8086:a121] type 00 class 0x058000
févr. 21 11:06:40 computer kernel: pci 0000:00:1f.2: reg 0x10: [mem 0xdf224000-0xdf227fff]
févr. 21 11:06:40 computer kernel: pci 0000:00:1f.3: [8086:a170] type 00 class 0x040300
févr. 21 11:06:40 computer kernel: pci 0000:00:1f.3: reg 0x10: [mem 0xdf220000-0xdf223fff 64bit]
févr. 21 11:06:40 computer kernel: pci 0000:00:1f.3: reg 0x20: [mem 0xdf200000-0xdf20ffff 64bit]
févr. 21 11:06:40 computer kernel: pci 0000:00:1f.3: PME# supported from D3hot D3cold
févr. 21 11:06:40 computer kernel: pci 0000:00:1f.4: [8086:a123] type 00 class 0x0c0500
févr. 21 11:06:40 computer kernel: pci 0000:00:1f.4: reg 0x10: [mem 0xdf22a000-0xdf22a0ff 64bit]
févr. 21 11:06:40 computer kernel: pci 0000:00:1f.4: reg 0x20: [io  0xf040-0xf05f]
févr. 21 11:06:40 computer kernel: acpiphp: Slot [1] registered
févr. 21 11:06:40 computer kernel: pci 0000:00:1c.0: PCI bridge to [bus 01]
févr. 21 11:06:40 computer kernel: pci 0000:02:00.0: [10ec:5287] type 00 class 0xff0000
févr. 21 11:06:40 computer kernel: pci 0000:02:00.0: reg 0x10: [mem 0xdf115000-0xdf115fff]
févr. 21 11:06:40 computer kernel: pci 0000:02:00.0: reg 0x30: [mem 0xdf100000-0xdf10ffff pref]
févr. 21 11:06:40 computer kernel: pci 0000:02:00.0: supports D1 D2
févr. 21 11:06:40 computer kernel: pci 0000:02:00.0: PME# supported from D1 D2 D3hot D3cold
févr. 21 11:06:40 computer kernel: pci 0000:02:00.1: [10ec:8168] type 00 class 0x020000
févr. 21 11:06:40 computer kernel: pci 0000:02:00.1: reg 0x10: [io  0xe000-0xe0ff]
févr. 21 11:06:40 computer kernel: pci 0000:02:00.1: reg 0x18: [mem 0xdf114000-0xdf114fff 64bit]
févr. 21 11:06:40 computer kernel: pci 0000:02:00.1: reg 0x20: [mem 0xdf110000-0xdf113fff 64bit]
févr. 21 11:06:40 computer kernel: pci 0000:02:00.1: supports D1 D2
févr. 21 11:06:40 computer kernel: pci 0000:02:00.1: PME# supported from D0 D1 D2 D3hot D3cold
févr. 21 11:06:40 computer kernel: pci 0000:00:1c.4: PCI bridge to [bus 02]
févr. 21 11:06:40 computer kernel: pci 0000:00:1c.4:   bridge window [io  0xe000-0xefff]
févr. 21 11:06:40 computer kernel: pci 0000:00:1c.4:   bridge window [mem 0xdf100000-0xdf1fffff]
févr. 21 11:06:40 computer kernel: pci 0000:03:00.0: [8086:3165] type 00 class 0x028000
févr. 21 11:06:40 computer kernel: pci 0000:03:00.0: reg 0x10: [mem 0xdf000000-0xdf001fff 64bit]
févr. 21 11:06:40 computer kernel: pci 0000:03:00.0: PME# supported from D0 D3hot D3cold
févr. 21 11:06:40 computer kernel: pci 0000:00:1c.6: PCI bridge to [bus 03]
févr. 21 11:06:40 computer kernel: pci 0000:00:1c.6:   bridge window [mem 0xdf000000-0xdf0fffff]
févr. 21 11:06:40 computer kernel: ACPI: PCI: Interrupt link LNKA configured for IRQ 11
févr. 21 11:06:40 computer kernel: ACPI: PCI: Interrupt link LNKB configured for IRQ 10
févr. 21 11:06:40 computer kernel: ACPI: PCI: Interrupt link LNKC configured for IRQ 11
févr. 21 11:06:40 computer kernel: ACPI: PCI: Interrupt link LNKD configured for IRQ 11
févr. 21 11:06:40 computer kernel: ACPI: PCI: Interrupt link LNKE configured for IRQ 11
févr. 21 11:06:40 computer kernel: ACPI: PCI: Interrupt link LNKF configured for IRQ 11
févr. 21 11:06:40 computer kernel: ACPI: PCI: Interrupt link LNKG configured for IRQ 11
févr. 21 11:06:40 computer kernel: ACPI: PCI: Interrupt link LNKH configured for IRQ 11
févr. 21 11:06:40 computer kernel: ACPI: EC: interrupt unblocked
févr. 21 11:06:40 computer kernel: ACPI: EC: event unblocked
févr. 21 11:06:40 computer kernel: ACPI: EC: EC_CMD/EC_SC=0x66, EC_DATA=0x62
févr. 21 11:06:40 computer kernel: ACPI: EC: GPE=0x3
févr. 21 11:06:40 computer kernel: ACPI: \_SB_.PCI0.LPCB.EC__: Boot DSDT EC initialization complete
févr. 21 11:06:40 computer kernel: ACPI: \_SB_.PCI0.LPCB.EC__: EC: Used to handle transactions and events
févr. 21 11:06:40 computer kernel: iommu: Default domain type: Translated 
févr. 21 11:06:40 computer kernel: iommu: DMA domain TLB invalidation policy: lazy mode 
févr. 21 11:06:40 computer kernel: pps_core: LinuxPPS API ver. 1 registered
févr. 21 11:06:40 computer kernel: pps_core: Software ver. 5.3.6 - Copyright 2005-2007 Rodolfo Giometti <giometti@linux.it>
févr. 21 11:06:40 computer kernel: PTP clock support registered
févr. 21 11:06:40 computer kernel: EDAC MC: Ver: 3.0.0
févr. 21 11:06:40 computer kernel: Registered efivars operations
févr. 21 11:06:40 computer kernel: NetLabel: Initializing
févr. 21 11:06:40 computer kernel: NetLabel:  domain hash size = 128
févr. 21 11:06:40 computer kernel: NetLabel:  protocols = UNLABELED CIPSOv4 CALIPSO
févr. 21 11:06:40 computer kernel: NetLabel:  unlabeled traffic allowed by default
févr. 21 11:06:40 computer kernel: PCI: Using ACPI for IRQ routing
févr. 21 11:06:40 computer kernel: PCI: pci_cache_line_size set to 64 bytes
févr. 21 11:06:40 computer kernel: e820: reserve RAM buffer [mem 0x00058000-0x0005ffff]
févr. 21 11:06:40 computer kernel: e820: reserve RAM buffer [mem 0x0009e000-0x0009ffff]
févr. 21 11:06:40 computer kernel: e820: reserve RAM buffer [mem 0x830f8000-0x83ffffff]
févr. 21 11:06:40 computer kernel: e820: reserve RAM buffer [mem 0x8561d000-0x87ffffff]
févr. 21 11:06:40 computer kernel: e820: reserve RAM buffer [mem 0x86a47000-0x87ffffff]
févr. 21 11:06:40 computer kernel: e820: reserve RAM buffer [mem 0x87fff000-0x87ffffff]
févr. 21 11:06:40 computer kernel: e820: reserve RAM buffer [mem 0x272000000-0x273ffffff]
févr. 21 11:06:40 computer kernel: pci 0000:00:02.0: vgaarb: setting as boot VGA device
févr. 21 11:06:40 computer kernel: pci 0000:00:02.0: vgaarb: bridge control possible
févr. 21 11:06:40 computer kernel: pci 0000:00:02.0: vgaarb: VGA device added: decodes=io+mem,owns=io+mem,locks=none
févr. 21 11:06:40 computer kernel: vgaarb: loaded
févr. 21 11:06:40 computer kernel: hpet0: at MMIO 0xfed00000, IRQs 2, 8, 0, 0, 0, 0, 0, 0
févr. 21 11:06:40 computer kernel: hpet0: 8 comparators, 64-bit 24.000000 MHz counter
févr. 21 11:06:40 computer kernel: clocksource: Switched to clocksource tsc-early
févr. 21 11:06:40 computer kernel: VFS: Disk quotas dquot_6.6.0
févr. 21 11:06:40 computer kernel: VFS: Dquot-cache hash table entries: 512 (order 0, 4096 bytes)
févr. 21 11:06:40 computer kernel: AppArmor: AppArmor Filesystem Enabled
févr. 21 11:06:40 computer kernel: pnp: PnP ACPI init
févr. 21 11:06:40 computer kernel: system 00:00: [io  0x0680-0x069f] has been reserved
févr. 21 11:06:40 computer kernel: system 00:00: [io  0xffff] has been reserved
févr. 21 11:06:40 computer kernel: system 00:00: [io  0xffff] has been reserved
févr. 21 11:06:40 computer kernel: system 00:00: [io  0xffff] has been reserved
févr. 21 11:06:40 computer kernel: system 00:00: [io  0x1800-0x18fe] has been reserved
févr. 21 11:06:40 computer kernel: system 00:00: [io  0x164e-0x164f] has been reserved
févr. 21 11:06:40 computer kernel: system 00:00: [io  0x3322-0x3323] has been reserved
févr. 21 11:06:40 computer kernel: system 00:01: [io  0x0800-0x087f] has been reserved
févr. 21 11:06:40 computer kernel: system 00:03: [io  0x1854-0x1857] has been reserved
févr. 21 11:06:40 computer kernel: system 00:06: [mem 0xfed10000-0xfed17fff] has been reserved
févr. 21 11:06:40 computer kernel: system 00:06: [mem 0xfed18000-0xfed18fff] has been reserved
févr. 21 11:06:40 computer kernel: system 00:06: [mem 0xfed19000-0xfed19fff] has been reserved
févr. 21 11:06:40 computer kernel: system 00:06: [mem 0xe0000000-0xefffffff] has been reserved
févr. 21 11:06:40 computer kernel: system 00:06: [mem 0xfed20000-0xfed3ffff] has been reserved
févr. 21 11:06:40 computer kernel: system 00:06: [mem 0xfed90000-0xfed93fff] could not be reserved
févr. 21 11:06:40 computer kernel: system 00:06: [mem 0xfed45000-0xfed8ffff] has been reserved
févr. 21 11:06:40 computer kernel: system 00:06: [mem 0xff000000-0xffffffff] has been reserved
févr. 21 11:06:40 computer kernel: system 00:06: [mem 0xfee00000-0xfeefffff] could not be reserved
févr. 21 11:06:40 computer kernel: system 00:06: [mem 0xdffe0000-0xdfffffff] has been reserved
févr. 21 11:06:40 computer kernel: system 00:07: [mem 0xfd000000-0xfdabffff] has been reserved
févr. 21 11:06:40 computer kernel: system 00:07: [mem 0xfdad0000-0xfdadffff] has been reserved
févr. 21 11:06:40 computer kernel: system 00:07: [mem 0xfdb00000-0xfdffffff] has been reserved
févr. 21 11:06:40 computer kernel: system 00:07: [mem 0xfe000000-0xfe01ffff] could not be reserved
févr. 21 11:06:40 computer kernel: system 00:07: [mem 0xfe036000-0xfe03bfff] has been reserved
févr. 21 11:06:40 computer kernel: system 00:07: [mem 0xfe03d000-0xfe3fffff] has been reserved
févr. 21 11:06:40 computer kernel: system 00:07: [mem 0xfe410000-0xfe7fffff] has been reserved
févr. 21 11:06:40 computer kernel: system 00:08: [io  0xff00-0xfffe] has been reserved
févr. 21 11:06:40 computer kernel: system 00:09: [mem 0xfdaf0000-0xfdafffff] has been reserved
févr. 21 11:06:40 computer kernel: system 00:09: [mem 0xfdae0000-0xfdaeffff] has been reserved
févr. 21 11:06:40 computer kernel: system 00:09: [mem 0xfdac0000-0xfdacffff] has been reserved
févr. 21 11:06:40 computer kernel: pnp: PnP ACPI: found 10 devices
févr. 21 11:06:40 computer kernel: clocksource: acpi_pm: mask: 0xffffff max_cycles: 0xffffff, max_idle_ns: 2085701024 ns
févr. 21 11:06:40 computer kernel: NET: Registered PF_INET protocol family
févr. 21 11:06:40 computer kernel: IP idents hash table entries: 131072 (order: 8, 1048576 bytes, linear)
févr. 21 11:06:40 computer kernel: tcp_listen_portaddr_hash hash table entries: 4096 (order: 4, 65536 bytes, linear)
févr. 21 11:06:40 computer kernel: Table-perturb hash table entries: 65536 (order: 6, 262144 bytes, linear)
févr. 21 11:06:40 computer kernel: TCP established hash table entries: 65536 (order: 7, 524288 bytes, linear)
févr. 21 11:06:40 computer kernel: TCP bind hash table entries: 65536 (order: 9, 2097152 bytes, linear)
févr. 21 11:06:40 computer kernel: TCP: Hash tables configured (established 65536 bind 65536)
févr. 21 11:06:40 computer kernel: MPTCP token hash table entries: 8192 (order: 5, 196608 bytes, linear)
févr. 21 11:06:40 computer kernel: UDP hash table entries: 4096 (order: 5, 131072 bytes, linear)
févr. 21 11:06:40 computer kernel: UDP-Lite hash table entries: 4096 (order: 5, 131072 bytes, linear)
févr. 21 11:06:40 computer kernel: NET: Registered PF_UNIX/PF_LOCAL protocol family
févr. 21 11:06:40 computer kernel: NET: Registered PF_XDP protocol family
févr. 21 11:06:40 computer kernel: pci 0000:00:1c.0: PCI bridge to [bus 01]
févr. 21 11:06:40 computer kernel: pci 0000:00:1c.4: PCI bridge to [bus 02]
févr. 21 11:06:40 computer kernel: pci 0000:00:1c.4:   bridge window [io  0xe000-0xefff]
févr. 21 11:06:40 computer kernel: pci 0000:00:1c.4:   bridge window [mem 0xdf100000-0xdf1fffff]
févr. 21 11:06:40 computer kernel: pci 0000:00:1c.6: PCI bridge to [bus 03]
févr. 21 11:06:40 computer kernel: pci 0000:00:1c.6:   bridge window [mem 0xdf000000-0xdf0fffff]
févr. 21 11:06:40 computer kernel: pci_bus 0000:00: resource 4 [io  0x0000-0x0cf7 window]
févr. 21 11:06:40 computer kernel: pci_bus 0000:00: resource 5 [io  0x0d00-0xffff window]
févr. 21 11:06:40 computer kernel: pci_bus 0000:00: resource 6 [mem 0x000a0000-0x000fffff window]
févr. 21 11:06:40 computer kernel: pci_bus 0000:00: resource 7 [mem 0x8d000000-0xdfffffff window]
févr. 21 11:06:40 computer kernel: pci_bus 0000:00: resource 8 [mem 0xfd000000-0xfe7fffff window]
févr. 21 11:06:40 computer kernel: pci_bus 0000:02: resource 0 [io  0xe000-0xefff]
févr. 21 11:06:40 computer kernel: pci_bus 0000:02: resource 1 [mem 0xdf100000-0xdf1fffff]
févr. 21 11:06:40 computer kernel: pci_bus 0000:03: resource 1 [mem 0xdf000000-0xdf0fffff]
févr. 21 11:06:40 computer kernel: PCI: CLS 0 bytes, default 64
févr. 21 11:06:40 computer kernel: pci 0000:00:1f.1: [8086:a120] type 00 class 0x058000
févr. 21 11:06:40 computer kernel: pci 0000:00:1f.1: reg 0x10: [mem 0xfd000000-0xfdffffff 64bit]
févr. 21 11:06:40 computer kernel: DMAR: No ATSR found
févr. 21 11:06:40 computer kernel: DMAR: No SATC found
févr. 21 11:06:40 computer kernel: DMAR: IOMMU feature fl1gp_support inconsistent
févr. 21 11:06:40 computer kernel: DMAR: IOMMU feature pgsel_inv inconsistent
févr. 21 11:06:40 computer kernel: DMAR: IOMMU feature nwfs inconsistent
févr. 21 11:06:40 computer kernel: DMAR: IOMMU feature eafs inconsistent
févr. 21 11:06:40 computer kernel: DMAR: IOMMU feature prs inconsistent
févr. 21 11:06:40 computer kernel: DMAR: IOMMU feature nest inconsistent
févr. 21 11:06:40 computer kernel: DMAR: IOMMU feature mts inconsistent
févr. 21 11:06:40 computer kernel: DMAR: IOMMU feature sc_support inconsistent
févr. 21 11:06:40 computer kernel: DMAR: IOMMU feature pass_through inconsistent
févr. 21 11:06:40 computer kernel: DMAR: IOMMU feature dev_iotlb_support inconsistent
févr. 21 11:06:40 computer kernel: DMAR: dmar0: Using Queued invalidation
févr. 21 11:06:40 computer kernel: DMAR: dmar1: Using Queued invalidation
févr. 21 11:06:40 computer kernel: Trying to unpack rootfs image as initramfs...
févr. 21 11:06:40 computer kernel: pci 0000:00:02.0: Adding to iommu group 0
févr. 21 11:06:40 computer kernel: pci 0000:00:00.0: Adding to iommu group 1
févr. 21 11:06:40 computer kernel: pci 0000:00:14.0: Adding to iommu group 2
févr. 21 11:06:40 computer kernel: pci 0000:00:16.0: Adding to iommu group 3
févr. 21 11:06:40 computer kernel: pci 0000:00:17.0: Adding to iommu group 4
févr. 21 11:06:40 computer kernel: pci 0000:00:1c.0: Adding to iommu group 5
févr. 21 11:06:40 computer kernel: pci 0000:00:1c.4: Adding to iommu group 6
févr. 21 11:06:40 computer kernel: pci 0000:00:1c.6: Adding to iommu group 7
févr. 21 11:06:40 computer kernel: pci 0000:00:1f.0: Adding to iommu group 8
févr. 21 11:06:40 computer kernel: pci 0000:00:1f.2: Adding to iommu group 8
févr. 21 11:06:40 computer kernel: pci 0000:00:1f.3: Adding to iommu group 8
févr. 21 11:06:40 computer kernel: pci 0000:00:1f.4: Adding to iommu group 8
févr. 21 11:06:40 computer kernel: pci 0000:02:00.0: Adding to iommu group 9
févr. 21 11:06:40 computer kernel: pci 0000:02:00.1: Adding to iommu group 9
févr. 21 11:06:40 computer kernel: pci 0000:03:00.0: Adding to iommu group 10
févr. 21 11:06:40 computer kernel: DMAR: Intel(R) Virtualization Technology for Directed I/O
févr. 21 11:06:40 computer kernel: PCI-DMA: Using software bounce buffering for IO (SWIOTLB)
févr. 21 11:06:40 computer kernel: software IO TLB: mapped [mem 0x000000007e3d9000-0x00000000823d9000] (64MB)
févr. 21 11:06:40 computer kernel: Initialise system trusted keyrings
févr. 21 11:06:40 computer kernel: Key type blacklist registered
févr. 21 11:06:40 computer kernel: workingset: timestamp_bits=36 max_order=21 bucket_order=0
févr. 21 11:06:40 computer kernel: zbud: loaded
févr. 21 11:06:40 computer kernel: integrity: Platform Keyring initialized
févr. 21 11:06:40 computer kernel: integrity: Machine keyring initialized
févr. 21 11:06:40 computer kernel: Key type asymmetric registered
févr. 21 11:06:40 computer kernel: Asymmetric key parser 'x509' registered
févr. 21 11:06:40 computer kernel: Freeing initrd memory: 83120K
févr. 21 11:06:40 computer kernel: alg: self-tests for CTR-KDF (hmac(sha256)) passed
févr. 21 11:06:40 computer kernel: Block layer SCSI generic (bsg) driver version 0.4 loaded (major 248)
févr. 21 11:06:40 computer kernel: io scheduler mq-deadline registered
févr. 21 11:06:40 computer kernel: shpchp: Standard Hot Plug PCI Controller Driver version: 0.4
févr. 21 11:06:40 computer kernel: thermal LNXTHERM:00: registered as thermal_zone0
févr. 21 11:06:40 computer kernel: ACPI: thermal: Thermal Zone [TZ0] (60 C)
févr. 21 11:06:40 computer kernel: Serial: 8250/16550 driver, 4 ports, IRQ sharing enabled
févr. 21 11:06:40 computer kernel: Linux agpgart interface v0.103
févr. 21 11:06:40 computer kernel: tpm_crb MSFT0101:00: [Firmware Bug]: ACPI region does not cover the entire command/response buffer. [mem 0xfed40000-0xfed4087f flags 0x200] vs fed40080 f80
févr. 21 11:06:40 computer kernel: tpm_crb MSFT0101:00: [Firmware Bug]: ACPI region does not cover the entire command/response buffer. [mem 0xfed40000-0xfed4087f flags 0x200] vs fed40080 f80
févr. 21 11:06:40 computer kernel: AMD-Vi: AMD IOMMUv2 functionality not available on this system - This is not a bug.
févr. 21 11:06:40 computer kernel: i8042: PNP: PS/2 Controller [PNP0303:PS2K,PNP0f13:SYNM] at 0x60,0x64 irq 1,12
févr. 21 11:06:40 computer kernel: tsc: Refined TSC clocksource calibration: 2304.000 MHz
févr. 21 11:06:40 computer kernel: clocksource: tsc: mask: 0xffffffffffffffff max_cycles: 0x2135f7c97c8, max_idle_ns: 440795273205 ns
févr. 21 11:06:40 computer kernel: i8042: Detected active multiplexing controller, rev 1.1
févr. 21 11:06:40 computer kernel: clocksource: Switched to clocksource tsc
févr. 21 11:06:40 computer kernel: serio: i8042 KBD port at 0x60,0x64 irq 1
févr. 21 11:06:40 computer kernel: serio: i8042 AUX0 port at 0x60,0x64 irq 12
févr. 21 11:06:40 computer kernel: serio: i8042 AUX1 port at 0x60,0x64 irq 12
févr. 21 11:06:40 computer kernel: serio: i8042 AUX2 port at 0x60,0x64 irq 12
févr. 21 11:06:40 computer kernel: serio: i8042 AUX3 port at 0x60,0x64 irq 12
févr. 21 11:06:40 computer kernel: mousedev: PS/2 mouse device common for all mice
févr. 21 11:06:40 computer kernel: rtc_cmos 00:02: RTC can wake from S4
févr. 21 11:06:40 computer kernel: rtc_cmos 00:02: registered as rtc0
févr. 21 11:06:40 computer kernel: rtc_cmos 00:02: setting system clock to 2025-02-21T10:06:25 UTC (1740132385)
févr. 21 11:06:40 computer kernel: rtc_cmos 00:02: alarms up to one month, y3k, 242 bytes nvram
févr. 21 11:06:40 computer kernel: intel_pstate: Intel P-state driver initializing
févr. 21 11:06:40 computer kernel: intel_pstate: HWP enabled
févr. 21 11:06:40 computer kernel: input: AT Translated Set 2 keyboard as /devices/platform/i8042/serio0/input/input0
févr. 21 11:06:40 computer kernel: ledtrig-cpu: registered to indicate activity on CPUs
févr. 21 11:06:40 computer kernel: efifb: probing for efifb
févr. 21 11:06:40 computer kernel: efifb: framebuffer at 0xc0000000, using 5632k, total 5632k
févr. 21 11:06:40 computer kernel: efifb: mode is 1600x900x32, linelength=6400, pages=1
févr. 21 11:06:40 computer kernel: efifb: scrolling: redraw
févr. 21 11:06:40 computer kernel: efifb: Truecolor: size=8:8:8:8, shift=24:16:8:0
févr. 21 11:06:40 computer kernel: Console: switching to colour frame buffer device 200x56
févr. 21 11:06:40 computer kernel: fb0: EFI VGA frame buffer device
févr. 21 11:06:40 computer kernel: NET: Registered PF_INET6 protocol family
févr. 21 11:06:40 computer kernel: Segment Routing with IPv6
févr. 21 11:06:40 computer kernel: In-situ OAM (IOAM) with IPv6
févr. 21 11:06:40 computer kernel: mip6: Mobile IPv6
févr. 21 11:06:40 computer kernel: NET: Registered PF_PACKET protocol family
févr. 21 11:06:40 computer kernel: mpls_gso: MPLS GSO support
févr. 21 11:06:40 computer kernel: microcode: sig=0x506e3, pf=0x20, revision=0xf0
févr. 21 11:06:40 computer kernel: microcode: Microcode Update Driver: v2.2.
févr. 21 11:06:40 computer kernel: IPI shorthand broadcast: enabled
févr. 21 11:06:40 computer kernel: sched_clock: Marking stable (1397174443, 385517)->(1400689643, -3129683)
févr. 21 11:06:40 computer kernel: registered taskstats version 1
févr. 21 11:06:40 computer kernel: Loading compiled-in X.509 certificates
févr. 21 11:06:40 computer kernel: Loaded X.509 cert 'Debian Secure Boot CA: 6ccece7e4c6c0d1f6149f3dd27dfcc5cbb419ea1'
févr. 21 11:06:40 computer kernel: Loaded X.509 cert 'Debian Secure Boot Signer 2022 - linux: 14011249c2675ea8e5148542202005810584b25f'
févr. 21 11:06:40 computer kernel: zswap: loaded using pool lzo/zbud
févr. 21 11:06:40 computer kernel: Key type .fscrypt registered
févr. 21 11:06:40 computer kernel: Key type fscrypt-provisioning registered
févr. 21 11:06:40 computer kernel: Key type encrypted registered
févr. 21 11:06:40 computer kernel: AppArmor: AppArmor sha1 policy hashing enabled
févr. 21 11:06:40 computer kernel: ima: Allocated hash algorithm: sha256
févr. 21 11:06:40 computer kernel: ima: No architecture policies found
févr. 21 11:06:40 computer kernel: evm: Initialising EVM extended attributes:
févr. 21 11:06:40 computer kernel: evm: security.selinux
févr. 21 11:06:40 computer kernel: evm: security.SMACK64 (disabled)
févr. 21 11:06:40 computer kernel: evm: security.SMACK64EXEC (disabled)
févr. 21 11:06:40 computer kernel: evm: security.SMACK64TRANSMUTE (disabled)
févr. 21 11:06:40 computer kernel: evm: security.SMACK64MMAP (disabled)
févr. 21 11:06:40 computer kernel: evm: security.apparmor
févr. 21 11:06:40 computer kernel: evm: security.ima
févr. 21 11:06:40 computer kernel: evm: security.capability
févr. 21 11:06:40 computer kernel: evm: HMAC attrs: 0x1
févr. 21 11:06:40 computer kernel: clk: Disabling unused clocks
févr. 21 11:06:40 computer kernel: Freeing unused decrypted memory: 2036K
févr. 21 11:06:40 computer kernel: Freeing unused kernel image (initmem) memory: 2796K
févr. 21 11:06:40 computer kernel: Write protecting the kernel read-only data: 26624k
févr. 21 11:06:40 computer kernel: Freeing unused kernel image (text/rodata gap) memory: 2040K
févr. 21 11:06:40 computer kernel: Freeing unused kernel image (rodata/data gap) memory: 1156K
févr. 21 11:06:40 computer kernel: x86/mm: Checked W+X mappings: passed, no W+X pages found.
févr. 21 11:06:40 computer kernel: x86/mm: Checking user space page tables
févr. 21 11:06:40 computer kernel: x86/mm: Checked W+X mappings: passed, no W+X pages found.
févr. 21 11:06:40 computer kernel: Run /init as init process
févr. 21 11:06:40 computer kernel:   with arguments:
févr. 21 11:06:40 computer kernel:     /init
févr. 21 11:06:40 computer kernel:     splash
févr. 21 11:06:40 computer kernel:   with environment:
févr. 21 11:06:40 computer kernel:     HOME=/
févr. 21 11:06:40 computer kernel:     TERM=linux
févr. 21 11:06:40 computer kernel:     BOOT_IMAGE=/boot/vmlinuz-6.1.0-31-amd64
févr. 21 11:06:40 computer kernel:     cryptdevice=UUID=89741473-61f8-4a2a-a51d-5706f262feb8:luks-89741473-61f8-4a2a-a51d-5706f262feb8
févr. 21 11:06:40 computer kernel: input: Power Button as /devices/LNXSYSTM:00/LNXSYBUS:00/PNP0C0C:00/input/input5
févr. 21 11:06:40 computer kernel: ACPI: button: Power Button [PWRB]
févr. 21 11:06:40 computer kernel: input: Sleep Button as /devices/LNXSYSTM:00/LNXSYBUS:00/PNP0C0E:00/input/input6
févr. 21 11:06:40 computer kernel: ACPI: button: Sleep Button [SLPB]
févr. 21 11:06:40 computer kernel: input: Lid Switch as /devices/LNXSYSTM:00/LNXSYBUS:00/PNP0C0D:00/input/input7
févr. 21 11:06:40 computer kernel: ACPI: button: Lid Switch [LID0]
févr. 21 11:06:40 computer kernel: input: Power Button as /devices/LNXSYSTM:00/LNXPWRBN:00/input/input8
févr. 21 11:06:40 computer kernel: ACPI: button: Power Button [PWRF]
févr. 21 11:06:40 computer kernel: ACPI: battery: Slot [BAT0] (battery present)
févr. 21 11:06:40 computer kernel: SCSI subsystem initialized
févr. 21 11:06:40 computer kernel: rtsx_pci 0000:02:00.0: enabling device (0000 -> 0002)
févr. 21 11:06:40 computer kernel: i801_smbus 0000:00:1f.4: SPD Write Disable is set
févr. 21 11:06:40 computer kernel: i801_smbus 0000:00:1f.4: SMBus using PCI interrupt
févr. 21 11:06:40 computer kernel: i2c i2c-0: 1/2 memory slots populated (from DMI)
févr. 21 11:06:40 computer kernel: ACPI: bus type USB registered
févr. 21 11:06:40 computer kernel: usbcore: registered new interface driver usbfs
févr. 21 11:06:40 computer kernel: usbcore: registered new interface driver hub
févr. 21 11:06:40 computer kernel: usbcore: registered new device driver usb
févr. 21 11:06:40 computer kernel: ACPI: bus type drm_connector registered
févr. 21 11:06:40 computer kernel: libata version 3.00 loaded.
févr. 21 11:06:40 computer kernel: xhci_hcd 0000:00:14.0: xHCI Host Controller
févr. 21 11:06:40 computer kernel: xhci_hcd 0000:00:14.0: new USB bus registered, assigned bus number 1
févr. 21 11:06:40 computer kernel: xhci_hcd 0000:00:14.0: hcc params 0x200077c1 hci version 0x100 quirks 0x0000000001109810
févr. 21 11:06:40 computer kernel: r8169 0000:02:00.1: can't disable ASPM; OS doesn't have ASPM control
févr. 21 11:06:40 computer kernel: cryptd: max_cpu_qlen set to 1000
févr. 21 11:06:40 computer kernel: xhci_hcd 0000:00:14.0: xHCI Host Controller
févr. 21 11:06:40 computer kernel: xhci_hcd 0000:00:14.0: new USB bus registered, assigned bus number 2
févr. 21 11:06:40 computer kernel: xhci_hcd 0000:00:14.0: Host supports USB 3.0 SuperSpeed
févr. 21 11:06:40 computer kernel: usb usb1: New USB device found, idVendor=1d6b, idProduct=0002, bcdDevice= 6.01
févr. 21 11:06:40 computer kernel: usb usb1: New USB device strings: Mfr=3, Product=2, SerialNumber=1
févr. 21 11:06:40 computer kernel: usb usb1: Product: xHCI Host Controller
févr. 21 11:06:40 computer kernel: usb usb1: Manufacturer: Linux 6.1.0-31-amd64 xhci-hcd
févr. 21 11:06:40 computer kernel: usb usb1: SerialNumber: 0000:00:14.0
févr. 21 11:06:40 computer kernel: ahci 0000:00:17.0: version 3.0
févr. 21 11:06:40 computer kernel: hub 1-0:1.0: USB hub found
févr. 21 11:06:40 computer kernel: hub 1-0:1.0: 16 ports detected
févr. 21 11:06:40 computer kernel: ahci 0000:00:17.0: AHCI 0001.0301 32 slots 3 ports 6 Gbps 0xd impl SATA mode
févr. 21 11:06:40 computer kernel: ahci 0000:00:17.0: flags: 64bit ncq sntf pm led clo only pio slum part ems deso sadm sds apst 
févr. 21 11:06:40 computer kernel: AVX2 version of gcm_enc/dec engaged.
févr. 21 11:06:40 computer kernel: AES CTR mode by8 optimization enabled
févr. 21 11:06:40 computer kernel: r8169 0000:02:00.1 eth0: RTL8411b, 80:fa:5b:4a:71:9f, XID 5c8, IRQ 128
févr. 21 11:06:40 computer kernel: r8169 0000:02:00.1 eth0: jumbo features [frames: 9194 bytes, tx checksumming: ko]
févr. 21 11:06:40 computer kernel: usb usb2: New USB device found, idVendor=1d6b, idProduct=0003, bcdDevice= 6.01
févr. 21 11:06:40 computer kernel: usb usb2: New USB device strings: Mfr=3, Product=2, SerialNumber=1
févr. 21 11:06:40 computer kernel: usb usb2: Product: xHCI Host Controller
févr. 21 11:06:40 computer kernel: usb usb2: Manufacturer: Linux 6.1.0-31-amd64 xhci-hcd
févr. 21 11:06:40 computer kernel: usb usb2: SerialNumber: 0000:00:14.0
févr. 21 11:06:40 computer kernel: hub 2-0:1.0: USB hub found
févr. 21 11:06:40 computer kernel: hub 2-0:1.0: 8 ports detected
févr. 21 11:06:40 computer kernel: usb: port power management may be unreliable
févr. 21 11:06:40 computer kernel: scsi host0: ahci
févr. 21 11:06:40 computer kernel: scsi host1: ahci
févr. 21 11:06:40 computer kernel: scsi host2: ahci
févr. 21 11:06:40 computer kernel: scsi host3: ahci
févr. 21 11:06:40 computer kernel: ata1: SATA max UDMA/133 abar m2048@0xdf22b000 port 0xdf22b100 irq 127
févr. 21 11:06:40 computer kernel: ata2: DUMMY
févr. 21 11:06:40 computer kernel: ata3: SATA max UDMA/133 abar m2048@0xdf22b000 port 0xdf22b200 irq 127
févr. 21 11:06:40 computer kernel: ata4: SATA max UDMA/133 abar m2048@0xdf22b000 port 0xdf22b280 irq 127
févr. 21 11:06:40 computer kernel: r8169 0000:02:00.1 enp2s0f1: renamed from eth0
févr. 21 11:06:40 computer kernel: usb 1-2: new high-speed USB device number 2 using xhci_hcd
févr. 21 11:06:40 computer kernel: ata1: SATA link up 6.0 Gbps (SStatus 133 SControl 300)
févr. 21 11:06:40 computer kernel: ata4: SATA link up 1.5 Gbps (SStatus 113 SControl 300)
févr. 21 11:06:40 computer kernel: ata3: SATA link down (SStatus 4 SControl 300)
févr. 21 11:06:40 computer kernel: ata1.00: ATA-9: SAMSUNG MZNLN256HMHQ-00000, MAV2100Q, max UDMA/133
févr. 21 11:06:40 computer kernel: ata1.00: 500118192 sectors, multi 16: LBA48 NCQ (depth 32), AA
févr. 21 11:06:40 computer kernel: ata1.00: Features: Dev-Sleep NCQ-sndrcv
févr. 21 11:06:40 computer kernel: ata4.00: ATAPI: Slimtype DVD A  DS8ACSH, LP5M, max UDMA/133
févr. 21 11:06:40 computer kernel: ata4.00: configured for UDMA/133
févr. 21 11:06:40 computer kernel: ata1.00: configured for UDMA/133
févr. 21 11:06:40 computer kernel: ahci 0000:00:17.0: port does not support device sleep
févr. 21 11:06:40 computer kernel: scsi 0:0:0:0: Direct-Access     ATA      SAMSUNG MZNLN256 100Q PQ: 0 ANSI: 5
févr. 21 11:06:40 computer kernel: scsi 3:0:0:0: CD-ROM            Slimtype DVD A  DS8ACSH   LP5M PQ: 0 ANSI: 5
févr. 21 11:06:40 computer kernel: i915 0000:00:02.0: [drm] VT-d active for gfx access
févr. 21 11:06:40 computer kernel: Console: switching to colour dummy device 80x25
févr. 21 11:06:40 computer kernel: i915 0000:00:02.0: vgaarb: deactivate vga console
févr. 21 11:06:40 computer kernel: i915 0000:00:02.0: [drm] Using Transparent Hugepages
févr. 21 11:06:40 computer kernel: i915 0000:00:02.0: vgaarb: changed VGA decodes: olddecodes=io+mem,decodes=io+mem:owns=io+mem
févr. 21 11:06:40 computer kernel: i915 0000:00:02.0: firmware: direct-loading firmware i915/skl_dmc_ver1_27.bin
févr. 21 11:06:40 computer kernel: i915 0000:00:02.0: [drm] Finished loading DMC firmware i915/skl_dmc_ver1_27.bin (v1.27)
févr. 21 11:06:40 computer kernel: i915 0000:00:02.0: [drm] Disabling framebuffer compression (FBC) to prevent screen flicker with VT-d enabled
févr. 21 11:06:40 computer kernel: i915 0000:00:02.0: [drm] [ENCODER:102:DDI B/PHY B] is disabled/in DSI mode with an ungated DDI clock, gate it
févr. 21 11:06:40 computer kernel: i915 0000:00:02.0: [drm] [ENCODER:112:DDI C/PHY C] is disabled/in DSI mode with an ungated DDI clock, gate it
févr. 21 11:06:40 computer kernel: usb 1-2: New USB device found, idVendor=04f2, idProduct=b5b0, bcdDevice=36.02
févr. 21 11:06:40 computer kernel: usb 1-2: New USB device strings: Mfr=1, Product=2, SerialNumber=0
févr. 21 11:06:40 computer kernel: usb 1-2: Product: Chicony USB 2.0 Camera
févr. 21 11:06:40 computer kernel: usb 1-2: Manufacturer: SunplusIT Inc
févr. 21 11:06:40 computer kernel: [drm] Initialized i915 1.6.0 20201103 for 0000:00:02.0 on minor 0
févr. 21 11:06:40 computer kernel: ACPI: video: Video Device [GFX0] (multi-head: yes  rom: no  post: no)
févr. 21 11:06:40 computer kernel: input: Video Bus as /devices/LNXSYSTM:00/LNXSYBUS:00/PNP0A08:00/LNXVIDEO:00/input/input11
févr. 21 11:06:40 computer kernel: fbcon: i915drmfb (fb0) is primary device
févr. 21 11:06:40 computer kernel: usb 1-3: new full-speed USB device number 3 using xhci_hcd
févr. 21 11:06:40 computer kernel: usb 1-3: New USB device found, idVendor=8087, idProduct=0a2a, bcdDevice= 0.01
févr. 21 11:06:40 computer kernel: usb 1-3: New USB device strings: Mfr=0, Product=0, SerialNumber=0
févr. 21 11:06:40 computer kernel: usb 1-6: new low-speed USB device number 4 using xhci_hcd
févr. 21 11:06:40 computer kernel: usb 1-6: New USB device found, idVendor=0000, idProduct=3825, bcdDevice= 1.00
févr. 21 11:06:40 computer kernel: usb 1-6: New USB device strings: Mfr=0, Product=1, SerialNumber=0
févr. 21 11:06:40 computer kernel: usb 1-6: Product:  USB OPTICAL MOUSE
févr. 21 11:06:40 computer kernel: hid: raw HID events driver (C) Jiri Kosina
févr. 21 11:06:40 computer kernel: psmouse serio2: synaptics: queried max coordinates: x [..5672], y [..4722]
févr. 21 11:06:40 computer kernel: psmouse serio2: synaptics: queried min coordinates: x [1380..], y [1192..]
févr. 21 11:06:40 computer kernel: psmouse serio2: synaptics: Your touchpad (PNP: SYN1213 PNP0f13) says it can support a different bus. If i2c-hid and hid-rmi are not used, you might want to try setting psmouse.synaptics_intertouch to 1 and report this to linux-input@vger.kernel.org.
févr. 21 11:06:40 computer kernel: psmouse serio2: synaptics: Touchpad model: 1, fw: 8.1, id: 0x1e2b1, caps: 0xd00123/0x840300/0x126800/0x0, board id: 2942, fw id: 1524475
févr. 21 11:06:40 computer kernel: input: SynPS/2 Synaptics TouchPad as /devices/platform/i8042/serio2/input/input10
févr. 21 11:06:40 computer kernel: Console: switching to colour frame buffer device 200x56
févr. 21 11:06:40 computer kernel: i915 0000:00:02.0: [drm] fb0: i915drmfb frame buffer device
févr. 21 11:06:40 computer kernel: usbcore: registered new interface driver usbhid
févr. 21 11:06:40 computer kernel: usbhid: USB HID core driver
févr. 21 11:06:40 computer kernel: input:  USB OPTICAL MOUSE as /devices/pci0000:00/0000:00:14.0/usb1/1-6/1-6:1.0/0003:0000:3825.0001/input/input14
févr. 21 11:06:40 computer kernel: hid-generic 0003:0000:3825.0001: input,hidraw0: USB HID v1.11 Mouse [ USB OPTICAL MOUSE] on usb-0000:00:14.0-6/input0
févr. 21 11:06:40 computer kernel: sd 0:0:0:0: [sda] 500118192 512-byte logical blocks: (256 GB/238 GiB)
févr. 21 11:06:40 computer kernel: sd 0:0:0:0: [sda] Write Protect is off
févr. 21 11:06:40 computer kernel: sd 0:0:0:0: [sda] Mode Sense: 00 3a 00 00
févr. 21 11:06:40 computer kernel: sd 0:0:0:0: [sda] Write cache: enabled, read cache: enabled, doesn't support DPO or FUA
févr. 21 11:06:40 computer kernel: sd 0:0:0:0: [sda] Preferred minimum I/O size 512 bytes
févr. 21 11:06:40 computer kernel:  sda: sda1 sda2 sda3
févr. 21 11:06:40 computer kernel: sd 0:0:0:0: [sda] Attached SCSI disk
févr. 21 11:06:40 computer kernel: sr 3:0:0:0: [sr0] scsi3-mmc drive: 24x/24x writer cd/rw xa/form2 cdda tray
févr. 21 11:06:40 computer kernel: cdrom: Uniform CD-ROM driver Revision: 3.20
févr. 21 11:06:40 computer kernel: sr 3:0:0:0: Attached scsi CD-ROM sr0
févr. 21 11:06:40 computer kernel: raid6: avx2x4   gen() 28946 MB/s
févr. 21 11:06:40 computer kernel: raid6: avx2x2   gen() 34190 MB/s
févr. 21 11:06:40 computer kernel: raid6: avx2x1   gen() 28846 MB/s
févr. 21 11:06:40 computer kernel: raid6: using algorithm avx2x2 gen() 34190 MB/s
févr. 21 11:06:40 computer kernel: raid6: .... xor() 20508 MB/s, rmw enabled
févr. 21 11:06:40 computer kernel: raid6: using avx2x2 recovery algorithm
févr. 21 11:06:40 computer kernel: xor: automatically using best checksumming function   avx       
févr. 21 11:06:40 computer kernel: async_tx: api initialized (async)
févr. 21 11:06:40 computer kernel: device-mapper: core: CONFIG_IMA_DISABLE_HTABLE is disabled. Duplicate IMA measurements will not be recorded in the IMA log.
févr. 21 11:06:40 computer kernel: device-mapper: uevent: version 1.0.3
févr. 21 11:06:40 computer kernel: device-mapper: ioctl: 4.47.0-ioctl (2022-07-28) initialised: dm-devel@redhat.com
févr. 21 11:06:40 computer kernel: Btrfs loaded, crc32c=crc32c-intel, zoned=yes, fsverity=yes
févr. 21 11:06:40 computer kernel: PM: Image not found (code -22)
févr. 21 11:06:40 computer kernel: EXT4-fs (dm-0): mounted filesystem with ordered data mode. Quota mode: none.
févr. 21 11:06:40 computer kernel: Not activating Mandatory Access Control as /sbin/tomoyo-init does not exist.
févr. 21 11:06:40 computer systemd[1]: Inserted module 'autofs4'
févr. 21 11:06:40 computer systemd[1]: systemd 252.33-1~deb12u1 running in system mode (+PAM +AUDIT +SELINUX +APPARMOR +IMA +SMACK +SECCOMP +GCRYPT -GNUTLS +OPENSSL +ACL +BLKID +CURL +ELFUTILS +FIDO2 +IDN2 -IDN +IPTC +KMOD +LIBCRYPTSETUP +LIBFDISK +PCRE2 -PWQUALITY +P11KIT +QRENCODE +TPM2 +BZIP2 +LZ4 +XZ +ZLIB +ZSTD -BPF_FRAMEWORK -XKBCOMMON +UTMP +SYSVINIT default-hierarchy=unified)
févr. 21 11:06:40 computer systemd[1]: Detected architecture x86-64.
févr. 21 11:06:40 computer systemd[1]: Hostname set to <computer>.
févr. 21 11:06:40 computer systemd[1]: Queued start job for default target graphical.target.
févr. 21 11:06:40 computer systemd[1]: Created slice system-getty.slice - Slice /system/getty.
févr. 21 11:06:40 computer systemd[1]: Created slice system-modprobe.slice - Slice /system/modprobe.
févr. 21 11:06:40 computer systemd[1]: Created slice system-systemd\x2dcryptsetup.slice - Cryptsetup Units Slice.
févr. 21 11:06:40 computer systemd[1]: Created slice system-systemd\x2dfsck.slice - Slice /system/systemd-fsck.
févr. 21 11:06:40 computer systemd[1]: Created slice user.slice - User and Session Slice.
févr. 21 11:06:40 computer systemd[1]: Started systemd-ask-password-wall.path - Forward Password Requests to Wall Directory Watch.
févr. 21 11:06:40 computer systemd[1]: Set up automount proc-sys-fs-binfmt_misc.automount - Arbitrary Executable File Formats File System Automount Point.
févr. 21 11:06:40 computer systemd[1]: Expecting device dev-disk-by\x2duuid-04d06edc\x2dabb2\x2d4c09\x2da9e0\x2d7c14c01b021c.device - /dev/disk/by-uuid/04d06edc-abb2-4c09-a9e0-7c14c01b021c...
févr. 21 11:06:40 computer systemd[1]: Expecting device dev-disk-by\x2duuid-89741473\x2d61f8\x2d4a2a\x2da51d\x2d5706f262feb8.device - /dev/disk/by-uuid/89741473-61f8-4a2a-a51d-5706f262feb8...
févr. 21 11:06:40 computer systemd[1]: Expecting device dev-disk-by\x2duuid-ADC1\x2dCD1B.device - /dev/disk/by-uuid/ADC1-CD1B...
févr. 21 11:06:40 computer systemd[1]: Expecting device dev-mapper-luks\x2d04d06edc\x2dabb2\x2d4c09\x2da9e0\x2d7c14c01b021c.device - /dev/mapper/luks-04d06edc-abb2-4c09-a9e0-7c14c01b021c...
févr. 21 11:06:40 computer systemd[1]: Reached target integritysetup.target - Local Integrity Protected Volumes.
févr. 21 11:06:40 computer systemd[1]: Reached target nss-user-lookup.target - User and Group Name Lookups.
févr. 21 11:06:40 computer systemd[1]: Reached target remote-fs.target - Remote File Systems.
févr. 21 11:06:40 computer systemd[1]: Reached target slices.target - Slice Units.
févr. 21 11:06:40 computer systemd[1]: Reached target time-set.target - System Time Set.
févr. 21 11:06:40 computer systemd[1]: Reached target veritysetup.target - Local Verity Protected Volumes.
févr. 21 11:06:40 computer systemd[1]: Listening on systemd-fsckd.socket - fsck to fsckd communication Socket.
févr. 21 11:06:40 computer systemd[1]: Listening on systemd-initctl.socket - initctl Compatibility Named Pipe.
févr. 21 11:06:40 computer systemd[1]: Listening on systemd-journald-audit.socket - Journal Audit Socket.
févr. 21 11:06:40 computer systemd[1]: Listening on systemd-journald-dev-log.socket - Journal Socket (/dev/log).
févr. 21 11:06:40 computer systemd[1]: Listening on systemd-journald.socket - Journal Socket.
févr. 21 11:06:40 computer systemd[1]: Listening on systemd-udevd-control.socket - udev Control Socket.
févr. 21 11:06:40 computer systemd[1]: Listening on systemd-udevd-kernel.socket - udev Kernel Socket.
févr. 21 11:06:40 computer systemd[1]: Mounting dev-hugepages.mount - Huge Pages File System...
févr. 21 11:06:40 computer systemd[1]: Mounting dev-mqueue.mount - POSIX Message Queue File System...
févr. 21 11:06:40 computer systemd[1]: Mounting sys-kernel-debug.mount - Kernel Debug File System...
févr. 21 11:06:40 computer systemd[1]: Mounting sys-kernel-tracing.mount - Kernel Trace File System...
févr. 21 11:06:40 computer systemd[1]: Starting keyboard-setup.service - Set the console keyboard layout...
févr. 21 11:06:40 computer systemd[1]: Starting kmod-static-nodes.service - Create List of Static Device Nodes...
févr. 21 11:06:40 computer systemd[1]: Starting modprobe@configfs.service - Load Kernel Module configfs...
févr. 21 11:06:40 computer systemd[1]: Starting modprobe@dm_mod.service - Load Kernel Module dm_mod...
févr. 21 11:06:40 computer systemd[1]: Starting modprobe@drm.service - Load Kernel Module drm...
févr. 21 11:06:40 computer systemd[1]: Starting modprobe@efi_pstore.service - Load Kernel Module efi_pstore...
févr. 21 11:06:40 computer systemd[1]: Starting modprobe@fuse.service - Load Kernel Module fuse...
févr. 21 11:06:40 computer systemd[1]: Starting modprobe@loop.service - Load Kernel Module loop...
févr. 21 11:06:40 computer systemd[1]: systemd-fsck-root.service - File System Check on Root Device was skipped because of an unmet condition check (ConditionPathExists=!/run/initramfs/fsck-root).
févr. 21 11:06:40 computer systemd[1]: Starting systemd-journald.service - Journal Service...
févr. 21 11:06:40 computer kernel: pstore: Using crash dump compression: deflate
févr. 21 11:06:40 computer systemd[1]: Starting systemd-modules-load.service - Load Kernel Modules...
févr. 21 11:06:40 computer systemd[1]: Starting systemd-remount-fs.service - Remount Root and Kernel File Systems...
févr. 21 11:06:40 computer systemd[1]: Starting systemd-udev-trigger.service - Coldplug All udev Devices...
févr. 21 11:06:40 computer systemd[1]: Mounted dev-hugepages.mount - Huge Pages File System.
févr. 21 11:06:40 computer kernel: loop: module loaded
févr. 21 11:06:40 computer systemd[1]: Mounted dev-mqueue.mount - POSIX Message Queue File System.
févr. 21 11:06:40 computer systemd[1]: Mounted sys-kernel-debug.mount - Kernel Debug File System.
févr. 21 11:06:40 computer systemd[1]: Mounted sys-kernel-tracing.mount - Kernel Trace File System.
févr. 21 11:06:40 computer systemd[1]: Finished keyboard-setup.service - Set the console keyboard layout.
févr. 21 11:06:40 computer systemd[1]: Finished kmod-static-nodes.service - Create List of Static Device Nodes.
févr. 21 11:06:40 computer systemd[1]: modprobe@configfs.service: Deactivated successfully.
févr. 21 11:06:40 computer systemd[1]: Finished modprobe@configfs.service - Load Kernel Module configfs.
févr. 21 11:06:40 computer systemd[1]: modprobe@dm_mod.service: Deactivated successfully.
févr. 21 11:06:40 computer systemd[1]: Finished modprobe@dm_mod.service - Load Kernel Module dm_mod.
févr. 21 11:06:40 computer systemd[1]: modprobe@drm.service: Deactivated successfully.
févr. 21 11:06:40 computer systemd[1]: Finished modprobe@drm.service - Load Kernel Module drm.
févr. 21 11:06:40 computer systemd[1]: modprobe@loop.service: Deactivated successfully.
févr. 21 11:06:40 computer systemd[1]: Finished modprobe@loop.service - Load Kernel Module loop.
févr. 21 11:06:40 computer kernel: pstore: Registered efi as persistent store backend
févr. 21 11:06:40 computer systemd[1]: Mounting sys-kernel-config.mount - Kernel Configuration File System...
févr. 21 11:06:40 computer systemd[1]: systemd-repart.service - Repartition Root Disk was skipped because no trigger condition checks were met.
févr. 21 11:06:40 computer systemd[1]: modprobe@efi_pstore.service: Deactivated successfully.
févr. 21 11:06:40 computer systemd[1]: Finished modprobe@efi_pstore.service - Load Kernel Module efi_pstore.
févr. 21 11:06:40 computer kernel: fuse: init (API version 7.38)
févr. 21 11:06:40 computer systemd[1]: modprobe@fuse.service: Deactivated successfully.
févr. 21 11:06:40 computer systemd[1]: Finished modprobe@fuse.service - Load Kernel Module fuse.
févr. 21 11:06:40 computer systemd[1]: Mounted sys-kernel-config.mount - Kernel Configuration File System.
févr. 21 11:06:40 computer systemd[1]: Mounting sys-fs-fuse-connections.mount - FUSE Control File System...
févr. 21 11:06:40 computer systemd[1]: Mounted sys-fs-fuse-connections.mount - FUSE Control File System.
févr. 21 11:06:40 computer kernel: EXT4-fs (dm-0): re-mounted. Quota mode: none.
févr. 21 11:06:40 computer systemd[1]: Finished systemd-remount-fs.service - Remount Root and Kernel File Systems.
févr. 21 11:06:40 computer systemd[1]: systemd-firstboot.service - First Boot Wizard was skipped because of an unmet condition check (ConditionFirstBoot=yes).
févr. 21 11:06:40 computer systemd[1]: systemd-pstore.service - Platform Persistent Storage Archival was skipped because of an unmet condition check (ConditionDirectoryNotEmpty=/sys/fs/pstore).
févr. 21 11:06:40 computer systemd[1]: Starting systemd-random-seed.service - Load/Save Random Seed...
févr. 21 11:06:40 computer systemd[1]: Starting systemd-sysusers.service - Create System Users...
févr. 21 11:06:40 computer kernel: lp: driver loaded but no devices found
févr. 21 11:06:40 computer kernel: ppdev: user-space parallel port driver
févr. 21 11:06:40 computer systemd[1]: Finished systemd-sysusers.service - Create System Users.
févr. 21 11:06:40 computer systemd[1]: Starting systemd-tmpfiles-setup-dev.service - Create Static Device Nodes in /dev...
févr. 21 11:06:40 computer systemd[1]: Finished systemd-modules-load.service - Load Kernel Modules.
févr. 21 11:06:40 computer systemd[1]: Starting systemd-sysctl.service - Apply Kernel Variables...
févr. 21 11:06:40 computer systemd[1]: Finished systemd-random-seed.service - Load/Save Random Seed.
févr. 21 11:06:40 computer systemd[1]: first-boot-complete.target - First Boot Complete was skipped because of an unmet condition check (ConditionFirstBoot=yes).
févr. 21 11:06:40 computer systemd[1]: Finished systemd-sysctl.service - Apply Kernel Variables.
févr. 21 11:06:40 computer systemd[1]: Finished systemd-tmpfiles-setup-dev.service - Create Static Device Nodes in /dev.
févr. 21 11:06:40 computer systemd[1]: Reached target local-fs-pre.target - Preparation for Local File Systems.
févr. 21 11:06:40 computer systemd[1]: Starting systemd-udevd.service - Rule-based Manager for Device Events and Files...
févr. 21 11:06:40 computer systemd-journald[462]: Journal started
févr. 21 11:06:40 computer systemd-journald[462]: Runtime Journal (/run/log/journal/8d328d613d8f4c2da9b5cb303e5cf679) is 8.0M, max 78.2M, 70.2M free.
févr. 21 11:06:40 computer systemd-modules-load[463]: Inserted module 'lp'
févr. 21 11:06:40 computer systemd-modules-load[463]: Inserted module 'ppdev'
févr. 21 11:06:40 computer systemd-modules-load[463]: Inserted module 'parport_pc'
févr. 21 11:06:40 computer systemd-modules-load[463]: Inserted module 'msr'
févr. 21 11:06:40 computer systemd[1]: Starting systemd-journal-flush.service - Flush Journal to Persistent Storage...
févr. 21 11:06:40 computer systemd[1]: Started systemd-journald.service - Journal Service.
févr. 21 11:06:40 computer systemd-journald[462]: Time spent on flushing to /var/log/journal/8d328d613d8f4c2da9b5cb303e5cf679 is 6.686ms for 868 entries.
févr. 21 11:06:40 computer systemd-journald[462]: System Journal (/var/log/journal/8d328d613d8f4c2da9b5cb303e5cf679) is 174.4M, max 4.0G, 3.8G free.
févr. 21 11:06:40 computer systemd-journald[462]: Received client request to flush runtime journal.
févr. 21 11:06:40 computer systemd-journald[462]: File /var/log/journal/8d328d613d8f4c2da9b5cb303e5cf679/system.journal corrupted or uncleanly shut down, renaming and replacing.
févr. 21 11:06:40 computer systemd[1]: Finished systemd-journal-flush.service - Flush Journal to Persistent Storage.
févr. 21 11:06:40 computer systemd-udevd[479]: Using default interface naming scheme 'v252'.
févr. 21 11:06:40 computer systemd[1]: Finished systemd-udev-trigger.service - Coldplug All udev Devices.
févr. 21 11:06:40 computer systemd[1]: Starting ifupdown-pre.service - Helper to synchronize boot up for ifupdown...
févr. 21 11:06:40 computer systemd[1]: Started systemd-udevd.service - Rule-based Manager for Device Events and Files.
févr. 21 11:06:40 computer systemd[1]: Starting plymouth-start.service - Show Plymouth Boot Screen...
févr. 21 11:06:40 computer systemd[1]: Finished ifupdown-pre.service - Helper to synchronize boot up for ifupdown.
févr. 21 11:06:40 computer kernel: sd 0:0:0:0: Attached scsi generic sg0 type 0
févr. 21 11:06:40 computer kernel: sr 3:0:0:0: Attached scsi generic sg1 type 5
févr. 21 11:06:40 computer systemd[1]: Started plymouth-start.service - Show Plymouth Boot Screen.
févr. 21 11:06:40 computer systemd[1]: Found device dev-mapper-luks\x2d04d06edc\x2dabb2\x2d4c09\x2da9e0\x2d7c14c01b021c.device - /dev/mapper/luks-04d06edc-abb2-4c09-a9e0-7c14c01b021c.
févr. 21 11:06:40 computer systemd[1]: Found device dev-disk-by\x2duuid-89741473\x2d61f8\x2d4a2a\x2da51d\x2d5706f262feb8.device - SAMSUNG_MZNLN256HMHQ-00000 root.
févr. 21 11:06:40 computer systemd[1]: Found device dev-disk-by\x2duuid-04d06edc\x2dabb2\x2d4c09\x2da9e0\x2d7c14c01b021c.device - SAMSUNG_MZNLN256HMHQ-00000 3.
févr. 21 11:06:40 computer systemd[1]: Found device dev-disk-by\x2duuid-ADC1\x2dCD1B.device - SAMSUNG_MZNLN256HMHQ-00000 1.
févr. 21 11:06:40 computer systemd[1]: systemd-ask-password-console.path - Dispatch Password Requests to Console Directory Watch was skipped because of an unmet condition check (ConditionPathExists=!/run/plymouth/pid).
févr. 21 11:06:40 computer systemd[1]: Started systemd-ask-password-plymouth.path - Forward Password Requests to Plymouth Directory Watch.
févr. 21 11:06:40 computer mtp-probe[511]: checking bus 1, device 4: "/sys/devices/pci0000:00/0000:00:14.0/usb1/1-6"
févr. 21 11:06:40 computer mtp-probe[511]: bus: 1, device: 4 was not an MTP device
févr. 21 11:06:40 computer systemd[1]: Starting systemd-cryptsetup@luks\x2d04d06edc\x2dabb2\x2d4c09\x2da9e0\x2d7c14c01b021c.service - Cryptography Setup for luks-04d06edc-abb2-4c09-a9e0-7c14c01b021c...
févr. 21 11:06:40 computer systemd[1]: Starting systemd-cryptsetup@luks\x2d89741473\x2d61f8\x2d4a2a\x2da51d\x2d5706f262feb8.service - Cryptography Setup for luks-89741473-61f8-4a2a-a51d-5706f262feb8...
févr. 21 11:06:40 computer systemd[1]: Starting systemd-fsck@dev-disk-by\x2duuid-ADC1\x2dCD1B.service - File System Check on /dev/disk/by-uuid/ADC1-CD1B...
févr. 21 11:06:40 computer systemd-cryptsetup[526]: Encountered unknown /etc/crypttab option 'keyscript=/bin/cat', ignoring.
févr. 21 11:06:40 computer systemd-cryptsetup[514]: Encountered unknown /etc/crypttab option 'keyscript=/bin/cat', ignoring.
févr. 21 11:06:40 computer systemd-cryptsetup[514]: Volume luks-04d06edc-abb2-4c09-a9e0-7c14c01b021c already active.
févr. 21 11:06:40 computer systemd-cryptsetup[526]: Volume luks-89741473-61f8-4a2a-a51d-5706f262feb8 already active.
févr. 21 11:06:40 computer systemd[1]: Started systemd-fsckd.service - File System Check Daemon to report status.
févr. 21 11:06:40 computer systemd[1]: Finished systemd-cryptsetup@luks\x2d04d06edc\x2dabb2\x2d4c09\x2da9e0\x2d7c14c01b021c.service - Cryptography Setup for luks-04d06edc-abb2-4c09-a9e0-7c14c01b021c.
févr. 21 11:06:40 computer systemd[1]: Finished systemd-cryptsetup@luks\x2d89741473\x2d61f8\x2d4a2a\x2da51d\x2d5706f262feb8.service - Cryptography Setup for luks-89741473-61f8-4a2a-a51d-5706f262feb8.
févr. 21 11:06:40 computer systemd[1]: Reached target blockdev@dev-mapper-luks\x2d04d06edc\x2dabb2\x2d4c09\x2da9e0\x2d7c14c01b021c.target - Block Device Preparation for /dev/mapper/luks-04d06edc-abb2-4c09-a9e0-7c14c01b021c.
févr. 21 11:06:40 computer systemd[1]: Reached target blockdev@dev-mapper-luks\x2d89741473\x2d61f8\x2d4a2a\x2da51d\x2d5706f262feb8.target - Block Device Preparation for /dev/mapper/luks-89741473-61f8-4a2a-a51d-5706f262feb8.
févr. 21 11:06:40 computer systemd[1]: Reached target cryptsetup.target - Local Encrypted Volumes.
févr. 21 11:06:40 computer systemd[1]: Activating swap dev-mapper-luks\x2d04d06edc\x2dabb2\x2d4c09\x2da9e0\x2d7c14c01b021c.swap - /dev/mapper/luks-04d06edc-abb2-4c09-a9e0-7c14c01b021c...
févr. 21 11:06:40 computer kernel: Adding 9225416k swap on /dev/mapper/luks-04d06edc-abb2-4c09-a9e0-7c14c01b021c.  Priority:-2 extents:1 across:9225416k SSFS
févr. 21 11:06:40 computer kernel: ACPI: AC: AC Adapter [AC] (off-line)
févr. 21 11:06:40 computer kernel: intel_pmc_core INT33A1:00:  initialized
févr. 21 11:06:40 computer systemd[1]: Activated swap dev-mapper-luks\x2d04d06edc\x2dabb2\x2d4c09\x2da9e0\x2d7c14c01b021c.swap - /dev/mapper/luks-04d06edc-abb2-4c09-a9e0-7c14c01b021c.
févr. 21 11:06:40 computer systemd[1]: Reached target swap.target - Swaps.
févr. 21 11:06:40 computer systemd-fsck[531]: fsck.fat 4.2 (2021-01-31)
févr. 21 11:06:40 computer systemd-fsck[531]: There are differences between boot sector and its backup.
févr. 21 11:06:40 computer systemd-fsck[531]: This is mostly harmless. Differences: (offset:original/backup)
févr. 21 11:06:40 computer systemd-fsck[531]:   65:01/00
févr. 21 11:06:40 computer systemd-fsck[531]:   Not automatically fixing this.
févr. 21 11:06:40 computer systemd-fsck[531]: Dirty bit is set. Fs was not properly unmounted and some data may be corrupt.
févr. 21 11:06:40 computer systemd-fsck[531]:  Automatically removing dirty bit.
févr. 21 11:06:40 computer systemd-fsck[531]: *** Filesystem was changed ***
févr. 21 11:06:40 computer systemd-fsck[531]: Writing changes.
févr. 21 11:06:40 computer systemd-fsck[531]: /dev/sda1: 9 files, 1497/76643 clusters
févr. 21 11:06:40 computer systemd[1]: Finished systemd-fsck@dev-disk-by\x2duuid-ADC1\x2dCD1B.service - File System Check on /dev/disk/by-uuid/ADC1-CD1B.
févr. 21 11:06:40 computer mtp-probe[533]: checking bus 1, device 2: "/sys/devices/pci0000:00/0000:00:14.0/usb1/1-2"
févr. 21 11:06:40 computer mtp-probe[533]: bus: 1, device: 2 was not an MTP device
févr. 21 11:06:40 computer kernel: mei_me 0000:00:16.0: enabling device (0000 -> 0002)
févr. 21 11:06:40 computer kernel: mc: Linux media interface: v0.10
févr. 21 11:06:40 computer kernel: videodev: Linux video capture interface: v2.00
févr. 21 11:06:40 computer kernel: input: PC Speaker as /devices/platform/pcspkr/input/input15
févr. 21 11:06:40 computer kernel: alg: No test for fips(ansi_cprng) (fips_ansi_cprng)
févr. 21 11:06:40 computer systemd[1]: Created slice system-systemd\x2dbacklight.slice - Slice /system/systemd-backlight.
févr. 21 11:06:40 computer kernel: iTCO_vendor_support: vendor-support=0
févr. 21 11:06:40 computer kernel: cfg80211: Loading compiled-in X.509 certificates for regulatory database
févr. 21 11:06:40 computer kernel: cfg80211: Loaded X.509 cert 'benh@debian.org: 577e021cb980e0e820821ba7b54b4961b8b4fadf'
févr. 21 11:06:40 computer kernel: cfg80211: Loaded X.509 cert 'romain.perier@gmail.com: 3abbc6ec146e09d1b6016ab9d6cf71dd233f0328'
févr. 21 11:06:40 computer kernel: cfg80211: Loaded X.509 cert 'sforshee: 00b28ddf47aef9cea7'
févr. 21 11:06:40 computer kernel: cfg80211: Loaded X.509 cert 'wens: 61c038651aabdcf94bd0ac7ff06c7248db18c600'
févr. 21 11:06:40 computer kernel: RAPL PMU: API unit is 2^-32 Joules, 4 fixed counters, 655360 ms ovfl timer
févr. 21 11:06:40 computer kernel: RAPL PMU: hw unit of domain pp0-core 2^-14 Joules
févr. 21 11:06:40 computer kernel: RAPL PMU: hw unit of domain package 2^-14 Joules
févr. 21 11:06:40 computer kernel: RAPL PMU: hw unit of domain dram 2^-14 Joules
févr. 21 11:06:40 computer kernel: RAPL PMU: hw unit of domain pp1-gpu 2^-14 Joules
févr. 21 11:06:40 computer kernel: platform regulatory.0: firmware: direct-loading firmware regulatory.db
févr. 21 11:06:40 computer kernel: iTCO_wdt iTCO_wdt: Found a Intel PCH TCO device (Version=4, TCOBASE=0x0400)
févr. 21 11:06:40 computer kernel: platform regulatory.0: firmware: direct-loading firmware regulatory.db.p7s
févr. 21 11:06:40 computer kernel: iTCO_wdt iTCO_wdt: initialized. heartbeat=30 sec (nowayout=0)
févr. 21 11:06:40 computer kernel: usb 1-2: Found UVC 1.00 device Chicony USB 2.0 Camera (04f2:b5b0)
févr. 21 11:06:40 computer kernel: Intel(R) Wireless WiFi driver for Linux
févr. 21 11:06:40 computer kernel: iwlwifi 0000:03:00.0: enabling device (0000 -> 0002)
févr. 21 11:06:40 computer kernel: iwlwifi 0000:03:00.0: firmware: direct-loading firmware iwlwifi-7265D-29.ucode
févr. 21 11:06:40 computer kernel: iwlwifi 0000:03:00.0: Found debug destination: EXTERNAL_DRAM
févr. 21 11:06:40 computer kernel: iwlwifi 0000:03:00.0: Found debug configuration: 0
févr. 21 11:06:40 computer kernel: iwlwifi 0000:03:00.0: loaded firmware version 29.4063824552.0 7265D-29.ucode op_mode iwlmvm
févr. 21 11:06:40 computer kernel: input: Chicony USB 2.0 Camera: Chicony as /devices/pci0000:00/0000:00:14.0/usb1/1-2/1-2:1.0/input/input16
févr. 21 11:06:40 computer kernel: usbcore: registered new interface driver uvcvideo
févr. 21 11:06:40 computer systemd[1]: Starting systemd-backlight@backlight:intel_backlight.service - Load/Save Screen Backlight Brightness of backlight:intel_backlight...
févr. 21 11:06:40 computer systemd[1]: Finished systemd-backlight@backlight:intel_backlight.service - Load/Save Screen Backlight Brightness of backlight:intel_backlight.
févr. 21 11:06:40 computer systemd[1]: Listening on systemd-rfkill.socket - Load/Save RF Kill Switch Status /dev/rfkill Watch.
févr. 21 11:06:40 computer kernel: snd_hda_intel 0000:00:1f.3: enabling device (0000 -> 0002)
févr. 21 11:06:40 computer kernel: snd_hda_intel 0000:00:1f.3: bound 0000:00:02.0 (ops i915_audio_component_bind_ops [i915])
févr. 21 11:06:40 computer kernel: Bluetooth: Core ver 2.22
févr. 21 11:06:40 computer kernel: NET: Registered PF_BLUETOOTH protocol family
févr. 21 11:06:40 computer kernel: Bluetooth: HCI device and connection manager initialized
févr. 21 11:06:40 computer kernel: Bluetooth: HCI socket layer initialized
févr. 21 11:06:40 computer kernel: Bluetooth: L2CAP socket layer initialized
févr. 21 11:06:40 computer kernel: Bluetooth: SCO socket layer initialized
févr. 21 11:06:40 computer kernel: iwlwifi 0000:03:00.0: Detected Intel(R) Dual Band Wireless AC 3165, REV=0x210
févr. 21 11:06:40 computer kernel: thermal thermal_zone2: failed to read out thermal zone (-61)
févr. 21 11:06:40 computer kernel: snd_hda_codec_realtek hdaudioC0D0: autoconfig for ALC269VC: line_outs=1 (0x14/0x0/0x0/0x0/0x0) type:speaker
févr. 21 11:06:40 computer kernel: snd_hda_codec_realtek hdaudioC0D0:    speaker_outs=0 (0x0/0x0/0x0/0x0/0x0)
févr. 21 11:06:40 computer kernel: snd_hda_codec_realtek hdaudioC0D0:    hp_outs=1 (0x15/0x0/0x0/0x0/0x0)
févr. 21 11:06:40 computer kernel: snd_hda_codec_realtek hdaudioC0D0:    mono: mono_out=0x0
févr. 21 11:06:40 computer kernel: snd_hda_codec_realtek hdaudioC0D0:    inputs:
févr. 21 11:06:40 computer kernel: snd_hda_codec_realtek hdaudioC0D0:      Mic=0x18
févr. 21 11:06:40 computer kernel: snd_hda_codec_realtek hdaudioC0D0:      Internal Mic=0x12
févr. 21 11:06:40 computer kernel: intel_rapl_common: Found RAPL domain package
févr. 21 11:06:40 computer kernel: intel_rapl_common: Found RAPL domain core
févr. 21 11:06:40 computer kernel: intel_rapl_common: Found RAPL domain uncore
févr. 21 11:06:40 computer kernel: intel_rapl_common: Found RAPL domain dram
févr. 21 11:06:40 computer kernel: iwlwifi 0000:03:00.0: Applying debug destination EXTERNAL_DRAM
févr. 21 11:06:40 computer kernel: iwlwifi 0000:03:00.0: Allocated 0x00400000 bytes for firmware monitor.
févr. 21 11:06:40 computer kernel: iwlwifi 0000:03:00.0: base HW address: cc:2f:71:54:47:8c, OTP minor version: 0x0
févr. 21 11:06:40 computer kernel: input: HDA Digital PCBeep as /devices/pci0000:00/0000:00:1f.3/sound/card0/input17
févr. 21 11:06:40 computer kernel: input: HDA Intel PCH Mic as /devices/pci0000:00/0000:00:1f.3/sound/card0/input18
févr. 21 11:06:40 computer kernel: input: HDA Intel PCH Front Headphone as /devices/pci0000:00/0000:00:1f.3/sound/card0/input19
févr. 21 11:06:40 computer kernel: input: HDA Intel PCH HDMI/DP,pcm=3 as /devices/pci0000:00/0000:00:1f.3/sound/card0/input20
févr. 21 11:06:40 computer kernel: input: HDA Intel PCH HDMI/DP,pcm=7 as /devices/pci0000:00/0000:00:1f.3/sound/card0/input21
févr. 21 11:06:40 computer kernel: input: HDA Intel PCH HDMI/DP,pcm=8 as /devices/pci0000:00/0000:00:1f.3/sound/card0/input22
févr. 21 11:06:41 computer systemd[1]: systemd-ask-password-console.path - Dispatch Password Requests to Console Directory Watch was skipped because of an unmet condition check (ConditionPathExists=!/run/plymouth/pid).
févr. 21 11:06:41 computer systemd[1]: Starting modprobe@dm_mod.service - Load Kernel Module dm_mod...
févr. 21 11:06:41 computer systemd[1]: Starting modprobe@efi_pstore.service - Load Kernel Module efi_pstore...
févr. 21 11:06:41 computer systemd[1]: Starting modprobe@loop.service - Load Kernel Module loop...
févr. 21 11:06:41 computer systemd[1]: systemd-firstboot.service - First Boot Wizard was skipped because of an unmet condition check (ConditionFirstBoot=yes).
févr. 21 11:06:41 computer systemd[1]: first-boot-complete.target - First Boot Complete was skipped because of an unmet condition check (ConditionFirstBoot=yes).
févr. 21 11:06:41 computer systemd[1]: systemd-fsck-root.service - File System Check on Root Device was skipped because of an unmet condition check (ConditionPathExists=!/run/initramfs/fsck-root).
févr. 21 11:06:41 computer systemd[1]: modprobe@dm_mod.service: Deactivated successfully.
févr. 21 11:06:41 computer systemd[1]: Finished modprobe@dm_mod.service - Load Kernel Module dm_mod.
févr. 21 11:06:41 computer systemd[1]: modprobe@efi_pstore.service: Deactivated successfully.
févr. 21 11:06:41 computer systemd[1]: Finished modprobe@efi_pstore.service - Load Kernel Module efi_pstore.
févr. 21 11:06:41 computer systemd[1]: systemd-pstore.service - Platform Persistent Storage Archival was skipped because of an unmet condition check (ConditionDirectoryNotEmpty=/sys/fs/pstore).
févr. 21 11:06:41 computer systemd[1]: modprobe@loop.service: Deactivated successfully.
févr. 21 11:06:41 computer systemd[1]: Finished modprobe@loop.service - Load Kernel Module loop.
févr. 21 11:06:41 computer systemd[1]: systemd-repart.service - Repartition Root Disk was skipped because no trigger condition checks were met.
févr. 21 11:06:41 computer systemd[1]: Starting systemd-rfkill.service - Load/Save RF Kill Switch Status...
févr. 21 11:06:41 computer kernel: ieee80211 phy0: Selected rate control algorithm 'iwl-mvm-rs'
févr. 21 11:06:41 computer systemd[1]: Started systemd-rfkill.service - Load/Save RF Kill Switch Status.
févr. 21 11:06:41 computer kernel: usbcore: registered new interface driver btusb
févr. 21 11:06:41 computer systemd[1]: systemd-ask-password-console.path - Dispatch Password Requests to Console Directory Watch was skipped because of an unmet condition check (ConditionPathExists=!/run/plymouth/pid).
févr. 21 11:06:41 computer kernel: iwlwifi 0000:03:00.0 wlp3s0: renamed from wlan0
févr. 21 11:06:41 computer systemd[1]: Starting modprobe@dm_mod.service - Load Kernel Module dm_mod...
févr. 21 11:06:41 computer systemd[1]: Starting modprobe@efi_pstore.service - Load Kernel Module efi_pstore...
févr. 21 11:06:41 computer systemd[1]: Starting modprobe@loop.service - Load Kernel Module loop...
févr. 21 11:06:41 computer systemd[1]: systemd-firstboot.service - First Boot Wizard was skipped because of an unmet condition check (ConditionFirstBoot=yes).
févr. 21 11:06:41 computer systemd[1]: first-boot-complete.target - First Boot Complete was skipped because of an unmet condition check (ConditionFirstBoot=yes).
févr. 21 11:06:41 computer systemd[1]: systemd-fsck-root.service - File System Check on Root Device was skipped because of an unmet condition check (ConditionPathExists=!/run/initramfs/fsck-root).
févr. 21 11:06:41 computer systemd[1]: modprobe@dm_mod.service: Deactivated successfully.
févr. 21 11:06:41 computer systemd[1]: Finished modprobe@dm_mod.service - Load Kernel Module dm_mod.
févr. 21 11:06:41 computer systemd[1]: modprobe@efi_pstore.service: Deactivated successfully.
févr. 21 11:06:41 computer systemd[1]: Finished modprobe@efi_pstore.service - Load Kernel Module efi_pstore.
févr. 21 11:06:41 computer kernel: Bluetooth: hci0: Legacy ROM 2.5 revision 1.0 build 3 week 17 2014
févr. 21 11:06:41 computer systemd[1]: systemd-pstore.service - Platform Persistent Storage Archival was skipped because of an unmet condition check (ConditionDirectoryNotEmpty=/sys/fs/pstore).
févr. 21 11:06:41 computer systemd[1]: modprobe@loop.service: Deactivated successfully.
févr. 21 11:06:41 computer systemd[1]: Finished modprobe@loop.service - Load Kernel Module loop.
févr. 21 11:06:41 computer systemd[1]: systemd-repart.service - Repartition Root Disk was skipped because no trigger condition checks were met.
févr. 21 11:06:41 computer kernel: bluetooth hci0: firmware: direct-loading firmware intel/ibt-hw-37.8.10-fw-1.10.3.11.e.bseq
févr. 21 11:06:41 computer kernel: Bluetooth: hci0: Intel Bluetooth firmware file: intel/ibt-hw-37.8.10-fw-1.10.3.11.e.bseq
févr. 21 11:06:41 computer systemd[1]: Mounting boot-efi.mount - /boot/efi...
févr. 21 11:06:41 computer systemd[1]: Mounting snap-bare-5.mount - Mount unit for bare, revision 5...
févr. 21 11:06:41 computer systemd[1]: Mounting snap-brave-480.mount - Mount unit for brave, revision 480...
févr. 21 11:06:41 computer systemd[1]: Mounting snap-core18-2846.mount - Mount unit for core18, revision 2846...
févr. 21 11:06:41 computer kernel: loop0: detected capacity change from 0 to 8
févr. 21 11:06:41 computer systemd[1]: Mounting snap-core20-2434.mount - Mount unit for core20, revision 2434...
févr. 21 11:06:41 computer kernel: loop1: detected capacity change from 0 to 367224
févr. 21 11:06:41 computer systemd[1]: Mounting snap-core20-2496.mount - Mount unit for core20, revision 2496...
févr. 21 11:06:41 computer systemd[1]: Mounting snap-core22-1748.mount - Mount unit for core22, revision 1748...
févr. 21 11:06:41 computer kernel: loop2: detected capacity change from 0 to 130448
févr. 21 11:06:41 computer kernel: loop3: detected capacity change from 0 to 113384
févr. 21 11:06:41 computer systemd[1]: Mounting snap-gnome\x2d3\x2d28\x2d1804-198.mount - Mount unit for gnome-3-28-1804, revision 198...
févr. 21 11:06:41 computer kernel: squashfs: version 4.0 (2009/01/31) Phillip Lougher
