Je n'avais pourtant pas vu de pub depuis longtemps

241124-04:04:35-presko@domaiName-~/Documents/jimmy
=> sudo journalctl | head
Nov 11 14:21:43 ordi kernel: Linux version 6.1.0-25-amd64 (debian-kernel@lists.debian.org) (gcc-12 (Debian 12.2.0-14) 12.2.0, GNU ld (GNU Binutils for Debian) 2.40) #1 SMP PREEMPT_DYNAMIC Debian 6.1.106-3 (2024-08-26)
Nov 11 14:21:43 ordi kernel: Command line: BOOT_IMAGE=/vmlinuz-6.1.0-25-amd64 root=/dev/mapper/ordi--vg-root ro quiet
Nov 11 14:21:43 ordi kernel: BIOS-provided physical RAM map:
Nov 11 14:21:43 ordi kernel: BIOS-e820: [mem 0x0000000000000000-0x0000000000000fff] reserved
Nov 11 14:21:43 ordi kernel: BIOS-e820: [mem 0x0000000000001000-0x0000000000001fff] usable
Nov 11 14:21:43 ordi kernel: BIOS-e820: [mem 0x0000000000002000-0x000000000000bfff] reserved
Nov 11 14:21:43 ordi kernel: BIOS-e820: [mem 0x000000000000c000-0x000000000003efff] usable
Nov 11 14:21:43 ordi kernel: BIOS-e820: [mem 0x000000000003f000-0x0000000000086fff] reserved
Nov 11 14:21:43 ordi kernel: BIOS-e820: [mem 0x0000000000087000-0x000000000008afff] usable
Nov 11 14:21:43 ordi kernel: BIOS-e820: [mem 0x000000000008b000-0x000000000008bfff] type 20

