<!doctype html>
<html>
<head>
  <meta http-equiv="content-type" content="text/html; charset=utf-8">
  <title>dmesg -H</title>
  <meta name="generator" content="CherryTree">
  <link rel="stylesheet" href="res/styles4.css" type="text/css" />
</head>
<body>
<div class='page'><h1 class='title'>dmesg -H</h1><br/><p>[Aug21 11:32] Linux version 6.10.6-arch1-1 (linux@archlinux) (gcc (GCC) 14.2.1 20240805, GNU ld (GNU Binutils) 2.43.0) #1 SMP PREEMPT_DYNAMIC Mon, 19 Aug 2024 17:02:39 +0000</p><p>[  +0.000000] Command line: initrd=\initramfs-linux.img root=PARTUUID=4cf8d353-e858-4dfe-9ec1-a114f257324d zswap.enabled=0 rootflags=subvol=@ rw rootfstype=btrfs</p><p>[  +0.000000] BIOS-provided physical RAM map:</p><p>[  +0.000000] BIOS-e820: [mem 0x0000000000000000-0x0000000000000fff] reserved</p><p>[  +0.000000] BIOS-e820: [mem 0x0000000000001000-0x0000000000001fff] usable</p><p>[  +0.000000] BIOS-e820: [mem 0x0000000000002000-0x000000000000bfff] reserved</p><p>[  +0.000000] BIOS-e820: [mem 0x000000000000c000-0x000000000003efff] usable</p><p>[  +0.000000] BIOS-e820: [mem 0x000000000003f000-0x0000000000086fff] reserved</p><p>[  +0.000000] BIOS-e820: [mem 0x0000000000087000-0x000000000008afff] usable</p><p>[  +0.000000] BIOS-e820: [mem 0x000000000008b000-0x000000000009ffff] reserved</p><p>[  +0.000000] BIOS-e820: [mem 0x00000000000e0000-0x000000000010ffff] reserved</p><p>[  +0.000000] BIOS-e820: [mem 0x0000000000110000-0x0000000009bfffff] usable</p><p>[  +0.000000] BIOS-e820: [mem 0x0000000009c00000-0x0000000009cd0fff] reserved</p><p>[  +0.000000] BIOS-e820: [mem 0x0000000009cd1000-0x0000000009efffff] usable</p><p>[  +0.000000] BIOS-e820: [mem 0x0000000009f00000-0x0000000009f0afff] ACPI NVS</p><p>[  +0.000000] BIOS-e820: [mem 0x0000000009f0b000-0x00000000ba1f6fff] usable</p><p>[  +0.000000] BIOS-e820: [mem 0x00000000ba1f7000-0x00000000bd660fff] reserved</p><p>[  +0.000000] BIOS-e820: [mem 0x00000000bd661000-0x00000000bd7f9fff] ACPI NVS</p><p>[  +0.000000] BIOS-e820: [mem 0x00000000bd7fa000-0x00000000bd7fdfff] ACPI data</p><p>[  +0.000000] BIOS-e820: [mem 0x00000000bd7fe000-0x00000000beffffff] usable</p><p>[  +0.000000] BIOS-e820: [mem 0x00000000bf000000-0x00000000bfffffff] reserved</p><p>[  +0.000000] BIOS-e820: [mem 0x00000000fd200000-0x00000000fd2fffff] reserved</p><p>[  +0.000000] BIOS-e820: [mem 0x00000000fed80000-0x00000000fed80fff] reserved</p><p>[  +0.000000] BIOS-e820: [mem 0x0000000100000000-0x00000001beffffff] usable</p><p>[  +0.000000] NX (Execute Disable) protection: active</p><p>[  +0.000000] APIC: Static calls initialized</p><p>[  +0.000000] e820: update [mem 0xaa71f018-0xaa72f057] usable ==&gt; usable</p><p>[  +0.000000] e820: update [mem 0xaa711018-0xaa71e457] usable ==&gt; usable</p><p>[  +0.000000] extended physical RAM map:</p><p>[  +0.000000] reserve setup_data: [mem 0x0000000000000000-0x0000000000000fff] reserved</p><p>[  +0.000000] reserve setup_data: [mem 0x0000000000001000-0x0000000000001fff] usable</p><p>[  +0.000000] reserve setup_data: [mem 0x0000000000002000-0x000000000000bfff] reserved</p><p>[  +0.000000] reserve setup_data: [mem 0x000000000000c000-0x000000000003efff] usable</p><p>[  +0.000000] reserve setup_data: [mem 0x000000000003f000-0x0000000000086fff] reserved</p><p>[  +0.000000] reserve setup_data: [mem 0x0000000000087000-0x000000000008afff] usable</p><p>[  +0.000000] reserve setup_data: [mem 0x000000000008b000-0x000000000009ffff] reserved</p><p>[  +0.000000] reserve setup_data: [mem 0x00000000000e0000-0x000000000010ffff] reserved</p><p>[  +0.000000] reserve setup_data: [mem 0x0000000000110000-0x0000000009bfffff] usable</p><p>[  +0.000000] reserve setup_data: [mem 0x0000000009c00000-0x0000000009cd0fff] reserved</p><p>[  +0.000000] reserve setup_data: [mem 0x0000000009cd1000-0x0000000009efffff] usable</p><p>[  +0.000000] reserve setup_data: [mem 0x0000000009f00000-0x0000000009f0afff] ACPI NVS</p><p>[  +0.000000] reserve setup_data: [mem 0x0000000009f0b000-0x00000000aa711017] usable</p><p>[  +0.000000] reserve setup_data: [mem 0x00000000aa711018-0x00000000aa71e457] usable</p><p>[  +0.000000] reserve setup_data: [mem 0x00000000aa71e458-0x00000000aa71f017] usable</p><p>[  +0.000000] reserve setup_data: [mem 0x00000000aa71f018-0x00000000aa72f057] usable</p><p>[  +0.000000] reserve setup_data: [mem 0x00000000aa72f058-0x00000000ba1f6fff] usable</p><p>[  +0.000000] reserve setup_data: [mem 0x00000000ba1f7000-0x00000000bd660fff] reserved</p><p>[  +0.000000] reserve setup_data: [mem 0x00000000bd661000-0x00000000bd7f9fff] ACPI NVS</p><p>[  +0.000000] reserve setup_data: [mem 0x00000000bd7fa000-0x00000000bd7fdfff] ACPI data</p><p>[  +0.000000] reserve setup_data: [mem 0x00000000bd7fe000-0x00000000beffffff] usable</p><p>[  +0.000000] reserve setup_data: [mem 0x00000000bf000000-0x00000000bfffffff] reserved</p><p>[  +0.000000] reserve setup_data: [mem 0x00000000fd200000-0x00000000fd2fffff] reserved</p><p>[  +0.000000] reserve setup_data: [mem 0x00000000fed80000-0x00000000fed80fff] reserved</p><p>[  +0.000000] reserve setup_data: [mem 0x0000000100000000-0x00000001beffffff] usable</p><p>[  +0.000000] efi: EFI v2.7 by Lenovo</p><p>[  +0.000000] efi: ACPI=0xbd7fd000 ACPI 2.0=0xbd7fd014 TPMFinalLog=0xbd6a7000 SMBIOS=0xbc00f000 SMBIOS 3.0=0xbc002000 MEMATTR=0xb7d39018 ESRT=0xba6ca000 RNG=0xbd7fcf18 INITRD=0xac9f8218 TPMEventLog=0xaa730018 </p><p>[  +0.000000] random: crng init done</p><p>[  +0.000000] efi: Remove mem54: MMIO range=[0xfd200000-0xfd2fffff] (1MB) from e820 map</p><p>[  +0.000000] e820: remove [mem 0xfd200000-0xfd2fffff] reserved</p><p>[  +0.000000] efi: Not removing mem55: MMIO range=[0xfed80000-0xfed80fff] (4KB) from e820 map</p><p>[  +0.000000] SMBIOS 3.1.1 present.</p><p>[  +0.000000] DMI: LENOVO 20NMS0C901/20NMS0C901, BIOS R13ET54W(1.28 ) 01/12/2023</p><p>[  +0.000000] DMI: Memory slots populated: 2/2</p><p>[  +0.000000] tsc: Fast TSC calibration using PIT</p><p>[  +0.000000] tsc: Detected 2095.960 MHz processor</p><p>[  +0.000000] e820: update [mem 0x00000000-0x00000fff] usable ==&gt; reserved</p><p>[  +0.000003] e820: remove [mem 0x000a0000-0x000fffff] usable</p><p>[  +0.000010] last_pfn = 0x1bf000 max_arch_pfn = 0x400000000</p><p>[  +0.000008] MTRR map: 7 entries (3 fixed + 4 variable; max 20), built from 9 variable MTRRs</p><p>[  +0.000003] x86/PAT: Configuration [0-7]: WB  WC  UC- UC  WB  WP  UC- WT  </p><p>[  +0.000311] last_pfn = 0xbf000 max_arch_pfn = 0x400000000</p><p>[  +0.004378] esrt: Reserving ESRT space from 0x00000000ba6ca000 to 0x00000000ba6ca0b0.</p><p>[  +0.000009] Using GB pages for direct mapping</p><p>[  +0.000699] Secure boot disabled</p><p>[  +0.000001] RAMDISK: [mem 0xa6a18000-0xa8cd6fff]</p><p>[  +0.000192] ACPI: Early table checksum verification disabled</p><p>[  +0.000004] ACPI: RSDP 0x00000000BD7FD014 000024 (v02 LENOVO)</p><p>[  +0.000004] ACPI: XSDT 0x00000000BD7FB188 0000E4 (v01 LENOVO TP-R13   000011C0 PTEC 00000002)</p><p>[  +0.000006] ACPI: FACP 0x00000000BA6EC000 00010C (v05 LENOVO TP-R13   000011C0 PTEC 00000002)</p><p>[  +0.000006] ACPI: DSDT 0x00000000BA6D9000 00DAB3 (v01 LENOVO TP-R13   000011C0 INTL 20120711)</p><p>[  +0.000003] ACPI: FACS 0x00000000BD696000 000040</p><p>[  +0.000003] ACPI: SSDT 0x00000000BC03B000 000D2D (v01 LENOVO UsbCTabl 00000001 INTL 20120711)</p><p>[  +0.000003] ACPI: SSDT 0x00000000BC035000 005419 (v02 LENOVO TP-R13   00000002 MSFT 02000002)</p><p>[  +0.000003] ACPI: SSDT 0x00000000BBFE3000 000651 (v02 LENOVO Tpm2Tabl 00001000 INTL 20120711)</p><p>[  +0.000003] ACPI: TPM2 0x00000000BBFE2000 000034 (v03 LENOVO TP-R13   000011C0 PTEC 00000002)</p><p>[  +0.000003] ACPI: SSDT 0x00000000BBFE1000 000924 (v01 LENOVO WmiTable 00000001 INTL 20120711)</p><p>[  +0.000003] ACPI: MSDM 0x00000000BBAD1000 000055 (v03 LENOVO TP-R13   000011C0 PTEC 00000002)</p><p>[  +0.000003] ACPI: SLIC 0x00000000BB8F4000 000176 (v01 LENOVO TP-R13   000011C0 PTEC 00000002)</p><p>[  +0.000003] ACPI: BATB 0x00000000BB8F3000 00004A (v02 LENOVO TP-R13   000011C0 PTEC 00000002)</p><p>[  +0.000003] ACPI: HPET 0x00000000BA6EB000 000038 (v01 LENOVO TP-R13   000011C0 PTEC 00000002)</p><p>[  +0.000003] ACPI: APIC 0x00000000BA6EA000 000138 (v02 LENOVO TP-R13   000011C0 PTEC 00000002)</p><p>[  +0.000003] ACPI: MCFG 0x00000000BA6E9000 00003C (v01 LENOVO TP-R13   000011C0 PTEC 00000002)</p><p>[  +0.000003] ACPI: SBST 0x00000000BA6E8000 000030 (v01 LENOVO TP-R13   000011C0 PTEC 00000002)</p><p>[  +0.000003] ACPI: WSMT 0x00000000BA6E7000 000028 (v01 LENOVO TP-R13   000011C0 PTEC 00000002)</p><p>[  +0.000003] ACPI: IVRS 0x00000000BA6D8000 00013E (v02 LENOVO TP-R13   000011C0 PTEC 00000002)</p><p>[  +0.000003] ACPI: SSDT 0x00000000BA6D6000 00119C (v01 LENOVO TP-R13   00000001 AMD  00000001)</p><p>[  +0.000003] ACPI: CRAT 0x00000000BA6D5000 000810 (v01 LENOVO TP-R13   000011C0 PTEC 00000002)</p><p>[  +0.000003] ACPI: CDIT 0x00000000BA6D4000 000029 (v01 LENOVO TP-R13   000011C0 PTEC 00000002)</p><p>[  +0.000002] ACPI: FPDT 0x00000000BA6D3000 000034 (v01 LENOVO TP-R13   000011C0 PTEC 00000002)</p><p>[  +0.000003] ACPI: SSDT 0x00000000BA6CD000 000CA3 (v01 LENOVO TP-R13   00000001 INTL 20120711)</p><p>[  +0.000003] ACPI: SSDT 0x00000000BA6CB000 00112D (v01 LENOVO TP-R13   00000001 INTL 20120711)</p><p>[  +0.000003] ACPI: SSDT 0x00000000BA6C7000 0025CD (v01 LENOVO TP-R13   00000001 INTL 20120711)</p><p>[  +0.000003] ACPI: UEFI 0x00000000BD695000 00012A (v01 LENOVO TP-R13   000011C0 PTEC 00000002)</p><p>[  +0.000003] ACPI: SSDT 0x00000000BA6D2000 00036B (v01 LENOVO TP-R13   00000001 INTL 20120711)</p><p>[  +0.000002] ACPI: Reserving FACP table memory at [mem 0xba6ec000-0xba6ec10b]</p><p>[  +0.000002] ACPI: Reserving DSDT table memory at [mem 0xba6d9000-0xba6e6ab2]</p><p>[  +0.000001] ACPI: Reserving FACS table memory at [mem 0xbd696000-0xbd69603f]</p><p>[  +0.000001] ACPI: Reserving SSDT table memory at [mem 0xbc03b000-0xbc03bd2c]</p><p>[  +0.000001] ACPI: Reserving SSDT table memory at [mem 0xbc035000-0xbc03a418]</p><p>[  +0.000001] ACPI: Reserving SSDT table memory at [mem 0xbbfe3000-0xbbfe3650]</p><p>[  +0.000001] ACPI: Reserving TPM2 table memory at [mem 0xbbfe2000-0xbbfe2033]</p><p>[  +0.000001] ACPI: Reserving SSDT table memory at [mem 0xbbfe1000-0xbbfe1923]</p><p>[  +0.000001] ACPI: Reserving MSDM table memory at [mem 0xbbad1000-0xbbad1054]</p><p>[  +0.000001] ACPI: Reserving SLIC table memory at [mem 0xbb8f4000-0xbb8f4175]</p><p>[  +0.000000] ACPI: Reserving BATB table memory at [mem 0xbb8f3000-0xbb8f3049]</p><p>[  +0.000001] ACPI: Reserving HPET table memory at [mem 0xba6eb000-0xba6eb037]</p><p>[  +0.000001] ACPI: Reserving APIC table memory at [mem 0xba6ea000-0xba6ea137]</p><p>[  +0.000001] ACPI: Reserving MCFG table memory at [mem 0xba6e9000-0xba6e903b]</p><p>[  +0.000001] ACPI: Reserving SBST table memory at [mem 0xba6e8000-0xba6e802f]</p><p>[  +0.000001] ACPI: Reserving WSMT table memory at [mem 0xba6e7000-0xba6e7027]</p><p>[  +0.000001] ACPI: Reserving IVRS table memory at [mem 0xba6d8000-0xba6d813d]</p><p>[  +0.000001] ACPI: Reserving SSDT table memory at [mem 0xba6d6000-0xba6d719b]</p><p>[  +0.000001] ACPI: Reserving CRAT table memory at [mem 0xba6d5000-0xba6d580f]</p><p>[  +0.000000] ACPI: Reserving CDIT table memory at [mem 0xba6d4000-0xba6d4028]</p><p>[  +0.000001] ACPI: Reserving FPDT table memory at [mem 0xba6d3000-0xba6d3033]</p><p>[  +0.000001] ACPI: Reserving SSDT table memory at [mem 0xba6cd000-0xba6cdca2]</p><p>[  +0.000001] ACPI: Reserving SSDT table memory at [mem 0xba6cb000-0xba6cc12c]</p><p>[  +0.000001] ACPI: Reserving SSDT table memory at [mem 0xba6c7000-0xba6c95cc]</p><p>[  +0.000001] ACPI: Reserving UEFI table memory at [mem 0xbd695000-0xbd695129]</p><p>[  +0.000001] ACPI: Reserving SSDT table memory at [mem 0xba6d2000-0xba6d236a]</p><p>[  +0.000066] No NUMA configuration found</p><p>[  +0.000001] Faking a node at [mem 0x0000000000000000-0x00000001beffffff]</p><p>[  +0.000004] NODE_DATA(0) allocated [mem 0x1beffb000-0x1beffffff]</p><p>[  +0.000027] Zone ranges:</p><p>[  +0.000000]   DMA      [mem 0x0000000000001000-0x0000000000ffffff]</p><p>[  +0.000002]   DMA32    [mem 0x0000000001000000-0x00000000ffffffff]</p><p>[  +0.000002]   Normal   [mem 0x0000000100000000-0x00000001beffffff]</p><p>[  +0.000001]   Device   empty</p><p>[  +0.000001] Movable zone start for each node</p><p>[  +0.000001] Early memory node ranges</p><p>[  +0.000000]   node   0: [mem 0x0000000000001000-0x0000000000001fff]</p><p>[  +0.000002]   node   0: [mem 0x000000000000c000-0x000000000003efff]</p><p>[  +0.000001]   node   0: [mem 0x0000000000087000-0x000000000008afff]</p><p>[  +0.000001]   node   0: [mem 0x0000000000110000-0x0000000009bfffff]</p><p>[  +0.000001]   node   0: [mem 0x0000000009cd1000-0x0000000009efffff]</p><p>[  +0.000001]   node   0: [mem 0x0000000009f0b000-0x00000000ba1f6fff]</p><p>[  +0.000001]   node   0: [mem 0x00000000bd7fe000-0x00000000beffffff]</p><p>[  +0.000001]   node   0: [mem 0x0000000100000000-0x00000001beffffff]</p><p>[  +0.000002] Initmem setup node 0 [mem 0x0000000000001000-0x00000001beffffff]</p><p>[  +0.000004] On node 0, zone DMA: 1 pages in unavailable ranges</p><p>[  +0.000003] On node 0, zone DMA: 10 pages in unavailable ranges</p><p>[  +0.000002] On node 0, zone DMA: 72 pages in unavailable ranges</p><p>[  +0.000025] On node 0, zone DMA: 133 pages in unavailable ranges</p><p>[  +0.000224] On node 0, zone DMA32: 209 pages in unavailable ranges</p><p>[  +0.007148] On node 0, zone DMA32: 11 pages in unavailable ranges</p><p>[  +0.000236] On node 0, zone DMA32: 13831 pages in unavailable ranges</p><p>[  +0.007921] On node 0, zone Normal: 4096 pages in unavailable ranges</p><p>[  +0.000052] On node 0, zone Normal: 4096 pages in unavailable ranges</p><p>[  +0.000144] ACPI: PM-Timer IO Port: 0x408</p><p>[  +0.000009] CPU topo: Ignoring hot-pluggable APIC ID 8 in present package.</p><p>[  +0.000004] ACPI: LAPIC_NMI (acpi_id[0x00] high edge lint[0x1])</p><p>[  +0.000002] ACPI: LAPIC_NMI (acpi_id[0x01] high edge lint[0x1])</p><p>[  +0.000001] ACPI: LAPIC_NMI (acpi_id[0x02] high edge lint[0x1])</p><p>[  +0.000001] ACPI: LAPIC_NMI (acpi_id[0x03] high edge lint[0x1])</p><p>[  +0.000001] ACPI: LAPIC_NMI (acpi_id[0x04] high edge lint[0x1])</p><p>[  +0.000001] ACPI: LAPIC_NMI (acpi_id[0x05] high edge lint[0x1])</p><p>[  +0.000001] ACPI: LAPIC_NMI (acpi_id[0x06] high edge lint[0x1])</p><p>[  +0.000001] ACPI: LAPIC_NMI (acpi_id[0x07] high edge lint[0x1])</p><p>[  +0.000001] ACPI: LAPIC_NMI (acpi_id[0x08] high edge lint[0x1])</p><p>[  +0.000000] ACPI: LAPIC_NMI (acpi_id[0x09] high edge lint[0x1])</p><p>[  +0.000001] ACPI: LAPIC_NMI (acpi_id[0x0a] high edge lint[0x1])</p><p>[  +0.000001] ACPI: LAPIC_NMI (acpi_id[0x0b] high edge lint[0x1])</p><p>[  +0.000001] ACPI: LAPIC_NMI (acpi_id[0x0c] high edge lint[0x1])</p><p>[  +0.000001] ACPI: LAPIC_NMI (acpi_id[0x0d] high edge lint[0x1])</p><p>[  +0.000001] ACPI: LAPIC_NMI (acpi_id[0x0e] high edge lint[0x1])</p><p>[  +0.000000] ACPI: LAPIC_NMI (acpi_id[0x0f] high edge lint[0x1])</p><p>[  +0.000020] IOAPIC[0]: apic_id 32, version 33, address 0xfec00000, GSI 0-23</p><p>[  +0.000008] IOAPIC[1]: apic_id 33, version 33, address 0xfec01000, GSI 24-55</p><p>[  +0.000003] ACPI: INT_SRC_OVR (bus 0 bus_irq 0 global_irq 2 dfl dfl)</p><p>[  +0.000001] ACPI: INT_SRC_OVR (bus 0 bus_irq 9 global_irq 9 low level)</p><p>[  +0.000005] ACPI: Using ACPI (MADT) for SMP configuration information</p><p>[  +0.000001] ACPI: HPET id: 0x43538210 base: 0xfed00000</p><p>[  +0.000010] CPU topo: Max. logical packages:   1</p><p>[  +0.000000] CPU topo: Max. logical dies:       1</p><p>[  +0.000001] CPU topo: Max. dies per package:   1</p><p>[  +0.000005] CPU topo: Max. threads per core:   2</p><p>[  +0.000001] CPU topo: Num. cores per package:     4</p><p>[  +0.000000] CPU topo: Num. threads per package:   8</p><p>[  +0.000001] CPU topo: Allowing 8 present CPUs plus 0 hotplug CPUs</p><p>[  +0.000001] CPU topo: Rejected CPUs 8</p><p>[  +0.000020] PM: hibernation: Registered nosave memory: [mem 0x00000000-0x00000fff]</p><p>[  +0.000002] PM: hibernation: Registered nosave memory: [mem 0x00002000-0x0000bfff]</p><p>[  +0.000002] PM: hibernation: Registered nosave memory: [mem 0x0003f000-0x00086fff]</p><p>[  +0.000002] PM: hibernation: Registered nosave memory: [mem 0x0008b000-0x0009ffff]</p><p>[  +0.000001] PM: hibernation: Registered nosave memory: [mem 0x000a0000-0x000dffff]</p><p>[  +0.000001] PM: hibernation: Registered nosave memory: [mem 0x000e0000-0x0010ffff]</p><p>[  +0.000001] PM: hibernation: Registered nosave memory: [mem 0x09c00000-0x09cd0fff]</p><p>[  +0.000002] PM: hibernation: Registered nosave memory: [mem 0x09f00000-0x09f0afff]</p><p>[  +0.000002] PM: hibernation: Registered nosave memory: [mem 0xaa711000-0xaa711fff]</p><p>[  +0.000002] PM: hibernation: Registered nosave memory: [mem 0xaa71e000-0xaa71efff]</p><p>[  +0.000000] PM: hibernation: Registered nosave memory: [mem 0xaa71f000-0xaa71ffff]</p><p>[  +0.000002] PM: hibernation: Registered nosave memory: [mem 0xaa72f000-0xaa72ffff]</p><p>[  +0.000002] PM: hibernation: Registered nosave memory: [mem 0xba1f7000-0xbd660fff]</p><p>[  +0.000001] PM: hibernation: Registered nosave memory: [mem 0xbd661000-0xbd7f9fff]</p><p>[  +0.000000] PM: hibernation: Registered nosave memory: [mem 0xbd7fa000-0xbd7fdfff]</p><p>[  +0.000002] PM: hibernation: Registered nosave memory: [mem 0xbf000000-0xbfffffff]</p><p>[  +0.000001] PM: hibernation: Registered nosave memory: [mem 0xc0000000-0xfed7ffff]</p><p>[  +0.000001] PM: hibernation: Registered nosave memory: [mem 0xfed80000-0xfed80fff]</p><p>[  +0.000001] PM: hibernation: Registered nosave memory: [mem 0xfed81000-0xffffffff]</p><p>[  +0.000002] [mem 0xc0000000-0xfed7ffff] available for PCI devices</p><p>[  +0.000002] Booting paravirtualized kernel on bare hardware</p><p>[  +0.000003] clocksource: refined-jiffies: mask: 0xffffffff max_cycles: 0xffffffff, max_idle_ns: 6370452778343963 ns</p><p>[  +0.005524] setup_percpu: NR_CPUS:320 nr_cpumask_bits:8 nr_cpu_ids:8 nr_node_ids:1</p><p>[  +0.000668] percpu: Embedded 66 pages/cpu s233472 r8192 d28672 u524288</p><p>[  +0.000009] pcpu-alloc: s233472 r8192 d28672 u524288 alloc=1*2097152</p><p>[  +0.000003] pcpu-alloc: [0] 0 1 2 3 [0] 4 5 6 7 </p><p>[  +0.000019] Kernel command line: initrd=\initramfs-linux.img root=PARTUUID=4cf8d353-e858-4dfe-9ec1-a114f257324d zswap.enabled=0 rootflags=subvol=@ rw rootfstype=btrfs</p><p>[  +0.001528] Dentry cache hash table entries: 1048576 (order: 11, 8388608 bytes, linear)</p><p>[  +0.000638] Inode-cache hash table entries: 524288 (order: 10, 4194304 bytes, linear)</p><p>[  +0.000070] Fallback order for Node 0: 0 </p><p>[  +0.000006] Built 1 zonelists, mobility grouping on.  Total pages: 1550405</p><p>[  +0.000002] Policy zone: Normal</p><p>[  +0.000372] mem auto-init: stack:all(zero), heap alloc:on, heap free:off</p><p>[  +0.000050] software IO TLB: area num 8.</p><p>[  +0.037618] Memory: 5869052K/6201620K available (18432K kernel code, 2177K rwdata, 13440K rodata, 3432K init, 3492K bss, 332308K reserved, 0K cma-reserved)</p><p>[  +0.000242] SLUB: HWalign=64, Order=0-3, MinObjects=0, CPUs=8, Nodes=1</p><p>[  +0.000064] ftrace: allocating 50278 entries in 197 pages</p><p>[  +0.009058] ftrace: allocated 197 pages with 4 groups</p><p>[  +0.000104] Dynamic Preempt: full</p><p>[  +0.000060] rcu: Preemptible hierarchical RCU implementation.</p><p>[  +0.000001] rcu: 	RCU restricting CPUs from NR_CPUS=320 to nr_cpu_ids=8.</p><p>[  +0.000001] rcu: 	RCU priority boosting: priority 1 delay 500 ms.</p><p>[  +0.000002] 	Trampoline variant of Tasks RCU enabled.</p><p>[  +0.000000] 	Rude variant of Tasks RCU enabled.</p><p>[  +0.000000] 	Tracing variant of Tasks RCU enabled.</p><p>[  +0.000001] rcu: RCU calculated value of scheduler-enlistment delay is 30 jiffies.</p><p>[  +0.000001] rcu: Adjusting geometry for rcu_fanout_leaf=16, nr_cpu_ids=8</p><p>[  +0.000009] RCU Tasks: Setting shift to 3 and lim to 1 rcu_task_cb_adjust=1.</p><p>[  +0.000002] RCU Tasks Rude: Setting shift to 3 and lim to 1 rcu_task_cb_adjust=1.</p><p>[  +0.000002] RCU Tasks Trace: Setting shift to 3 and lim to 1 rcu_task_cb_adjust=1.</p><p>[  +0.004238] NR_IRQS: 20736, nr_irqs: 1032, preallocated irqs: 16</p><p>[  +0.000215] rcu: srcu_init: Setting srcu_struct sizes based on contention.</p><p>[  +0.000188] kfence: initialized - using 2097152 bytes for 255 objects at 0x(____ptrval____)-0x(____ptrval____)</p><p>[  +0.000037] Console: colour dummy device 80x25</p><p>[  +0.000002] printk: legacy console [tty0] enabled</p><p>[  +0.000050] ACPI: Core revision 20240322</p><p>[  +0.000146] clocksource: hpet: mask: 0xffffffff max_cycles: 0xffffffff, max_idle_ns: 133484873504 ns</p><p>[  +0.000023] APIC: Switch to symmetric I/O mode setup</p><p>[  +0.001306] AMD-Vi: ivrs, add hid:PNP0D40, uid:, rdevid:152</p><p>[  +0.000002] AMD-Vi: Using global IVHD EFR:0x4f77ef22294ada, EFR2:0x0</p><p>[  +0.001385] ..TIMER: vector=0x30 apic1=0 pin1=2 apic2=-1 pin2=-1</p><p>[  +0.013981] clocksource: tsc-early: mask: 0xffffffffffffffff max_cycles: 0x1e3648083ab, max_idle_ns: 440795257868 ns</p><p>[  +0.000008] Calibrating delay loop (skipped), value calculated using timer frequency.. 4193.58 BogoMIPS (lpj=6986533)</p><p>[  +0.000019] AMD Zen1 DIV0 bug detected. Disable SMT for full protection.</p><p>[  +0.000150] LVT offset 1 assigned for vector 0xf9</p><p>[  +0.000083] LVT offset 2 assigned for vector 0xf4</p><p>[  +0.000022] Last level iTLB entries: 4KB 1024, 2MB 1024, 4MB 512</p><p>[  +0.000002] Last level dTLB entries: 4KB 1536, 2MB 1536, 4MB 768, 1GB 0</p><p>[  +0.000004] process: using mwait in idle threads</p><p>[  +0.000004] Spectre V1 : Mitigation: usercopy/swapgs barriers and __user pointer sanitization</p><p>[  +0.000002] Spectre V2 : Mitigation: Retpolines</p><p>[  +0.000001] Spectre V2 : Spectre v2 / SpectreRSB mitigation: Filling RSB on context switch</p><p>[  +0.000001] Spectre V2 : Spectre v2 / SpectreRSB : Filling RSB on VMEXIT</p><p>[  +0.000001] Spectre V2 : Enabling Speculation Barrier for firmware calls</p><p>[  +0.000001] RETBleed: Mitigation: untrained return thunk</p><p>[  +0.000002] Spectre V2 : mitigation: Enabling conditional Indirect Branch Prediction Barrier</p><p>[  +0.000002] Speculative Store Bypass: Mitigation: Speculative Store Bypass disabled via prctl</p><p>[  +0.000002] Speculative Return Stack Overflow: Mitigation: Safe RET</p><p>[  +0.000007] x86/fpu: Supporting XSAVE feature 0x001: &#39;x87 floating point registers&#39;</p><p>[  +0.000002] x86/fpu: Supporting XSAVE feature 0x002: &#39;SSE registers&#39;</p><p>[  +0.000001] x86/fpu: Supporting XSAVE feature 0x004: &#39;AVX registers&#39;</p><p>[  +0.000002] x86/fpu: xstate_offset[2]:  576, xstate_sizes[2]:  256</p><p>[  +0.000001] x86/fpu: Enabled xstate features 0x7, context size is 832 bytes, using &#39;compacted&#39; format.</p><p>[  +0.030470] Freeing SMP alternatives memory: 40K</p><p>[  +0.000005] pid_max: default: 32768 minimum: 301</p><p>[  +0.003469] LSM: initializing lsm=capability,landlock,lockdown,yama,bpf</p><p>[  +0.000039] landlock: Up and running.</p><p>[  +0.000002] Yama: becoming mindful.</p><p>[  +0.000007] LSM support for eBPF active</p><p>[  +0.000044] Mount-cache hash table entries: 16384 (order: 5, 131072 bytes, linear)</p><p>[  +0.000016] Mountpoint-cache hash table entries: 16384 (order: 5, 131072 bytes, linear)</p><p>[  +0.109734] smpboot: CPU0: AMD Ryzen 5 PRO 3500U w/ Radeon Vega Mobile Gfx (family: 0x17, model: 0x18, stepping: 0x1)</p><p>[  +0.000329] Performance Events: Fam17h+ core perfctr, AMD PMU driver.</p><p>[  +0.000009] ... version:                0</p><p>[  +0.000002] ... bit width:              48</p><p>[  +0.000001] ... generic registers:      6</p><p>[  +0.000002] ... value mask:             0000ffffffffffff</p><p>[  +0.000002] ... max period:             00007fffffffffff</p><p>[  +0.000001] ... fixed-purpose events:   0</p><p>[  +0.000001] ... event mask:             000000000000003f</p><p>[  +0.000133] signal: max sigframe size: 1776</p><p>[  +0.000040] rcu: Hierarchical SRCU implementation.</p><p>[  +0.000002] rcu: 	Max phase no-delay instances is 1000.</p><p>[  +0.003250] MCE: In-kernel MCE decoding enabled.</p><p>[  +0.000078] NMI watchdog: Enabled. Permanently consumes one hw-PMU counter.</p><p>[  +0.000142] smp: Bringing up secondary CPUs ...</p><p>[  +0.000150] smpboot: x86: Booting SMP configuration:</p><p>[  +0.000002] .... node  #0, CPUs:      #2 #4 #6 #1 #3 #5 #7</p><p>[  +0.017092] smp: Brought up 1 node, 8 CPUs</p><p>[  +0.000000] smpboot: Total of 8 processors activated (33548.66 BogoMIPS)</p><p>[  +0.001841] devtmpfs: initialized</p><p>[  +0.000000] x86/mm: Memory block size: 128MB</p><p>[  +0.000805] ACPI: PM: Registering ACPI NVS region [mem 0x09f00000-0x09f0afff] (45056 bytes)</p><p>[  +0.000000] ACPI: PM: Registering ACPI NVS region [mem 0xbd661000-0xbd7f9fff] (1675264 bytes)</p><p>[  +0.000000] clocksource: jiffies: mask: 0xffffffff max_cycles: 0xffffffff, max_idle_ns: 6370867519511994 ns</p><p>[  +0.000000] futex hash table entries: 2048 (order: 5, 131072 bytes, linear)</p><p>[  +0.000000] pinctrl core: initialized pinctrl subsystem</p><p>[  +0.000000] PM: RTC time: 09:27:48, date: 2024-08-21</p><p>[  +0.000000] NET: Registered PF_NETLINK/PF_ROUTE protocol family</p><p>[  +0.000072] DMA: preallocated 1024 KiB GFP_KERNEL pool for atomic allocations</p><p>[  +0.000136] DMA: preallocated 1024 KiB GFP_KERNEL|GFP_DMA pool for atomic allocations</p><p>[  +0.000160] DMA: preallocated 1024 KiB GFP_KERNEL|GFP_DMA32 pool for atomic allocations</p><p>[  +0.000021] audit: initializing netlink subsys (disabled)</p><p>[  +0.001674] audit: type=2000 audit(1724232468.186:1): state=initialized audit_enabled=0 res=1</p><p>[  +0.000134] thermal_sys: Registered thermal governor &#39;fair_share&#39;</p><p>[  +0.000002] thermal_sys: Registered thermal governor &#39;bang_bang&#39;</p><p>[  +0.000002] thermal_sys: Registered thermal governor &#39;step_wise&#39;</p><p>[  +0.000001] thermal_sys: Registered thermal governor &#39;user_space&#39;</p><p>[  +0.000002] thermal_sys: Registered thermal governor &#39;power_allocator&#39;</p><p>[  +0.000010] cpuidle: using governor ladder</p><p>[  +0.000000] cpuidle: using governor menu</p><p>[  +0.000000] ACPI FADT declares the system doesn&#39;t support PCIe ASPM, so disable it</p><p>[  +0.000000] acpiphp: ACPI Hot Plug PCI Controller Driver version: 0.5</p><p>[  +0.000048] PCI: ECAM [mem 0xf8000000-0xfbffffff] (base 0xf8000000) for domain 0000 [bus 00-3f]</p><p>[  +0.000019] PCI: Using configuration type 1 for base access</p><p>[  +0.000166] kprobes: kprobe jump-optimization is enabled. All kprobes are optimized if possible.</p><p>[  +0.003023] HugeTLB: registered 1.00 GiB page size, pre-allocated 0 pages</p><p>[  +0.000000] HugeTLB: 16380 KiB vmemmap can be freed for a 1.00 GiB page</p><p>[  +0.000000] HugeTLB: registered 2.00 MiB page size, pre-allocated 0 pages</p><p>[  +0.000000] HugeTLB: 28 KiB vmemmap can be freed for a 2.00 MiB page</p><p>[  +0.000008] Demotion targets for Node 0: null</p><p>[  +0.000147] ACPI: Added _OSI(Module Device)</p><p>[  +0.000005] ACPI: Added _OSI(Processor Device)</p><p>[  +0.000004] ACPI: Added _OSI(3.0 _SCP Extensions)</p><p>[  +0.000004] ACPI: Added _OSI(Processor Aggregator Device)</p><p>[  +0.032016] ACPI: 10 ACPI AML tables successfully acquired and loaded</p><p>[  +0.005650] ACPI: [Firmware Bug]: BIOS _OSI(Linux) query ignored</p><p>[  +0.015539] ACPI: _OSC evaluation for CPUs failed, trying _PDC</p><p>[  +0.003486] ACPI: EC: EC started</p><p>[  +0.000004] ACPI: EC: interrupt blocked</p><p>[  +0.002871] ACPI: EC: EC_CMD/EC_SC=0x66, EC_DATA=0x62</p><p>[  +0.000007] ACPI: \_SB_.PCI0.LPC0.EC0_: Boot DSDT EC used to handle transactions</p><p>[  +0.000005] ACPI: Interpreter enabled</p><p>[  +0.000041] ACPI: PM: (supports S0 S3 S4 S5)</p><p>[  +0.000003] ACPI: Using IOAPIC for interrupt routing</p><p>[  +0.003771] PCI: Using host bridge windows from ACPI; if necessary, use &quot;pci=nocrs&quot; and report a bug</p><p>[  +0.000003] PCI: Ignoring E820 reservations for host bridge windows</p><p>[  +0.000580] ACPI: Enabled 2 GPEs in block 00 to 1F</p><p>[  +0.004028] ACPI: \_SB_.PCI0.GPP1.PXSX.WRST: New power resource</p><p>[  +0.001022] ACPI: \_SB_.PCI0.GP17.XHC0.PUBS: New power resource</p><p>[  +0.039502] ACPI: PCI Root Bridge [PCI0] (domain 0000 [bus 00-ff])</p><p>[  +0.000010] acpi PNP0A08:00: _OSC: OS supports [ExtendedConfig ASPM ClockPM Segments MSI EDR HPX-Type3]</p><p>[  +0.000178] acpi PNP0A08:00: _OSC: platform does not support [SHPCHotplug LTR DPC]</p><p>[  +0.000325] acpi PNP0A08:00: _OSC: OS now controls [PCIeHotplug PME AER PCIeCapability]</p><p>[  +0.000003] acpi PNP0A08:00: FADT indicates ASPM is unsupported, using BIOS configuration</p><p>[  +0.000015] acpi PNP0A08:00: [Firmware Info]: ECAM [mem 0xf8000000-0xfbffffff] for domain 0000 [bus 00-3f] only partially covers this bridge</p><p>[  +0.001492] PCI host bridge to bus 0000:00</p><p>[  +0.000003] pci_bus 0000:00: root bus resource [mem 0x000a0000-0x000bffff window]</p><p>[  +0.000004] pci_bus 0000:00: root bus resource [mem 0xc0000000-0xf7ffffff window]</p><p>[  +0.000002] pci_bus 0000:00: root bus resource [mem 0xfc000000-0xfdffffff window]</p><p>[  +0.000003] pci_bus 0000:00: root bus resource [io  0x0000-0x0cf7 window]</p><p>[  +0.000002] pci_bus 0000:00: root bus resource [io  0x0d00-0xffff window]</p><p>[  +0.000003] pci_bus 0000:00: root bus resource [bus 00-ff]</p><p>[  +0.000019] pci 0000:00:00.0: [1022:15d0] type 00 class 0x060000 conventional PCI endpoint</p><p>[  +0.000112] pci 0000:00:00.2: [1022:15d1] type 00 class 0x080600 conventional PCI endpoint</p><p>[  +0.000116] pci 0000:00:01.0: [1022:1452] type 00 class 0x060000 conventional PCI endpoint</p><p>[  +0.000103] pci 0000:00:01.2: [1022:15d3] type 01 class 0x060400 PCIe Root Port</p><p>[  +0.000024] pci 0000:00:01.2: PCI bridge to [bus 01]</p><p>[  +0.000008] pci 0000:00:01.2:   bridge window [mem 0xd0900000-0xd09fffff]</p><p>[  +0.000018] pci 0000:00:01.2: enabling Extended Tags</p><p>[  +0.000061] pci 0000:00:01.2: PME# supported from D0 D3hot D3cold</p><p>[  +0.000169] pci 0000:00:01.3: [1022:15d3] type 01 class 0x060400 PCIe Root Port</p><p>[  +0.000024] pci 0000:00:01.3: PCI bridge to [bus 02]</p><p>[  +0.000007] pci 0000:00:01.3:   bridge window [mem 0xd0800000-0xd08fffff]</p><p>[  +0.000018] pci 0000:00:01.3: enabling Extended Tags</p><p>[  +0.000060] pci 0000:00:01.3: PME# supported from D0 D3hot D3cold</p><p>[  +0.000171] pci 0000:00:01.4: [1022:15d3] type 01 class 0x060400 PCIe Root Port</p><p>[  +0.000024] pci 0000:00:01.4: PCI bridge to [bus 03]</p><p>[  +0.000006] pci 0000:00:01.4:   bridge window [io  0x2000-0x2fff]</p><p>[  +0.000004] pci 0000:00:01.4:   bridge window [mem 0xd0700000-0xd07fffff]</p><p>[  +0.000017] pci 0000:00:01.4: enabling Extended Tags</p><p>[  +0.000060] pci 0000:00:01.4: PME# supported from D0 D3hot D3cold</p><p>[  +0.000180] pci 0000:00:01.7: [1022:15d3] type 01 class 0x060400 PCIe Root Port</p><p>[  +0.000023] pci 0000:00:01.7: PCI bridge to [bus 04]</p><p>[  +0.000008] pci 0000:00:01.7:   bridge window [mem 0xd0600000-0xd06fffff]</p><p>[  +0.000017] pci 0000:00:01.7: enabling Extended Tags</p><p>[  +0.000060] pci 0000:00:01.7: PME# supported from D0 D3hot D3cold</p><p>[  +0.000179] pci 0000:00:08.0: [1022:1452] type 00 class 0x060000 conventional PCI endpoint</p><p>[  +0.000097] pci 0000:00:08.1: [1022:15db] type 01 class 0x060400 PCIe Root Port</p><p>[  +0.000025] pci 0000:00:08.1: PCI bridge to [bus 05]</p><p>[  +0.000006] pci 0000:00:08.1:   bridge window [io  0x1000-0x1fff]</p><p>[  +0.000004] pci 0000:00:08.1:   bridge window [mem 0xd0200000-0xd05fffff]</p><p>[  +0.000010] pci 0000:00:08.1:   bridge window [mem 0xc0000000-0xd01fffff 64bit pref]</p><p>[  +0.000010] pci 0000:00:08.1: enabling Extended Tags</p><p>[  +0.000051] pci 0000:00:08.1: PME# supported from D0 D3hot D3cold</p><p>[  +0.000203] pci 0000:00:14.0: [1022:790b] type 00 class 0x0c0500 conventional PCI endpoint</p><p>[  +0.000153] pci 0000:00:14.3: [1022:790e] type 00 class 0x060100 conventional PCI endpoint</p><p>[  +0.000218] pci 0000:00:18.0: [1022:15e8] type 00 class 0x060000 conventional PCI endpoint</p><p>[  +0.000053] pci 0000:00:18.1: [1022:15e9] type 00 class 0x060000 conventional PCI endpoint</p><p>[  +0.000052] pci 0000:00:18.2: [1022:15ea] type 00 class 0x060000 conventional PCI endpoint</p><p>[  +0.000053] pci 0000:00:18.3: [1022:15eb] type 00 class 0x060000 conventional PCI endpoint</p><p>[  +0.000054] pci 0000:00:18.4: [1022:15ec] type 00 class 0x060000 conventional PCI endpoint</p><p>[  +0.000057] pci 0000:00:18.5: [1022:15ed] type 00 class 0x060000 conventional PCI endpoint</p><p>[  +0.000052] pci 0000:00:18.6: [1022:15ee] type 00 class 0x060000 conventional PCI endpoint</p><p>[  +0.000052] pci 0000:00:18.7: [1022:15ef] type 00 class 0x060000 conventional PCI endpoint</p><p>[  +0.000336] pci 0000:01:00.0: [8086:2526] type 00 class 0x028000 PCIe Endpoint</p><p>[  +0.000055] pci 0000:01:00.0: BAR 0 [mem 0x00000000-0x00003fff 64bit]</p><p>[  +0.000250] pci 0000:01:00.0: PME# supported from D0 D3hot D3cold</p><p>[  +0.000621] pci 0000:00:01.2: PCI bridge to [bus 01]</p><p>[  +0.000134] pci 0000:02:00.0: [144d:a808] type 00 class 0x010802 PCIe Endpoint</p><p>[  +0.000020] pci 0000:02:00.0: BAR 0 [mem 0xd0800000-0xd0803fff 64bit]</p><p>[  +0.000288] pci 0000:00:01.3: PCI bridge to [bus 02]</p><p>[  +0.000070] pci 0000:03:00.0: [10ec:8168] type 00 class 0x020000 PCIe Endpoint</p><p>[  +0.000020] pci 0000:03:00.0: BAR 0 [io  0x2400-0x24ff]</p><p>[  +0.000027] pci 0000:03:00.0: BAR 2 [mem 0xd0714000-0xd0714fff 64bit]</p><p>[  +0.000018] pci 0000:03:00.0: BAR 4 [mem 0xd0700000-0xd0703fff 64bit]</p><p>[  +0.000115] pci 0000:03:00.0: supports D1 D2</p><p>[  +0.000002] pci 0000:03:00.0: PME# supported from D0 D1 D2 D3hot D3cold</p><p>[  +0.000207] pci 0000:03:00.1: [10ec:816a] type 00 class 0x070002 PCIe Endpoint</p><p>[  +0.000018] pci 0000:03:00.1: BAR 0 [io  0x2200-0x22ff]</p><p>[  +0.000021] pci 0000:03:00.1: BAR 2 [mem 0xd0715000-0xd0715fff 64bit]</p><p>[  +0.000015] pci 0000:03:00.1: BAR 4 [mem 0xd0704000-0xd0707fff 64bit]</p><p>[  +0.000103] pci 0000:03:00.1: supports D1 D2</p><p>[  +0.000002] pci 0000:03:00.1: PME# supported from D0 D1 D2 D3hot D3cold</p><p>[  +0.000172] pci 0000:03:00.2: [10ec:816b] type 00 class 0x070002 PCIe Endpoint</p><p>[  +0.000018] pci 0000:03:00.2: BAR 0 [io  0x2100-0x21ff]</p><p>[  +0.000021] pci 0000:03:00.2: BAR 2 [mem 0xd0716000-0xd0716fff 64bit]</p><p>[  +0.000015] pci 0000:03:00.2: BAR 4 [mem 0xd0708000-0xd070bfff 64bit]</p><p>[  +0.000103] pci 0000:03:00.2: supports D1 D2</p><p>[  +0.000002] pci 0000:03:00.2: PME# supported from D0 D1 D2 D3hot D3cold</p><p>[  +0.000180] pci 0000:03:00.3: [10ec:816c] type 00 class 0x0c0701 PCIe Endpoint</p><p>[  +0.000018] pci 0000:03:00.3: BAR 0 [io  0x2000-0x20ff]</p><p>[  +0.000021] pci 0000:03:00.3: BAR 2 [mem 0xd0717000-0xd0717fff 64bit]</p><p>[  +0.000014] pci 0000:03:00.3: BAR 4 [mem 0xd070c000-0xd070ffff 64bit]</p><p>[  +0.000104] pci 0000:03:00.3: supports D1 D2</p><p>[  +0.000002] pci 0000:03:00.3: PME# supported from D0 D1 D2 D3hot D3cold</p><p>[  +0.000171] pci 0000:03:00.4: [10ec:816d] type 00 class 0x0c0320 PCIe Endpoint</p><p>[  +0.000023] pci 0000:03:00.4: BAR 0 [mem 0xd0718000-0xd0718fff]</p><p>[  +0.000027] pci 0000:03:00.4: BAR 2 [mem 0xd0710000-0xd0713fff 64bit]</p><p>[  +0.000125] pci 0000:03:00.4: PME# supported from D0 D3cold</p><p>[  +0.000224] pci 0000:00:01.4: PCI bridge to [bus 03]</p><p>[  +0.000070] pci 0000:04:00.0: [10ec:522a] type 00 class 0xff0000 PCIe Endpoint</p><p>[  +0.000018] pci 0000:04:00.0: BAR 0 [mem 0xd0600000-0xd0600fff]</p><p>[  +0.000129] pci 0000:04:00.0: supports D1 D2</p><p>[  +0.000002] pci 0000:04:00.0: PME# supported from D1 D2 D3hot D3cold</p><p>[  +0.000199] pci 0000:00:01.7: PCI bridge to [bus 04]</p><p>[  +0.000139] pci 0000:05:00.0: [1002:15d8] type 00 class 0x030000 PCIe Legacy Endpoint</p><p>[  +0.000020] pci 0000:05:00.0: BAR 0 [mem 0xc0000000-0xcfffffff 64bit pref]</p><p>[  +0.000013] pci 0000:05:00.0: BAR 2 [mem 0xd0000000-0xd01fffff 64bit pref]</p><p>[  +0.000009] pci 0000:05:00.0: BAR 4 [io  0x1000-0x10ff]</p><p>[  +0.000009] pci 0000:05:00.0: BAR 5 [mem 0xd0500000-0xd057ffff]</p><p>[  +0.000015] pci 0000:05:00.0: enabling Extended Tags</p><p>[  +0.000032] pci 0000:05:00.0: Video device with shadowed ROM at [mem 0x000c0000-0x000dffff]</p><p>[  +0.000064] pci 0000:05:00.0: PME# supported from D1 D2 D3hot D3cold</p><p>[  +0.000203] pci 0000:05:00.1: [1002:15de] type 00 class 0x040300 PCIe Legacy Endpoint</p><p>[  +0.000013] pci 0000:05:00.1: BAR 0 [mem 0xd05c8000-0xd05cbfff]</p><p>[  +0.000036] pci 0000:05:00.1: enabling Extended Tags</p><p>[  +0.000051] pci 0000:05:00.1: PME# supported from D1 D2 D3hot D3cold</p><p>[  +0.000091] pci 0000:05:00.2: [1022:15df] type 00 class 0x108000 PCIe Endpoint</p><p>[  +0.000023] pci 0000:05:00.2: BAR 2 [mem 0xd0400000-0xd04fffff]</p><p>[  +0.000016] pci 0000:05:00.2: BAR 5 [mem 0xd05cc000-0xd05cdfff]</p><p>[  +0.000013] pci 0000:05:00.2: enabling Extended Tags</p><p>[  +0.000167] pci 0000:05:00.3: [1022:15e0] type 00 class 0x0c0330 PCIe Endpoint</p><p>[  +0.000019] pci 0000:05:00.3: BAR 0 [mem 0xd0200000-0xd02fffff 64bit]</p><p>[  +0.000041] pci 0000:05:00.3: enabling Extended Tags</p><p>[  +0.000054] pci 0000:05:00.3: PME# supported from D0 D3hot D3cold</p><p>[  +0.000143] pci 0000:05:00.4: [1022:15e1] type 00 class 0x0c0330 PCIe Endpoint</p><p>[  +0.000019] pci 0000:05:00.4: BAR 0 [mem 0xd0300000-0xd03fffff 64bit]</p><p>[  +0.000040] pci 0000:05:00.4: enabling Extended Tags</p><p>[  +0.000054] pci 0000:05:00.4: PME# supported from D0 D3hot D3cold</p><p>[  +0.000146] pci 0000:05:00.5: [1022:15e2] type 00 class 0x048000 PCIe Endpoint</p><p>[  +0.000014] pci 0000:05:00.5: BAR 0 [mem 0xd0580000-0xd05bffff]</p><p>[  +0.000035] pci 0000:05:00.5: enabling Extended Tags</p><p>[  +0.000051] pci 0000:05:00.5: PME# supported from D0 D3hot D3cold</p><p>[  +0.000133] pci 0000:05:00.6: [1022:15e3] type 00 class 0x040300 PCIe Endpoint</p><p>[  +0.000013] pci 0000:05:00.6: BAR 0 [mem 0xd05c0000-0xd05c7fff]</p><p>[  +0.000036] pci 0000:05:00.6: enabling Extended Tags</p><p>[  +0.000050] pci 0000:05:00.6: PME# supported from D0 D3hot D3cold</p><p>[  +0.000159] pci 0000:00:08.1: PCI bridge to [bus 05]</p><p>[  +0.000411] ACPI: PCI: Interrupt link LNKA configured for IRQ 0</p><p>[  +0.000131] ACPI: PCI: Interrupt link LNKB configured for IRQ 0</p><p>[  +0.000103] ACPI: PCI: Interrupt link LNKC configured for IRQ 0</p><p>[  +0.000130] ACPI: PCI: Interrupt link LNKD configured for IRQ 0</p><p>[  +0.000119] ACPI: PCI: Interrupt link LNKE configured for IRQ 0</p><p>[  +0.000087] ACPI: PCI: Interrupt link LNKF configured for IRQ 0</p><p>[  +0.000086] ACPI: PCI: Interrupt link LNKG configured for IRQ 0</p><p>[  +0.000085] ACPI: PCI: Interrupt link LNKH configured for IRQ 0</p><p>[  +0.001570] ACPI: EC: interrupt unblocked</p><p>[  +0.000003] ACPI: EC: event unblocked</p><p>[  +0.000003] ACPI: EC: EC_CMD/EC_SC=0x66, EC_DATA=0x62</p><p>[  +0.000002] ACPI: EC: GPE=0x3</p><p>[  +0.000002] ACPI: \_SB_.PCI0.LPC0.EC0_: Boot DSDT EC initialization complete</p><p>[  +0.000003] ACPI: \_SB_.PCI0.LPC0.EC0_: EC: Used to handle transactions and events</p><p>[  +0.000135] iommu: Default domain type: Translated</p><p>[  +0.000000] iommu: DMA domain TLB invalidation policy: lazy mode</p><p>[  +0.000000] SCSI subsystem initialized</p><p>[  +0.001090] libata version 3.00 loaded.</p><p>[  +0.000000] ACPI: bus type USB registered</p><p>[  +0.000016] usbcore: registered new interface driver usbfs</p><p>[  +0.000008] usbcore: registered new interface driver hub</p><p>[  +0.000008] usbcore: registered new device driver usb</p><p>[  +0.000039] EDAC MC: Ver: 3.0.0</p><p>[  +0.000211] efivars: Registered efivars operations</p><p>[  +0.000000] NetLabel: Initializing</p><p>[  +0.000000] NetLabel:  domain hash size = 128</p><p>[  +0.000000] NetLabel:  protocols = UNLABELED CIPSOv4 CALIPSO</p><p>[  +0.000000] NetLabel:  unlabeled traffic allowed by default</p><p>[  +0.000000] mctp: management component transport protocol core</p><p>[  +0.000000] NET: Registered PF_MCTP protocol family</p><p>[  +0.000000] PCI: Using ACPI for IRQ routing</p><p>[  +0.002257] PCI: pci_cache_line_size set to 64 bytes</p><p>[  +0.000300] e820: reserve RAM buffer [mem 0x00002000-0x0000ffff]</p><p>[  +0.000002] e820: reserve RAM buffer [mem 0x0003f000-0x0003ffff]</p><p>[  +0.000002] e820: reserve RAM buffer [mem 0x0008b000-0x0008ffff]</p><p>[  +0.000002] e820: reserve RAM buffer [mem 0x09c00000-0x0bffffff]</p><p>[  +0.000002] e820: reserve RAM buffer [mem 0x09f00000-0x0bffffff]</p><p>[  +0.000002] e820: reserve RAM buffer [mem 0xaa711018-0xabffffff]</p><p>[  +0.000002] e820: reserve RAM buffer [mem 0xaa71f018-0xabffffff]</p><p>[  +0.000001] e820: reserve RAM buffer [mem 0xba1f7000-0xbbffffff]</p><p>[  +0.000002] e820: reserve RAM buffer [mem 0xbf000000-0xbfffffff]</p><p>[  +0.000002] e820: reserve RAM buffer [mem 0x1bf000000-0x1bfffffff]</p><p>[  +0.000528] pci 0000:05:00.0: vgaarb: setting as boot VGA device</p><p>[  +0.000000] pci 0000:05:00.0: vgaarb: bridge control possible</p><p>[  +0.000000] pci 0000:05:00.0: vgaarb: VGA device added: decodes=io+mem,owns=io+mem,locks=none</p><p>[  +0.000000] vgaarb: loaded</p><p>[  +0.000009] hpet0: at MMIO 0xfed00000, IRQs 2, 8, 0</p><p>[  +0.000007] hpet0: 3 comparators, 32-bit 14.318180 MHz counter</p><p>[  +0.001015] clocksource: Switched to clocksource tsc-early</p><p>[  +0.001418] VFS: Disk quotas dquot_6.6.0</p><p>[  +0.000000] VFS: Dquot-cache hash table entries: 512 (order 0, 4096 bytes)</p><p>[  +0.000000] pnp: PnP ACPI init</p><p>[  +0.000000] system 00:00: [io  0x0f50-0x0f51] has been reserved</p><p>[  +0.000000] system 00:00: [mem 0xfec00000-0xfec01fff] could not be reserved</p><p>[  +0.000000] system 00:00: [mem 0xfee00000-0xfee00fff] has been reserved</p><p>[  +0.000000] system 00:00: [mem 0xf8000000-0xfbffffff] has been reserved</p><p>[  +0.000445] system 00:02: [io  0x04d0-0x04d1] has been reserved</p><p>[  +0.000004] system 00:02: [io  0x0530-0x0537] has been reserved</p><p>[  +0.000003] system 00:02: [io  0x0400-0x0427] has been reserved</p><p>[  +0.000002] system 00:02: [io  0x0430] has been reserved</p><p>[  +0.000003] system 00:02: [io  0x0440-0x0447] has been reserved</p><p>[  +0.000002] system 00:02: [io  0x0b00-0x0b1f] has been reserved</p><p>[  +0.000003] system 00:02: [io  0x0b20-0x0b3f] has been reserved</p><p>[  +0.000002] system 00:02: [io  0x0c00-0x0c01] has been reserved</p><p>[  +0.000003] system 00:02: [io  0x0c14] has been reserved</p><p>[  +0.000002] system 00:02: [io  0x0c50-0x0c52] has been reserved</p><p>[  +0.000003] system 00:02: [io  0x0cd0-0x0cd1] has been reserved</p><p>[  +0.000002] system 00:02: [io  0x0cd2-0x0cd3] has been reserved</p><p>[  +0.000003] system 00:02: [io  0x0cd4-0x0cd5] has been reserved</p><p>[  +0.000002] system 00:02: [io  0x0cd6-0x0cd7] has been reserved</p><p>[  +0.000003] system 00:02: [io  0x0cd8-0x0cdf] has been reserved</p><p>[  +0.000002] system 00:02: [io  0x0cf9] could not be reserved</p><p>[  +0.000003] system 00:02: [io  0x8100-0x81ff window] has been reserved</p><p>[  +0.000003] system 00:02: [io  0x8200-0x82ff window] has been reserved</p><p>[  +0.000143] system 00:03: [mem 0x000e0000-0x000fffff] could not be reserved</p><p>[  +0.000004] system 00:03: [mem 0xff000000-0xffffffff] has been reserved</p><p>[  +0.000003] system 00:03: [mem 0xfec10000-0xfec1001f] has been reserved</p><p>[  +0.000003] system 00:03: [mem 0xfed00000-0xfed003ff] has been reserved</p><p>[  +0.000003] system 00:03: [mem 0xfed61000-0xfed613ff] has been reserved</p><p>[  +0.000003] system 00:03: [mem 0xfed80000-0xfed80fff] has been reserved</p><p>[  +0.000847] pnp: PnP ACPI: found 6 devices</p><p>[  +0.006704] clocksource: acpi_pm: mask: 0xffffff max_cycles: 0xffffff, max_idle_ns: 2085701024 ns</p><p>[  +0.000084] NET: Registered PF_INET protocol family</p><p>[  +0.000137] IP idents hash table entries: 131072 (order: 8, 1048576 bytes, linear)</p><p>[  +0.017366] tcp_listen_portaddr_hash hash table entries: 4096 (order: 4, 65536 bytes, linear)</p><p>[  +0.000037] Table-perturb hash table entries: 65536 (order: 6, 262144 bytes, linear)</p><p>[  +0.000050] TCP established hash table entries: 65536 (order: 7, 524288 bytes, linear)</p><p>[  +0.000239] TCP bind hash table entries: 65536 (order: 9, 2097152 bytes, linear)</p><p>[  +0.000131] TCP: Hash tables configured (established 65536 bind 65536)</p><p>[  +0.000101] MPTCP token hash table entries: 8192 (order: 5, 196608 bytes, linear)</p><p>[  +0.000041] UDP hash table entries: 4096 (order: 5, 131072 bytes, linear)</p><p>[  +0.000032] UDP-Lite hash table entries: 4096 (order: 5, 131072 bytes, linear)</p><p>[  +0.000061] NET: Registered PF_UNIX/PF_LOCAL protocol family</p><p>[  +0.000011] NET: Registered PF_XDP protocol family</p><p>[  +0.000010] pci 0000:00:01.2: bridge window [io  0x1000-0x0fff] to [bus 01] add_size 1000</p><p>[  +0.000006] pci 0000:00:01.2: bridge window [mem 0x00100000-0x000fffff 64bit pref] to [bus 01] add_size 200000 add_align 100000</p><p>[  +0.000018] pci 0000:00:01.2: bridge window [mem 0xd0a00000-0xd0bfffff 64bit pref]: assigned</p><p>[  +0.000005] pci 0000:00:01.2: bridge window [io  0x3000-0x3fff]: assigned</p><p>[  +0.000005] pci 0000:01:00.0: BAR 0 [mem 0xd0900000-0xd0903fff 64bit]: assigned</p><p>[  +0.000053] pci 0000:00:01.2: PCI bridge to [bus 01]</p><p>[  +0.000004] pci 0000:00:01.2:   bridge window [io  0x3000-0x3fff]</p><p>[  +0.000005] pci 0000:00:01.2:   bridge window [mem 0xd0900000-0xd09fffff]</p><p>[  +0.000004] pci 0000:00:01.2:   bridge window [mem 0xd0a00000-0xd0bfffff 64bit pref]</p><p>[  +0.000007] pci 0000:00:01.3: PCI bridge to [bus 02]</p><p>[  +0.000004] pci 0000:00:01.3:   bridge window [mem 0xd0800000-0xd08fffff]</p><p>[  +0.000009] pci 0000:00:01.4: PCI bridge to [bus 03]</p><p>[  +0.000003] pci 0000:00:01.4:   bridge window [io  0x2000-0x2fff]</p><p>[  +0.000004] pci 0000:00:01.4:   bridge window [mem 0xd0700000-0xd07fffff]</p><p>[  +0.000008] pci 0000:00:01.7: PCI bridge to [bus 04]</p><p>[  +0.000004] pci 0000:00:01.7:   bridge window [mem 0xd0600000-0xd06fffff]</p><p>[  +0.000011] pci 0000:00:08.1: PCI bridge to [bus 05]</p><p>[  +0.000007] pci 0000:00:08.1:   bridge window [io  0x1000-0x1fff]</p><p>[  +0.000005] pci 0000:00:08.1:   bridge window [mem 0xd0200000-0xd05fffff]</p><p>[  +0.000004] pci 0000:00:08.1:   bridge window [mem 0xc0000000-0xd01fffff 64bit pref]</p><p>[  +0.000008] pci_bus 0000:00: resource 4 [mem 0x000a0000-0x000bffff window]</p><p>[  +0.000002] pci_bus 0000:00: resource 5 [mem 0xc0000000-0xf7ffffff window]</p><p>[  +0.000003] pci_bus 0000:00: resource 6 [mem 0xfc000000-0xfdffffff window]</p><p>[  +0.000002] pci_bus 0000:00: resource 7 [io  0x0000-0x0cf7 window]</p><p>[  +0.000003] pci_bus 0000:00: resource 8 [io  0x0d00-0xffff window]</p><p>[  +0.000003] pci_bus 0000:01: resource 0 [io  0x3000-0x3fff]</p><p>[  +0.000002] pci_bus 0000:01: resource 1 [mem 0xd0900000-0xd09fffff]</p><p>[  +0.000002] pci_bus 0000:01: resource 2 [mem 0xd0a00000-0xd0bfffff 64bit pref]</p><p>[  +0.000003] pci_bus 0000:02: resource 1 [mem 0xd0800000-0xd08fffff]</p><p>[  +0.000003] pci_bus 0000:03: resource 0 [io  0x2000-0x2fff]</p><p>[  +0.000002] pci_bus 0000:03: resource 1 [mem 0xd0700000-0xd07fffff]</p><p>[  +0.000003] pci_bus 0000:04: resource 1 [mem 0xd0600000-0xd06fffff]</p><p>[  +0.000002] pci_bus 0000:05: resource 0 [io  0x1000-0x1fff]</p><p>[  +0.000002] pci_bus 0000:05: resource 1 [mem 0xd0200000-0xd05fffff]</p><p>[  +0.000003] pci_bus 0000:05: resource 2 [mem 0xc0000000-0xd01fffff 64bit pref]</p><p>[  +0.000697] pci 0000:05:00.1: D0 power state depends on 0000:05:00.0</p><p>[  +0.000056] pci 0000:05:00.3: extending delay after power-on from D3hot to 20 msec</p><p>[  +0.000324] pci 0000:05:00.4: extending delay after power-on from D3hot to 20 msec</p><p>[  +0.000188] PCI: CLS 32 bytes, default 64</p><p>[  +0.000026] pci 0000:00:00.2: AMD-Vi: IOMMU performance counters supported</p><p>[  +0.000086] pci 0000:00:01.0: Adding to iommu group 0</p><p>[  +0.000012] Trying to unpack rootfs image as initramfs...</p><p>[  +0.000009] pci 0000:00:01.2: Adding to iommu group 1</p><p>[  +0.000021] pci 0000:00:01.3: Adding to iommu group 2</p><p>[  +0.000019] pci 0000:00:01.4: Adding to iommu group 3</p><p>[  +0.000020] pci 0000:00:01.7: Adding to iommu group 4</p><p>[  +0.000029] pci 0000:00:08.0: Adding to iommu group 5</p><p>[  +0.000020] pci 0000:00:08.1: Adding to iommu group 6</p><p>[  +0.000035] pci 0000:00:14.0: Adding to iommu group 7</p><p>[  +0.000018] pci 0000:00:14.3: Adding to iommu group 7</p><p>[  +0.000088] pci 0000:00:18.0: Adding to iommu group 8</p><p>[  +0.000019] pci 0000:00:18.1: Adding to iommu group 8</p><p>[  +0.000018] pci 0000:00:18.2: Adding to iommu group 8</p><p>[  +0.000018] pci 0000:00:18.3: Adding to iommu group 8</p><p>[  +0.000019] pci 0000:00:18.4: Adding to iommu group 8</p><p>[  +0.000018] pci 0000:00:18.5: Adding to iommu group 8</p><p>[  +0.000018] pci 0000:00:18.6: Adding to iommu group 8</p><p>[  +0.000019] pci 0000:00:18.7: Adding to iommu group 8</p><p>[  +0.000019] pci 0000:01:00.0: Adding to iommu group 9</p><p>[  +0.000020] pci 0000:02:00.0: Adding to iommu group 10</p><p>[  +0.000061] pci 0000:03:00.0: Adding to iommu group 11</p><p>[  +0.000023] pci 0000:03:00.1: Adding to iommu group 11</p><p>[  +0.000022] pci 0000:03:00.2: Adding to iommu group 11</p><p>[  +0.000022] pci 0000:03:00.3: Adding to iommu group 11</p><p>[  +0.000022] pci 0000:03:00.4: Adding to iommu group 11</p><p>[  +0.000026] pci 0000:04:00.0: Adding to iommu group 12</p><p>[  +0.000028] pci 0000:05:00.0: Adding to iommu group 13</p><p>[  +0.000070] pci 0000:05:00.1: Adding to iommu group 14</p><p>[  +0.000030] pci 0000:05:00.2: Adding to iommu group 14</p><p>[  +0.000035] pci 0000:05:00.3: Adding to iommu group 14</p><p>[  +0.000025] pci 0000:05:00.4: Adding to iommu group 14</p><p>[  +0.000055] pci 0000:05:00.5: Adding to iommu group 14</p><p>[  +0.000048] pci 0000:05:00.6: Adding to iommu group 14</p><p>[  +0.001949] AMD-Vi: Extended features (0x4f77ef22294ada, 0x0): PPR NX GT IA GA PC GA_vAPIC</p><p>[  +0.000016] AMD-Vi: Interrupt remapping enabled</p><p>[  +0.000165] AMD-Vi: Virtual APIC enabled</p><p>[  +0.000013] PCI-DMA: Using software bounce buffering for IO (SWIOTLB)</p><p>[  +0.000001] software IO TLB: mapped [mem 0x00000000b2538000-0x00000000b6538000] (64MB)</p><p>[  +0.000092] perf/amd_iommu: Detected AMD IOMMU #0 (2 banks, 4 counters/bank).</p><p>[  +0.006722] Initialise system trusted keyrings</p><p>[  +0.000016] Key type blacklist registered</p><p>[  +0.000051] workingset: timestamp_bits=41 max_order=21 bucket_order=0</p><p>[  +0.000009] zbud: loaded</p><p>[  +0.000126] fuse: init (API version 7.40)</p><p>[  +0.000107] integrity: Platform Keyring initialized</p><p>[  +0.000004] integrity: Machine keyring initialized</p><p>[  +0.015228] Key type asymmetric registered</p><p>[  +0.000003] Asymmetric key parser &#39;x509&#39; registered</p><p>[  +0.000029] Block layer SCSI generic (bsg) driver version 0.4 loaded (major 246)</p><p>[  +0.000064] io scheduler mq-deadline registered</p><p>[  +0.000003] io scheduler kyber registered</p><p>[  +0.000014] io scheduler bfq registered</p><p>[  +0.001396] pcieport 0000:00:01.2: PME: Signaling with IRQ 26</p><p>[  +0.000084] pcieport 0000:00:01.2: AER: enabled with IRQ 26</p><p>[  +0.000028] pcieport 0000:00:01.2: pciehp: Slot #0 AttnBtn- PwrCtrl- MRL- AttnInd- PwrInd- HotPlug+ Surprise- Interlock- NoCompl+ IbPresDis- LLActRep+</p><p>[  +0.000242] pcieport 0000:00:01.3: PME: Signaling with IRQ 27</p><p>[  +0.000090] pcieport 0000:00:01.3: AER: enabled with IRQ 27</p><p>[  +0.000168] pcieport 0000:00:01.4: PME: Signaling with IRQ 28</p><p>[  +0.000070] pcieport 0000:00:01.4: AER: enabled with IRQ 28</p><p>[  +0.000170] pcieport 0000:00:01.7: PME: Signaling with IRQ 29</p><p>[  +0.000071] pcieport 0000:00:01.7: AER: enabled with IRQ 29</p><p>[  +0.000173] pcieport 0000:00:08.1: PME: Signaling with IRQ 30</p><p>[  +0.000147] shpchp: Standard Hot Plug PCI Controller Driver version: 0.4</p><p>[  +0.002128] ACPI: AC: AC Adapter [AC] (on-line)</p><p>[  +0.000081] input: Power Button as /devices/LNXSYSTM:00/LNXSYBUS:00/PNP0C0C:00/input/input0</p><p>[  +0.000032] ACPI: button: Power Button [PWRB]</p><p>[  +0.000070] input: Lid Switch as /devices/LNXSYSTM:00/LNXSYBUS:00/PNP0C0D:00/input/input1</p><p>[  +0.001657] ACPI: button: Lid Switch [LID]</p><p>[  +0.000111] input: Sleep Button as /devices/LNXSYSTM:00/LNXSYBUS:00/PNP0C0E:00/input/input2</p><p>[  +0.000101] ACPI: button: Sleep Button [SLPB]</p><p>[  +0.000121] input: Power Button as /devices/LNXSYSTM:00/LNXPWRBN:00/input/input3</p><p>[  +0.000106] ACPI: button: Power Button [PWRF]</p><p>[  +0.000113] Monitor-Mwait will be used to enter C-1 state</p><p>[  +0.000013] ACPI: \_PR_.C000: Found 2 idle states</p><p>[  +0.000224] ACPI: \_PR_.C001: Found 2 idle states</p><p>[  +0.000208] ACPI: \_PR_.C002: Found 2 idle states</p><p>[  +0.000260] ACPI: \_PR_.C003: Found 2 idle states</p><p>[  +0.000206] ACPI: \_PR_.C004: Found 2 idle states</p><p>[  +0.000252] ACPI: \_PR_.C005: Found 2 idle states</p><p>[  +0.000205] ACPI: \_PR_.C006: Found 2 idle states</p><p>[  +0.000261] ACPI: \_PR_.C007: Found 2 idle states</p><p>[  +0.000621] Serial: 8250/16550 driver, 32 ports, IRQ sharing enabled</p><p>[  +0.004005] serial 0000:03:00.1: enabling device (0000 -&gt; 0003)</p><p>[  +0.000691] 0000:03:00.1: ttyS4 at I/O 0x2200 (irq = 31, base_baud = 115200) is a 16550A</p><p>[  +0.000121] serial 0000:03:00.2: enabling device (0000 -&gt; 0003)</p><p>[  +0.000667] 0000:03:00.2: ttyS5 at I/O 0x2100 (irq = 32, base_baud = 115200) is a 16550A</p><p>[  +0.000268] Non-volatile memory driver v1.3</p><p>[  +0.000003] Linux agpgart interface v0.103</p><p>[  +0.004951] tpm_tis NTC0702:00: 2.0 TPM (device-id 0xFC, rev-id 1)</p><p>[  +0.016877] ACPI: battery: Slot [BAT0] (battery present)</p><p>[  +0.026510] Freeing initrd memory: 35580K</p><p>[  +0.083879] ACPI: bus type drm_connector registered</p><p>[  +0.003467] usbcore: registered new interface driver usbserial_generic</p><p>[  +0.000009] usbserial: USB Serial support registered for generic</p><p>[  +0.000144] rtc_cmos 00:01: RTC can wake from S4</p><p>[  +0.000084] ehci-pci 0000:03:00.4: EHCI Host Controller</p><p>[  +0.000008] ehci-pci 0000:03:00.4: new USB bus registered, assigned bus number 1</p><p>[  +0.000211] ehci-pci 0000:03:00.4: irq 35, io mem 0xd0718000</p><p>[  +0.000539] rtc_cmos 00:01: registered as rtc0</p><p>[  +0.000140] rtc_cmos 00:01: setting system clock to 2024-08-21T09:27:48 UTC (1724232468)</p><p>[  +0.000071] rtc_cmos 00:01: alarms up to one month, y3k, 114 bytes nvram</p><p>[  +0.000060] amd_pstate: the _CPC object is not present in SBIOS or ACPI disabled</p><p>[  +0.000216] ledtrig-cpu: registered to indicate activity on CPUs</p><p>[  +0.000554] [drm] Initialized simpledrm 1.0.0 20200625 for simple-framebuffer.0 on minor 0</p><p>[  +0.000688] fbcon: Deferring console take-over</p><p>[  +0.000004] simple-framebuffer simple-framebuffer.0: [drm] fb0: simpledrmdrmfb frame buffer device</p><p>[  +0.000155] hid: raw HID events driver (C) Jiri Kosina</p><p>[  +0.000107] drop_monitor: Initializing network drop monitor service</p><p>[  +0.000161] NET: Registered PF_INET6 protocol family</p><p>[  +0.008293] Segment Routing with IPv6</p><p>[  +0.000005] RPL Segment Routing with IPv6</p><p>[  +0.000019] In-situ OAM (IOAM) with IPv6</p><p>[  +0.000043] NET: Registered PF_PACKET protocol family</p><p>[  +0.000786] microcode: Current revision: 0x08108109</p><p>[  +0.000140] IPI shorthand broadcast: enabled</p><p>[  +0.003746] sched_clock: Marking stable (622249247, 419384)-&gt;(626375757, -3707126)</p><p>[  +0.000143] Timer migration: 1 hierarchy levels; 8 children per group; 1 crossnode level</p><p>[  +0.000465] ehci-pci 0000:03:00.4: USB 0.0 started, EHCI 1.00</p><p>[  +0.000088] usb usb1: New USB device found, idVendor=1d6b, idProduct=0002, bcdDevice= 6.10</p><p>[  +0.000006] usb usb1: New USB device strings: Mfr=3, Product=2, SerialNumber=1</p><p>[  +0.000004] usb usb1: Product: EHCI Host Controller</p><p>[  +0.000003] usb usb1: Manufacturer: Linux 6.10.6-arch1-1 ehci_hcd</p><p>[  +0.000004] usb usb1: SerialNumber: 0000:03:00.4</p><p>[  +0.000163] hub 1-0:1.0: USB hub found</p><p>[  +0.000012] hub 1-0:1.0: 1 port detected</p><p>[  +0.000183] registered taskstats version 1</p><p>[  +0.010943] Loading compiled-in X.509 certificates</p><p>[  +0.005357] Loaded X.509 cert &#39;Build time autogenerated kernel key: 593bc9b84e779649f4c19ffa224819abd2ea5c49&#39;</p><p>[  +0.003763] Demotion targets for Node 0: null</p><p>[  +0.000251] Key type .fscrypt registered</p><p>[  +0.000002] Key type fscrypt-provisioning registered</p><p>[  +0.000653] integrity: Loading X.509 certificate: UEFI:db</p><p>[  +0.000024] integrity: Loaded X.509 cert &#39;Lenovo Ltd.: ThinkPad Product CA 2012: 838b1f54c1550463f45f98700640f11069265949&#39;</p><p>[  +0.000002] integrity: Loading X.509 certificate: UEFI:db</p><p>[  +0.000019] integrity: Loaded X.509 cert &#39;Lenovo UEFI CA 2014: 4b91a68732eaefdd2c8ffffc6b027ec3449e9c8f&#39;</p><p>[  +0.000002] integrity: Loading X.509 certificate: UEFI:db</p><p>[  +0.000027] integrity: Loaded X.509 cert &#39;Microsoft Corporation UEFI CA 2011: 13adbf4309bd82709c8cd54f316ed522988a1bd4&#39;</p><p>[  +0.000002] integrity: Loading X.509 certificate: UEFI:db</p><p>[  +0.000023] integrity: Loaded X.509 cert &#39;Microsoft Windows Production PCA 2011: a92902398e16c49778cd90f99e4f9ae17c55af53&#39;</p><p>[  +0.002066] PM:   Magic number: 4:470:475</p><p>[  +0.007078] RAS: Correctable Errors collector initialized.</p><p>[  +0.018128] clk: Disabling unused clocks</p><p>[  +0.000005] PM: genpd: Disabling unused power domains</p><p>[  +0.001670] Freeing unused decrypted memory: 2028K</p><p>[  +0.000574] Freeing unused kernel image (initmem) memory: 3432K</p><p>[  +0.000021] Write protecting the kernel read-only data: 32768k</p><p>[  +0.000436] Freeing unused kernel image (rodata/data gap) memory: 896K</p><p>[  +0.067827] x86/mm: Checked W+X mappings: passed, no W+X pages found.</p><p>[  +0.000011] rodata_test: all tests were successful</p><p>[  +0.000010] Run /init as init process</p><p>[  +0.000002]   with arguments:</p><p>[  +0.000002]     /init</p><p>[  +0.000002]   with environment:</p><p>[  +0.000001]     HOME=/</p><p>[  +0.000002]     TERM=linux</p><p>[  +0.056603] fbcon: Taking over console</p><p>[  +0.003862] Console: switching to colour frame buffer device 170x48</p><p>[  +0.016991] raid6: skipped pq benchmark and selected avx2x4</p><p>[  +0.000005] raid6: using avx2x2 recovery algorithm</p><p>[  +0.004114] xor: automatically using best checksumming function   avx       </p><p>[  +0.156280] Btrfs loaded, zoned=yes, fsverity=yes</p><p>[  +0.132054] ACPI: video: Video Device [VGA] (multi-head: yes  rom: no  post: no)</p><p>[  +0.000380] input: Video Bus as /devices/LNXSYSTM:00/LNXSYBUS:00/PNP0A08:00/device:0b/LNXVIDEO:00/input/input4</p><p>[  +0.004666] i8042: PNP: PS/2 Controller [PNP0303:KBD,PNP0f13:MOU] at 0x60,0x64 irq 1,12</p><p>[  +0.006439] serio: i8042 KBD port at 0x60,0x64 irq 1</p><p>[  +0.000088] serio: i8042 AUX port at 0x60,0x64 irq 12</p><p>[  +0.003302] rtsx_pci 0000:04:00.0: enabling device (0000 -&gt; 0002)</p><p>[  +0.002709] xhci_hcd 0000:05:00.3: xHCI Host Controller</p><p>[  +0.000054] xhci_hcd 0000:05:00.3: new USB bus registered, assigned bus number 2</p><p>[  +0.000183] xhci_hcd 0000:05:00.3: hcc params 0x0270ffe5 hci version 0x110 quirks 0x0000000840000010</p><p>[  +0.000546] xhci_hcd 0000:05:00.3: xHCI Host Controller</p><p>[  +0.000006] xhci_hcd 0000:05:00.3: new USB bus registered, assigned bus number 3</p><p>[  +0.000005] xhci_hcd 0000:05:00.3: Host supports USB 3.1 Enhanced SuperSpeed</p><p>[  +0.000101] usb usb2: New USB device found, idVendor=1d6b, idProduct=0002, bcdDevice= 6.10</p><p>[  +0.000005] usb usb2: New USB device strings: Mfr=3, Product=2, SerialNumber=1</p><p>[  +0.000004] usb usb2: Product: xHCI Host Controller</p><p>[  +0.000003] usb usb2: Manufacturer: Linux 6.10.6-arch1-1 xhci-hcd</p><p>[  +0.000003] usb usb2: SerialNumber: 0000:05:00.3</p><p>[  +0.000211] hub 2-0:1.0: USB hub found</p><p>[  +0.000409] hub 2-0:1.0: 4 ports detected</p><p>[  +0.001108] usb usb3: We don&#39;t know the algorithms for LPM for this host, disabling LPM.</p><p>[  +0.000074] usb usb3: New USB device found, idVendor=1d6b, idProduct=0003, bcdDevice= 6.10</p><p>[  +0.000005] usb usb3: New USB device strings: Mfr=3, Product=2, SerialNumber=1</p><p>[  +0.000004] usb usb3: Product: xHCI Host Controller</p><p>[  +0.000004] usb usb3: Manufacturer: Linux 6.10.6-arch1-1 xhci-hcd</p><p>[  +0.000003] usb usb3: SerialNumber: 0000:05:00.3</p><p>[  +0.000195] hub 3-0:1.0: USB hub found</p><p>[  +0.000019] hub 3-0:1.0: 4 ports detected</p><p>[  +0.001023] xhci_hcd 0000:05:00.4: xHCI Host Controller</p><p>[  +0.000012] xhci_hcd 0000:05:00.4: new USB bus registered, assigned bus number 4</p><p>[  +0.000157] xhci_hcd 0000:05:00.4: hcc params 0x0260ffe5 hci version 0x110 quirks 0x0000000840000010</p><p>[  +0.000453] xhci_hcd 0000:05:00.4: xHCI Host Controller</p><p>[  +0.000005] xhci_hcd 0000:05:00.4: new USB bus registered, assigned bus number 5</p><p>[  +0.000006] xhci_hcd 0000:05:00.4: Host supports USB 3.1 Enhanced SuperSpeed</p><p>[  +0.000087] usb usb4: New USB device found, idVendor=1d6b, idProduct=0002, bcdDevice= 6.10</p><p>[  +0.000005] usb usb4: New USB device strings: Mfr=3, Product=2, SerialNumber=1</p><p>[  +0.000003] usb usb4: Product: xHCI Host Controller</p><p>[  +0.000003] usb usb4: Manufacturer: Linux 6.10.6-arch1-1 xhci-hcd</p><p>[  +0.000003] usb usb4: SerialNumber: 0000:05:00.4</p><p>[  +0.000180] hub 4-0:1.0: USB hub found</p><p>[  +0.000017] hub 4-0:1.0: 2 ports detected</p><p>[  +0.000253] usb usb5: We don&#39;t know the algorithms for LPM for this host, disabling LPM.</p><p>[  +0.000045] usb usb5: New USB device found, idVendor=1d6b, idProduct=0003, bcdDevice= 6.10</p><p>[  +0.000004] usb usb5: New USB device strings: Mfr=3, Product=2, SerialNumber=1</p><p>[  +0.000004] usb usb5: Product: xHCI Host Controller</p><p>[  +0.000003] usb usb5: Manufacturer: Linux 6.10.6-arch1-1 xhci-hcd</p><p>[  +0.000003] usb usb5: SerialNumber: 0000:05:00.4</p><p>[  +0.000150] hub 5-0:1.0: USB hub found</p><p>[  +0.000016] hub 5-0:1.0: 1 port detected</p><p>[  +0.012783] nvme nvme0: pci function 0000:02:00.0</p><p>[  +0.010772] nvme nvme0: missing or invalid SUBNQN field.</p><p>[  +0.000189] nvme nvme0: D3 entry latency set to 8 seconds</p><p>[  +0.011916] nvme nvme0: 8/0/0 default/read/poll queues</p><p>[  +0.004142]  nvme0n1: p1 p2</p><p>[  +0.018177] input: AT Translated Set 2 keyboard as /devices/platform/i8042/serio0/input/input5</p><p>[  +0.002307] thinkpad_acpi: ThinkPad ACPI Extras v0.26</p><p>[  +0.000004] thinkpad_acpi: http://ibm-acpi.sf.net/</p><p>[  +0.000002] thinkpad_acpi: ThinkPad BIOS R13ET54W(1.28 ), EC R13HT54W</p><p>[  +0.000002] thinkpad_acpi: Lenovo ThinkPad X395, model 20NMS0C901</p><p>[  +0.000342] thinkpad_acpi: radio switch found; radios are enabled</p><p>[  +0.000011] thinkpad_acpi: This ThinkPad has standard ACPI backlight brightness control, supported by the ACPI video driver</p><p>[  +0.000002] thinkpad_acpi: Disabling thinkpad-acpi brightness events by default...</p><p>[  +0.004172] thinkpad_acpi: rfkill switch tpacpi_bluetooth_sw: radio is unblocked</p><p>[  +0.009306] thinkpad_acpi: Standard ACPI backlight interface available, not loading native one</p><p>[  +0.012254] thinkpad_acpi: secondary fan control detected &amp; enabled</p><p>[  +0.013090] thinkpad_acpi: battery 1 registered (start 95, stop 100, behaviours: 0x7)</p><p>[  +0.000086] ACPI: battery: new extension: ThinkPad Battery Extension</p><p>[  +0.001019] input: ThinkPad Extra Buttons as /devices/platform/thinkpad_acpi/input/input7</p><p>[  +0.147204] usb 4-1: new full-speed USB device number 2 using xhci_hcd</p><p>[  +0.056665] tsc: Refined TSC clocksource calibration: 2096.061 MHz</p><p>[  +0.000008] clocksource: tsc: mask: 0xffffffffffffffff max_cycles: 0x1e36a769ed4, max_idle_ns: 440795206585 ns</p><p>[  +0.003314] clocksource: Switched to clocksource tsc</p><p>[  +0.093585] usb 4-1: New USB device found, idVendor=8087, idProduct=0025, bcdDevice= 0.02</p><p>[  +0.000009] usb 4-1: New USB device strings: Mfr=0, Product=0, SerialNumber=0</p><p>[  +0.126440] usb 4-2: new high-speed USB device number 3 using xhci_hcd</p><p>[  +0.142071] usb 4-2: New USB device found, idVendor=05e3, idProduct=0610, bcdDevice=60.52</p><p>[  +0.000009] usb 4-2: New USB device strings: Mfr=0, Product=1, SerialNumber=0</p><p>[  +0.000004] usb 4-2: Product: USB2.0 Hub</p><p>[  +0.033975] hub 4-2:1.0: USB hub found</p><p>[  +0.000381] hub 4-2:1.0: 4 ports detected</p><p>[  +0.343562] usb 4-2.1: new high-speed USB device number 4 using xhci_hcd</p><p>[  +0.122579] usb 4-2.1: New USB device found, idVendor=13d3, idProduct=56a6, bcdDevice=20.01</p><p>[  +0.000010] usb 4-2.1: New USB device strings: Mfr=3, Product=1, SerialNumber=2</p><p>[  +0.000006] usb 4-2.1: Product: Integrated Camera</p><p>[  +0.000004] usb 4-2.1: Manufacturer: Azurewave</p><p>[  +0.000005] usb 4-2.1: SerialNumber: 0001</p><p>[  +0.120748] usb 4-2.4: new full-speed USB device number 5 using xhci_hcd</p><p>[  +0.107237] usb 4-2.4: New USB device found, idVendor=06cb, idProduct=00bd, bcdDevice= 0.00</p><p>[  +0.000010] usb 4-2.4: New USB device strings: Mfr=0, Product=0, SerialNumber=1</p><p>[  +0.000006] usb 4-2.4: SerialNumber: 9ea037685fb5</p><p>[  +1.563371] [drm] amdgpu kernel modesetting enabled.</p><p>[  +0.027673] amdgpu: Virtual CRAT table created for CPU</p><p>[  +0.000022] amdgpu: Topology: Add CPU node</p><p>[  +0.000308] [drm] initializing kernel modesetting (RAVEN 0x1002:0x15D8 0x17AA:0x5126 0xD2).</p><p>[  +0.001948] [drm] register mmio base: 0xD0500000</p><p>[  +0.000002] [drm] register mmio size: 524288</p><p>[  +0.000120] [drm] add ip block number 0 &lt;soc15_common&gt;</p><p>[  +0.000003] [drm] add ip block number 1 &lt;gmc_v9_0&gt;</p><p>[  +0.000002] [drm] add ip block number 2 &lt;vega10_ih&gt;</p><p>[  +0.000002] [drm] add ip block number 3 &lt;psp&gt;</p><p>[  +0.000002] [drm] add ip block number 4 &lt;powerplay&gt;</p><p>[  +0.000002] [drm] add ip block number 5 &lt;dm&gt;</p><p>[  +0.000002] [drm] add ip block number 6 &lt;gfx_v9_0&gt;</p><p>[  +0.000003] [drm] add ip block number 7 &lt;sdma_v4_0&gt;</p><p>[  +0.000002] [drm] add ip block number 8 &lt;vcn_v1_0&gt;</p><p>[  +0.026253] [drm] BIOS signature incorrect 0 0</p><p>[  +0.000026] amdgpu 0000:05:00.0: amdgpu: Fetched VBIOS from ROM BAR</p><p>[  +0.000003] amdgpu: ATOM BIOS: 113-PICASSO-117</p><p>[  +0.002087] [drm] VCN decode is enabled in VM mode</p><p>[  +0.000001] [drm] VCN encode is enabled in VM mode</p><p>[  +0.000002] [drm] JPEG decode is enabled in VM mode</p><p>[  +0.014348] Console: switching to colour dummy device 80x25</p><p>[  +0.027262] amdgpu 0000:05:00.0: vgaarb: deactivate vga console</p><p>[  +0.000006] amdgpu 0000:05:00.0: amdgpu: Trusted Memory Zone (TMZ) feature enabled</p><p>[  +0.000155] [drm] vm size is 262144 GB, 4 levels, block size is 9-bit, fragment size is 9-bit</p><p>[  +0.000014] amdgpu 0000:05:00.0: amdgpu: VRAM: 2048M 0x000000F400000000 - 0x000000F47FFFFFFF (2048M used)</p><p>[  +0.000004] amdgpu 0000:05:00.0: amdgpu: GART: 1024M 0x0000000000000000 - 0x000000003FFFFFFF</p><p>[  +0.000016] [drm] Detected VRAM RAM=2048M, BAR=2048M</p><p>[  +0.000003] [drm] RAM width 128bits DDR4</p><p>[  +0.000359] [drm] amdgpu: 2048M of VRAM memory ready</p><p>[  +0.000004] [drm] amdgpu: 2919M of GTT memory ready.</p><p>[  +0.000027] [drm] GART: num cpu pages 262144, num gpu pages 262144</p><p>[  +0.000298] [drm] PCIE GART of 1024M enabled.</p><p>[  +0.000002] [drm] PTB located at 0x000000F400A00000</p><p>[  +0.000962] amdgpu: hwmgr_sw_init smu backed is smu10_smu</p><p>[  +0.001083] [drm] Found VCN firmware Version ENC: 1.15 DEC: 3 VEP: 0 Revision: 0</p><p>[  +0.000016] amdgpu 0000:05:00.0: amdgpu: Will use PSP to load VCN firmware</p><p>[  +0.021047] amdgpu 0000:05:00.0: amdgpu: reserve 0x400000 from 0xf47fc00000 for PSP TMR</p><p>[  +0.080972] amdgpu 0000:05:00.0: amdgpu: RAS: optional ras ta ucode is not available</p><p>[  +0.009586] amdgpu 0000:05:00.0: amdgpu: RAP: optional rap ta ucode is not available</p><p>[  +0.005629] amdgpu 0000:05:00.0: amdgpu: psp gfx command LOAD_TA(0x1) failed and response status is (0x7)</p><p>[  +0.000217] amdgpu 0000:05:00.0: amdgpu: psp gfx command INVOKE_CMD(0x3) failed and response status is (0x4)</p><p>[  +0.000004] amdgpu 0000:05:00.0: amdgpu: Secure display: Generic Failure.</p><p>[  +0.000010] amdgpu 0000:05:00.0: amdgpu: SECUREDISPLAY: query securedisplay TA failed. ret 0x0</p><p>[  +0.000846] [drm] DM_PPLIB: values for F clock</p><p>[  +0.000005] [drm] DM_PPLIB:	 400000 in kHz, 2874 in mV</p><p>[  +0.000002] [drm] DM_PPLIB:	 933000 in kHz, 3224 in mV</p><p>[  +0.000002] [drm] DM_PPLIB:	 1067000 in kHz, 3924 in mV</p><p>[  +0.000002] [drm] DM_PPLIB:	 1200000 in kHz, 4074 in mV</p><p>[  +0.000002] [drm] DM_PPLIB: values for DCF clock</p><p>[  +0.000002] [drm] DM_PPLIB:	 300000 in kHz, 2874 in mV</p><p>[  +0.000002] [drm] DM_PPLIB:	 600000 in kHz, 3224 in mV</p><p>[  +0.000002] [drm] DM_PPLIB:	 626000 in kHz, 3924 in mV</p><p>[  +0.000001] [drm] DM_PPLIB:	 654000 in kHz, 4074 in mV</p><p>[  +0.001171] [drm] Display Core v3.2.281 initialized on DCN 1.0</p><p>[  +0.083222] [drm] kiq ring mec 2 pipe 1 q 0</p><p>[  +0.014535] [drm] VCN decode and encode initialized successfully(under SPG Mode).</p><p>[  +0.002694] kfd kfd: amdgpu: Allocated 3969056 bytes on gart</p><p>[  +0.000016] kfd kfd: amdgpu: Total number of KFD nodes to be created: 1</p><p>[  +0.000168] amdgpu: Virtual CRAT table created for GPU</p><p>[  +0.000094] amdgpu: Topology: Add dGPU node [0x15d8:0x1002]</p><p>[  +0.000003] kfd kfd: amdgpu: added device 1002:15d8</p><p>[  +0.000017] amdgpu 0000:05:00.0: amdgpu: SE 1, SH per SE 1, CU per SH 11, active_cu_number 8</p><p>[  +0.000005] amdgpu 0000:05:00.0: amdgpu: ring gfx uses VM inv eng 0 on hub 0</p><p>[  +0.000003] amdgpu 0000:05:00.0: amdgpu: ring comp_1.0.0 uses VM inv eng 1 on hub 0</p><p>[  +0.000003] amdgpu 0000:05:00.0: amdgpu: ring comp_1.1.0 uses VM inv eng 4 on hub 0</p><p>[  +0.000003] amdgpu 0000:05:00.0: amdgpu: ring comp_1.2.0 uses VM inv eng 5 on hub 0</p><p>[  +0.000003] amdgpu 0000:05:00.0: amdgpu: ring comp_1.3.0 uses VM inv eng 6 on hub 0</p><p>[  +0.000003] amdgpu 0000:05:00.0: amdgpu: ring comp_1.0.1 uses VM inv eng 7 on hub 0</p><p>[  +0.000002] amdgpu 0000:05:00.0: amdgpu: ring comp_1.1.1 uses VM inv eng 8 on hub 0</p><p>[  +0.000003] amdgpu 0000:05:00.0: amdgpu: ring comp_1.2.1 uses VM inv eng 9 on hub 0</p><p>[  +0.000002] amdgpu 0000:05:00.0: amdgpu: ring comp_1.3.1 uses VM inv eng 10 on hub 0</p><p>[  +0.000003] amdgpu 0000:05:00.0: amdgpu: ring kiq_0.2.1.0 uses VM inv eng 11 on hub 0</p><p>[  +0.000003] amdgpu 0000:05:00.0: amdgpu: ring sdma0 uses VM inv eng 0 on hub 8</p><p>[  +0.000002] amdgpu 0000:05:00.0: amdgpu: ring vcn_dec uses VM inv eng 1 on hub 8</p><p>[  +0.000003] amdgpu 0000:05:00.0: amdgpu: ring vcn_enc0 uses VM inv eng 4 on hub 8</p><p>[  +0.000003] amdgpu 0000:05:00.0: amdgpu: ring vcn_enc1 uses VM inv eng 5 on hub 8</p><p>[  +0.000003] amdgpu 0000:05:00.0: amdgpu: ring jpeg_dec uses VM inv eng 6 on hub 8</p><p>[  +0.007027] amdgpu: pp_dpm_get_sclk_od was not implemented.</p><p>[  +0.000004] amdgpu: pp_dpm_get_mclk_od was not implemented.</p><p>[  +0.000207] amdgpu 0000:05:00.0: amdgpu: Runtime PM not available</p><p>[  +0.001091] [drm] Initialized amdgpu 3.57.0 20150101 for 0000:05:00.0 on minor 1</p><p>[  +0.005567] fbcon: amdgpudrmfb (fb0) is primary device</p><p>[  +0.004648] Console: switching to colour frame buffer device 170x48</p><p>[  +0.015842] amdgpu 0000:05:00.0: [drm] fb0: amdgpudrmfb frame buffer device</p><p>[  +0.072167] BTRFS: device fsid a7a53ebf-00d3-42fd-93dc-52ba94a54cd3 devid 1 transid 3512 /dev/nvme0n1p2 (259:2) scanned by mount (269)</p><p>[  +0.000430] BTRFS info (device nvme0n1p2): first mount of filesystem a7a53ebf-00d3-42fd-93dc-52ba94a54cd3</p><p>[  +0.000015] BTRFS info (device nvme0n1p2): using crc32c (crc32c-intel) checksum algorithm</p><p>[  +0.000008] BTRFS info (device nvme0n1p2): using free-space-tree</p><p>[  +0.173894] systemd[1]: systemd 256.5-1-arch running in system mode (+PAM +AUDIT -SELINUX -APPARMOR -IMA +SMACK +SECCOMP +GCRYPT +GNUTLS +OPENSSL +ACL +BLKID +CURL +ELFUTILS +FIDO2 +IDN2 -IDN +IPTC +KMOD +LIBCRYPTSETUP +LIBCRYPTSETUP_PLUGINS +LIBFDISK +PCRE2 +PWQUALITY +P11KIT +QRENCODE +TPM2 +BZIP2 +LZ4 +XZ +ZLIB +ZSTD +BPF_FRAMEWORK +XKBCOMMON +UTMP -SYSVINIT +LIBARCHIVE)</p><p>[  +0.000007] systemd[1]: Detected architecture x86-64.</p><p>[  +0.000977] systemd[1]: Hostname set to &lt;preskhost&gt;.</p><p>[  +0.187927] systemd[1]: bpf-restrict-fs: LSM BPF program attached</p><p>[  +0.046136] zram: Added device: zram0</p><p>[  +0.080109] systemd[1]: Queued start job for default target Graphical Interface.</p><p>[  +0.051942] systemd[1]: Created slice Slice /system/dirmngr.</p><p>[  +0.000614] systemd[1]: Created slice Slice /system/getty.</p><p>[  +0.000517] systemd[1]: Created slice Slice /system/gpg-agent.</p><p>[  +0.000540] systemd[1]: Created slice Slice /system/gpg-agent-browser.</p><p>[  +0.000522] systemd[1]: Created slice Slice /system/gpg-agent-extra.</p><p>[  +0.000532] systemd[1]: Created slice Slice /system/gpg-agent-ssh.</p><p>[  +0.000511] systemd[1]: Created slice Slice /system/keyboxd.</p><p>[  +0.000526] systemd[1]: Created slice Slice /system/modprobe.</p><p>[  +0.000512] systemd[1]: Created slice Slice /system/systemd-zram-setup.</p><p>[  +0.000439] systemd[1]: Created slice User and Session Slice.</p><p>[  +0.000200] systemd[1]: Started Dispatch Password Requests to Console Directory Watch.</p><p>[  +0.000185] systemd[1]: Started Forward Password Requests to Wall Directory Watch.</p><p>[  +0.000347] systemd[1]: Set up automount Arbitrary Executable File Formats File System Automount Point.</p><p>[  +0.000109] systemd[1]: Expecting device /dev/disk/by-uuid/BE11-2ED6...</p><p>[  +0.000069] systemd[1]: Expecting device /dev/disk/by-uuid/a7a53ebf-00d3-42fd-93dc-52ba94a54cd3...</p><p>[  +0.000072] systemd[1]: Expecting device /dev/zram0...</p><p>[  +0.000071] systemd[1]: Reached target Local Encrypted Volumes.</p><p>[  +0.000070] systemd[1]: Reached target Login Prompts.</p><p>[  +0.000058] systemd[1]: Reached target Local Integrity Protected Volumes.</p><p>[  +0.000077] systemd[1]: Reached target Path Units.</p><p>[  +0.000061] systemd[1]: Reached target Remote File Systems.</p><p>[  +0.000057] systemd[1]: Reached target Slice Units.</p><p>[  +0.000080] systemd[1]: Reached target Local Verity Protected Volumes.</p><p>[  +0.000157] systemd[1]: Listening on Device-mapper event daemon FIFOs.</p><p>[  +0.001564] systemd[1]: Listening on Process Core Dump Socket.</p><p>[  +0.000921] systemd[1]: Listening on Credential Encryption/Decryption.</p><p>[  +0.000188] systemd[1]: Listening on Journal Socket (/dev/log).</p><p>[  +0.000163] systemd[1]: Listening on Journal Sockets.</p><p>[  +0.000189] systemd[1]: Listening on Network Service Netlink Socket.</p><p>[  +0.000098] systemd[1]: TPM PCR Measurements was skipped because of an unmet condition check (ConditionSecurity=measured-uki).</p><p>[  +0.000018] systemd[1]: Make TPM PCR Policy was skipped because of an unmet condition check (ConditionSecurity=measured-uki).</p><p>[  +0.000095] systemd[1]: Listening on udev Control Socket.</p><p>[  +0.000128] systemd[1]: Listening on udev Kernel Socket.</p><p>[  +0.000147] systemd[1]: Listening on User Database Manager Socket.</p><p>[  +0.002687] systemd[1]: Mounting Huge Pages File System...</p><p>[  +0.001304] systemd[1]: Mounting POSIX Message Queue File System...</p><p>[  +0.001376] systemd[1]: Mounting Kernel Debug File System...</p><p>[  +0.001352] systemd[1]: Mounting Kernel Trace File System...</p><p>[  +0.002292] systemd[1]: Starting Create List of Static Device Nodes...</p><p>[  +0.002901] systemd[1]: Starting Load Kernel Module configfs...</p><p>[  +0.002178] systemd[1]: Starting Load Kernel Module dm_mod...</p><p>[  +0.002045] systemd[1]: Starting Load Kernel Module drm...</p><p>[  +0.001945] systemd[1]: Starting Load Kernel Module fuse...</p><p>[  +0.002297] systemd[1]: Starting Load Kernel Module loop...</p><p>[  +0.000827] systemd[1]: Clear Stale Hibernate Storage Info was skipped because of an unmet condition check (ConditionPathExists=/sys/firmware/efi/efivars/HibernateLocation-8cf2644b-4b0b-428f-9387-6d876050dc67).</p><p>[  +0.002617] systemd[1]: Starting Journal Service...</p><p>[  +0.002255] systemd[1]: Starting Load Kernel Modules...</p><p>[  +0.001927] systemd[1]: Starting Generate network units from Kernel command line...</p><p>[  +0.000697] systemd[1]: TPM PCR Machine ID Measurement was skipped because of an unmet condition check (ConditionSecurity=measured-uki).</p><p>[  +0.001256] systemd[1]: Starting Remount Root and Kernel File Systems...</p><p>[  +0.000812] systemd[1]: Early TPM SRK Setup was skipped because of an unmet condition check (ConditionSecurity=measured-uki).</p><p>[  +0.001320] systemd[1]: Starting Load udev Rules from Credentials...</p><p>[  +0.003000] systemd[1]: Starting Coldplug All udev Devices...</p><p>[  +0.002405] device-mapper: uevent: version 1.0.3</p><p>[  +0.000143] loop: module loaded</p><p>[  +0.000122] device-mapper: ioctl: 4.48.0-ioctl (2023-03-01) initialised: dm-devel@lists.linux.dev</p><p>[  +0.003247] systemd[1]: Mounted Huge Pages File System.</p><p>[  +0.000971] systemd[1]: Mounted POSIX Message Queue File System.</p><p>[  +0.001118] systemd[1]: Mounted Kernel Debug File System.</p><p>[  +0.000665] Asymmetric key parser &#39;pkcs8&#39; registered</p><p>[  +0.000479] systemd[1]: Mounted Kernel Trace File System.</p><p>[  +0.001256] systemd[1]: Finished Create List of Static Device Nodes.</p><p>[  +0.001250] systemd[1]: modprobe@configfs.service: Deactivated successfully.</p><p>[  +0.000297] systemd[1]: Finished Load Kernel Module configfs.</p><p>[  +0.001292] systemd[1]: modprobe@dm_mod.service: Deactivated successfully.</p><p>[  +0.000307] systemd[1]: Finished Load Kernel Module dm_mod.</p><p>[  +0.001066] systemd[1]: modprobe@drm.service: Deactivated successfully.</p><p>[  +0.000213] systemd-journald[339]: Collecting audit messages is disabled.</p><p>[  +0.000077] systemd[1]: Finished Load Kernel Module drm.</p><p>[  +0.001003] systemd[1]: modprobe@fuse.service: Deactivated successfully.</p><p>[  +0.000280] systemd[1]: Finished Load Kernel Module fuse.</p><p>[  +0.001287] systemd[1]: modprobe@loop.service: Deactivated successfully.</p><p>[  +0.000295] systemd[1]: Finished Load Kernel Module loop.</p><p>[  +0.001170] systemd[1]: Finished Load Kernel Modules.</p><p>[  +0.001108] systemd[1]: Finished Generate network units from Kernel command line.</p><p>[  +0.001067] systemd[1]: Finished Load udev Rules from Credentials.</p><p>[  +0.000910] systemd[1]: Reached target Preparation for Network.</p><p>[  +0.001726] systemd[1]: Mounting FUSE Control File System...</p><p>[  +0.001671] systemd[1]: Mounting Kernel Configuration File System...</p><p>[  +0.000576] systemd[1]: Repartition Root Disk was skipped because no trigger condition checks were met.</p><p>[  +0.001139] systemd[1]: Starting Apply Kernel Variables...</p><p>[  +0.001832] systemd[1]: Starting Create Static Device Nodes in /dev gracefully...</p><p>[  +0.003640] systemd[1]: Mounted Kernel Configuration File System.</p><p>[  +0.001345] systemd[1]: Mounted FUSE Control File System.</p><p>[  +0.006962] systemd[1]: Finished Apply Kernel Variables.</p><p>[  +0.009164] systemd[1]: Starting User Database Manager...</p><p>[  +0.040700] systemd[1]: Started Journal Service.</p><p>[  +0.026030] BTRFS info (device nvme0n1p2 state M): use zstd compression, level 3</p><p>[  +0.329135] zram0: detected capacity change from 0 to 5978112</p><p>[  +0.055068] piix4_smbus 0000:00:14.0: SMBus Host Controller at 0xb00, revision 0</p><p>[  +0.000010] piix4_smbus 0000:00:14.0: Using register 0x02 for SMBus port selection</p><p>[  +0.000311] piix4_smbus 0000:00:14.0: Auxiliary SMBus Host Controller at 0xb20</p><p>[  +0.007330] IPMI message handler: version 39.2</p><p>[  +0.001724] Adding 2989052k swap on /dev/zram0.  Priority:100 extents:1 across:2989052k SSDsc</p><p>[  +0.000136] sp5100_tco: SP5100/SB800 TCO WatchDog Timer Driver</p><p>[  +0.000213] sp5100-tco sp5100-tco: Using 0xfeb00000 for watchdog MMIO address</p><p>[  +0.004322] snd_pci_acp3x 0000:05:00.5: enabling device (0000 -&gt; 0002)</p><p>[  +0.000267] snd_pci_acp3x 0000:05:00.5: ACP audio mode : 2</p><p>[  +0.001419] ccp 0000:05:00.2: enabling device (0000 -&gt; 0002)</p><p>[  +0.003577] sp5100-tco sp5100-tco: initialized. heartbeat=60 sec (nowayout=0)</p><p>[  +0.006452] ipmi device interface</p><p>[  +0.021607] ccp 0000:05:00.2: ccp enabled</p><p>[  +0.001353] ccp 0000:05:00.2: tee enabled</p><p>[  +0.000831] ccp 0000:05:00.2: psp enabled</p><p>[  +0.059772] input: PC Speaker as /devices/platform/pcspkr/input/input9</p><p>[  +0.000184] mc: Linux media interface: v0.10</p><p>[  +0.003223] cfg80211: Loading compiled-in X.509 certificates for regulatory database</p><p>[  +0.006380] ipmi_si: IPMI System Interface driver</p><p>[  +0.002187] Loaded X.509 cert &#39;sforshee: 00b28ddf47aef9cea7&#39;</p><p>[  +0.000244] Loaded X.509 cert &#39;wens: 61c038651aabdcf94bd0ac7ff06c7248db18c600&#39;</p><p>[  +0.000628] RAPL PMU: API unit is 2^-32 Joules, 1 fixed counters, 163840 ms ovfl timer</p><p>[  +0.000004] RAPL PMU: hw unit of domain package 2^-16 Joules</p><p>[  +0.000483] platform regulatory.0: Direct firmware load for regulatory.db failed with error -2</p><p>[  +0.000007] cfg80211: failed to load regulatory.db</p><p>[  +0.026411] Bluetooth: Core ver 2.22</p><p>[  +0.000032] NET: Registered PF_BLUETOOTH protocol family</p><p>[  +0.000004] Bluetooth: HCI device and connection manager initialized</p><p>[  +0.000006] Bluetooth: HCI socket layer initialized</p><p>[  +0.000004] Bluetooth: L2CAP socket layer initialized</p><p>[  +0.000006] Bluetooth: SCO socket layer initialized</p><p>[  +0.001525] cryptd: max_cpu_qlen set to 1000</p><p>[  +0.014600] r8169 0000:03:00.0: can&#39;t disable ASPM; OS doesn&#39;t have ASPM control</p><p>[  +0.006492] acpi_cpufreq: overriding BIOS provided _PSD data</p><p>[  +0.002064] AVX2 version of gcm_enc/dec engaged.</p><p>[  +0.000049] AES CTR mode by8 optimization enabled</p><p>[  +0.008927] r8169 0000:03:00.0 eth0: RTL8168ep/8111ep, f8:75:a4:94:85:e7, XID 502, IRQ 72</p><p>[  +0.000009] r8169 0000:03:00.0 eth0: jumbo features [frames: 9194 bytes, tx checksumming: ko]</p><p>[  +0.000004] r8169 0000:03:00.0 eth0: DASH disabled</p><p>[  +0.006222] videodev: Linux video capture interface: v2.00</p><p>[  +0.003159] ipmi_si: Unable to find any System Interface(s)</p><p>[  +0.002541] r8169 0000:03:00.0 enp3s0f0: renamed from eth0</p><p>[  +0.002301] Intel(R) Wireless WiFi driver for Linux</p><p>[  +0.001849] iwlwifi 0000:01:00.0: enabling device (0000 -&gt; 0002)</p><p>[  +0.005230] iwlwifi 0000:01:00.0: Detected crf-id 0x2816, cnv-id 0x1000200 wfpm id 0x80000000</p><p>[  +0.000101] iwlwifi 0000:01:00.0: PCI dev 2526/0014, rev=0x321, rfid=0x105110</p><p>[  +0.012115] iwlwifi 0000:01:00.0: WRT: Overriding region id 0</p><p>[  +0.000008] iwlwifi 0000:01:00.0: WRT: Overriding region id 1</p><p>[  +0.000003] iwlwifi 0000:01:00.0: WRT: Overriding region id 2</p><p>[  +0.000003] iwlwifi 0000:01:00.0: WRT: Overriding region id 3</p><p>[  +0.000003] iwlwifi 0000:01:00.0: WRT: Overriding region id 4</p><p>[  +0.000002] iwlwifi 0000:01:00.0: WRT: Overriding region id 6</p><p>[  +0.000003] iwlwifi 0000:01:00.0: WRT: Overriding region id 8</p><p>[  +0.000002] iwlwifi 0000:01:00.0: WRT: Overriding region id 9</p><p>[  +0.000003] iwlwifi 0000:01:00.0: WRT: Overriding region id 10</p><p>[  +0.000003] iwlwifi 0000:01:00.0: WRT: Overriding region id 11</p><p>[  +0.000002] iwlwifi 0000:01:00.0: WRT: Overriding region id 15</p><p>[  +0.000003] iwlwifi 0000:01:00.0: WRT: Overriding region id 16</p><p>[  +0.000003] iwlwifi 0000:01:00.0: WRT: Overriding region id 18</p><p>[  +0.000020] iwlwifi 0000:01:00.0: WRT: Overriding region id 19</p><p>[  +0.000003] iwlwifi 0000:01:00.0: WRT: Overriding region id 20</p><p>[  +0.000003] iwlwifi 0000:01:00.0: WRT: Overriding region id 21</p><p>[  +0.000002] iwlwifi 0000:01:00.0: WRT: Overriding region id 28</p><p>[  +0.002113] iwlwifi 0000:01:00.0: loaded firmware version 46.7e3e4b69.0 9260-th-b0-jf-b0-46.ucode op_mode iwlmvm</p><p>[  +0.030416] Generic FE-GE Realtek PHY r8169-0-300:00: attached PHY driver (mii_bus:phy_addr=r8169-0-300:00, irq=MAC)</p><p>[  +0.031710] pps_core: LinuxPPS API ver. 1 registered</p><p>[  +0.000008] pps_core: Software ver. 5.3.6 - Copyright 2005-2007 Rodolfo Giometti &lt;giometti@linux.it&gt;</p><p>[  +0.006858] PTP clock support registered</p><p>[  +0.005802] snd_hda_intel 0000:05:00.1: enabling device (0000 -&gt; 0002)</p><p>[  +0.001315] snd_hda_intel 0000:05:00.1: Handle vga_switcheroo audio client</p><p>[  +0.001002] snd_hda_intel 0000:05:00.6: enabling device (0000 -&gt; 0002)</p><p>[  +0.016950] snd_hda_intel 0000:05:00.1: bound 0000:05:00.0 (ops amdgpu_dm_audio_component_bind_ops [amdgpu])</p><p>[  +0.000879] usb 4-2.1: Found UVC 1.00 device Integrated Camera (13d3:56a6)</p><p>[  +0.001175] input: HD-Audio Generic HDMI/DP,pcm=3 as /devices/pci0000:00/0000:00:08.1/0000:05:00.1/sound/card0/input11</p><p>[  +0.000085] input: HD-Audio Generic HDMI/DP,pcm=7 as /devices/pci0000:00/0000:00:08.1/0000:05:00.1/sound/card0/input12</p><p>[  +0.000084] input: HD-Audio Generic HDMI/DP,pcm=8 as /devices/pci0000:00/0000:00:08.1/0000:05:00.1/sound/card0/input13</p><p>[  +0.008831] usbcore: registered new interface driver uvcvideo</p><p>[  +0.009203] usbcore: registered new interface driver btusb</p><p>[  +0.003540] Bluetooth: hci0: Bootloader revision 0.1 build 42 week 52 2015</p><p>[  +0.004018] Bluetooth: hci0: Device revision is 2</p><p>[  +0.000006] Bluetooth: hci0: Secure boot is enabled</p><p>[  +0.000002] Bluetooth: hci0: OTP lock is enabled</p><p>[  +0.000002] Bluetooth: hci0: API lock is enabled</p><p>[  +0.000001] Bluetooth: hci0: Debug lock is disabled</p><p>[  +0.000002] Bluetooth: hci0: Minimum firmware build 1 week 10 2014</p><p>[  +0.005568] Bluetooth: hci0: Found device firmware: intel/ibt-18-16-1.sfi</p><p>[  +0.000021] Bluetooth: hci0: Boot Address: 0x40800</p><p>[  +0.000003] Bluetooth: hci0: Firmware Version: 201-12.24</p><p>[  +0.026183] r8169 0000:03:00.0 enp3s0f0: Link is Down</p><p>[  +0.109504] snd_hda_codec_realtek hdaudioC1D0: autoconfig for ALC257: line_outs=1 (0x14/0x0/0x0/0x0/0x0) type:speaker</p><p>[  +0.000010] snd_hda_codec_realtek hdaudioC1D0:    speaker_outs=0 (0x0/0x0/0x0/0x0/0x0)</p><p>[  +0.000004] snd_hda_codec_realtek hdaudioC1D0:    hp_outs=1 (0x21/0x0/0x0/0x0/0x0)</p><p>[  +0.000004] snd_hda_codec_realtek hdaudioC1D0:    mono: mono_out=0x0</p><p>[  +0.000003] snd_hda_codec_realtek hdaudioC1D0:    inputs:</p><p>[  +0.000002] snd_hda_codec_realtek hdaudioC1D0:      Mic=0x19</p><p>[  +0.000004] snd_hda_codec_realtek hdaudioC1D0:      Internal Mic=0x12</p><p>[  +0.003113] kvm_amd: TSC scaling supported</p><p>[  +0.000006] kvm_amd: Nested Virtualization enabled</p><p>[  +0.000002] kvm_amd: Nested Paging enabled</p><p>[  +0.000002] kvm_amd: LBR virtualization supported</p><p>[  +0.000003] kvm_amd: SEV enabled (ASIDs 0 - 15)</p><p>[  +0.000002] kvm_amd: SEV-ES enabled (ASIDs 0 - 4294967295)</p><p>[  +0.000015] kvm_amd: Virtual VMLOAD VMSAVE supported</p><p>[  +0.000001] kvm_amd: Virtual GIF supported</p><p>[  +0.028019] iwlwifi 0000:01:00.0: Detected Intel(R) Wireless-AC 9260 160MHz, REV=0x321</p><p>[  +0.044623] input: HD-Audio Generic Mic as /devices/pci0000:00/0000:00:08.1/0000:05:00.6/sound/card1/input14</p><p>[  +0.000103] input: HD-Audio Generic Headphone as /devices/pci0000:00/0000:00:08.1/0000:05:00.6/sound/card1/input15</p><p>[  +0.011855] iwlwifi 0000:01:00.0: base HW address: 0c:7a:15:cb:45:fd, OTP minor version: 0x4</p><p>[  +0.003534] systemd-journald[339]: Received client request to flush runtime journal.</p><p>[  +0.002742] systemd-journald[339]: File /var/log/journal/573a5841725c4155900a7431723084c7/system.journal corrupted or uncleanly shut down, renaming and replacing.</p><p>[  +0.008530] FAT-fs (nvme0n1p1): Volume was not properly unmounted. Some data may be corrupt. Please run fsck.</p><p>[  +0.014175] AMD Address Translation Library initialized</p><p>[  +0.000814] intel_rapl_common: Found RAPL domain package</p><p>[  +0.000006] intel_rapl_common: Found RAPL domain core</p><p>[  +0.039466] ieee80211 phy0: Selected rate control algorithm &#39;iwl-mvm-rs&#39;</p><p>[  +0.043998] psmouse serio1: elantech: assuming hardware version 4 (with firmware version 0x7f3001)</p><p>[  +0.010913] psmouse serio1: elantech: Synaptics capabilities query result 0x90, 0x18, 0x0f.</p><p>[  +0.010351] psmouse serio1: elantech: Elan sample query result 00, 2f, c9</p><p>[  +0.010026] psmouse serio1: elantech: Elan ic body: 0x10, current fw version: 0x0</p><p>[  +0.022057] psmouse serio1: elantech: Trying to set up SMBus access</p><p>[  +0.000044] psmouse serio1: elantech: SMbus companion is not ready yet</p><p>[  +0.021098] input: ETPS/2 Elantech TrackPoint as /devices/platform/i8042/serio1/input/input16</p><p>[  +0.008842] mousedev: PS/2 mouse device common for all mice</p><p>[  +0.008844] input: ETPS/2 Elantech Touchpad as /devices/platform/i8042/serio1/input/input10</p><p>[  +0.084152] iwlwifi 0000:01:00.0: Registered PHC clock: iwlwifi-PTP, with index: 0</p><p>[  +0.279510] NET: Registered PF_ALG protocol family</p><p>[  +0.508800] Bluetooth: hci0: Waiting for firmware download to complete</p><p>[  +0.000986] Bluetooth: hci0: Firmware loaded in 1271839 usecs</p><p>[  +0.000060] Bluetooth: hci0: Waiting for device to boot</p><p>[  +0.016961] Bluetooth: hci0: Device booted in 16590 usecs</p><p>[  +0.000111] Bluetooth: hci0: Malformed MSFT vendor event: 0x02</p><p>[  +0.000295] Bluetooth: hci0: Found Intel DDC parameters: intel/ibt-18-16-1.ddc</p><p>[  +0.007602] Bluetooth: hci0: Applying Intel DDC parameters completed</p><p>[  +0.003998] Bluetooth: hci0: Firmware revision 0.1 build 201 week 12 2024</p><p>[  +0.008005] Bluetooth: hci0: HCI LE Coded PHY feature bit is set, but its usage is not supported.</p><p>[  +0.345676] wlan0: authenticate with 14:a3:2f:e8:cb:79 (local address=0c:7a:15:cb:45:fd)</p><p>[  +0.000366] wlan0: send auth to 14:a3:2f:e8:cb:79 (try 1/3)</p><p>[  +0.060533] wlan0: authenticated</p><p>[  +0.000161] wlan0: associate with 14:a3:2f:e8:cb:79 (try 1/3)</p><p>[  +0.005710] wlan0: RX AssocResp from 14:a3:2f:e8:cb:79 (capab=0x411 status=0 aid=1)</p><p>[  +0.005893] wlan0: associated</p><p>[  +9.163922] systemd-journald[339]: File /var/log/journal/573a5841725c4155900a7431723084c7/user-1000.journal corrupted or uncleanly shut down, renaming and replacing.</p><p>[Aug21 12:02] iwlwifi 0000:01:00.0: Unhandled alg: 0xc040071b</p><p>[Aug21 12:19] PM: suspend entry (deep)</p><p>[  +0.042648] Filesystems sync: 0.042 seconds</p><p>[  +0.005288] Freezing user space processes</p><p>[  +0.001656] Freezing user space processes completed (elapsed 0.001 seconds)</p><p>[  +0.000004] OOM killer disabled.</p><p>[  +0.000002] Freezing remaining freezable tasks</p><p>[  +0.001291] Freezing remaining freezable tasks completed (elapsed 0.001 seconds)</p><p>[  +0.000031] printk: Suspending console(s) (use no_console_suspend to debug)</p><p>[  +0.000450] wlan0: deauthenticating from 14:a3:2f:e8:cb:79 by local choice (Reason: 3=DEAUTH_LEAVING)</p><p>[  +0.001060] thinkpad_acpi: acpi_evalf(GTRW, dd, ...) failed: AE_NOT_FOUND</p><p>[  +0.000004] thinkpad_acpi: Cannot read adaptive keyboard mode.</p><p>[  +0.383145] amdgpu 0000:05:00.0: amdgpu: psp gfx command UNLOAD_TA(0x2) failed and response status is (0x117)</p><p>[  +0.037556] ACPI: EC: interrupt blocked</p><p>[  +0.064155] ACPI: PM: Preparing to enter system sleep state S3</p><p>[  +0.007148] ACPI: EC: event blocked</p><p>[  +0.000002] ACPI: EC: EC stopped</p><p>[  +0.000001] ACPI: PM: Saving platform NVS memory</p><p>[  +0.000042] Disabling non-boot CPUs ...</p><p>[  +0.002637] smpboot: CPU 1 is now offline</p><p>[  +0.002867] smpboot: CPU 2 is now offline</p><p>[  +0.002680] smpboot: CPU 3 is now offline</p><p>[  +0.003262] smpboot: CPU 4 is now offline</p><p>[  +0.003626] smpboot: CPU 5 is now offline</p><p>[  +0.003329] smpboot: CPU 6 is now offline</p><p>[  +0.002845] smpboot: CPU 7 is now offline</p><p>[  +0.002259] ACPI: PM: Low-level resume complete</p><p>[  +0.000031] ACPI: EC: EC started</p><p>[  +0.000001] ACPI: PM: Restoring platform NVS memory</p><p>[  +0.219191] AMD-Vi: Virtual APIC enabled</p><p>[  +0.029082] AMD-Vi: Virtual APIC enabled</p><p>[  +0.000677] Enabling non-boot CPUs ...</p><p>[  +0.000314] smpboot: Booting Node 0 Processor 1 APIC 0x1</p><p>[  +0.002914] ACPI: \_PR_.C001: Found 2 idle states</p><p>[  +0.000427] CPU1 is up</p><p>[  +0.000499] smpboot: Booting Node 0 Processor 2 APIC 0x2</p><p>[  +0.003024] ACPI: \_PR_.C002: Found 2 idle states</p><p>[  +0.000299] CPU2 is up</p><p>[  +0.000277] smpboot: Booting Node 0 Processor 3 APIC 0x3</p><p>[  +0.002900] ACPI: \_PR_.C003: Found 2 idle states</p><p>[  +0.000388] CPU3 is up</p><p>[  +0.000363] smpboot: Booting Node 0 Processor 4 APIC 0x4</p><p>[  +0.003646] ACPI: \_PR_.C004: Found 2 idle states</p><p>[  +0.000384] CPU4 is up</p><p>[  +0.000293] smpboot: Booting Node 0 Processor 5 APIC 0x5</p><p>[  +0.003059] ACPI: \_PR_.C005: Found 2 idle states</p><p>[  +0.000417] CPU5 is up</p><p>[  +0.000177] smpboot: Booting Node 0 Processor 6 APIC 0x6</p><p>[  +0.003016] ACPI: \_PR_.C006: Found 2 idle states</p><p>[  +0.000423] CPU6 is up</p><p>[  +0.000182] smpboot: Booting Node 0 Processor 7 APIC 0x7</p><p>[  +0.003007] ACPI: \_PR_.C007: Found 2 idle states</p><p>[  +0.000510] CPU7 is up</p><p>[  +0.001243] ACPI: PM: Waking up from system sleep state S3</p><p>[  +0.547099] ACPI: EC: interrupt unblocked</p><p>[  +0.060884] ACPI: EC: event unblocked</p><p>[  +0.001645] [drm] PCIE GART of 1024M enabled.</p><p>[  +0.000005] [drm] PTB located at 0x000000F400A00000</p><p>[  +0.000025] amdgpu 0000:05:00.0: amdgpu: PSP is resuming...</p><p>[  +0.009045] nvme nvme0: D3 entry latency set to 8 seconds</p><p>[  +0.010398] nvme nvme0: 8/0/0 default/read/poll queues</p><p>[  +0.000592] amdgpu 0000:05:00.0: amdgpu: reserve 0x400000 from 0xf47fc00000 for PSP TMR</p><p>[  +0.028450] thinkpad_acpi: acpi_evalf(STRW, vd, ...) failed: AE_NOT_FOUND</p><p>[  +0.000003] thinkpad_acpi: Cannot set adaptive keyboard mode.</p><p>[  +0.051837] amdgpu 0000:05:00.0: amdgpu: RAS: optional ras ta ucode is not available</p><p>[  +0.009549] amdgpu 0000:05:00.0: amdgpu: RAP: optional rap ta ucode is not available</p><p>[  +0.000003] amdgpu 0000:05:00.0: amdgpu: SECUREDISPLAY: securedisplay ta ucode is not available</p><p>[  +0.000174] amdgpu: restore the fine grain parameters</p><p>[  +0.006559] r8169 0000:03:00.0 enp3s0f0: Link is Down</p><p>[  +0.143104] usb 4-1: reset full-speed USB device number 2 using xhci_hcd</p><p>[  +0.283720] usb 4-2: reset high-speed USB device number 3 using xhci_hcd</p><p>[  +0.415985] [drm] kiq ring mec 2 pipe 1 q 0</p><p>[  +0.011553] [drm] VCN decode and encode initialized successfully(under SPG Mode).</p><p>[  +0.000041] amdgpu 0000:05:00.0: amdgpu: ring gfx uses VM inv eng 0 on hub 0</p><p>[  +0.000003] amdgpu 0000:05:00.0: amdgpu: ring comp_1.0.0 uses VM inv eng 1 on hub 0</p><p>[  +0.000003] amdgpu 0000:05:00.0: amdgpu: ring comp_1.1.0 uses VM inv eng 4 on hub 0</p><p>[  +0.000002] amdgpu 0000:05:00.0: amdgpu: ring comp_1.2.0 uses VM inv eng 5 on hub 0</p><p>[  +0.000003] amdgpu 0000:05:00.0: amdgpu: ring comp_1.3.0 uses VM inv eng 6 on hub 0</p><p>[  +0.000002] amdgpu 0000:05:00.0: amdgpu: ring comp_1.0.1 uses VM inv eng 7 on hub 0</p><p>[  +0.000002] amdgpu 0000:05:00.0: amdgpu: ring comp_1.1.1 uses VM inv eng 8 on hub 0</p><p>[  +0.000002] amdgpu 0000:05:00.0: amdgpu: ring comp_1.2.1 uses VM inv eng 9 on hub 0</p><p>[  +0.000002] amdgpu 0000:05:00.0: amdgpu: ring comp_1.3.1 uses VM inv eng 10 on hub 0</p><p>[  +0.000003] amdgpu 0000:05:00.0: amdgpu: ring kiq_0.2.1.0 uses VM inv eng 11 on hub 0</p><p>[  +0.000002] amdgpu 0000:05:00.0: amdgpu: ring sdma0 uses VM inv eng 0 on hub 8</p><p>[  +0.000002] amdgpu 0000:05:00.0: amdgpu: ring vcn_dec uses VM inv eng 1 on hub 8</p><p>[  +0.000003] amdgpu 0000:05:00.0: amdgpu: ring vcn_enc0 uses VM inv eng 4 on hub 8</p><p>[  +0.000002] amdgpu 0000:05:00.0: amdgpu: ring vcn_enc1 uses VM inv eng 5 on hub 8</p><p>[  +0.000002] amdgpu 0000:05:00.0: amdgpu: ring jpeg_dec uses VM inv eng 6 on hub 8</p><p>[  +0.084428] usb 4-2.1: reset high-speed USB device number 4 using xhci_hcd</p><p>[  +0.132640] OOM killer enabled.</p><p>[  +0.000003] Restarting tasks ... done.</p><p>[  +0.000891] random: crng reseeded on system resumption</p><p>[  +0.001985] Bluetooth: hci0: Bootloader revision 0.1 build 42 week 52 2015</p><p>[  +0.000267] pci_bus 0000:01: Allocating resources</p><p>[  +0.000105] pci_bus 0000:02: Allocating resources</p><p>[  +0.000085] pcieport 0000:00:01.3: bridge window [io  0x1000-0x0fff] to [bus 02] add_size 1000</p><p>[  +0.000016] pcieport 0000:00:01.3: bridge window [mem 0x00100000-0x000fffff 64bit pref] to [bus 02] add_size 200000 add_align 100000</p><p>[  +0.000024] pci_bus 0000:03: Allocating resources</p><p>[  +0.000030] pcieport 0000:00:01.4: bridge window [mem 0x00100000-0x000fffff 64bit pref] to [bus 03] add_size 200000 add_align 100000</p><p>[  +0.000020] pci_bus 0000:04: Allocating resources</p><p>[  +0.000010] pcieport 0000:00:01.7: bridge window [io  0x1000-0x0fff] to [bus 04] add_size 1000</p><p>[  +0.000009] pcieport 0000:00:01.7: bridge window [mem 0x00100000-0x000fffff 64bit pref] to [bus 04] add_size 200000 add_align 100000</p><p>[  +0.000023] pcieport 0000:00:01.3: bridge window [mem 0xd0c00000-0xd0dfffff 64bit pref]: assigned</p><p>[  +0.000010] pcieport 0000:00:01.4: bridge window [mem 0xd0e00000-0xd0ffffff 64bit pref]: assigned</p><p>[  +0.000011] pcieport 0000:00:01.7: bridge window [mem 0xd1000000-0xd11fffff 64bit pref]: assigned</p><p>[  +0.000016] pcieport 0000:00:01.3: bridge window [io  0x4000-0x4fff]: assigned</p><p>[  +0.000014] pcieport 0000:00:01.7: bridge window [io  0x5000-0x5fff]: assigned</p><p>[  +0.001089] pci_bus 0000:05: Allocating resources</p><p>[  +0.000959] usb 4-2.4: USB disconnect, device number 5</p><p>[  +0.000332] Bluetooth: hci0: Device revision is 2</p><p>[  +0.000009] Bluetooth: hci0: Secure boot is enabled</p><p>[  +0.000006] Bluetooth: hci0: OTP lock is enabled</p><p>[  +0.000005] Bluetooth: hci0: API lock is enabled</p><p>[  +0.000005] Bluetooth: hci0: Debug lock is disabled</p><p>[  +0.000005] Bluetooth: hci0: Minimum firmware build 1 week 10 2014</p><p>[  +0.001175] Bluetooth: hci0: Found device firmware: intel/ibt-18-16-1.sfi</p><p>[  +0.000053] Bluetooth: hci0: Boot Address: 0x40800</p><p>[  +0.000006] Bluetooth: hci0: Firmware Version: 201-12.24</p><p>[  +0.024578] PM: suspend exit</p><p>[  +0.066743] usb 4-2.4: new full-speed USB device number 6 using xhci_hcd</p><p>[  +0.113352] usb 4-2.4: New USB device found, idVendor=06cb, idProduct=00bd, bcdDevice= 0.00</p><p>[  +0.000008] usb 4-2.4: New USB device strings: Mfr=0, Product=0, SerialNumber=1</p><p>[  +0.000003] usb 4-2.4: SerialNumber: 9ea037