<!doctype html>
<html>
<head>
  <meta http-equiv="content-type" content="text/html; charset=utf-8">
  <title>journalctl</title>
  <meta name="generator" content="CherryTree">
  <link rel="stylesheet" href="res/styles4.css" type="text/css" />
</head>
<body>
<div class='page'><h1 class='title'>journalctl</h1><br/><p>oct. 20 00:06:31 ordi baloo_file_extractor[1409]: <span style="color:#8a8a8a;">Invalid encoding. Ignoring &quot;/home/presk0/passwd_gen/study/data/y/w&quot;</span> </p><p>oct. 20 00:15:06 ordi systemd-logind[483]: <strong>The system will suspend now!</strong> </p><p>oct. 20 00:15:06 ordi NetworkManager[479]: &lt;info&gt;  [1729376106.3740] manager: sleep: sleep requested (sleeping: no  enabled: yes) </p><p>oct. 20 00:15:06 ordi ModemManager[524]: <strong>&lt;msg&gt; [sleep-monitor-systemd] system is about to suspend</strong> </p><p>oct. 20 00:15:06 ordi NetworkManager[479]: &lt;info&gt;  [1729376106.3741] device (enp2s0f1): state change: unavailable -&gt; unmanaged (reason &#39;unmanaged-sleeping&#39;, sys-iface-state:&gt; </p><p>oct. 20 00:15:06 ordi NetworkManager[479]: &lt;info&gt;  [1729376106.3851] device (p2p-dev-wlp3s0): state change: disconnected -&gt; unmanaged (reason &#39;unmanaged-sleeping&#39;, sys-iface&gt; </p><p>oct. 20 00:15:06 ordi NetworkManager[479]: &lt;info&gt;  [1729376106.3855] manager: NetworkManager state is now ASLEEP </p><p>oct. 20 00:15:06 ordi NetworkManager[479]: &lt;info&gt;  [1729376106.3858] device (wlp3s0): state change: activated -&gt; deactivating (reason &#39;sleeping&#39;, sys-iface-state: &#39;managed&#39;) </p><p>oct. 20 00:15:06 ordi kded6[988]: <strong><span style="color:#d7d75f;">org.kde.plasma.nm.kded: Unhandled active connection state change:  3</span></strong> </p><p>oct. 20 00:15:06 ordi systemd[1]: Starting Network Manager Script Dispatcher Service... </p><p>oct. 20 00:15:06 ordi systemd[1]: Started Network Manager Script Dispatcher Service. </p><p>oct. 20 00:15:06 ordi kernel: wlp3s0: deauthenticating from 6c:61:f4:34:6f:be by local choice (Reason: 3=DEAUTH_LEAVING) </p><p>oct. 20 00:15:06 ordi wpa_supplicant[540]: <strong>nl80211: send_event_marker failed: Source based routing not supported</strong> </p><p>oct. 20 00:15:06 ordi wpa_supplicant[540]: <strong>wlp3s0: CTRL-EVENT-DISCONNECTED bssid=6c:61:f4:34:6f:be reason=3 locally_generated=1</strong> </p><p>oct. 20 00:15:06 ordi wpa_supplicant[540]: <strong>wlp3s0: CTRL-EVENT-DSCP-POLICY clear_all</strong> </p><p>oct. 20 00:15:06 ordi wpa_supplicant[540]: <strong>wlp3s0: CTRL-EVENT-SIGNAL-CHANGE above=0 signal=-9999 noise=9999 txrate=0</strong> </p><p>oct. 20 00:15:06 ordi NetworkManager[479]: &lt;info&gt;  [1729376106.5811] device (wlp3s0): supplicant interface state: completed -&gt; disconnected </p><p>oct. 20 00:15:06 ordi NetworkManager[479]: &lt;info&gt;  [1729376106.5814] device (wlp3s0): state change: deactivating -&gt; disconnected (reason &#39;sleeping&#39;, sys-iface-state: &#39;manage&gt; </p><p>oct. 20 00:15:06 ordi NetworkManager[479]: &lt;info&gt;  [1729376106.5830] dhcp4 (wlp3s0): canceled DHCP transaction </p><p>oct. 20 00:15:06 ordi NetworkManager[479]: &lt;info&gt;  [1729376106.5831] dhcp4 (wlp3s0): activation: beginning transaction (timeout in 45 seconds) </p><p>oct. 20 00:15:06 ordi NetworkManager[479]: &lt;info&gt;  [1729376106.5831] dhcp4 (wlp3s0): state changed no lease </p><p>oct. 20 00:15:06 ordi NetworkManager[479]: &lt;info&gt;  [1729376106.6014] device (wlp3s0): set-hw-addr: set MAC address to DA:AD:79:B8:8F:C3 (scanning) </p><p>oct. 20 00:15:06 ordi NetworkManager[479]: &lt;info&gt;  [1729376106.7043] device (wlp3s0): state change: disconnected -&gt; unmanaged (reason &#39;unmanaged-sleeping&#39;, sys-iface-state: &gt; </p><p>oct. 20 00:15:06 ordi NetworkManager[479]: &lt;info&gt;  [1729376106.8410] device (wlp3s0): set-hw-addr: reset MAC address to CC:2F:71:54:47:8C (unmanage) </p><p>oct. 20 00:15:06 ordi wpa_supplicant[540]: <strong>p2p-dev-wlp3s0: CTRL-EVENT-DSCP-POLICY clear_all</strong> </p><p>oct. 20 00:15:06 ordi wpa_supplicant[540]: <strong>p2p-dev-wlp3s0: CTRL-EVENT-DSCP-POLICY clear_all</strong> </p><p>oct. 20 00:15:06 ordi wpa_supplicant[540]: <strong>nl80211: deinit ifname=p2p-dev-wlp3s0 disabled_11b_rates=0</strong> </p><p>oct. 20 00:15:06 ordi systemd[1]: Reached target Sleep. </p><p>oct. 20 00:15:06 ordi systemd[1]: Starting System Suspend... </p><p>oct. 20 00:15:06 ordi wpa_supplicant[540]: <strong>wlp3s0: CTRL-EVENT-DSCP-POLICY clear_all</strong> </p><p>oct. 20 00:15:06 ordi systemd-sleep[2478]: Successfully froze unit &#39;user.slice&#39;. </p><p>oct. 20 00:15:06 ordi systemd-sleep[2478]: Performing sleep operation &#39;suspend&#39;... </p><p>oct. 20 00:15:06 ordi kernel: PM: suspend entry (deep) </p><p>oct. 20 00:15:06 ordi wpa_supplicant[540]: <strong>wlp3s0: CTRL-EVENT-DSCP-POLICY clear_all</strong> </p><p>oct. 20 00:15:06 ordi wpa_supplicant[540]: <strong>nl80211: deinit ifname=wlp3s0 disabled_11b_rates=0</strong> </p><p>oct. 20 00:15:06 ordi kernel: Filesystems sync: 0.021 seconds </p><p>oct. 20 20:51:10 ordi kernel: Freezing user space processes </p><p>oct. 20 20:51:10 ordi kernel: Freezing user space processes completed (elapsed 0.001 seconds) </p><p>oct. 20 20:51:10 ordi kernel: OOM killer disabled. </p><p>oct. 20 20:51:10 ordi kernel: Freezing remaining freezable tasks </p><p>oct. 20 20:51:10 ordi kernel: Freezing remaining freezable tasks completed (elapsed 0.001 seconds) </p><p>oct. 20 20:51:10 ordi kernel: printk: Suspending console(s) (use no_console_suspend to debug) </p><p>oct. 20 20:51:10 ordi kernel: <strong>sd 0:0:0:0: [sda] Synchronizing SCSI cache</strong> </p><p>oct. 20 20:51:10 ordi kernel: <strong>ata1.00: Entering standby power mode</strong> </p><p>oct. 20 20:51:10 ordi kernel: ACPI: EC: interrupt blocked </p><p>oct. 20 20:51:10 ordi kernel: ACPI: PM: Preparing to enter system sleep state S3 </p><p>oct. 20 20:51:10 ordi kernel: ACPI: EC: event blocked </p><p>oct. 20 20:51:10 ordi kernel: ACPI: EC: EC stopped </p><p>oct. 20 20:51:10 ordi kernel: ACPI: PM: Saving platform NVS memory </p><p>oct. 20 20:51:10 ordi kernel: Disabling non-boot CPUs ... </p><p>oct. 20 20:51:10 ordi kernel: smpboot: CPU 1 is now offline </p><p>oct. 20 20:51:10 ordi kernel: smpboot: CPU 2 is now offline </p><p>oct. 20 20:51:10 ordi kernel: smpboot: CPU 3 is now offline </p><p>oct. 20 20:51:10 ordi kernel: ACPI: PM: Low-level resume complete </p><p>oct. 20 20:51:10 ordi kernel: ACPI: EC: EC started </p><p>oct. 20 20:51:10 ordi kernel: ACPI: PM: Restoring platform NVS memory </p><p>oct. 20 20:51:10 ordi kernel: Enabling non-boot CPUs ... </p><p>oct. 20 20:51:10 ordi kernel: smpboot: Booting Node 0 Processor 1 APIC 0x2 </p><p>oct. 20 20:51:10 ordi kernel: CPU1 is up </p><p>oct. 20 20:51:10 ordi kernel: smpboot: Booting Node 0 Processor 2 APIC 0x4 </p><p>oct. 20 20:51:10 ordi kernel: CPU2 is up </p><p>oct. 20 20:51:10 ordi kernel: smpboot: Booting Node 0 Processor 3 APIC 0x6 </p><p>oct. 20 20:51:10 ordi kernel: CPU3 is up </p><p>oct. 20 20:51:10 ordi kernel: ACPI: PM: Waking up from system sleep state S3 </p><p>oct. 20 20:51:10 ordi kernel: ACPI: EC: interrupt unblocked </p><p>oct. 20 20:51:10 ordi kernel: ACPI: EC: event unblocked </p><p>oct. 20 20:51:10 ordi kernel: <strong>i915 0000:00:02.0: [drm] [ENCODER:98:DDI A/PHY A] is disabled/in DSI mode with an ungated DDI clock, gate it</strong> </p><p>oct. 20 20:51:10 ordi kernel: <strong>i915 0000:00:02.0: [drm] [ENCODER:106:DDI B/PHY B] is disabled/in DSI mode with an ungated DDI clock, gate it</strong> </p><p>oct. 20 20:51:10 ordi kernel: <strong>i915 0000:00:02.0: [drm] [ENCODER:116:DDI C/PHY C] is disabled/in DSI mode with an ungated DDI clock, gate it</strong> </p><p>oct. 20 20:51:10 ordi kernel: <strong><span style="color:#d7d75f;">iwlwifi 0000:03:00.0: RF_KILL bit toggled to enable radio.</span></strong> </p><p>oct. 20 20:51:10 ordi kernel: <strong><span style="color:#d7d75f;">i8042: failed to resume active multiplexor, mouse won&#39;t work</span></strong> </p><p>oct. 20 20:51:10 ordi kernel: iwlwifi 0000:03:00.0: Applying debug destination EXTERNAL_DRAM </p><p>oct. 20 20:51:10 ordi kernel: iwlwifi 0000:03:00.0: Applying debug destination EXTERNAL_DRAM </p><p>oct. 20 20:51:10 ordi kernel: iwlwifi 0000:03:00.0: FW already configured (0) - re-configuring </p><p>oct. 20 20:51:10 ordi kernel: usb 1-3: reset full-speed USB device number 3 using xhci_hcd </p><p>oct. 20 20:51:10 ordi kernel: ata3: SATA link down (SStatus 4 SControl 300) </p><p>oct. 20 20:51:10 ordi kernel: ata1: SATA link up 6.0 Gbps (SStatus 133 SControl 300) </p><p>oct. 20 20:51:10 ordi kernel: ata4: SATA link up 1.5 Gbps (SStatus 113 SControl 300) </p><p>oct. 20 20:51:10 ordi kernel: <strong>sd 0:0:0:0: [sda] Starting disk</strong> </p><p>oct. 20 20:51:10 ordi kernel: ata1.00: configured for UDMA/133 </p><p>oct. 20 20:51:10 ordi kernel: ata4.00: configured for UDMA/133 </p><p>oct. 20 20:51:10 ordi kernel: ahci 0000:00:17.0: port does not support device sleep </p><p>oct. 20 20:51:10 ordi kernel: usb 1-2: reset high-speed USB device number 2 using xhci_hcd </p><p>oct. 20 20:51:10 ordi kernel: OOM killer enabled. </p><p>oct. 20 20:51:10 ordi kernel: Restarting tasks ... done. </p><p>oct. 20 20:51:10 ordi kernel: <strong>random: crng reseeded on system resumption</strong> </p><p>oct. 20 20:51:10 ordi kernel: PM: suspend exit </p><p>oct. 20 20:51:10 ordi bluetoothd[481]: Endpoint unregistered: sender=:1.39 path=/MediaEndpoint/A2DPSource/ldac </p><p>oct. 20 20:51:10 ordi systemd-sleep[2478]: System returned from sleep operation &#39;suspend&#39;. </p><p>oct. 20 20:51:10 ordi bluetoothd[481]: Endpoint unregistered: sender=:1.39 path=/MediaEndpoint/A2DPSink/aptx_hd </p><p>oct. 20 20:51:10 ordi systemd-sleep[2478]: Successfully thawed unit &#39;user.slice&#39;. </p><p>oct. 20 20:51:10 ordi bluetoothd[481]: Endpoint unregistered: sender=:1.39 path=/MediaEndpoint/A2DPSource/aptx_hd </p><p>oct. 20 20:51:10 ordi bluetoothd[481]: Endpoint unregistered: sender=:1.39 path=/MediaEndpoint/A2DPSink/aptx </p><p>oct. 20 20:51:10 ordi bluetoothd[481]: Endpoint unregistered: sender=:1.39 path=/MediaEndpoint/A2DPSource/aptx </p><p>oct. 20 20:51:10 ordi bluetoothd[481]: Endpoint unregistered: sender=:1.39 path=/MediaEndpoint/A2DPSink/aac </p><p>oct. 20 20:51:10 ordi bluetoothd[481]: Endpoint unregistered: sender=:1.39 path=/MediaEndpoint/A2DPSource/aac </p><p>oct. 20 20:51:10 ordi bluetoothd[481]: Endpoint unregistered: sender=:1.39 path=/MediaEndpoint/A2DPSink/opus_g </p><p>oct. 20 20:51:10 ordi bluetoothd[481]: Endpoint unregistered: sender=:1.39 path=/MediaEndpoint/A2DPSource/opus_g </p><p>oct. 20 20:51:10 ordi bluetoothd[481]: Endpoint unregistered: sender=:1.39 path=/MediaEndpoint/A2DPSink/sbc </p><p>oct. 20 20:51:10 ordi bluetoothd[481]: Endpoint unregistered: sender=:1.39 path=/MediaEndpoint/A2DPSource/sbc </p><p>oct. 20 20:51:10 ordi bluetoothd[481]: Endpoint unregistered: sender=:1.39 path=/MediaEndpoint/A2DPSource/aptx_ll_1 </p><p>oct. 20 20:51:10 ordi bluetoothd[481]: Endpoint unregistered: sender=:1.39 path=/MediaEndpoint/A2DPSource/aptx_ll_0 </p><p>oct. 20 20:51:10 ordi bluetoothd[481]: Endpoint unregistered: sender=:1.39 path=/MediaEndpoint/A2DPSource/aptx_ll_duplex_1 </p><p>oct. 20 20:51:10 ordi bluetoothd[481]: Endpoint unregistered: sender=:1.39 path=/MediaEndpoint/A2DPSource/aptx_ll_duplex_0 </p><p>oct. 20 20:51:10 ordi bluetoothd[481]: Endpoint unregistered: sender=:1.39 path=/MediaEndpoint/A2DPSource/faststream </p><p>oct. 20 20:51:10 ordi bluetoothd[481]: Endpoint unregistered: sender=:1.39 path=/MediaEndpoint/A2DPSource/faststream_duplex </p><p>oct. 20 20:51:10 ordi bluetoothd[481]: Endpoint unregistered: sender=:1.39 path=/MediaEndpoint/A2DPSink/opus_05 </p><p>oct. 20 20:51:10 ordi bluetoothd[481]: Endpoint unregistered: sender=:1.39 path=/MediaEndpoint/A2DPSource/opus_05 </p><p>oct. 20 20:51:10 ordi bluetoothd[481]: Endpoint unregistered: sender=:1.39 path=/MediaEndpoint/A2DPSink/opus_05_duplex </p><p>oct. 20 20:51:10 ordi bluetoothd[481]: Endpoint unregistered: sender=:1.39 path=/MediaEndpoint/A2DPSource/opus_05_duplex </p><p>oct. 20 20:51:10 ordi dbus-broker[478]: <strong><span style="color:#d7d75f;">A security policy denied :1.4 to send method call /midi/profile:org.bluez.GattProfile1.Release to :1.40.</span></strong> </p><p>oct. 20 20:51:10 ordi bluetoothd[481]: Battery Provider Manager destroyed </p><p>oct. 20 20:51:10 ordi systemd[1]: systemd-suspend.service: Deactivated successfully. </p><p>oct. 20 20:51:10 ordi systemd[1]: Finished System Suspend. </p><p>oct. 20 20:51:10 ordi systemd[1]: Stopped target Sleep. </p><p>oct. 20 20:51:10 ordi systemd[1]: Reached target Suspend. </p><p>oct. 20 20:51:10 ordi kernel: Bluetooth: hci0: Legacy ROM 2.5 revision 1.0 build 3 week 17 2014 </p><p>oct. 20 20:51:10 ordi kernel: Bluetooth: hci0: Intel Bluetooth firmware file: intel/ibt-hw-37.8.10-fw-1.10.3.11.e.bseq </p><p>oct. 20 20:51:10 ordi ModemManager[524]: <strong>&lt;msg&gt; [sleep-monitor-systemd] system is resuming</strong> </p><p>oct. 20 20:51:10 ordi systemd-logind[483]: Operation &#39;suspend&#39; finished. </p><p>oct. 20 20:51:10 ordi systemd[1]: Starting Load/Save RF Kill Switch Status... </p><p>oct. 20 20:51:10 ordi systemd[1]: Stopped target Suspend. </p><p>oct. 20 20:51:10 ordi NetworkManager[479]: &lt;info&gt;  [1729450270.7011] manager: sleep: wake requested (sleeping: yes  enabled: yes) </p><p>oct. 20 20:51:10 ordi NetworkManager[479]: &lt;info&gt;  [1729450270.7012] device (enp2s0f1): state change: unmanaged -&gt; unavailable (reason &#39;managed&#39;, sys-iface-state: &#39;external&#39;) </p><p>oct. 20 20:51:10 ordi kdeconnectd[1267]: <strong><span style="color:#d7d75f;">2024-10-20T20:51:10 kdeconnect.core: No local bluetooth adapter found</span></strong> </p><p>oct. 20 20:51:10 ordi kdeconnectd[1267]: <strong><span style="color:#d7d75f;">2024-10-20T20:51:10 default: Error sending UDP packet: QAbstractSocket::NetworkError</span></strong> </p><p>oct. 20 20:51:10 ordi kernel: Generic FE-GE Realtek PHY r8169-0-201:00: attached PHY driver (mii_bus:phy_addr=r8169-0-201:00, irq=MAC) </p><p>oct. 20 20:51:10 ordi systemd[876]: Stopped target Bluetooth. </p><p>oct. 20 20:51:10 ordi systemd[1]: Stopped target Bluetooth Support. </p><p>oct. 20 20:51:10 ordi systemd[876]: Reached target Bluetooth. </p><p>oct. 20 20:51:10 ordi systemd[1]: Started Load/Save RF Kill Switch Status. </p><p>oct. 20 20:51:10 ordi systemd[1]: Reached target Bluetooth Support. </p><p>oct. 20 20:51:10 ordi NetworkManager[479]: &lt;info&gt;  [1729450270.8920] device (wlp3s0): state change: unmanaged -&gt; unavailable (reason &#39;managed&#39;, sys-iface-state: &#39;external&#39;) </p><p>oct. 20 20:51:10 ordi kdeconnectd[1267]: <strong><span style="color:#d7d75f;">2024-10-20T20:51:10 kdeconnect.core: Failed to open any MDNS client sockets</span></strong> </p><p>oct. 20 20:51:10 ordi kernel: r8169 0000:02:00.1 enp2s0f1: Link is Down </p><p>oct. 20 20:51:10 ordi NetworkManager[479]: &lt;info&gt;  [1729450270.9210] device (wlp3s0): set-hw-addr: set MAC address to 16:97:8C:78:97:27 (scanning) </p><p>oct. 20 20:51:10 ordi kernel: iwlwifi 0000:03:00.0: Applying debug destination EXTERNAL_DRAM </p><p>oct. 20 20:51:10 ordi kernel: Bluetooth: hci0: Intel BT fw patch 0x32 completed &amp; activated </p><p>oct. 20 20:51:11 ordi kernel: iwlwifi 0000:03:00.0: Applying debug destination EXTERNAL_DRAM </p><p>oct. 20 20:51:11 ordi kernel: iwlwifi 0000:03:00.0: FW already configured (0) - re-configuring </p><p>oct. 20 20:51:11 ordi NetworkManager[479]: &lt;info&gt;  [1729450271.0243] device (p2p-dev-wlp3s0): state change: unmanaged -&gt; unavailable (reason &#39;managed&#39;, sys-iface-state: &#39;ext&gt; </p><p>oct. 20 20:51:11 ordi NetworkManager[479]: &lt;info&gt;  [1729450271.0248] manager: NetworkManager state is now CONNECTED_LOCAL </p><p>oct. 20 20:51:11 ordi bluetoothd[481]: Battery Provider Manager created </p><p>oct. 20 20:51:11 ordi kernel: Bluetooth: MGMT ver 1.22 </p><p>oct. 20 20:51:11 ordi bluetoothd[481]: <strong><span style="color:#ff5454;">Failed to set mode: Failed (0x03)</span></strong> </p><p>oct. 20 20:51:11 ordi bluetoothd[481]: Endpoint registered: sender=:1.39 path=/MediaEndpoint/A2DPSource/ldac </p><p>oct. 20 20:51:11 ordi bluetoothd[481]: Endpoint registered: sender=:1.39 path=/MediaEndpoint/A2DPSink/aptx_hd </p><p>oct. 20 20:51:11 ordi bluetoothd[481]: Endpoint registered: sender=:1.39 path=/MediaEndpoint/A2DPSource/aptx_hd </p><p>oct. 20 20:51:11 ordi bluetoothd[481]: Endpoint registered: sender=:1.39 path=/MediaEndpoint/A2DPSink/aptx </p><p>oct. 20 20:51:11 ordi bluetoothd[481]: Endpoint registered: sender=:1.39 path=/MediaEndpoint/A2DPSource/aptx </p><p>oct. 20 20:51:11 ordi bluetoothd[481]: Endpoint registered: sender=:1.39 path=/MediaEndpoint/A2DPSink/aac </p><p>oct. 20 20:51:11 ordi bluetoothd[481]: Endpoint registered: sender=:1.39 path=/MediaEndpoint/A2DPSource/aac </p><p>oct. 20 20:51:11 ordi bluetoothd[481]: Endpoint registered: sender=:1.39 path=/MediaEndpoint/A2DPSink/opus_g </p><p>oct. 20 20:51:11 ordi bluetoothd[481]: Endpoint registered: sender=:1.39 path=/MediaEndpoint/A2DPSource/opus_g </p><p>oct. 20 20:51:11 ordi bluetoothd[481]: Endpoint registered: sender=:1.39 path=/MediaEndpoint/A2DPSink/sbc </p><p>oct. 20 20:51:11 ordi bluetoothd[481]: Endpoint registered: sender=:1.39 path=/MediaEndpoint/A2DPSource/sbc </p><p>oct. 20 20:51:11 ordi bluetoothd[481]: Endpoint registered: sender=:1.39 path=/MediaEndpoint/A2DPSource/aptx_ll_1 </p><p>oct. 20 20:51:11 ordi bluetoothd[481]: Endpoint registered: sender=:1.39 path=/MediaEndpoint/A2DPSource/aptx_ll_0 </p><p>oct. 20 20:51:11 ordi NetworkManager[479]: &lt;info&gt;  [1729450271.0966] device (wlp3s0): supplicant interface state: internal-starting -&gt; disconnected </p><p>oct. 20 20:51:11 ordi bluetoothd[481]: Endpoint registered: sender=:1.39 path=/MediaEndpoint/A2DPSource/aptx_ll_duplex_1 </p><p>oct. 20 20:51:11 ordi NetworkManager[479]: &lt;info&gt;  [1729450271.0981] device (p2p-dev-wlp3s0): state change: unavailable -&gt; unmanaged (reason &#39;unmanaged-link-not-init&#39;, sys-i&gt; </p><p>oct. 20 20:51:11 ordi bluetoothd[481]: Endpoint registered: sender=:1.39 path=/MediaEndpoint/A2DPSource/aptx_ll_duplex_0 </p><p>oct. 20 20:51:11 ordi NetworkManager[479]: &lt;info&gt;  [1729450271.0999] Wi-Fi P2P device controlled by interface wlp3s0 created </p><p>oct. 20 20:51:11 ordi bluetoothd[481]: Endpoint registered: sender=:1.39 path=/MediaEndpoint/A2DPSource/faststream </p><p>oct. 20 20:51:11 ordi NetworkManager[479]: &lt;info&gt;  [1729450271.1006] manager: (p2p-dev-wlp3s0): new 802.11 Wi-Fi P2P device (/org/freedesktop/NetworkManager/Devices/8) </p><p>oct. 20 20:51:11 ordi bluetoothd[481]: Endpoint registered: sender=:1.39 path=/MediaEndpoint/A2DPSource/faststream_duplex </p><p>oct. 20 20:51:11 ordi bluetoothd[481]: Endpoint registered: sender=:1.39 path=/MediaEndpoint/A2DPSink/opus_05 </p><p>oct. 20 20:51:11 ordi bluetoothd[481]: Endpoint registered: sender=:1.39 path=/MediaEndpoint/A2DPSource/opus_05 </p><p>oct. 20 20:51:11 ordi NetworkManager[479]: &lt;info&gt;  [1729450271.1030] device (p2p-dev-wlp3s0): state change: unmanaged -&gt; unavailable (reason &#39;managed&#39;, sys-iface-state: &#39;ext&gt; </p><p>oct. 20 20:51:11 ordi bluetoothd[481]: Endpoint registered: sender=:1.39 path=/MediaEndpoint/A2DPSink/opus_05_duplex </p><p>oct. 20 20:51:11 ordi bluetoothd[481]: Endpoint registered: sender=:1.39 path=/MediaEndpoint/A2DPSource/opus_05_duplex </p><p>oct. 20 20:51:11 ordi NetworkManager[479]: &lt;info&gt;  [1729450271.1117] device (wlp3s0): state change: unavailable -&gt; disconnected (reason &#39;supplicant-available&#39;, sys-iface-sta&gt; </p><p>oct. 20 20:51:11 ordi NetworkManager[479]: &lt;info&gt;  [1729450271.1127] device (p2p-dev-wlp3s0): state change: unavailable -&gt; disconnected (reason &#39;none&#39;, sys-iface-state: &#39;man&gt; </p><p>oct. 20 20:51:11 ordi systemd[1]: Started dbus-:1.2-org.kde.powerdevil.backlighthelper@4.service. </p><p>oct. 20 20:51:11 ordi org_kde_powerdevil[1094]: <strong><span style="color:#d7d75f;">Sleep event. connector=card1-eDP-1, dref not set</span></strong> </p><p>oct. 20 20:51:12 ordi bluetoothd[481]: <strong><span style="color:#ff5454;">Failed to set mode: Failed (0x03)</span></strong> </p><p>oct. 20 20:51:12 ordi kded6[988]: <strong><span style="color:#d7d75f;">kf.bluezqt: PendingCall Error: &quot;Failed&quot;</span></strong> </p><p>oct. 20 20:51:13 ordi org_kde_powerdevil[1094]: <strong>Emitting DDCA_Display_Status_Event( 76803.402:  DDCA_EVENT_DPMS_AWAKE, card1-eDP-1, dref: Display_Ref[NULL], io_path:/dev/i2c</strong>&gt; </p><p>oct. 20 20:51:13 ordi org_kde_powerdevil[1094]: <strong>Executed 1 registered callbacks.</strong> </p><p>oct. 20 20:51:14 ordi wpa_supplicant[540]: <strong>wlp3s0: CTRL-EVENT-REGDOM-CHANGE init=DRIVER type=COUNTRY alpha2=FR</strong> </p><p>oct. 20 20:51:14 ordi wpa_supplicant[540]: <strong>wlp3s0: CTRL-EVENT-REGDOM-CHANGE init=DRIVER type=COUNTRY alpha2=FR</strong> </p><p>oct. 20 20:51:14 ordi NetworkManager[479]: &lt;info&gt;  [1729450274.5236] policy: auto-activating connection &#39;Binder-f5d0&#39; (75d53a67-5cd8-48b1-b77c-97521ca693b3) </p><p>oct. 20 20:51:14 ordi NetworkManager[479]: &lt;info&gt;  [1729450274.5247] device (wlp3s0): Activation: starting connection &#39;Binder-f5d0&#39; (75d53a67-5cd8-48b1-b77c-97521ca693b3) </p><p>oct. 20 20:51:14 ordi NetworkManager[479]: &lt;info&gt;  [1729450274.5249] device (wlp3s0): state change: disconnected -&gt; prepare (reason &#39;none&#39;, sys-iface-state: &#39;managed&#39;) </p><p>oct. 20 20:51:14 ordi NetworkManager[479]: &lt;info&gt;  [1729450274.5254] manager: NetworkManager state is now CONNECTING </p><p>oct. 20 20:51:14 ordi NetworkManager[479]: &lt;info&gt;  [1729450274.5435] device (wlp3s0): set-hw-addr: reset MAC address to CC:2F:71:54:47:8C (preserve) </p><p>oct. 20 20:51:14 ordi NetworkManager[479]: &lt;info&gt;  [1729450274.5465] device (wlp3s0): state change: prepare -&gt; config (reason &#39;none&#39;, sys-iface-state: &#39;managed&#39;) </p><p>oct. 20 20:51:14 ordi NetworkManager[479]: &lt;info&gt;  [1729450274.5470] device (wlp3s0): Activation: (wifi) access point &#39;Binder-f5d0&#39; has security, but secrets are required. </p><p>oct. 20 20:51:14 ordi NetworkManager[479]: &lt;info&gt;  [1729450274.5471] device (wlp3s0): state change: config -&gt; need-auth (reason &#39;none&#39;, sys-iface-state: &#39;managed&#39;) </p><p>oct. 20 20:51:14 ordi NetworkManager[479]: &lt;info&gt;  [1729450274.5474] sup-iface[fdc76a37154981d6,2,wlp3s0]: wps: type pbc start... </p><p>oct. 20 20:51:14 ordi NetworkManager[479]: &lt;info&gt;  [1729450274.5495] device (wlp3s0): supplicant interface state: disconnected -&gt; inactive </p><p>oct. 20 20:51:14 ordi NetworkManager[479]: &lt;info&gt;  [1729450274.5496] device (p2p-dev-wlp3s0): supplicant management interface state: disconnected -&gt; inactive </p><p>oct. 20 20:51:14 ordi wpa_supplicant[540]: <strong>wlp3s0: WPS-PBC-ACTIVE</strong> </p><p>oct. 20 20:51:14 ordi NetworkManager[479]: &lt;info&gt;  [1729450274.5573] device (wlp3s0): supplicant interface state: inactive -&gt; scanning </p><p>oct. 20 20:51:14 ordi NetworkManager[479]: &lt;info&gt;  [1729450274.5574] device (p2p-dev-wlp3s0): supplicant management interface state: inactive -&gt; scanning </p><p>oct. 20 20:51:14 ordi NetworkManager[479]: &lt;info&gt;  [1729450274.6287] device (wlp3s0): state change: need-auth -&gt; prepare (reason &#39;none&#39;, sys-iface-state: &#39;managed&#39;) </p><p>oct. 20 20:51:14 ordi kded6[988]: <strong><span style="color:#d7d75f;">kf.networkmanagerqt: void NetworkManager::ConnectionPrivate::onPropertiesChanged(const QVariantMap&amp;) Unhandled property &quot;VersionId&quot;</span></strong> </p><p>oct. 20 20:51:14 ordi plasmashell[1030]: <strong><span style="color:#d7d75f;">kf.networkmanagerqt: void NetworkManager::ConnectionPrivate::onPropertiesChanged(const QVariantMap&amp;) Unhandled property &quot;VersionId&quot;</span></strong> </p><p>oct. 20 20:51:14 ordi NetworkManager[479]: &lt;info&gt;  [1729450274.6294] device (wlp3s0): state change: prepare -&gt; config (reason &#39;none&#39;, sys-iface-state: &#39;managed&#39;) </p><p>oct. 20 20:51:14 ordi NetworkManager[479]: &lt;info&gt;  [1729450274.6299] device (wlp3s0): Activation: (wifi) connection &#39;Binder-f5d0&#39; has security, and secrets exist.  No new se&gt; </p><p>oct. 20 20:51:14 ordi NetworkManager[479]: &lt;info&gt;  [1729450274.6300] Config: added &#39;ssid&#39; value &#39;Binder-f5d0&#39; </p><p>oct. 20 20:51:14 ordi NetworkManager[479]: &lt;info&gt;  [1729450274.6300] Config: added &#39;scan_ssid&#39; value &#39;1&#39; </p><p>oct. 20 20:51:14 ordi NetworkManager[479]: &lt;info&gt;  [1729450274.6300] Config: added &#39;bgscan&#39; value &#39;simple:30:-70:86400&#39; </p><p>oct. 20 20:51:14 ordi NetworkManager[479]: &lt;info&gt;  [1729450274.6301] Config: added &#39;key_mgmt&#39; value &#39;WPA-PSK WPA-PSK-SHA256 FT-PSK SAE FT-SAE&#39; </p><p>oct. 20 20:51:14 ordi NetworkManager[479]: &lt;info&gt;  [1729450274.6301] Config: added &#39;auth_alg&#39; value &#39;OPEN&#39; </p><p>oct. 20 20:51:14 ordi wpa_supplicant[540]: <strong>wlp3s0: WPS-CANCEL</strong> </p><p>oct. 20 20:51:14 ordi NetworkManager[479]: &lt;info&gt;  [1729450274.6301] Config: added &#39;psk&#39; value &#39;&lt;hidden&gt;&#39; </p><p>oct. 20 20:51:14 ordi wpa_supplicant[540]: <strong>wlp3s0: SME: Trying to authenticate with 6c:61:f4:34:6f:be (SSID=&#39;Binder-f5d0&#39; freq=2412 MHz)</strong> </p><p>oct. 20 20:51:14 ordi kernel: wlp3s0: authenticate with 6c:61:f4:34:6f:be (local address=cc:2f:71:54:47:8c) </p><p>oct. 20 20:51:14 ordi kernel: wlp3s0: send auth to 6c:61:f4:34:6f:be (try 1/3) </p><p>oct. 20 20:51:14 ordi wpa_supplicant[540]: <strong>wlp3s0: Trying to associate with 6c:61:f4:34:6f:be (SSID=&#39;Binder-f5d0&#39; freq=2412 MHz)</strong> </p><p>oct. 20 20:51:14 ordi NetworkManager[479]: &lt;info&gt;  [1729450274.6805] device (wlp3s0): supplicant interface state: scanning -&gt; authenticating </p><p>oct. 20 20:51:14 ordi NetworkManager[479]: &lt;info&gt;  [1729450274.6806] device (p2p-dev-wlp3s0): supplicant management interface state: scanning -&gt; authenticating </p><p>oct. 20 20:51:14 ordi kernel: wlp3s0: authenticated </p><p>oct. 20 20:51:14 ordi kernel: wlp3s0: associate with 6c:61:f4:34:6f:be (try 1/3) </p><p>oct. 20 20:51:14 ordi kernel: wlp3s0: RX AssocResp from 6c:61:f4:34:6f:be (capab=0x1411 status=0 aid=8) </p><p>oct. 20 20:51:14 ordi NetworkManager[479]: &lt;info&gt;  [1729450274.6877] device (wlp3s0): supplicant interface state: authenticating -&gt; associating </p><p>oct. 20 20:51:14 ordi NetworkManager[479]: &lt;info&gt;  [1729450274.6878] device (p2p-dev-wlp3s0): supplicant management interface state: authenticating -&gt; associating </p><p>oct. 20 20:51:14 ordi kernel: wlp3s0: associated </p><p>oct. 20 20:51:14 ordi wpa_supplicant[540]: <strong>wlp3s0: Associated with 6c:61:f4:34:6f:be</strong> </p><p>oct. 20 20:51:14 ordi wpa_supplicant[540]: <strong>wlp3s0: CTRL-EVENT-SUBNET-STATUS-UPDATE status=0</strong> </p><p>oct. 20 20:51:14 ordi NetworkManager[479]: &lt;info&gt;  [1729450274.7040] device (wlp3s0): supplicant interface state: associating -&gt; 4way_handshake </p><p>oct. 20 20:51:14 ordi NetworkManager[479]: &lt;info&gt;  [1729450274.7041] device (p2p-dev-wlp3s0): supplicant management interface state: associating -&gt; 4way_handshake </p><p>oct. 20 20:51:14 ordi wpa_supplicant[540]: <strong>wlp3s0: WPA: Key negotiation completed with 6c:61:f4:34:6f:be [PTK=CCMP GTK=TKIP]</strong> </p><p>oct. 20 20:51:14 ordi wpa_supplicant[540]: <strong>wlp3s0: CTRL-EVENT-CONNECTED - Connection to 6c:61:f4:34:6f:be completed [id=0 id_str=]</strong> </p><p>oct. 20 20:51:14 ordi NetworkManager[479]: &lt;info&gt;  [1729450274.7592] device (wlp3s0): supplicant interface state: 4way_handshake -&gt; completed </p><p>oct. 20 20:51:14 ordi NetworkManager[479]: &lt;info&gt;  [1729450274.7593] device (wlp3s0): Activation: (wifi) Stage 2 of 5 (Device Configure) successful. Connected to wireless ne&gt; </p><p>oct. 20 20:51:14 ordi NetworkManager[479]: &lt;info&gt;  [1729450274.7594] device (p2p-dev-wlp3s0): supplicant management interface state: 4way_handshake -&gt; completed </p><p>oct. 20 20:51:14 ordi NetworkManager[479]: &lt;info&gt;  [1729450274.7597] device (wlp3s0): state change: config -&gt; ip-config (reason &#39;none&#39;, sys-iface-state: &#39;managed&#39;) </p><p>oct. 20 20:51:14 ordi NetworkManager[479]: &lt;info&gt;  [1729450274.7620] dhcp4 (wlp3s0): activation: beginning transaction (timeout in 45 seconds) </p><p>oct. 20 20:51:14 ordi ModemManager[524]: <strong>&lt;msg&gt; [base-manager] couldn&#39;t check support for device &#39;/sys/devices/pci0000:00/0000:00:1c.4/0000:02:00.1&#39;: not supported by any plu</strong>&gt; </p><p>oct. 20 20:51:14 ordi ModemManager[524]: <strong>&lt;msg&gt; [base-manager] couldn&#39;t check support for device &#39;/sys/devices/pci0000:00/0000:00:1c.6/0000:03:00.0&#39;: not supported by any plu</strong>&gt; </p><p>oct. 20 20:51:14 ordi wpa_supplicant[540]: <strong>wlp3s0: CTRL-EVENT-SIGNAL-CHANGE above=1 signal=-55 noise=9999 txrate=0</strong> </p><p>oct. 20 20:51:14 ordi wpa_supplicant[540]: <strong>wlp3s0: CTRL-EVENT-SIGNAL-CHANGE above=0 signal=-55 noise=9999 txrate=0</strong> </p><p>oct. 20 20:51:15 ordi wpa_supplicant[540]: <strong>wlp3s0: CTRL-EVENT-SIGNAL-CHANGE above=1 signal=-54 noise=9999 txrate=0</strong> </p><p>oct. 20 20:51:15 ordi systemd[1]: systemd-rfkill.service: Deactivated successfully. </p><p>oct. 20 20:51:16 ordi NetworkManager[479]: &lt;info&gt;  [1729450276.7891] dhcp4 (wlp3s0): state changed new lease, address=192.168.1.72, acd pending </p><p>oct. 20 20:51:16 ordi NetworkManager[479]: &lt;info&gt;  [1729450276.9056] policy: set &#39;Binder-f5d0&#39; (wlp3s0) as default for IPv6 routing and DNS </p><p>oct. 20 20:51:16 ordi NetworkManager[479]: &lt;info&gt;  [1729450276.9416] dhcp4 (wlp3s0): state changed new lease, address=192.168.1.72 </p><p>oct. 20 20:51:16 ordi NetworkManager[479]: &lt;info&gt;  [1729450276.9427] policy: set &#39;Binder-f5d0&#39; (wlp3s0) as default for IPv4 routing and DNS </p><p>oct. 20 20:51:16 ordi NetworkManager[479]: &lt;info&gt;  [1729450276.9979] device (wlp3s0): state change: ip-config -&gt; ip-check (reason &#39;none&#39;, sys-iface-state: &#39;managed&#39;) </p><p>oct. 20 20:51:17 ordi NetworkManager[479]: &lt;info&gt;  [1729450277.0029] device (wlp3s0): state change: ip-check -&gt; secondaries (reason &#39;none&#39;, sys-iface-state: &#39;managed&#39;) </p><p>oct. 20 20:51:17 ordi NetworkManager[479]: &lt;info&gt;  [1729450277.0034] device (wlp3s0): state change: secondaries -&gt; activated (reason &#39;none&#39;, sys-iface-state: &#39;managed&#39;) </p><p>oct. 20 20:51:17 ordi NetworkManager[479]: &lt;info&gt;  [1729450277.0042] manager: NetworkManager state is now CONNECTED_SITE </p><p>oct. 20 20:51:17 ordi NetworkManager[479]: &lt;info&gt;  [1729450277.0055] device (wlp3s0): Activation: successful, device activated. </p><p>oct. 20 20:51:17 ordi NetworkManager[479]: &lt;info&gt;  [1729450277.0920] manager: NetworkManager state is now CONNECTED_GLOBAL </p><p>oct. 20 20:51:18 ordi systemd[1]: NetworkManager-dispatcher.service: Deactivated successfully. </p><p>oct. 20 20:51:18 ordi wpa_supplicant[540]: <strong>wlp3s0: CTRL-EVENT-SIGNAL-CHANGE above=1 signal=-48 noise=9999 txrate=0</strong> </p><p>oct. 20 20:51:19 ordi kded6[988]: <strong><span style="color:#d7d75f;">Touchpad detached</span></strong> </p><p>oct. 20 20:51:21 ordi systemd[1]: dbus-:1.2-org.kde.powerdevil.backlighthelper@4.service: Deactivated successfully. </p><p>oct. 20 20:51:42 ordi systemd-logind[483]: Power key pressed short. </p><p>oct. 20 20:51:42 ordi systemd[876]: Created slice Slice /app/dbus-:1.2-org.kde.LogoutPrompt. </p><p>oct. 20 20:51:42 ordi systemd[876]: Started dbus-:1.2-org.kde.LogoutPrompt@0.service. </p><p>oct. 20 20:52:03 ordi systemd-logind[483]: Power key pressed short. </p><p>oct. 20 20:52:21 ordi systemd-logind[483]: Power key pressed short. </p><p>oct. 20 20:52:22 ordi systemd-logind[483]: Power key pressed short. </p><p>oct. 20 20:52:22 ordi systemd-logind[483]: Power key pressed short. </p><p>oct. 20 20:52:23 ordi systemd-logind[483]: Power key pressed short. </p><p><strong>-- Boot 030b0c62099649939987df9b433155fc --</strong> </p><p>oct. 20 20:52:55 ordi kernel: <strong>Linux version 6.10.13-3-MANJARO (builduser@fv-az1246-770) (gcc (GCC) 14.2.1 20240910, GNU ld (GNU Binutils) 2.43.0) #1 SMP PREEMPT_DYNAMIC Tue </strong>&gt; </p><p>oct. 20 20:52:55 ordi kernel: Command line: BOOT_IMAGE=/@/boot/vmlinuz-6.10-x86_64 root=UUID=10256267-fbb1-4dbc-8727-5a025a2a1a49 rw rootflags=subvol=@ quiet splash resume=U&gt; </p><p>oct. 20 20:52:55 ordi kernel: BIOS-provided physical RAM map: </p><p>oct. 20 20:52:55 ordi kernel: BIOS-e820: [mem 0x0000000000000000-0x0000000000057fff] usable </p><p>oct. 20 20:52:55 ordi kernel: BIOS-e820: [mem 0x0000000000058000-0x0000000000058fff] reserved </p><p>oct. 20 20:52:55 ordi kernel: BIOS-e820: [mem 0x0000000000059000-0x000000000009dfff] usable </p><p>oct. 20 20:52:55 ordi kernel: BIOS-e820: [mem 0x000000000009e000-0x000000000009ffff] reserved </p><p>oct. 20 20:52:55 ordi kernel: BIOS-e820: [mem 0x0000000000100000-0x00000000830f7fff] usable </p><p>oct. 20 20:52:55 ordi kernel: BIOS-e820: [mem 0x00000000830f8000-0x00000000830f8fff] ACPI NVS </p><p>oct. 20 20:52:55 ordi kernel: BIOS-e820: [mem 0x00000000830f9000-0x0000000083122fff] reserved </p><p>oct. 20 20:52:55 ordi kernel: BIOS-e820: [mem 0x0000000083123000-0x0000000086a46fff] usable </p><p>oct. 20 20:52:55 ordi kernel: BIOS-e820: [mem 0x0000000086a47000-0x000000008738dfff] reserved </p><p>oct. 20 20:52:55 ordi kernel: BIOS-e820: [mem 0x000000008738e000-0x00000000873b8fff] ACPI data </p><p>oct. 20 20:52:55 ordi kernel: BIOS-e820: [mem 0x00000000873b9000-0x0000000087b97fff] ACPI NVS </p><p>oct. 20 20:52:55 ordi kernel: BIOS-e820: [mem 0x0000000087b98000-0x0000000087ffdfff] reserved </p><p>oct. 20 20:52:55 ordi kernel: BIOS-e820: [mem 0x0000000087ffe000-0x0000000087ffefff] usable </p><p>oct. 20 20:52:55 ordi kernel: BIOS-e820: [mem 0x0000000088000000-0x00000000880fffff] reserved </p><p>oct. 20 20:52:55 ordi kernel: BIOS-e820: [mem 0x00000000e0000000-0x00000000efffffff] reserved </p><p>oct. 20 20:52:55 ordi kernel: BIOS-e820: [mem 0x00000000fe000000-0x00000000fe010fff] reserved </p><p>oct. 20 20:52:55 ordi kernel: BIOS-e820: [mem 0x00000000fec00000-0x00000000fec00fff] reserved </p><p>oct. 20 20:52:55 ordi kernel: BIOS-e820: [mem 0x00000000fee00000-0x00000000fee00fff] reserved </p><p>oct. 20 20:52:55 ordi kernel: BIOS-e820: [mem 0x00000000ff000000-0x00000000ffffffff] reserved </p><p>oct. 20 20:52:55 ordi kernel: BIOS-e820: [mem 0x0000000100000000-0x0000000271ffffff] usable </p><p>oct. 20 20:52:55 ordi kernel: NX (Execute Disable) protection: active </p><p>oct. 20 20:52:55 ordi kernel: APIC: Static calls initialized </p><p>oct. 20 20:52:55 ordi kernel: <span style="color:#8a8a8a;">e820: update [mem 0x7ed2d018-0x7ed3d057] usable ==&gt; usable</span> </p><p>oct. 20 20:52:55 ordi kernel: <span style="color:#8a8a8a;">e820: update [mem 0x7ed1f018-0x7ed2c857] usable ==&gt; usable</span> </p><p>oct. 20 20:52:55 ordi kernel: extended physical RAM map: </p><p>oct. 20 20:52:55 ordi kernel: reserve setup_data: [mem 0x0000000000000000-0x0000000000057fff] usable </p><p>oct. 20 20:52:55 ordi kernel: reserve setup_data: [mem 0x0000000000058000-0x0000000000058fff] reserved </p><p>oct. 20 20:52:55 ordi kernel: reserve setup_data: [mem 0x0000000000059000-0x000000000009dfff] usable </p><p>oct. 20 20:52:55 ordi kernel: reserve setup_data: [mem 0x000000000009e000-0x000000000009ffff] reserved </p><p>oct. 20 20:52:55 ordi kernel: reserve setup_data: [mem 0x0000000000100000-0x000000007ed1f017] usable </p><p>oct. 20 20:52:55 ordi kernel: reserve setup_data: [mem 0x000000007ed1f018-0x000000007ed2c857] usable </p><p>oct. 20 20:52:55 ordi kernel: reserve setup_data: [mem 0x000000007ed2c858-0x000000007ed2d017] usable </p><p>oct. 20 20:52:55 ordi kernel: reserve setup_data: [mem 0x000000007ed2d018-0x000000007ed3d057] usable </p><p>oct. 20 20:52:55 ordi kernel: reserve setup_data: [mem 0x000000007ed3d058-0x00000000830f7fff] usable </p><p>oct. 20 20:52:55 ordi kernel: reserve setup_data: [mem 0x00000000830f8000-0x00000000830f8fff] ACPI NVS </p><p>oct. 20 20:52:55 ordi kernel: reserve setup_data: [mem 0x00000000830f9000-0x0000000083122fff] reserved </p><p>oct. 20 20:52:55 ordi kernel: reserve setup_data: [mem 0x0000000083123000-0x0000000086a46fff] usable </p><p>oct. 20 20:52:55 ordi kernel: reserve setup_data: [mem 0x0000000086a47000-0x000000008738dfff] reserved </p><p>oct. 20 20:52:55 ordi kernel: reserve setup_data: [mem 0x000000008738e000-0x00000000873b8fff] ACPI data </p><p>oct. 20 20:52:55 ordi kernel: reserve setup_data: [mem 0x00000000873b9000-0x0000000087b97fff] ACPI NVS </p><p>oct. 20 20:52:55 ordi kernel: reserve setup_data: [mem 0x0000000087b98000-0x0000000087ffdfff] reserved </p><p>oct. 20 20:52:55 ordi kernel: reserve setup_data: [mem 0x0000000087ffe000-0x0000000087ffefff] usable </p><p>oct. 20 20:52:55 ordi kernel: reserve setup_data: [mem 0x0000000088000000-0x00000000880fffff] reserved </p><p>oct. 20 20:52:55 ordi kernel: reserve setup_data: [mem 0x00000000e0000000-0x00000000efffffff] reserved </p><p>oct. 20 20:52:55 ordi kernel: reserve setup_data: [mem 0x00000000fe000000-0x00000000fe010fff] reserved </p><p>oct. 20 20:52:55 ordi kernel: reserve setup_data: [mem 0x00000000fec00000-0x00000000fec00fff] reserved </p><p>oct. 20 20:52:55 ordi kernel: reserve setup_data: [mem 0x00000000fee00000-0x00000000fee00fff] reserved </p><p>oct. 20 20:52:55 ordi kernel: reserve setup_data: [mem 0x00000000ff000000-0x00000000ffffffff] reserved </p><p>oct. 20 20:52:55 ordi kernel: reserve setup_data: [mem 0x0000000100000000-0x0000000271ffffff] usable </p><p>oct. 20 20:52:55 ordi kernel: efi: EFI v2.4 by American Megatrends </p><p>oct. 20 20:52:55 ordi kernel: efi: ESRT=0x87edaf98 ACPI=0x87396000 ACPI 2.0=0x87396000 SMBIOS=0x87ed9000 SMBIOS 3.0=0x87ed8000 INITRD=0x83595e18 TPMEventLog=0x87393018  </p><p>oct. 20 20:52:55 ordi kernel: TPM Final Events table not present </p><p>oct. 20 20:52:55 ordi kernel: efi: Remove mem33: MMIO range=[0xe0000000-0xefffffff] (256MB) from e820 map </p><p>oct. 20 20:52:55 ordi kernel: <span style="color:#8a8a8a;">e820: remove [mem 0xe0000000-0xefffffff] reserved</span> </p><p>oct. 20 20:52:55 ordi kernel: efi: Not removing mem34: MMIO range=[0xfe000000-0xfe010fff] (68KB) from e820 map </p><p>oct. 20 20:52:55 ordi kernel: efi: Not removing mem35: MMIO range=[0xfec00000-0xfec00fff] (4KB) from e820 map </p><p>oct. 20 20:52:55 ordi kernel: efi: Not removing mem36: MMIO range=[0xfee00000-0xfee00fff] (4KB) from e820 map </p><p>oct. 20 20:52:55 ordi kernel: efi: Remove mem37: MMIO range=[0xff000000-0xffffffff] (16MB) from e820 map </p><p>oct. 20 20:52:55 ordi kernel: <span style="color:#8a8a8a;">e820: remove [mem 0xff000000-0xffffffff] reserved</span> </p><p>oct. 20 20:52:55 ordi kernel: SMBIOS 3.0.0 present. </p><p>oct. 20 20:52:55 ordi kernel: DMI: Wortmann_AG TERRA_MOBILE_1749S/W670RZQ1, BIOS 1.05.09 05/27/2016 </p><p>oct. 20 20:52:55 ordi kernel: DMI: Memory slots populated: 1/2 </p><p>oct. 20 20:52:55 ordi kernel: tsc: Detected 2300.000 MHz processor </p><p>oct. 20 00:15:06 ordi systemd-sleep[2478]: Performing sleep operation &#39;suspend&#39;... </p><p>oct. 20 00:15:06 ordi kernel: PM: suspend entry (deep) </p><p>oct. 20 00:15:06 ordi wpa_supplicant[540]: <strong>wlp3s0: CTRL-EVENT-DSCP-POLICY clear_all</strong> </p><p>oct. 20 00:15:06 ordi wpa_supplicant[540]: <strong>nl80211: deinit ifname=wlp3s0 disabled_11b_rates=0</strong> </p><p>oct. 20 00:15:06 ordi kernel: Filesystems sync: 0.021 seconds </p><p>oct. 20 20:51:10 ordi kernel: Freezing user space processes </p><p>oct. 20 20:51:10 ordi kernel: Freezing user space processes completed (elapsed 0.001 seconds) </p><p>oct. 20 20:51:10 ordi kernel: OOM killer disabled. </p><p>oct. 20 20:51:10 ordi kernel: Freezing remaining freezable tasks </p><p>oct. 20 20:51:10 ordi kernel: Freezing remaining freezable tasks completed (elapsed 0.001 seconds) </p><p>oct. 20 20:51:10 ordi kernel: printk: Suspending console(s) (use no_console_suspend to debug) </p><p>oct. 20 20:51:10 ordi kernel: <strong>sd 0:0:0:0: [sda] Synchronizing SCSI cache</strong> </p><p>oct. 20 20:51:10 ordi kernel: <strong>ata1.00: Entering standby power mode</strong> </p><p>oct. 20 20:51:10 ordi kernel: ACPI: EC: interrupt blocked </p><p>oct. 20 20:51:10 ordi kernel: ACPI: PM: Preparing to enter system sleep state S3 </p><p>oct. 20 20:51:10 ordi kernel: ACPI: EC: event blocked </p><p>oct. 20 20:51:10 ordi kernel: ACPI: EC: EC stopped </p><p>oct. 20 20:51:10 ordi kernel: ACPI: PM: Saving platform NVS memory </p><p>oct. 20 20:51:10 ordi kernel: Disabling non-boot CPUs ... </p><p>oct. 20 20:51:10 ordi kernel: smpboot: CPU 1 is now offline </p><p>oct. 20 20:51:10 ordi kernel: smpboot: CPU 2 is now offline </p><p>oct. 20 20:51:10 ordi kernel: smpboot: CPU 3 is now offline </p><p>oct. 20 20:51:10 ordi kernel: ACPI: PM: Low-level resume complete </p><p>oct. 20 20:51:10 ordi kernel: ACPI: EC: EC started </p><p>oct. 20 20:51:10 ordi kernel: ACPI: PM: Restoring platform NVS memory </p><p>oct. 20 20:51:10 ordi kernel: Enabling non-boot CPUs ... </p><p>oct. 20 20:51:10 ordi kernel: smpboot: Booting Node 0 Processor 1 APIC 0x2 </p><p>oct. 20 20:51:10 ordi kernel: CPU1 is up </p><p>oct. 20 20:51:10 ordi kernel: smpboot: Booting Node 0 Processor 2 APIC 0x4 </p><p>oct. 20 20:51:10 ordi kernel: CPU2 is up </p><p>oct. 20 20:51:10 ordi kernel: smpboot: Booting Node 0 Processor 3 APIC 0x6 </p><p>oct. 20 20:51:10 ordi kernel: CPU3 is up </p><p>oct. 20 20:51:10 ordi kernel: ACPI: PM: Waking up from system sleep state S3 </p><p>oct. 20 20:51:10 ordi kernel: ACPI: EC: interrupt unblocked </p><p>oct. 20 20:51:10 ordi kernel: ACPI: EC: event unblocked </p><p>oct. 20 20:51:10 ordi kernel: <strong>i915 0000:00:02.0: [drm] [ENCODER:98:DDI A/PHY A] is disabled/in DSI mode with an ungated DDI clock, gate it</strong> </p><p>oct. 20 20:51:10 ordi kernel: <strong>i915 0000:00:02.0: [drm] [ENCODER:106:DDI B/PHY B] is disabled/in DSI mode with an ungated DDI clock, gate it</strong> </p><p>oct. 20 20:51:10 ordi kernel: <strong>i915 0000:00:02.0: [drm] [ENCODER:116:DDI C/PHY C] is disabled/in DSI mode with an ungated DDI clock, gate it</strong> </p><p>oct. 20 20:51:10 ordi kernel: <strong><span style="color:#d7d75f;">iwlwifi 0000:03:00.0: RF_KILL bit toggled to enable radio.</span></strong> </p><p>oct. 20 20:51:10 ordi kernel: <strong><span style="color:#d7d75f;">i8042: failed to resume active multiplexor, mouse won&#39;t work</span></strong> </p><p>oct. 20 20:51:10 ordi kernel: iwlwifi 0000:03:00.0: Applying debug destination EXTERNAL_DRAM </p><p>oct. 20 20:51:10 ordi kernel: iwlwifi 0000:03:00.0: Applying debug destination EXTERNAL_DRAM </p><p>oct. 20 20:51:10 ordi kernel: iwlwifi 0000:03:00.0: FW already configured (0) - re-configuring </p><p>oct. 20 20:51:10 ordi kernel: usb 1-3: reset full-speed USB device number 3 using xhci_hcd </p><p>oct. 20 20:51:10 ordi kernel: ata3: SATA link down (SStatus 4 SControl 300) </p><p>oct. 20 20:51:10 ordi kernel: ata1: SATA link up 6.0 Gbps (SStatus 133 SControl 300) </p><p>oct. 20 20:51:10 ordi kernel: ata4: SATA link up 1.5 Gbps (SStatus 113 SControl 300) </p><p>oct. 20 20:51:10 ordi kernel: <strong>sd 0:0:0:0: [sda] Starting disk</strong> </p><p>oct. 20 20:51:10 ordi kernel: ata1.00: configured for UDMA/133 </p><p>oct. 20 20:51:10 ordi kernel: ata4.00: configured for UDMA/133 </p><p>oct. 20 20:51:10 ordi kernel: ahci 0000:00:17.0: port does not support device sleep </p><p>oct. 20 20:51:10 ordi kernel: usb 1-2: reset high-speed USB device number 2 using xhci_hcd </p><p>oct. 20 20:51:10 ordi kernel: OOM killer enabled. </p><p>oct. 20 20:51:10 ordi kernel: Restarting tasks ... done. </p><p>oct. 20 20:51:10 ordi kernel: <strong>random: crng reseeded on system resumption</strong> </p><p>oct. 20 20:51:10 ordi kernel: PM: suspend exit </p><p>oct. 20 20:51:10 ordi bluetoothd[481]: Endpoint unregistered: sender=:1.39 path=/MediaEndpoint/A2DPSource/ldac </p><p>oct. 20 20:51:10 ordi systemd-sleep[2478]: System returned from sleep operation &#39;suspend&#39;. </p><p>oct. 20 20:51:10 ordi bluetoothd[481]: Endpoint unregistered: sender=:1.39 path=/MediaEndpoint/A2DPSink/aptx_hd </p><p>oct. 20 20:51:10 ordi systemd-sleep[2478]: Successfully thawed unit &#39;user.slice&#39;. </p><p>oct. 20 20:51:10 ordi bluetoothd[481]: Endpoint unregistered: sender=:1.39 path=/MediaEndpoint/A2DPSource/aptx_hd </p><p>oct. 20 20:51:10 ordi bluetoothd[481]: Endpoint unregistered: sender=:1.39 path=/MediaEndpoint/A2DPSink/aptx </p><p>oct. 20 20:51:10 ordi bluetoothd[481]: Endpoint unregistered: sender=:1.39 path=/MediaEndpoint/A2DPSource/aptx </p><p>oct. 20 20:51:10 ordi bluetoothd[481]: Endpoint unregistered: sender=:1.39 path=/MediaEndpoint/A2DPSink/aac </p><p>oct. 20 20:51:10 ordi bluetoothd[481]: Endpoint unregistered: sender=:1.39 path=/MediaEndpoint/A2DPSource/aac </p><p>oct. 20 20:51:10 ordi bluetoothd[481]: Endpoint unregistered: sender=:1.39 path=/MediaEndpoint/A2DPSink/opus_g </p><p>oct. 20 20:51:10 ordi bluetoothd[481]: Endpoint unregistered: sender=:1.39 path=/MediaEndpoint/A2DPSource/opus_g </p><p>oct. 20 20:51:10 ordi bluetoothd[481]: Endpoint unregistered: sender=:1.39 path=/MediaEndpoint/A2DPSink/sbc </p><p>oct. 20 20:51:10 ordi bluetoothd[481]: Endpoint unregistered: sender=:1.39 path=/MediaEndpoint/A2DPSource/sbc </p><p>oct. 20 20:51:10 ordi bluetoothd[481]: Endpoint unregistered: sender=:1.39 path=/MediaEndpoint/A2DPSource/aptx_ll_1 </p><p>oct. 20 20:51:10 ordi bluetoothd[481]: Endpoint unregistered: sender=:1.39 path=/MediaEndpoint/A2DPSource/aptx_ll_0 </p><p>oct. 20 20:51:10 ordi bluetoothd[481]: Endpoint unregistered: sender=:1.39 path=/MediaEndpoint/A2DPSource/aptx_ll_duplex_1 </p><p>oct. 20 20:51:10 ordi bluetoothd[481]: Endpoint unregistered: sender=:1.39 path=/MediaEndpoint/A2DPSource/aptx_ll_duplex_0 </p><p>oct. 20 20:51:10 ordi bluetoothd[481]: Endpoint unregistered: sender=:1.39 path=/MediaEndpoint/A2DPSource/faststream </p><p>oct. 20 20:51:10 ordi bluetoothd[481]: Endpoint unregistered: sender=:1.39 path=/MediaEndpoint/A2DPSource/faststream_duplex </p><p>oct. 20 20:51:10 ordi bluetoothd[481]: Endpoint unregistered: sender=:1.39 path=/MediaEndpoint/A2DPSink/opus_05 </p><p>oct. 20 20:51:10 ordi bluetoothd[481]: Endpoint unregistered: sender=:1.39 path=/MediaEndpoint/A2DPSource/opus_05 </p><p>oct. 20 20:51:10 ordi bluetoothd[481]: Endpoint unregistered: sender=:1.39 path=/MediaEndpoint/A2DPSink/opus_05_duplex </p><p>oct. 20 20:51:10 ordi bluetoothd[481]: Endpoint unregistered: sender=:1.39 path=/MediaEndpoint/A2DPSource/opus_05_duplex </p><p>oct. 20 20:51:10 ordi dbus-broker[478]: <strong><span style="color:#d7d75f;">A security policy denied :1.4 to send method call /midi/profile:org.bluez.GattProfile1.Release to :1.40.</span></strong> </p><p>oct. 20 20:51:10 ordi bluetoothd[481]: Battery Provider Manager destroyed </p><p>oct. 20 20:51:10 ordi systemd[1]: systemd-suspend.service: Deactivated successfully. </p><p>oct. 20 20:51:10 ordi systemd[1]: Finished System Suspend. </p><p>oct. 20 20:51:10 ordi systemd[1]: Stopped target Sleep. </p><p>oct. 20 20:51:10 ordi systemd[1]: Reached target Suspend. </p><p>oct. 20 20:51:10 ordi kernel: Bluetooth: hci0: Legacy ROM 2.5 revision 1.0 build 3 week 17 2014 </p><p>oct. 20 20:51:10 ordi kernel: Bluetooth: hci0: Intel Bluetooth firmware file: intel/ibt-hw-37.8.10-fw-1.10.3.11.e.bseq </p><p>oct. 20 20:51:10 ordi ModemManager[524]: <strong>&lt;msg&gt; [sleep-monitor-systemd] system is resuming</strong> </p><p>oct. 20 20:51:10 ordi systemd-logind[483]: Operation &#39;suspend&#39; finished. </p><p>oct. 20 20:51:10 ordi systemd[1]: Starting Load/Save RF Kill Switch Status... </p><p>oct. 20 20:51:10 ordi systemd[1]: Stopped target Suspend. </p><p>oct. 20 20:51:10 ordi NetworkManager[479]: &lt;info&gt;  [1729450270.7011] manager: sleep: wake requested (sleeping: yes  enabled: yes) </p><p>oct. 20 20:51:10 ordi NetworkManager[479]: &lt;info&gt;  [1729450270.7012] device (enp2s0f1): state change: unmanaged -&gt; unavailable (reason &#39;managed&#39;, sys-iface-state: &#39;external&#39;) </p><p>oct. 20 20:51:10 ordi kdeconnectd[1267]: <strong><span style="color:#d7d75f;">2024-10-20T20:51:10 kdeconnect.core: No local bluetooth adapter found</span></strong> </p><p>oct. 20 20:51:10 ordi kdeconnectd[1267]: <strong><span style="color:#d7d75f;">2024-10-20T20:51:10 default: Error sending UDP packet: QAbstractSocket::NetworkError</span></strong> </p><p>oct. 20 20:51:10 ordi kernel: Generic FE-GE Realtek PHY r8169-0-201:00: attached PHY driver (mii_bus:phy_addr=r8169-0-201:00, irq=MAC) </p><p>oct. 20 20:51:10 ordi systemd[876]: Stopped target Bluetooth. </p><p>oct. 20 20:51:10 ordi systemd[1]: Stopped target Bluetooth Support. </p><p>oct. 20 20:51:10 ordi systemd[876]: Reached target Bluetooth. </p><p>oct. 20 20:51:10 ordi systemd[1]: Started Load/Save RF Kill Switch Status. </p><p>oct. 20 20:51:10 ordi systemd[1]: Reached target Bluetooth Support. </p><p>oct. 20 20:51:10 ordi NetworkManager[479]: &lt;info&gt;  [1729450270.8920] device (wlp3s0): state change: unmanaged -&gt; unavailable (reason &#39;managed&#39;, sys-iface-state: &#39;external&#39;) </p><p>oct. 20 20:51:10 ordi kdeconnectd[1267]: <strong><span style="color:#d7d75f;">2024-10-20T20:51:10 kdeconnect.core: Failed to open any MDNS client sockets</span></strong> </p><p>oct. 20 20:51:10 ordi kernel: r8169 0000:02:00.1 enp2s0f1: Link is Down </p><p>oct. 20 20:51:10 ordi NetworkManager[479]: &lt;info&gt;  [1729450270.9210] device (wlp3s0): set-hw-addr: set MAC address to 16:97:8C:78:97:27 (scanning) </p><p>oct. 20 20:51:10 ordi kernel: iwlwifi 0000:03:00.0: Applying debug destination EXTERNAL_DRAM </p><p>oct. 20 20:51:10 ordi kernel: Bluetooth: hci0: Intel BT fw patch 0x32 completed &amp; activated </p><p>oct. 20 20:51:11 ordi kernel: iwlwifi 0000:03:00.0: Applying debug destination EXTERNAL_DRAM </p><p>oct. 20 20:51:11 ordi kernel: iwlwifi 0000:03:00.0: FW already configured (0) - re-configuring </p><p>oct. 20 20:51:11 ordi NetworkManager[479]: &lt;info&gt;  [1729450271.0243] device (p2p-dev-wlp3s0): state change: unmanaged -&gt; unavailable (reason &#39;managed&#39;, sys-iface-state: &#39;ext&gt; </p><p>oct. 20 20:51:11 ordi NetworkManager[479]: &lt;info&gt;  [1729450271.0248] manager: NetworkManager state is now CONNECTED_LOCAL </p><p>oct. 20 20:51:11 ordi bluetoothd[481]: Battery Provider Manager created </p><p>oct. 20 20:51:11 ordi kernel: Bluetooth: MGMT ver 1.22 </p><p>oct. 20 20:51:11 ordi bluetoothd[481]: <strong><span style="color:#ff5454;">Failed to set mode: Failed (0x03)</span></strong> </p><p>oct. 20 20:51:11 ordi bluetoothd[481]: Endpoint registered: sender=:1.39 path=/MediaEndpoint/A2DPSource/ldac </p><p>oct. 20 20:51:11 ordi bluetoothd[481]: Endpoint registered: sender=:1.39 path=/MediaEndpoint/A2DPSink/aptx_hd </p><p>oct. 20 20:51:11 ordi bluetoothd[481]: Endpoint registered: sender=:1.39 path=/MediaEndpoint/A2DPSource/aptx_hd </p><p>oct. 20 20:51:11 ordi bluetoothd[481]: Endpoint registered: sender=:1.39 path=/MediaEndpoint/A2DPSink/aptx </p><p>oct. 20 20:51:11 ordi bluetoothd[481]: Endpoint registered: sender=:1.39 path=/MediaEndpoint/A2DPSource/aptx </p><p>oct. 20 20:51:11 ordi bluetoothd[481]: Endpoint registered: sender=:1.39 path=/MediaEndpoint/A2DPSink/aac </p><p>oct. 20 20:51:11 ordi bluetoothd[481]: Endpoint registered: sender=:1.39 path=/MediaEndpoint/A2DPSource/aac </p><p>oct. 20 20:51:11 ordi bluetoothd[481]: Endpoint registered: sender=:1.39 path=/MediaEndpoint/A2DPSink/opus_g </p><p>oct. 20 20:51:11 ordi bluetoothd[481]: Endpoint registered: sender=:1.39 path=/MediaEndpoint/A2DPSource/opus_g </p><p>oct. 20 20:51:11 ordi bluetoothd[481]: Endpoint registered: sender=:1.39 path=/MediaEndpoint/A2DPSink/sbc </p><p>oct. 20 20:51:11 ordi bluetoothd[481]: Endpoint registered: sender=:1.39 path=/MediaEndpoint/A2DPSource/sbc </p><p>oct. 20 20:51:11 ordi bluetoothd[481]: Endpoint registered: sender=:1.39 path=/MediaEndpoint/A2DPSource/aptx_ll_1 </p><p>oct. 20 20:51:11 ordi bluetoothd[481]: Endpoint registered: sender=:1.39 path=/MediaEndpoint/A2DPSource/aptx_ll_0 </p><p>oct. 20 20:51:11 ordi NetworkManager[479]: &lt;info&gt;  [1729450271.0966] device (wlp3s0): supplicant interface state: internal-starting -&gt; disconnected </p><p>oct. 20 20:51:11 ordi bluetoothd[481]: Endpoint registered: sender=:1.39 path=/MediaEndpoint/A2DPSource/aptx_ll_duplex_1 </p><p>oct. 20 20:51:11 ordi NetworkManager[479]: &lt;info&gt;  [1729450271.0981] device (p2p-dev-wlp3s0): state change: unavailable -&gt; unmanaged (reason &#39;unmanaged-link-not-init&#39;, sys-i&gt; </p><p>oct. 20 20:51:11 ordi bluetoothd[481]: Endpoint registered: sender=:1.39 path=/MediaEndpoint/A2DPSource/aptx_ll_duplex_0 </p><p>oct. 20 20:51:11 ordi NetworkManager[479]: &lt;info&gt;  [1729450271.0999] Wi-Fi P2P device controlled by interface wlp3s0 created </p><p>oct. 20 20:51:11 ordi bluetoothd[481]: Endpoint registered: sender=:1.39 path=/MediaEndpoint/A2DPSource/faststream </p><p>oct. 20 20:51:11 ordi NetworkManager[479]: &lt;info&gt;  [1729450271.1006] manager: (p2p-dev-wlp3s0): new 802.11 Wi-Fi P2P device (/org/freedesktop/NetworkManager/Devices/8) </p><p>oct. 20 20:51:11 ordi bluetoothd[481]: Endpoint registered: sender=:1.39 path=/MediaEndpoint/A2DPSource/faststream_duplex </p><p>oct. 20 20:51:11 ordi bluetoothd[481]: Endpoint registered: sender=:1.39 path=/MediaEndpoint/A2DPSink/opus_05 </p><p>oct. 20 20:51:11 ordi bluetoothd[481]: Endpoint registered: sender=:1.39 path=/MediaEndpoint/A2DPSource/opus_05 </p><p>oct. 20 20:51:11 ordi NetworkManager[479]: &lt;info&gt;  [1729450271.1030] device (p2p-dev-wlp3s0): state change: unmanaged -&gt; unavailable (reason &#39;managed&#39;, sys-iface-state: &#39;ext&gt; </p><p>oct. 20 20:51:11 ordi bluetoothd[481]: Endpoint registered: sender=:1.39 path=/MediaEndpoint/A2DPSink/opus_05_duplex </p><p>oct. 20 20:51:11 ordi bluetoothd[481]: Endpoint registered: sender=:1.39 path=/MediaEndpoint/A2DPSource/opus_05_duplex </p><p>oct. 20 20:51:11 ordi NetworkManager[479]: &lt;info&gt;  [1729450271.1117] device (wlp3s0): state change: unavailable -&gt; disconnected (reason &#39;supplicant-available&#39;, sys-iface-sta&gt; </p><p>oct. 20 20:51:11 ordi NetworkManager[479]: &lt;info&gt;  [1729450271.1127] device (p2p-dev-wlp3s0): state change: unavailable -&gt; disconnected (reason &#39;none&#39;, sys-iface-state: &#39;man&gt; </p><p>oct. 20 20:51:11 ordi systemd[1]: Started dbus-:1.2-org.kde.powerdevil.backlighthelper@4.service. </p><p>oct. 20 20:51:11 ordi org_kde_powerdevil[1094]: <strong><span style="color:#d7d75f;">Sleep event. connector=card1-eDP-1, dref not set</span></strong> </p><p>oct. 20 20:51:12 ordi bluetoothd[481]: <strong><span style="color:#ff5454;">Failed to set mode: Failed (0x03)</span></strong> </p><p>oct. 20 20:51:12 ordi kded6[988]: <strong><span style="color:#d7d75f;">kf.bluezqt: PendingCall Error: &quot;Failed&quot;</span></strong> </p><p>oct. 20 20:51:13 ordi org_kde_powerdevil[1094]: <strong>Emitting DDCA_Display_Status_Event( 76803.402:  DDCA_EVENT_DPMS_AWAKE, card1-eDP-1, dref: Display_Ref[NULL], io_path:/dev/i2c</strong>&gt; </p><p>oct. 20 20:51:13 ordi org_kde_powerdevil[1094]: <strong>Executed 1 registered callbacks.</strong> </p><p>oct. 20 20:51:14 ordi wpa_supplicant[540]: <strong>wlp3s0: CTRL-EVENT-REGDOM-CHANGE init=DRIVER type=COUNTRY alpha2=FR</strong> </p><p>oct. 20 20:51:14 ordi wpa_supplicant[540]: <strong>wlp3s0: CTRL-EVENT-REGDOM-CHANGE init=DRIVER type=COUNTRY alpha2=FR</strong> </p><p>oct. 20 20:51:14 ordi NetworkManager[479]: &lt;info&gt;  [1729450274.5236] policy: auto-activating connection &#39;Binder-f5d0&#39; (75d53a67-5cd8-48b1-b77c-97521ca693b3) </p><p>oct. 20 20:51:14 ordi NetworkManager[479]: &lt;info&gt;  [1729450274.5247] device (wlp3s0): Activation: starting connection &#39;Binder-f5d0&#39; (75d53a67-5cd8-48b1-b77c-97521ca693b3) </p><p>oct. 20 20:51:14 ordi NetworkManager[479]: &lt;info&gt;  [1729450274.5249] device (wlp3s0): state change: disconnected -&gt; prepare (reason &#39;none&#39;, sys-iface-state: &#39;managed&#39;) </p><p>oct. 20 20:51:14 ordi NetworkManager[479]: &lt;info&gt;  [1729450274.5254] manager: NetworkManager state is now CONNECTING </p><p>oct. 20 20:51:14 ordi NetworkManager[479]: &lt;info&gt;  [1729450274.5435] device (wlp3s0): set-hw-addr: reset MAC address to CC:2F:71:54:47:8C (preserve) </p><p>oct. 20 20:51:14 ordi NetworkManager[479]: &lt;info&gt;  [1729450274.5465] device (wlp3s0): state change: prepare -&gt; config (reason &#39;none&#39;, sys-iface-state: &#39;managed&#39;) </p><p>oct. 20 20:51:14 ordi NetworkManager[479]: &lt;info&gt;  [1729450274.5470] device (wlp3s0): Activation: (wifi) access point &#39;Binder-f5d0&#39; has security, but secrets are required. </p><p>oct. 20 20:51:14 ordi NetworkManager[479]: &lt;info&gt;  [1729450274.5471] device (wlp3s0): state change: config -&gt; need-auth (reason &#39;none&#39;, sys-iface-state: &#39;managed&#39;) </p><p>oct. 20 20:51:14 ordi NetworkManager[479]: &lt;info&gt;  [1729450274.5474] sup-iface[fdc76a37154981d6,2,wlp3s0]: wps: type pbc start... </p><p>oct. 20 20:51:14 ordi NetworkManager[479]: &lt;info&gt;  [1729450274.5495] device (wlp3s0): supplicant interface state: disconnected -&gt; inactive </p><p>oct. 20 20:51:14 ordi NetworkManager[479]: &lt;info&gt;  [1729450274.5496] device (p2p-dev-wlp3s0): supplicant management interface state: disconnected -&gt; inactive </p><p>oct. 20 20:51:14 ordi wpa_supplicant[540]: <strong>wlp3s0: WPS-PBC-ACTIVE</strong> </p><p>oct. 20 20:51:14 ordi NetworkManager[479]: &lt;info&gt;  [1729450274.5573] device (wlp3s0): supplicant interface state: inactive -&gt; scanning </p><p>oct. 20 20:51:14 ordi NetworkManager[479]: &lt;info&gt;  [1729450274.5574] device (p2p-dev-wlp3s0): supplicant management interface state: inactive -&gt; scanning </p><p>oct. 20 20:51:14 ordi NetworkManager[479]: &lt;info&gt;  [1729450274.6287] device (wlp3s0): state change: need-auth -&gt; prepare (reason &#39;none&#39;, sys-iface-state: &#39;managed&#39;) </p><p>oct. 20 20:51:14 ordi kded6[988]: <strong><span style="color:#d7d75f;">kf.networkmanagerqt: void NetworkManager::ConnectionPrivate::onPropertiesChanged(const QVariantMap&amp;) Unhandled property &quot;VersionId&quot;</span></strong> </p><p>oct. 20 20:51:14 ordi plasmashell[1030]: <strong><span style="color:#d7d75f;">kf.networkmanagerqt: void NetworkManager::ConnectionPrivate::onPropertiesChanged(const QVariantMap&amp;) Unhandled property &quot;VersionId&quot;</span></strong> </p><p>oct. 20 20:51:14 ordi NetworkManager[479]: &lt;info&gt;  [1729450274.6294] device (wlp3s0): state change: prepare -&gt; config (reason &#39;none&#39;, sys-iface-state: &#39;managed&#39;) </p><p>oct. 20 20:51:14 ordi NetworkManager[479]: &lt;info&gt;  [1729450274.6299] device (wlp3s0): Activation: (wifi) connection &#39;Binder-f5d0&#39; has security, and secrets exist.  No new se&gt; </p><p>oct. 20 20:51:14 ordi NetworkManager[479]: &lt;info&gt;  [1729450274.6300] Config: added &#39;ssid&#39; value &#39;Binder-f5d0&#39; </p><p>oct. 20 20:51:14 ordi NetworkManager[479]: &lt;info&gt;  [1729450274.6300] Config: added &#39;scan_ssid&#39; value &#39;1&#39; </p><p>oct. 20 20:51:14 ordi NetworkManager[479]: &lt;info&gt;  [1729450274.6300] Config: added &#39;bgscan&#39; value &#39;simple:30:-70:86400&#39; </p><p>oct. 20 20:51:14 ordi NetworkManager[479]: &lt;info&gt;  [1729450274.6301] Config: added &#39;key_mgmt&#39; value &#39;WPA-PSK WPA-PSK-SHA256 FT-PSK SAE FT-SAE&#39; </p><p>oct. 20 20:51:14 ordi NetworkManager[479]: &lt;info&gt;  [1729450274.6301] Config: added &#39;auth_alg&#39; value &#39;OPEN&#39; </p><p>oct. 20 20:51:14 ordi wpa_supplicant[540]: <strong>wlp3s0: WPS-CANCEL</strong> </p><p>oct. 20 20:51:14 ordi NetworkManager[479]: &lt;info&gt;  [1729450274.6301] Config: added &#39;psk&#39; value &#39;&lt;hidden&gt;&#39; </p><p>oct. 20 20:51:14 ordi wpa_supplicant[540]: <strong>wlp3s0: SME: Trying to authenticate with 6c:61:f4:34:6f:be (SSID=&#39;Binder-f5d0&#39; freq=2412 MHz)</strong> </p><p>oct. 20 20:51:14 ordi kernel: wlp3s0: authenticate with 6c:61:f4:34:6f:be (local address=cc:2f:71:54:47:8c) </p><p>oct. 20 20:51:14 ordi kernel: wlp3s0: send auth to 6c:61:f4:34:6f:be (try 1/3) </p><p>oct. 20 20:51:14 ordi wpa_supplicant[540]: <strong>wlp3s0: Trying to associate with 6c:61:f4:34:6f:be (SSID=&#39;Binder-f5d0&#39; freq=2412 MHz)</strong> </p><p>oct. 20 20:51:14 ordi NetworkManager[479]: &lt;info&gt;  [1729450274.6805] device (wlp3s0): supplicant interface state: scanning -&gt; authenticating </p><p>oct. 20 20:51:14 ordi NetworkManager[479]: &lt;info&gt;  [1729450274.6806] device (p2p-dev-wlp3s0): supplicant management interface state: scanning -&gt; authenticating </p><p>oct. 20 20:51:14 ordi kernel: wlp3s0: authenticated </p><p>oct. 20 20:51:14 ordi kernel: wlp3s0: associate with 6c:61:f4:34:6f:be (try 1/3) </p><p>oct. 20 20:51:14 ordi kernel: wlp3s0: RX AssocResp from 6c:61:f4:34:6f:be (capab=0x1411 status=0 aid=8) </p><p>oct. 20 20:51:14 ordi NetworkManager[479]: &lt;info&gt;  [1729450274.6877] device (wlp3s0): supplicant interface state: authenticating -&gt; associating </p><p>oct. 20 20:51:14 ordi NetworkManager[479]: &lt;info&gt;  [1729450274.6878] device (p2p-dev-wlp3s0): supplicant management interface state: authenticating -&gt; associating </p><p>oct. 20 20:51:14 ordi kernel: wlp3s0: associated </p><p>oct. 20 20:51:14 ordi wpa_supplicant[540]: <strong>wlp3s0: Associated with 6c:61:f4:34:6f:be</strong> </p><p>oct. 20 20:51:14 ordi wpa_supplicant[540]: <strong>wlp3s0: CTRL-EVENT-SUBNET-STATUS-UPDATE status=0</strong> </p><p>oct. 20 20:51:14 ordi NetworkManager[479]: &lt;info&gt;  [1729450274.7040] device (wlp3s0): supplicant interface state: associating -&gt; 4way_handshake </p><p>oct. 20 20:51:14 ordi NetworkManager[479]: &lt;info&gt;  [1729450274.7041] device (p2p-dev-wlp3s0): supplicant management interface state: associating -&gt; 4way_handshake </p><p>oct. 20 20:51:14 ordi wpa_supplicant[540]: <strong>wlp3s0: WPA: Key negotiation completed with 6c:61:f4:34:6f:be [PTK=CCMP GTK=TKIP]</strong> </p><p>oct. 20 20:51:14 ordi wpa_supplicant[540]: <strong>wlp3s0: CTRL-EVENT-CONNECTED - Connection to 6c:61:f4:34:6f:be completed [id=0 id_str=]</strong> </p><p>oct. 20 20:51:14 ordi NetworkManager[479]: &lt;info&gt;  [1729450274.7592] device (wlp3s0): supplicant interface state: 4way_handshake -&gt; completed </p><p>oct. 20 20:51:14 ordi NetworkManager[479]: &lt;info&gt;  [1729450274.7593] device (wlp3s0): Activation: (wifi) Stage 2 of 5 (Device Configure) successful. Connected to wireless ne&gt; </p><p>oct. 20 20:51:14 ordi NetworkManager[479]: &lt;info&gt;  [1729450274.7594] device (p2p-dev-wlp3s0): supplicant management interface state: 4way_handshake -&gt; completed </p><p>oct. 20 20:51:14 ordi NetworkManager[479]: &lt;info&gt;  [1729450274.7597] device (wlp3s0): state change: config -&gt; ip-config (reason &#39;none&#39;, sys-iface-state: &#39;managed&#39;) </p><p>oct. 20 20:51:14 ordi NetworkManager[479]: &lt;info&gt;  [1729450274.7620] dhcp4 (wlp3s0): activation: beginning transaction (timeout in 45 seconds) </p><p>oct. 20 20:51:14 ordi ModemManager[524]: <strong>&lt;msg&gt; [base-manager] couldn&#39;t check support for device &#39;/sys/devices/pci0000:00/0000:00:1c.4/0000:02:00.1&#39;: not supported by any plu</strong>&gt; </p><p>oct. 20 20:51:14 ordi ModemManager[524]: <strong>&lt;msg&gt; [base-manager] couldn&#39;t check support for device &#39;/sys/devices/pci0000:00/0000:00:1c.6/0000:03:00.0&#39;: not supported by any plu</strong>&gt; </p><p>oct. 20 20:51:14 ordi wpa_supplicant[540]: <strong>wlp3s0: CTRL-EVENT-SIGNAL-CHANGE above=1 signal=-55 noise=9999 txrate=0</strong> </p><p>oct. 20 20:51:14 ordi wpa_supplicant[540]: <strong>wlp3s0: CTRL-EVENT-SIGNAL-CHANGE above=0 signal=-55 noise=9999 txrate=0</strong> </p><p>oct. 20 20:51:15 ordi wpa_supplicant[540]: <strong>wlp3s0: CTRL-EVENT-SIGNAL-CHANGE above=1 signal=-54 noise=9999 txrate=0</strong> </p><p>oct. 20 20:51:15 ordi systemd[1]: systemd-rfkill.service: Deactivated successfully. </p><p>oct. 20 20:51:16 ordi NetworkManager[479]: &lt;info&gt;  [1729450276.7891] dhcp4 (wlp3s0): state changed new lease, address=192.168.1.72, acd pending </p><p>oct. 20 20:51:16 ordi NetworkManager[479]: &lt;info&gt;  [1729450276.9056] policy: set &#39;Binder-f5d0&#39; (wlp3s0) as default for IPv6 routing and DNS </p><p>oct. 20 20:51:16 ordi NetworkManager[479]: &lt;info&gt;  [1729450276.9416] dhcp4 (wlp3s0): state changed new lease, address=192.168.1.72 </p><p>oct. 20 20:51:16 ordi NetworkManager[479]: &lt;info&gt;  [1729450276.9427] policy: set &#39;Binder-f5d0&#39; (wlp3s0) as default for IPv4 routing and DNS </p><p>oct. 20 20:51:16 ordi NetworkManager[479]: &lt;info&gt;  [1729450276.9979] device (wlp3s0): state change: ip-config -&gt; ip-check (reason &#39;none&#39;, sys-iface-state: &#39;managed&#39;) </p><p>oct. 20 20:51:17 ordi NetworkManager[479]: &lt;info&gt;  [1729450277.0029] device (wlp3s0): state change: ip-check -&gt; secondaries (reason &#39;none&#39;, sys-iface-state: &#39;managed&#39;) </p><p>oct. 20 20:51:17 ordi NetworkManager[479]: &lt;info&gt;  [1729450277.0034] device (wlp3s0): state change: secondaries -&gt; activated (reason &#39;none&#39;, sys-iface-state: &#39;managed&#39;) </p><p>oct. 20 20:51:17 ordi NetworkManager[479]: &lt;info&gt;  [1729450277.0042] manager: NetworkManager state is now CONNECTED_SITE </p><p>oct. 20 20:51:17 ordi NetworkManager[479]: &lt;info&gt;  [1729450277.0055] device (wlp3s0): Activation: successful, device activated. </p><p>oct. 20 20:51:17 ordi NetworkManager[479]: &lt;info&gt;  [1729450277.0920] manager: NetworkManager state is now CONNECTED_GLOBAL </p><p>oct. 20 20:51:18 ordi systemd[1]: NetworkManager-dispatcher.service: Deactivated successfully. </p><p>oct. 20 20:51:18 ordi wpa_supplicant[540]: <strong>wlp3s0: CTRL-EVENT-SIGNAL-CHANGE above=1 signal=-48 noise=9999 txrate=0</strong> </p><p>oct. 20 20:51:19 ordi kded6[988]: <strong><span style="color:#d7d75f;">Touchpad detached</span></strong> </p><p>oct. 20 20:51:21 ordi systemd[1]: dbus-:1.2-org.kde.powerdevil.backlighthelper@4.service: Deactivated successfully. </p><p>oct. 20 20:51:42 ordi systemd-logind[483]: Power key pressed short. </p><p>oct. 20 20:51:42 ordi systemd[876]: Created slice Slice /app/dbus-:1.2-org.kde.LogoutPrompt. </p><p>oct. 20 20:51:42 ordi systemd[876]: Started dbus-:1.2-org.kde.LogoutPrompt@0.service. </p><p>oct. 20 20:52:03 ordi systemd-logind[483]: Power key pressed short. </p><p>oct. 20 20:52:21 ordi systemd-logind[483]: Power key pressed short. </p><p>oct. 20 20:52:22 ordi systemd-logind[483]: Power key pressed short. </p><p>oct. 20 20:52:22 ordi systemd-logind[483]: Power key pressed short. </p><p>oct. 20 20:52:23 ordi systemd-logind[483]: Power key pressed short. </p><p><strong>-- Boot 030b0c62099649939987df9b433155fc --</strong> </p><p>oct. 20 20:52:55 ordi kernel: <strong>Linux version 6.10.13-3-MANJARO (builduser@fv-az1246-770) (gcc (GCC) 14.2.1 20240910, GNU ld (GNU Binutils) 2.43.0) #1 SMP PREEMPT_DYNAMIC Tue </strong>&gt; </p><p>oct. 20 20:52:55 ordi kernel: Command line: BOOT_IMAGE=/@/boot/vmlinuz-6.10-x86_64 root=UUID=10256267-fbb1-4dbc-8727-5a025a2a1a49 rw rootflags=subvol=@ quiet splash resume=U&gt; </p><p>oct. 20 20:52:55 ordi kernel: BIOS-provided physical RAM map:</p><p> </p></div>
</body>
</html>
