<!doctype html>
<html>
<head>
  <meta http-equiv="content-type" content="text/html; charset=utf-8">
  <title>head incomplet</title>
  <meta name="generator" content="CherryTree">
  <link rel="stylesheet" href="res/styles4.css" type="text/css" />
</head>
<body>
<div class='page'><h1 class='title'>head incomplet</h1><br/><p>sudo dmesg -H | head -n 150</p><p>[Aug20 10:13] lowmem_reserve[]: 0 0 0 0 0</p><p>[  +0.000008] Node 0 DMA: 1*4kB (U) 2*8kB (UM) 3*16kB (U) 14*32kB (U) 0*64kB 0*128kB 0*256kB 0*512kB 0*1024kB 0*2048kB 0*4096kB = 516kB</p><p>[  +0.000027] Node 0 DMA32: 391*4kB (UM) 479*8kB (U) 272*16kB (UM) 122*32kB (U) 71*64kB (UM) 34*128kB (UM) 13*256kB (UM) 9*512kB (UM) 3*1024kB (M) 0*2048kB 0*4096kB = 33556kB</p><p>[  +0.000032] Node 0 Normal: 472*4kB (UM) 254*8kB (UM) 340*16kB (UM) 118*32kB (UM) 52*64kB (UM) 41*128kB (UM) 32*256kB (UM) 4*512kB (UM) 5*1024kB (U) 1*2048kB (U) 0*4096kB = 39120kB</p><p>[  +0.000045] Node 0 hugepages_total=0 hugepages_free=0 hugepages_surp=0 hugepages_size=1048576kB</p><p>[  +0.000003] Node 0 hugepages_total=0 hugepages_free=0 hugepages_surp=0 hugepages_size=2048kB</p><p>[  +0.000003] 13729 total pagecache pages</p><p>[  +0.000002] 89 pages in swap cache</p><p>[  +0.000003] Free swap  = 0kB</p><p>[  +0.000002] Total swap = 2989052kB</p><p>[  +0.000002] 1550405 pages RAM</p><p>[  +0.000002] 0 pages HighMem/MovableOnly</p><p>[  +0.000002] 55662 pages reserved</p><p>[  +0.000001] 0 pages cma reserved</p><p>[  +0.000002] 0 pages hwpoisoned</p><p>[  +0.000001] Tasks state (memory values in pages):</p><p>[  +0.000002] [  pid  ]   uid  tgid total_vm      rss rss_anon rss_file rss_shmem pgtables_bytes swapents oom_score_adj name</p><p>[  +0.000018] [    332]     0   332    12097      142       64       78         0   106496      192          -250 systemd-journal</p><p>[  +0.000007] [    349]     0   349     3568      105       32       73         0    73728      160             0 systemd-userdbd</p><p>[  +0.000007] [    377]     0   377     8493      735      192      543         0    86016      246         -1000 systemd-udevd</p><p>[  +0.000007] [    388]   979   388     4126       94       32       62         0    73728      224             0 systemd-network</p><p>[  +0.000008] [    531]   976   531     5382      174       96       78         0    86016      512             0 systemd-resolve</p><p>[  +0.000006] [    532]   975   532    22211      121        0      121         0    90112      192             0 systemd-timesyn</p><p>[  +0.000007] [    537]    81   537     1796      179       68      111         0    57344       96          -900 dbus-broker-lau</p><p>[  +0.000006] [    538]    81   538     1189      115        0      115         0    53248      160          -900 dbus-broker</p><p>[  +0.000006] [    540]     0   540     4223       83       32       51         0    49152        0             0 iwd</p><p>[  +0.000005] [    541]     0   541     3796      130        9      121         0    73728      256             0 systemd-logind</p><p>[  +0.000006] [    631]     0   631    76721      164        0      164         0   110592      224             0 lightdm</p><p>[  +0.000005] [    637]     0   637   312918     2468     2195      190        83   458752    12832             0 Xorg</p><p>[  +0.000006] [    691]     0   691    59149      156       32      124         0   118784      256             0 lightdm</p><p>[  +0.000007] [    718]  1000   718     4852      369      256      113         0    73728      288           100 systemd</p><p>[  +0.000006] [    720]  1000   720     5106      122        9      113         0    81920      416           100 (sd-pam)</p><p>[  +0.000006] [    727]  1000   727    25697      693      528      154        11    94208      696           200 pipewire</p><p>[  +0.000007] [    728]  1000   728   120114      663      544      119         0   163840      672           200 wireplumber</p><p>[  +0.000005] [    729]  1000   729    43709     2707     2558      120        29   110592      160           200 pipewire-pulse</p><p>[  +0.000007] [    730]  1000   730    37519     2182     2143       39         0   196608     7392             0 qtile</p><p>[  +0.000006] [    736]  1000   736     1702      139        0      139         0    57344       64           200 dbus-broker-lau</p><p>[  +0.000005] [    738]  1000   738     1024       95       32       63         0    49152        0           200 dbus-broker</p><p>[  +0.000006] [    800]  1000   800   320815      231       52      179         0   385024     8864             0 alacritty</p><p>[  +0.000006] [    814]  1000   814     1960      220       32      188         0    53248      128             0 bash</p><p>[  +0.000006] [    826]  1000   826     5534      176       64      112         0    86016     1408             0 vim</p><p>[  +0.000005] [    832]  1000   832  2954437    13143    12794      213       136  1986560    48735             0 firefox</p><p>[  +0.000006] [    902]  1000   902    94781      198      128       70         0   114688       96           200 at-spi-bus-laun</p><p>[  +0.000005] [    920]  1000   920    61942      150       32      107        11   212992     2144             0 Socket Process</p><p>[  +0.000006] [    933]  1000   933  4921883     5319     5073      136       110  1654784    38739           100 WebExtensions</p><p>[  +0.000007] [    962]  1000   962   640738     4511     4293      118       100   790528    16029           167 Privileged Cont</p><p>[  +0.000006] [   1054]  1000  1054   127560      378      295       83         0   389120     3264             0 Utility Process</p><p>[  +0.000006] [   1079]  1000  1079   628774      697      505      118        74   671744     8799           167 Isolated Web Co</p><p>[  +0.000006] [   1101]  1000  1101   643132      660      443       99       118   778240    16256           167 Isolated Web Co</p><p>[  +0.000006] [   1155]  1000  1155   653173     3714     3609       99         6  1052672    14285           167 Isolated Web Co</p><p>[  +0.000006] [   1177]  1000  1177   140001      428      276      106        46   421888     2784             0 RDD Process</p><p>[  +0.000006] [   1267]  1000  1267   676350     3200     3010       41       149  1413120    26736           167 Isolated Web Co</p><p>[  +0.000007] [   1301]  1000  1301   321558      747      492      255         0   397312     9472             0 alacritty</p><p>[  +0.000005] [   1315]  1000  1315     1994      275      128      147         0    57344      128             0 bash</p><p>[  +0.000006] [   1684]  1000  1684   302376      257       36      221         0   393216     9472             0 alacritty</p><p>[  +0.000005] [   1698]  1000  1698     1960      137       32      105         0    49152      128             0 bash</p><p>[  +0.000006] [   2954]  1000  2954   303400      253       22      231         0   401408    10912             0 alacritty</p><p>[  +0.000005] [   2967]  1000  2967     1960      123       32       91         0    49152      128             0 bash</p><p>[  +0.000005] [   2989]  1000  2989   503345      152       88       49        15   606208    10173             0 vlc</p><p>[  +0.000006] [   3229]  1000  3229   647887      490      211      152       127   905216    19136           167 Isolated Web Co</p><p>[  +0.000005] [   3286]  1000  3286   705342    31193    31007      163        23  1847296    29248           167 Isolated Web Co</p><p>[  +0.000006] [   3342]  1000  3342   636320      634      486       84        64   741376    13856           167 Isolated Web Co</p><p>[  +0.000005] [   3421]  1000  3421   303397      576      428      148         0   380928     8608             0 alacritty</p><p>[  +0.000005] [   3434]  1000  3434     1960      196       96      100         0    53248       96             0 bash</p><p>[  +0.000006] [   3791]  1000  3791   624461      745      604      113        28   614400     6368           167 Isolated Web Co</p><p>[  +0.000006] [   4831]  1000  4831   301871      303       79      224         0   376832     9312             0 alacritty</p><p>[  +0.000006] [   4844]  1000  4844     1960      139        0      139         0    57344      160             0 bash</p><p>[  +0.000005] [   4846]  1000  4846     1755       97        0       97         0    53248       64             0 ss</p><p>[  +0.000006] [   4950]  1000  4950   303445      296       26      270         0   409600    11680             0 alacritty</p><p>[  +0.000005] [   4963]  1000  4963     1960      154        0      154         0    57344      160             0 bash</p><p>[  +0.000006] [   4970]  1000  4970     1702      122       32       90         0    57344        0           200 dbus-broker-lau</p><p>[  +0.000006] [   4971]  1000  4971     1024      171       32      139         0    49152        0           200 dbus-broker</p><p>[  +0.000005] [   4979]  1000  4979    58090      318       64      254         0    94208       96           200 at-spi2-registr</p><p>[  +0.000006] [   5467]  1000  5467     4029      176       64      112         0    77824     1152             0 vim</p><p>[  +0.000006] [   5508]  1000  5508  1775307    21167    21027       18       122  1970176    35648           167 Isolated Web Co</p><p>[  +0.000005] [   5547]  1000  5547  1738416    14826    14692       74        60  1429504    28573           100 Isolated Web Co</p><p>[  +0.000008] [   5978]  1000  5978   625221     2164     1944      142        78   565248     3744           100 Isolated Web Co</p><p>[  +0.000006] [   6151]  1000  6151   609581      602      281      222        99   389120     3456           233 Web Content</p><p>[  +0.000007] [   6228]  1000  6228   609577      184        0       85        99   364544     3136           233 Web Content</p><p>[  +0.000005] [   6276]  1000  6276   609576      289      128       78        83   368640     3008           233 Web Content</p><p>[  +0.000007] [   6657]     0  6657     3669      354      192      162         0    69632        0             0 systemd-userwor</p><p>[  +0.000006] [   6658]     0  6658     3669      348      192      156         0    69632        0             0 systemd-userwor</p><p>[  +0.000005] [   6659]     0  6659     3669      338      192      146         0    69632        0             0 systemd-userwor</p><p>[  +0.000007] [   6737]  1000  6737     4014      309      256       53         0    73728      960             0 vim</p><p>[  +0.000006] [   6751]  1000  6751     1861       80        0       80         0    53248       64             0 transcribe.sh</p><p>[  +0.000006] [   6753]  1000  6753  2018116   851455   851386       69         0 13606912   309280             0 pt_main_thread</p><p>[  +0.000006] oom-kill:constraint=CONSTRAINT_NONE,nodemask=(null),cpuset=/,mems_allowed=0,global_oom,task_memcg=/user.slice/user-1000.slice/session-2.scope,task=pt_main_thread,pid=6753,uid=1000</p><p>[  +0.000092] Out of memory: Killed process 6753 (pt_main_thread) total-vm:8072464kB, anon-rss:3405544kB, file-rss:276kB, shmem-rss:0kB, UID:1000 pgtables:13288kB oom_score_adj:0</p><p>[Aug20 10:20] Timer invoked oom-killer: gfp_mask=0x140cca(GFP_HIGHUSER_MOVABLE|__GFP_COMP), order=0, oom_score_adj=167</p><p>[  +0.000012] CPU: 4 PID: 1099 Comm: Timer Not tainted 6.10.4-arch2-1 #1 517ed45cc9c4492ee5d5bfc2d2fe6ef1f2e7a8eb</p><p>[  +0.000006] Hardware name: LENOVO 20NMS0C901/20NMS0C901, BIOS R13ET54W(1.28 ) 01/12/2023</p><p>[  +0.000003] Call Trace:</p><p>[  +0.000004]  &lt;TASK&gt;</p><p>[  +0.000005]  dump_stack_lvl+0x5d/0x80</p><p>[  +0.000009]  dump_header+0x44/0x18d</p><p>[  +0.000006]  oom_kill_process.cold+0x8/0x8a</p><p>[  +0.000006]  out_of_memory+0x209/0x500</p><p>[  +0.000008]  __alloc_pages_slowpath.constprop.0+0xb0a/0xd70</p><p>[  +0.000013]  __alloc_pages_noprof+0x31f/0x350</p><p>[  +0.000009]  alloc_pages_mpol_noprof+0xd7/0x1c0</p><p>[  +0.000007]  folio_alloc_noprof+0x5b/0xa0</p><p>[  +0.000004]  __filemap_get_folio+0x18d/0x2e0</p><p>[  +0.000006]  filemap_fault+0x1a4/0xd00</p><p>[  +0.000009]  __do_fault+0x35/0x120</p><p>[  +0.000006]  do_fault+0x295/0x470</p><p>[  +0.000005]  ? srso_return_thunk+0x5/0x5f</p><p>[  +0.000005]  __handle_mm_fault+0x7e2/0x1050</p><p>[  +0.000012]  handle_mm_fault+0xf0/0x300</p><p>[  +0.000005]  do_user_addr_fault+0x217/0x620</p><p>[  +0.000008]  exc_page_fault+0x81/0x190</p><p>[  +0.000007]  asm_exc_page_fault+0x26/0x30</p><p>[  +0.000005] RIP: 0033:0x7bc7cd8d8ef0</p><p>[  +0.000040] Code: Unable to access opcode bytes at 0x7bc7cd8d8ec6.</p><p>[  +0.000002] RSP: 002b:00007bc7c43fe3f8 EFLAGS: 00010246</p><p>[  +0.000004] RAX: 00007bc7d28426f0 RBX: 00007bc7d82fb228 RCX: 00007bc7d849fcd7</p><p>[  +0.000003] RDX: 0000000000000000 RSI: 00007bc7d82fb220 RDI: 00007bc7c3d2dac0</p><p>[  +0.000003] RBP: 00007bc7d82b9ec8 R08: 0000000000000000 R09: 000000000000a560</p><p>[  +0.000003] R10: 0000000000000000 R11: 0000000000000246 R12: 00007bc7d82fb220</p><p>[  +0.000002] R13: 00007bc7c3d2dac0 R14: 00007bc7d82b9ea0 R15: 00007bc7c14d2790</p><p>[  +0.000009]  &lt;/TASK&gt;</p><p>[  +0.000002] Mem-Info:</p><p>[  +0.000003] active_anon:558690 inactive_anon:405254 isolated_anon:0</p><p>               active_file:1933 inactive_file:7586 isolated_file:0</p><p>               unevictable:42 dirty:0 writeback:0</p><p>               slab_reclaimable:11498 slab_unreclaimable:30372</p><p>               mapped:75 shmem:159 pagetables:9812</p><p>               sec_pagetables:1017 bounce:0</p><p>               kernel_misc_reclaimable:0</p><p>               free:16450 free_pcp:498 free_cma:0</p><p>[  +0.000009] Node 0 active_anon:2234760kB inactive_anon:1621016kB active_file:7928kB inactive_file:30148kB unevictable:168kB isolated(anon):0kB isolated(file):0kB mapped:300kB dirty:0kB writeback:0kB shmem:636kB shmem_thp:0kB shmem_pmdmapped:0kB anon_thp:323584kB writeback_tmp:0kB kernel_stack:15424kB pagetables:39248kB sec_pagetables:4068kB all_unreclaimable? no</p><p>[  +0.000007] Node 0 DMA free:172kB boost:0kB min:172kB low:212kB high:252kB reserved_highatomic:0KB active_anon:7396kB inactive_anon:5340kB active_file:0kB inactive_file:8kB unevictable:0kB writepending:0kB present:15520kB managed:15296kB mlocked:0kB bounce:0kB free_pcp:0kB local_pcp:0kB free_cma:0kB</p><p>[  +0.000009] lowmem_reserve[]: 0 2840 5783 0 0</p><p>[  +0.000009] Node 0 DMA32 free:33020kB boost:0kB min:33104kB low:41380kB high:49656kB reserved_highatomic:0KB active_anon:1615792kB inactive_anon:179024kB active_file:0kB inactive_file:10100kB unevictable:136kB writepending:0kB present:3056756kB managed:2950288kB mlocked:136kB bounce:0kB free_pcp:0kB local_pcp:0kB free_cma:0kB</p><p>[  +0.000008] lowmem_reserve[]: 0 0 2942 0 0</p><p>[  +0.000009] Node 0 Normal free:32608kB boost:0kB min:34300kB low:42872kB high:51444kB reserved_highatomic:0KB active_anon:610588kB inactive_anon:1437636kB active_file:7176kB inactive_file:21248kB unevictable:32kB writepending:0kB present:3129344kB managed:3013388kB mlocked:32kB bounce:0kB free_pcp:1992kB local_pcp:248kB free_cma:0kB</p><p>[  +0.000008] lowmem_reserve[]: 0 0 0 0 0</p><p>[  +0.000008] Node 0 DMA: 3*4kB (UM) 0*8kB 0*16kB 5*32kB (U) 0*64kB 0*128kB 0*256kB 0*512kB 0*1024kB 0*2048kB 0*4096kB = 172kB</p><p>[  +0.000024] Node 0 DMA32: 257*4kB (UM) 231*8kB (UM) 334*16kB (UM) 181*32kB (UM) 109*64kB (UM) 30*128kB (UM) 10*256kB (M) 5*512kB (UM) 3*1024kB (M) 0*2048kB 0*4096kB = 33020kB</p><p>[  +0.000031] Node 0 Normal: 116*4kB (UM) 325*8kB (UM) 169*16kB (UM) 85*32kB (UM) 155*64kB (UM) 47*128kB (UM) 16*256kB (UM) 5*512kB (U) 1*1024kB (U) 0*2048kB 0*4096kB = 32104kB</p><p>[  +0.000031] Node 0 hugepages_total=0 hugepages_free=0 hugepages_surp=0 hugepages_size=1048576kB</p><p>[  +0.000003] Node 0 hugepages_total=0 hugepages_free=0 hugepages_surp=0 hugepages_size=2048kB</p><p>[  +0.000003] 9787 total pagecache pages</p><p>[  +0.000002] 76 pages in swap cache</p><p>[  +0.000002] Free swap  = 64kB</p><p>[  +0.000001] Total swap = 2989052kB</p><p>[  +0.000002] 1550405 pages RAM</p><p>[  +0.000002] 0 pages HighMem/MovableOnly</p><p>[  +0.000001] 55662 pages reserved</p><p>[  +0.000002] 0 pages cma reserved</p><p>[  +0.000002] 0 pages hwpoisoned</p></div>
</body>
</html>
