251010
17:21:33
arche
yduseche

###############################################

not_login_but_logs_stuck.crash



Oct 05 21:07:06 yduseche systemd-journald[24]: Journal started
Oct 05 21:07:06 yduseche systemd-journald[24]: Runtime Journal (/run/log/journal/ce704c367dda45c5a77da9305b632078) is 8M, max 116.7M, 108.7M free.
Oct 05 21:07:06 yduseche lvm[22]:   /dev/mapper/control: mknod failed: Operation not permitted
Oct 05 21:07:06 yduseche lvm[22]:   Failure to communicate with kernel device-mapper driver.
Oct 05 21:07:06 yduseche lvm[22]:   Check that device-mapper is available in the kernel.
Oct 05 21:07:06 yduseche lvm[22]:   Incompatible libdevmapper 1.02.209 (2025-09-09) and kernel driver (unknown version).
Oct 05 21:07:06 yduseche systemd[1]: Starting Flush Journal to Persistent Storage...
Oct 05 21:07:06 yduseche systemd[1]: Finished Monitoring of LVM2 mirrors, snapshots etc. using dmeventd or progress polling.
Oct 05 21:07:06 yduseche systemd-journald[24]: Time spent on flushing to /var/log/journal/ce704c367dda45c5a77da9305b632078 is 4.647ms for 8 entries.
Oct 05 21:07:06 yduseche systemd-journald[24]: System Journal (/var/log/journal/ce704c367dda45c5a77da9305b632078) is 8M, max 4G, 3.9G free.
Oct 05 21:07:06 yduseche systemd[1]: Started User Database Manager.
Oct 05 21:07:06 yduseche systemd[1]: Finished Flush Journal to Persistent Storage.
Oct 05 21:07:06 yduseche systemd[1]: Finished Create Static Device Nodes in /dev gracefully.
Oct 05 21:07:06 yduseche systemd[1]: Starting Create System Users...
Oct 05 21:07:06 yduseche systemd[1]: Finished Create System Users.
Oct 05 21:07:06 yduseche systemd[1]: Starting Create Static Device Nodes in /dev...
Oct 05 21:07:06 yduseche systemd[1]: Finished Create Static Device Nodes in /dev.
Oct 05 21:07:06 yduseche systemd[1]: Reached target Preparation for Local File Systems.
Oct 05 21:07:06 yduseche systemd[1]: Rule-based Manager for Device Events and Files was skipped because of an unmet condition check (ConditionPathIsReadWrite=/sys).
Oct 05 21:07:07 yduseche systemd[1]: Virtual Machine and Container Storage (Compatibility) was skipped because of an unmet condition check (ConditionPathExists=/var/lib/machines.raw).
Oct 05 21:07:07 yduseche systemd[1]: Reached target Local File Systems.
Oct 05 21:07:07 yduseche systemd[1]: Listening on Boot Entries Service Socket.
Oct 05 21:07:07 yduseche systemd[1]: Listening on Disk Image Download Service Socket.
Oct 05 21:07:07 yduseche systemd[1]: Listening on System Extension Image Management.
Oct 05 21:07:07 yduseche systemd[1]: Set Up Additional Binary Formats was skipped because of an unmet condition check (ConditionPathIsMountPoint=/proc/sys/fs/binfmt_misc).
Oct 05 21:07:07 yduseche systemd[1]: Update Boot Loader Random Seed was skipped because of an unmet condition check (ConditionVirtualization=!container).
Oct 05 21:07:07 yduseche systemd[1]: Starting Create System Files and Directories...
Oct 05 21:07:07 yduseche systemd[1]: Starting Load JSON user/group Records from Credentials...
Oct 05 21:07:07 yduseche systemd[1]: Finished Load JSON user/group Records from Credentials.
Oct 05 21:07:07 yduseche systemd[1]: Finished Create System Files and Directories.
Oct 05 21:07:07 yduseche systemd[1]: Starting Rebuild Dynamic Linker Cache...
Oct 05 21:07:07 yduseche systemd[1]: First Boot Wizard was skipped because of an unmet condition check (ConditionFirstBoot=yes).
Oct 05 21:07:07 yduseche systemd[1]: First Boot Complete was skipped because of an unmet condition check (ConditionFirstBoot=yes).
Oct 05 21:07:07 yduseche systemd[1]: Starting Rebuild Journal Catalog...
Oct 05 21:07:07 yduseche systemd[1]: Save Transient machine-id to Disk was skipped because of an unmet condition check (ConditionPathIsMountPoint=/etc/machine-id).
Oct 05 21:07:07 yduseche systemd[1]: Starting Record System Boot/Shutdown in UTMP...
Oct 05 21:07:07 yduseche systemd[1]: Finished Record System Boot/Shutdown in UTMP.
Oct 05 21:07:07 yduseche systemd[1]: Finished Rebuild Journal Catalog.
Oct 05 21:07:07 yduseche systemd[1]: Finished Rebuild Dynamic Linker Cache.
Oct 05 21:07:07 yduseche systemd[1]: Starting Update is Completed...
Oct 05 21:07:07 yduseche systemd[1]: Finished Update is Completed.
Oct 05 21:07:07 yduseche systemd[1]: Reached target System Initialization.
Oct 05 21:07:07 yduseche systemd[1]: Started Refresh existing PGP keys of archlinux-keyring regularly.
Oct 05 21:07:07 yduseche systemd[1]: Started Daily verification of password and group files.
Oct 05 21:07:07 yduseche systemd[1]: Started Daily Cleanup of Temporary Directories.
Oct 05 21:07:07 yduseche systemd[1]: Reached target Timer Units.
Oct 05 21:07:07 yduseche systemd[1]: Listening on D-Bus System Message Bus Socket.
Oct 05 21:07:07 yduseche systemd[1]: Listening on GnuPG network certificate management daemon for /etc/pacman.d/gnupg.
Oct 05 21:07:07 yduseche systemd[1]: Listening on GnuPG cryptographic agent and passphrase cache (access for web browsers) for /etc/pacman.d/gnupg.
Oct 05 21:07:07 yduseche systemd[1]: Listening on GnuPG cryptographic agent and passphrase cache (restricted) for /etc/pacman.d/gnupg.
Oct 05 21:07:07 yduseche systemd[1]: Listening on GnuPG cryptographic agent (ssh-agent emulation) for /etc/pacman.d/gnupg.
Oct 05 21:07:07 yduseche systemd[1]: Listening on GnuPG cryptographic agent and passphrase cache for /etc/pacman.d/gnupg.
Oct 05 21:07:07 yduseche systemd[1]: Listening on GnuPG public key management service for /etc/pacman.d/gnupg.
Oct 05 21:07:07 yduseche systemd[1]: Listening on Hostname Service Socket.
Oct 05 21:07:07 yduseche systemd[1]: Listening on User Login Management Varlink Socket.
Oct 05 21:07:07 yduseche systemd[1]: Listening on Virtual Machine and Container Registration Service Socket.
Oct 05 21:07:07 yduseche systemd[1]: Reached target Socket Units.
Oct 05 21:07:07 yduseche systemd[1]: Starting D-Bus System Message Bus...
Oct 05 21:07:07 yduseche systemd[1]: TPM PCR Barrier (Initialization) was skipped because of an unmet condition check (ConditionSecurity=measured-uki).
Oct 05 21:07:07 yduseche systemd[1]: Started D-Bus System Message Bus.
Oct 05 21:07:07 yduseche dbus-broker-launch[68]: Ready
Oct 05 21:07:07 yduseche systemd[1]: Reached target Basic System.
Oct 05 21:07:07 yduseche systemd[1]: Starting User Login Management...
Oct 05 21:07:07 yduseche systemd[1]: TPM PCR Barrier (User) was skipped because of an unmet condition check (ConditionSecurity=measured-uki).
Oct 05 21:07:07 yduseche systemd[1]: Starting Permit User Sessions...
Oct 05 21:07:07 yduseche systemd[1]: Finished Permit User Sessions.
Oct 05 21:07:07 yduseche systemd[1]: Started Console Getty.
Oct 05 21:07:07 yduseche systemd[1]: Getty on tty1 was skipped because of an unmet condition check (ConditionPathExists=/dev/tty0).
Oct 05 21:07:07 yduseche systemd[1]: Reached target Login Prompts.
Oct 05 21:07:07 yduseche systemd-logind[70]: New seat seat0.
Oct 05 21:07:07 yduseche systemd[1]: Started User Login Management.
Oct 05 21:07:07 yduseche systemd[1]: Reached target Multi-User System.
Oct 05 21:07:07 yduseche systemd[1]: Reached target Graphical Interface.
Oct 05 21:07:07 yduseche systemd[1]: Startup finished in 1.892s.
Oct 05 21:07:09 yduseche systemd[1]: Started [systemd-run] localectl set-keymap "".
Oct 05 21:07:09 yduseche systemd[1]: Starting Locale Service...
Oct 05 21:07:09 yduseche (-localed)[84]: systemd-localed.service: PrivateNetwork=yes is configured, but the kernel does not support or we lack privileges for network namespace, proceeding without.
Oct 05 21:07:09 yduseche systemd[1]: Started Locale Service.
Oct 05 21:07:09 yduseche systemd-localed[84]: No conversion found for virtual console keymap "".
Oct 05 21:07:09 yduseche systemd[1]: run-p37485-i37486.service: Deactivated successfully.
Oct 05 21:07:09 yduseche systemd[1]: Started [systemd-run] /usr/bin/localectl set-keymap us.
Oct 05 21:07:09 yduseche systemd-localed[84]: The virtual console keymap 'us' is converted to X11 keyboard layout 'us' model 'pc105+inet' variant '' options 'terminate:ctrl_alt_bksp'
Oct 05 21:07:09 yduseche systemd-localed[84]: Changed virtual console keymap to 'us' toggle ''
Oct 05 21:07:09 yduseche systemd[1]: Virtual Console Setup was skipped because of an unmet condition check (ConditionPathExists=/dev/tty0).
Oct 05 21:07:09 yduseche systemd[1]: run-p37495-i37496.service: Deactivated successfully.
Oct 05 21:07:09 yduseche systemd[1]: Started [systemd-run] shutdown now.
Oct 05 21:07:09 yduseche systemd-logind[70]: The system will power off now!
Oct 05 21:07:09 yduseche systemd-logind[70]: System is powering down.
Oct 05 21:07:09 yduseche systemd[1]: run-p37504-i37505.service: Deactivated successfully.
Oct 05 21:07:09 yduseche systemd[1]: Stopped [systemd-run] shutdown now.
Oct 05 21:07:09 yduseche systemd[1]: Removed slice Slice /system/getty.
Oct 05 21:07:09 yduseche systemd[1]: Removed slice Slice /system/modprobe.
Oct 05 21:07:09 yduseche systemd[1]: Stopped target Graphical Interface.
Oct 05 21:07:09 yduseche systemd[1]: Stopped target Multi-User System.
Oct 05 21:07:09 yduseche systemd[1]: Stopped target Login Prompts.
Oct 05 21:07:09 yduseche systemd[1]: Stopped target Timer Units.
Oct 05 21:07:09 yduseche systemd[1]: archlinux-keyring-wkd-sync.timer: Deactivated successfully.
Oct 05 21:07:09 yduseche systemd[1]: Stopped Refresh existing PGP keys of archlinux-keyring regularly.
Oct 05 21:07:09 yduseche systemd[1]: shadow.timer: Deactivated successfully.
Oct 05 21:07:09 yduseche systemd[1]: Stopped Daily verification of password and group files.
Oct 05 21:07:09 yduseche systemd[1]: systemd-tmpfiles-clean.timer: Deactivated successfully.
Oct 05 21:07:09 yduseche systemd[1]: Stopped Daily Cleanup of Temporary Directories.
Oct 05 21:07:09 yduseche systemd[1]: lvm2-lvmpolld.socket: Deactivated successfully.
Oct 05 21:07:09 yduseche systemd[1]: Closed LVM2 poll daemon socket.
Oct 05 21:07:09 yduseche systemd[1]: systemd-coredump.socket: Deactivated successfully.
Oct 05 21:07:09 yduseche systemd[1]: Closed Process Core Dump Socket.
Oct 05 21:07:09 yduseche systemd[1]: Stopping Console Getty...
Oct 05 21:07:09 yduseche systemd[1]: Starting Generate shutdown-ramfs...
Oct 05 21:07:09 yduseche systemd[1]: Stopping Locale Service...
Oct 05 21:07:09 yduseche systemd[1]: Stopping User Login Management...
Oct 05 21:07:09 yduseche systemd[1]: systemd-udev-load-credentials.service: Deactivated successfully.
Oct 05 21:07:09 yduseche systemd[1]: Stopped Load udev Rules from Credentials.
Oct 05 21:07:09 yduseche systemd[1]: console-getty.service: Deactivated successfully.
Oct 05 21:07:09 yduseche systemd[1]: Stopped Console Getty.
Oct 05 21:07:09 yduseche (initcpio)[100]: mkinitcpio-generate-shutdown-ramfs.service: PrivateNetwork=yes is configured, but the kernel does not support or we lack privileges for network namespace, proceeding without.
Oct 05 21:07:09 yduseche mkinitcpio[100]: ==> Starting build: 'none'
Oct 05 21:07:09 yduseche mkinitcpio[100]:   -> Running build hook: [sd-shutdown]
Oct 05 21:07:10 yduseche systemd[1]: systemd-logind.service: Deactivated successfully.
Oct 05 21:07:10 yduseche systemd[1]: Stopped User Login Management.
Oct 05 21:07:10 yduseche systemd[1]: systemd-localed.service: Deactivated successfully.
Oct 05 21:07:10 yduseche systemd[1]: Stopped Locale Service.
Oct 05 21:07:10 yduseche systemd[1]: Stopping Permit User Sessions...
Oct 05 21:07:10 yduseche systemd[1]: systemd-user-sessions.service: Deactivated successfully.
Oct 05 21:07:10 yduseche systemd[1]: Stopped Permit User Sessions.
Oct 05 21:07:10 yduseche systemd[1]: Stopped target Basic System.
Oct 05 21:07:10 yduseche systemd[1]: Stopped target Path Units.
Oct 05 21:07:10 yduseche systemd[1]: Stopped target Remote File Systems.
Oct 05 21:07:10 yduseche systemd[1]: Stopped target Slice Units.
Oct 05 21:07:10 yduseche systemd[1]: Removed slice User and Session Slice.
Oct 05 21:07:10 yduseche systemd[1]: Stopped target Socket Units.
Oct 05 21:07:10 yduseche systemd[1]: dirmngr@etc-pacman.d-gnupg.socket: Deactivated successfully.
Oct 05 21:07:10 yduseche systemd[1]: Closed GnuPG network certificate management daemon for /etc/pacman.d/gnupg.
Oct 05 21:07:10 yduseche systemd[1]: Removed slice Slice /system/dirmngr.
Oct 05 21:07:10 yduseche systemd[1]: gpg-agent-browser@etc-pacman.d-gnupg.socket: Deactivated successfully.
Oct 05 21:07:10 yduseche systemd[1]: Closed GnuPG cryptographic agent and passphrase cache (access for web browsers) for /etc/pacman.d/gnupg.
Oct 05 21:07:10 yduseche systemd[1]: Removed slice Slice /system/gpg-agent-browser.
Oct 05 21:07:10 yduseche systemd[1]: gpg-agent-extra@etc-pacman.d-gnupg.socket: Deactivated successfully.
Oct 05 21:07:10 yduseche systemd[1]: Closed GnuPG cryptographic agent and passphrase cache (restricted) for /etc/pacman.d/gnupg.
Oct 05 21:07:10 yduseche systemd[1]: Removed slice Slice /system/gpg-agent-extra.
Oct 05 21:07:10 yduseche systemd[1]: gpg-agent-ssh@etc-pacman.d-gnupg.socket: Deactivated successfully.
Oct 05 21:07:10 yduseche systemd[1]: Closed GnuPG cryptographic agent (ssh-agent emulation) for /etc/pacman.d/gnupg.
Oct 05 21:07:10 yduseche systemd[1]: Removed slice Slice /system/gpg-agent-ssh.
Oct 05 21:07:10 yduseche systemd[1]: gpg-agent@etc-pacman.d-gnupg.socket: Deactivated successfully.
Oct 05 21:07:10 yduseche systemd[1]: Closed GnuPG cryptographic agent and passphrase cache for /etc/pacman.d/gnupg.
Oct 05 21:07:10 yduseche systemd[1]: Removed slice Slice /system/gpg-agent.
Oct 05 21:07:10 yduseche systemd[1]: keyboxd@etc-pacman.d-gnupg.socket: Deactivated successfully.
Oct 05 21:07:10 yduseche systemd[1]: Closed GnuPG public key management service for /etc/pacman.d/gnupg.
Oct 05 21:07:10 yduseche systemd[1]: Removed slice Slice /system/keyboxd.
Oct 05 21:07:10 yduseche systemd[1]: systemd-hostnamed.socket: Deactivated successfully.
Oct 05 21:07:10 yduseche systemd[1]: Closed Hostname Service Socket.
Oct 05 21:07:10 yduseche systemd[1]: systemd-importd.socket: Deactivated successfully.
Oct 05 21:07:10 yduseche systemd[1]: Closed Disk Image Download Service Socket.
Oct 05 21:07:10 yduseche systemd[1]: systemd-logind-varlink.socket: Deactivated successfully.
Oct 05 21:07:10 yduseche systemd[1]: Closed User Login Management Varlink Socket.
Oct 05 21:07:10 yduseche systemd[1]: systemd-machined.socket: Deactivated successfully.
Oct 05 21:07:10 yduseche systemd[1]: Closed Virtual Machine and Container Registration Service Socket.
Oct 05 21:07:10 yduseche dbus-broker[69]: Dispatched 800 messages @ 6(±6)μs / message.
Oct 05 21:07:10 yduseche systemd[1]: Stopping D-Bus System Message Bus...
Oct 05 21:07:10 yduseche systemd[1]: systemd-userdb-load-credentials.service: Deactivated successfully.
Oct 05 21:07:10 yduseche systemd[1]: Stopped Load JSON user/group Records from Credentials.
Oct 05 21:07:10 yduseche systemd[1]: dbus-broker.service: Deactivated successfully.
Oct 05 21:07:10 yduseche systemd[1]: Stopped D-Bus System Message Bus.
Oct 05 21:07:10 yduseche systemd[1]: dbus.socket: Deactivated successfully.
Oct 05 21:07:10 yduseche systemd[1]: Closed D-Bus System Message Bus Socket.
Oct 05 21:07:10 yduseche systemd[1]: Stopped target System Initialization.
Oct 05 21:07:10 yduseche systemd[1]: Stopped target Local Encrypted Volumes.
Oct 05 21:07:10 yduseche systemd[1]: systemd-ask-password-console.path: Deactivated successfully.
Oct 05 21:07:10 yduseche systemd[1]: Stopped Dispatch Password Requests to Console Directory Watch.
Oct 05 21:07:10 yduseche systemd[1]: systemd-ask-password-wall.path: Deactivated successfully.
Oct 05 21:07:10 yduseche systemd[1]: Stopped Forward Password Requests to Wall Directory Watch.
Oct 05 21:07:10 yduseche systemd[1]: Stopped target Image Downloads.
Oct 05 21:07:10 yduseche systemd[1]: Stopped target Local Integrity Protected Volumes.
Oct 05 21:07:10 yduseche systemd[1]: Stopped target Local Verity Protected Volumes.
Oct 05 21:07:10 yduseche mkinitcpio[100]: ==> Build complete.
Oct 05 21:07:10 yduseche systemd[1]: systemd-update-done.service: Deactivated successfully.
Oct 05 21:07:10 yduseche systemd[1]: Stopped Update is Completed.
Oct 05 21:07:10 yduseche systemd[1]: ldconfig.service: Deactivated successfully.
Oct 05 21:07:10 yduseche systemd[1]: Stopped Rebuild Dynamic Linker Cache.
Oct 05 21:07:10 yduseche systemd[1]: systemd-journal-catalog-update.service: Deactivated successfully.
Oct 05 21:07:10 yduseche systemd[1]: Stopped Rebuild Journal Catalog.
Oct 05 21:07:10 yduseche systemd[1]: Stopping Record System Boot/Shutdown in UTMP...
Oct 05 21:07:10 yduseche systemd[1]: mkinitcpio-generate-shutdown-ramfs.service: Deactivated successfully.
Oct 05 21:07:10 yduseche systemd[1]: Finished Generate shutdown-ramfs.
Oct 05 21:07:10 yduseche systemd[1]: systemd-update-utmp.service: Deactivated successfully.
Oct 05 21:07:10 yduseche systemd[1]: Stopped Record System Boot/Shutdown in UTMP.
Oct 05 21:07:10 yduseche systemd[1]: systemd-tmpfiles-setup.service: Deactivated successfully.
Oct 05 21:07:10 yduseche systemd[1]: Stopped Create System Files and Directories.
Oct 05 21:07:10 yduseche systemd[1]: Stopped target Local File Systems.
Oct 05 21:07:10 yduseche systemd[1]: Unmounting /boot...
Oct 05 21:07:10 yduseche systemd[1]: Unmounting /home...
Oct 05 21:07:10 yduseche systemd[1]: Unmounting Temporary Directory /tmp...
Oct 05 21:07:10 yduseche systemd[1]: Unmounting /var/cache/pacman/pkg...
Oct 05 21:07:10 yduseche systemd[1]: Unmounting /var/log...
Oct 05 21:07:10 yduseche systemd[1]: var-cache-pacman-pkg.mount: Deactivated successfully.
Oct 05 21:07:10 yduseche systemd[1]: Unmounted /var/cache/pacman/pkg.
Oct 05 21:07:10 yduseche umount[236]: umount: /var/log: target is busy.
Oct 05 21:07:10 yduseche systemd[1]: boot.mount: Deactivated successfully.
Oct 05 21:07:10 yduseche systemd[1]: Unmounted /boot.
Oct 05 21:07:10 yduseche systemd[1]: home.mount: Deactivated successfully.
Oct 05 21:07:10 yduseche systemd[1]: Unmounted /home.
Oct 05 21:07:10 yduseche systemd[1]: var-log.mount: Mount process exited, code=exited, status=32/n/a
Oct 05 21:07:10 yduseche systemd[1]: Failed unmounting /var/log.
Oct 05 21:07:10 yduseche systemd[1]: tmp.mount: Deactivated successfully.
Oct 05 21:07:10 yduseche systemd[1]: Unmounted Temporary Directory /tmp.
Oct 05 21:07:10 yduseche systemd[1]: Stopped target Preparation for Local File Systems.
Oct 05 21:07:10 yduseche systemd[1]: Stopped target Swaps.
Oct 05 21:07:10 yduseche systemd[1]: Reached target Unmount All Filesystems.
Oct 05 21:07:10 yduseche systemd[1]: Stopping Monitoring of LVM2 mirrors, snapshots etc. using dmeventd or progress polling...
Oct 05 21:07:10 yduseche systemd[1]: systemd-tmpfiles-setup-dev.service: Deactivated successfully.
Oct 05 21:07:10 yduseche systemd[1]: Stopped Create Static Device Nodes in /dev.
Oct 05 21:07:10 yduseche systemd[1]: systemd-sysusers.service: Deactivated successfully.
Oct 05 21:07:10 yduseche systemd[1]: Stopped Create System Users.
Oct 05 21:07:10 yduseche systemd[1]: systemd-remount-fs.service: Deactivated successfully.
Oct 05 21:07:10 yduseche systemd[1]: Stopped Remount Root and Kernel File Systems.
Oct 05 21:07:10 yduseche systemd[1]: systemd-tmpfiles-setup-dev-early.service: Deactivated successfully.
Oct 05 21:07:10 yduseche systemd[1]: Stopped Create Static Device Nodes in /dev gracefully.
Oct 05 21:07:10 yduseche lvm[242]:   /dev/mapper/control: mknod failed: Operation not permitted
Oct 05 21:07:10 yduseche lvm[242]:   Failure to communicate with kernel device-mapper driver.
Oct 05 21:07:10 yduseche lvm[242]:   Check that device-mapper is available in the kernel.
Oct 05 21:07:10 yduseche lvm[242]:   Incompatible libdevmapper 1.02.209 (2025-09-09) and kernel driver (unknown version).
Oct 05 21:07:10 yduseche systemd[1]: lvm2-monitor.service: Deactivated successfully.
Oct 05 21:07:10 yduseche systemd[1]: Stopped Monitoring of LVM2 mirrors, snapshots etc. using dmeventd or progress polling.
Oct 05 21:07:10 yduseche systemd[1]: Reached target System Shutdown.
Oct 05 21:07:10 yduseche systemd[1]: Reached target Late Shutdown Services.
Oct 05 21:07:10 yduseche systemd[1]: systemd-poweroff.service: Deactivated successfully.
Oct 05 21:07:10 yduseche systemd[1]: Finished System Power Off.
Oct 05 21:07:10 yduseche systemd[1]: Reached target System Power Off.
Oct 05 21:07:10 yduseche systemd[1]: Shutting down.
Oct 05 21:07:10 yduseche systemd-journald[24]: Journal stopped

###############################################




###############################################



Oct 10 17:19:55 yduseche kernel: Linux version 6.15.11-hardened1-1-hardened (linux-hardened@archlinux) (gcc (GCC) 15.2.1 20250813, GNU ld (GNU Binutils) 2.45.0) #1 SMP PREEMPT_DYNAMIC Mon, 25 Aug 2025 21:30:25 +0000
Oct 10 17:19:55 yduseche kernel: Command line: cryptdevice=UUID=20d77993-67b8-4bac-b57c-266e5e290ab8:cryptlvm root=/dev/ArchinstallVg/root zswap.enabled=0 rootflags=subvol=@ rw rootfstype=btrfs
Oct 10 17:19:55 yduseche kernel: BIOS-provided physical RAM map:
Oct 10 17:19:55 yduseche kernel: BIOS-e820: [mem 0x0000000000000000-0x000000000009efff] usable
Oct 10 17:19:55 yduseche kernel: BIOS-e820: [mem 0x000000000009f000-0x000000000009ffff] reserved
Oct 10 17:19:55 yduseche kernel: BIOS-e820: [mem 0x00000000000e0000-0x00000000000fffff] reserved
Oct 10 17:19:55 yduseche kernel: BIOS-e820: [mem 0x0000000000100000-0x0000000009bfffff] usable
Oct 10 17:19:55 yduseche kernel: BIOS-e820: [mem 0x0000000009c00000-0x0000000009cd0fff] reserved
Oct 10 17:19:55 yduseche kernel: BIOS-e820: [mem 0x0000000009cd1000-0x0000000009efffff] usable
Oct 10 17:19:55 yduseche kernel: BIOS-e820: [mem 0x0000000009f00000-0x0000000009f0afff] ACPI NVS
Oct 10 17:19:55 yduseche kernel: BIOS-e820: [mem 0x0000000009f0b000-0x00000000ac530fff] usable
Oct 10 17:19:55 yduseche kernel: BIOS-e820: [mem 0x00000000ac531000-0x00000000ac532fff] ACPI data
Oct 10 17:19:55 yduseche kernel: BIOS-e820: [mem 0x00000000ac533000-0x00000000ac551fff] usable
Oct 10 17:19:55 yduseche kernel: BIOS-e820: [mem 0x00000000ac552000-0x00000000ac553fff] ACPI data
Oct 10 17:19:55 yduseche kernel: BIOS-e820: [mem 0x00000000ac554000-0x00000000ba78ffff] usable
Oct 10 17:19:55 yduseche kernel: BIOS-e820: [mem 0x00000000ba790000-0x00000000bd660fff] reserved
Oct 10 17:19:55 yduseche kernel: BIOS-e820: [mem 0x00000000bd661000-0x00000000bd7f9fff] ACPI NVS
Oct 10 17:19:55 yduseche kernel: BIOS-e820: [mem 0x00000000bd7fa000-0x00000000bd7fdfff] ACPI data
Oct 10 17:19:55 yduseche kernel: BIOS-e820: [mem 0x00000000bd7fe000-0x00000000beffffff] usable
Oct 10 17:19:55 yduseche kernel: BIOS-e820: [mem 0x00000000bf000000-0x00000000bfffffff] reserved
Oct 10 17:19:55 yduseche kernel: BIOS-e820: [mem 0x00000000fd200000-0x00000000fd2fffff] reserved
Oct 10 17:19:55 yduseche kernel: BIOS-e820: [mem 0x00000000fed80000-0x00000000fed80fff] reserved
Oct 10 17:19:55 yduseche kernel: BIOS-e820: [mem 0x0000000100000000-0x00000001beffffff] usable
Oct 10 17:19:55 yduseche kernel: NX (Execute Disable) protection: active
Oct 10 17:19:55 yduseche kernel: APIC: Static calls initialized
Oct 10 17:19:55 yduseche kernel: efi: EFI v2.7 by Lenovo
Oct 10 17:19:55 yduseche kernel: efi: ACPI=0xbd7fd000 ACPI 2.0=0xbd7fd014 TPMFinalLog=0xbd6a7000 SMBIOS=0xbc00f000 SMBIOS 3.0=0xbc002000 MEMATTR=0xb770c018 RNG=0xbd7fcf18 INITRD=0xbdf3d918 TPMEventLog=0xac552018 
Oct 10 17:19:55 yduseche kernel: random: crng init done
Oct 10 17:19:55 yduseche kernel: efi: Remove mem49: MMIO range=[0xfd200000-0xfd2fffff] (1MB) from e820 map
Oct 10 17:19:55 yduseche kernel: e820: remove [mem 0xfd200000-0xfd2fffff] reserved
Oct 10 17:19:55 yduseche kernel: efi: Not removing mem50: MMIO range=[0xfed80000-0xfed80fff] (4KB) from e820 map
Oct 10 17:19:55 yduseche kernel: SMBIOS 3.1.1 present.
Oct 10 17:19:55 yduseche kernel: DMI: LENOVO 20NMS0C901/20NMS0C901, BIOS R13ET54W(1.28 ) 01/12/2023
Oct 10 17:19:55 yduseche kernel: DMI: Memory slots populated: 2/2
Oct 10 17:19:55 yduseche kernel: tsc: Fast TSC calibration using PIT
Oct 10 17:19:55 yduseche kernel: tsc: Detected 2096.078 MHz processor
Oct 10 17:19:55 yduseche kernel: e820: update [mem 0x00000000-0x00000fff] usable ==> reserved
Oct 10 17:19:55 yduseche kernel: e820: remove [mem 0x000a0000-0x000fffff] usable
Oct 10 17:19:55 yduseche kernel: last_pfn = 0x1bf000 max_arch_pfn = 0x400000000
Oct 10 17:19:55 yduseche kernel: x86/PAT: Configuration [0-7]: WB  WC  UC- UC  WB  WP  UC- WT  
Oct 10 17:19:55 yduseche kernel: last_pfn = 0xbf000 max_arch_pfn = 0x400000000
Oct 10 17:19:55 yduseche kernel: Kernel/User page tables isolation: force enabled on command line.
Oct 10 17:19:55 yduseche kernel: Using GB pages for direct mapping
Oct 10 17:19:55 yduseche kernel: Secure boot disabled
Oct 10 17:19:55 yduseche kernel: RAMDISK: [mem 0xa056b000-0xa3579fff]
Oct 10 17:19:55 yduseche kernel: ACPI: Early table checksum verification disabled
Oct 10 17:19:55 yduseche kernel: ACPI: RSDP 0x00000000BD7FD014 000024 (v02 LENOVO)
Oct 10 17:19:55 yduseche kernel: ACPI: XSDT 0x00000000BD7FB188 0000F4 (v01 LENOVO TP-R13   000011C0 PTEC 00000002)
Oct 10 17:19:55 yduseche kernel: ACPI: FACP 0x00000000BABD6000 00010C (v05 LENOVO TP-R13   000011C0 PTEC 00000002)
Oct 10 17:19:55 yduseche kernel: ACPI: DSDT 0x00000000BABC3000 00DAB3 (v01 LENOVO TP-R13   000011C0 INTL 20120711)
Oct 10 17:19:55 yduseche kernel: ACPI: FACS 0x00000000BD696000 000040
Oct 10 17:19:55 yduseche kernel: ACPI: SSDT 0x00000000BC03B000 000D2D (v01 LENOVO UsbCTabl 00000001 INTL 20120711)
Oct 10 17:19:55 yduseche kernel: ACPI: SSDT 0x00000000BC035000 005419 (v02 LENOVO TP-R13   00000002 MSFT 02000002)
Oct 10 17:19:55 yduseche kernel: ACPI: SSDT 0x00000000BBFE3000 000651 (v02 LENOVO Tpm2Tabl 00001000 INTL 20120711)
Oct 10 17:19:55 yduseche kernel: ACPI: TPM2 0x00000000BBFE2000 000034 (v03 LENOVO TP-R13   000011C0 PTEC 00000002)
Oct 10 17:19:55 yduseche kernel: ACPI: SSDT 0x00000000BBFE1000 000924 (v01 LENOVO WmiTable 00000001 INTL 20120711)
Oct 10 17:19:55 yduseche kernel: ACPI: ASF! 0x00000000BBFBC000 00006B (v32 LENOVO TP-R13   000011C0 PTEC 00000002)
Oct 10 17:19:55 yduseche kernel: ACPI: MSDM 0x00000000BBFBB000 000055 (v03 LENOVO TP-R13   000011C0 PTEC 00000002)
Oct 10 17:19:55 yduseche kernel: ACPI: SLIC 0x00000000BBDDE000 000176 (v01 LENOVO TP-R13   000011C0 PTEC 00000002)
Oct 10 17:19:55 yduseche kernel: ACPI: BATB 0x00000000BBDDD000 00004A (v02 LENOVO TP-R13   000011C0 PTEC 00000002)
Oct 10 17:19:55 yduseche kernel: ACPI: HPET 0x00000000BABD5000 000038 (v01 LENOVO TP-R13   000011C0 PTEC 00000002)
Oct 10 17:19:55 yduseche kernel: ACPI: APIC 0x00000000BABD4000 000138 (v02 LENOVO TP-R13   000011C0 PTEC 00000002)
Oct 10 17:19:55 yduseche kernel: ACPI: MCFG 0x00000000BABD3000 00003C (v01 LENOVO TP-R13   000011C0 PTEC 00000002)
Oct 10 17:19:55 yduseche kernel: ACPI: SBST 0x00000000BABD2000 000030 (v01 LENOVO TP-R13   000011C0 PTEC 00000002)
Oct 10 17:19:55 yduseche kernel: ACPI: WSMT 0x00000000BABD1000 000028 (v01 LENOVO TP-R13   000011C0 PTEC 00000002)
Oct 10 17:19:55 yduseche kernel: ACPI: VFCT 0x00000000BABB5000 00D484 (v01 LENOVO TP-R13   000011C0 PTEC 00000002)
Oct 10 17:19:55 yduseche kernel: ACPI: IVRS 0x00000000BABB4000 00013E (v02 LENOVO TP-R13   000011C0 PTEC 00000002)
Oct 10 17:19:55 yduseche kernel: ACPI: SSDT 0x00000000BABB2000 00119C (v01 LENOVO TP-R13   00000001 AMD  00000001)
Oct 10 17:19:55 yduseche kernel: ACPI: CRAT 0x00000000BABB1000 000810 (v01 LENOVO TP-R13   000011C0 PTEC 00000002)
Oct 10 17:19:55 yduseche kernel: ACPI: CDIT 0x00000000BABB0000 000029 (v01 LENOVO TP-R13   000011C0 PTEC 00000002)
Oct 10 17:19:55 yduseche kernel: ACPI: FPDT 0x00000000BABAF000 000034 (v01 LENOVO TP-R13   000011C0 PTEC 00000002)
Oct 10 17:19:55 yduseche kernel: ACPI: SSDT 0x00000000BABA9000 000CA3 (v01 LENOVO TP-R13   00000001 INTL 20120711)
Oct 10 17:19:55 yduseche kernel: ACPI: SSDT 0x00000000BABA7000 00112D (v01 LENOVO TP-R13   00000001 INTL 20120711)
Oct 10 17:19:55 yduseche kernel: ACPI: SSDT 0x00000000BABA4000 0025CD (v01 LENOVO TP-R13   00000001 INTL 20120711)
Oct 10 17:19:55 yduseche kernel: ACPI: UEFI 0x00000000BD695000 0000B2 (v01 LENOVO TP-R13   000011C0 PTEC 00000002)
Oct 10 17:19:55 yduseche kernel: ACPI: SSDT 0x00000000BABAE000 00036B (v01 LENOVO TP-R13   00000001 INTL 20120711)
Oct 10 17:19:55 yduseche kernel: ACPI: Reserving FACP table memory at [mem 0xbabd6000-0xbabd610b]
Oct 10 17:19:55 yduseche kernel: ACPI: Reserving DSDT table memory at [mem 0xbabc3000-0xbabd0ab2]
Oct 10 17:19:55 yduseche kernel: ACPI: Reserving FACS table memory at [mem 0xbd696000-0xbd69603f]
Oct 10 17:19:55 yduseche kernel: ACPI: Reserving SSDT table memory at [mem 0xbc03b000-0xbc03bd2c]
Oct 10 17:19:55 yduseche kernel: ACPI: Reserving SSDT table memory at [mem 0xbc035000-0xbc03a418]
Oct 10 17:19:55 yduseche kernel: ACPI: Reserving SSDT table memory at [mem 0xbbfe3000-0xbbfe3650]
Oct 10 17:19:55 yduseche kernel: ACPI: Reserving TPM2 table memory at [mem 0xbbfe2000-0xbbfe2033]
Oct 10 17:19:55 yduseche kernel: ACPI: Reserving SSDT table memory at [mem 0xbbfe1000-0xbbfe1923]
Oct 10 17:19:55 yduseche kernel: ACPI: Reserving ASF! table memory at [mem 0xbbfbc000-0xbbfbc06a]
Oct 10 17:19:55 yduseche kernel: ACPI: Reserving MSDM table memory at [mem 0xbbfbb000-0xbbfbb054]
Oct 10 17:19:55 yduseche kernel: ACPI: Reserving SLIC table memory at [mem 0xbbdde000-0xbbdde175]
Oct 10 17:19:55 yduseche kernel: ACPI: Reserving BATB table memory at [mem 0xbbddd000-0xbbddd049]
Oct 10 17:19:55 yduseche kernel: ACPI: Reserving HPET table memory at [mem 0xbabd5000-0xbabd5037]
Oct 10 17:19:55 yduseche kernel: ACPI: Reserving APIC table memory at [mem 0xbabd4000-0xbabd4137]
Oct 10 17:19:55 yduseche kernel: ACPI: Reserving MCFG table memory at [mem 0xbabd3000-0xbabd303b]
Oct 10 17:19:55 yduseche kernel: ACPI: Reserving SBST table memory at [mem 0xbabd2000-0xbabd202f]
Oct 10 17:19:55 yduseche kernel: ACPI: Reserving WSMT table memory at [mem 0xbabd1000-0xbabd1027]
Oct 10 17:19:55 yduseche kernel: ACPI: Reserving VFCT table memory at [mem 0xbabb5000-0xbabc2483]
Oct 10 17:19:55 yduseche kernel: ACPI: Reserving IVRS table memory at [mem 0xbabb4000-0xbabb413d]
Oct 10 17:19:55 yduseche kernel: ACPI: Reserving SSDT table memory at [mem 0xbabb2000-0xbabb319b]
Oct 10 17:19:55 yduseche kernel: ACPI: Reserving CRAT table memory at [mem 0xbabb1000-0xbabb180f]
Oct 10 17:19:55 yduseche kernel: ACPI: Reserving CDIT table memory at [mem 0xbabb0000-0xbabb0028]
Oct 10 17:19:55 yduseche kernel: ACPI: Reserving FPDT table memory at [mem 0xbabaf000-0xbabaf033]
Oct 10 17:19:55 yduseche kernel: ACPI: Reserving SSDT table memory at [mem 0xbaba9000-0xbaba9ca2]
Oct 10 17:19:55 yduseche kernel: ACPI: Reserving SSDT table memory at [mem 0xbaba7000-0xbaba812c]
Oct 10 17:19:55 yduseche kernel: ACPI: Reserving SSDT table memory at [mem 0xbaba4000-0xbaba65cc]
Oct 10 17:19:55 yduseche kernel: ACPI: Reserving UEFI table memory at [mem 0xbd695000-0xbd6950b1]
Oct 10 17:19:55 yduseche kernel: ACPI: Reserving SSDT table memory at [mem 0xbabae000-0xbabae36a]
Oct 10 17:19:55 yduseche kernel: No NUMA configuration found
Oct 10 17:19:55 yduseche kernel: Faking a node at [mem 0x0000000000000000-0x00000001beffffff]
Oct 10 17:19:55 yduseche kernel: NODE_DATA(0) allocated [mem 0x1befd3280-0x1beffdfff]
Oct 10 17:19:55 yduseche kernel: Zone ranges:
Oct 10 17:19:55 yduseche kernel:   DMA      [mem 0x0000000000001000-0x0000000000ffffff]
Oct 10 17:19:55 yduseche kernel:   DMA32    [mem 0x0000000001000000-0x00000000ffffffff]
Oct 10 17:19:55 yduseche kernel:   Normal   [mem 0x0000000100000000-0x00000001beffffff]
Oct 10 17:19:55 yduseche kernel:   Device   empty
Oct 10 17:19:55 yduseche kernel: Movable zone start for each node
Oct 10 17:19:55 yduseche kernel: Early memory node ranges
Oct 10 17:19:55 yduseche kernel:   node   0: [mem 0x0000000000001000-0x000000000009efff]
Oct 10 17:19:55 yduseche kernel:   node   0: [mem 0x0000000000100000-0x0000000009bfffff]
Oct 10 17:19:55 yduseche kernel:   node   0: [mem 0x0000000009cd1000-0x0000000009efffff]
Oct 10 17:19:55 yduseche kernel:   node   0: [mem 0x0000000009f0b000-0x00000000ac530fff]
Oct 10 17:19:55 yduseche kernel:   node   0: [mem 0x00000000ac533000-0x00000000ac551fff]
Oct 10 17:19:55 yduseche kernel:   node   0: [mem 0x00000000ac554000-0x00000000ba78ffff]
Oct 10 17:19:55 yduseche kernel:   node   0: [mem 0x00000000bd7fe000-0x00000000beffffff]
Oct 10 17:19:55 yduseche kernel:   node   0: [mem 0x0000000100000000-0x00000001beffffff]
Oct 10 17:19:55 yduseche kernel: On node 0, zone DMA: 97 pages in unavailable ranges
Oct 10 17:19:55 yduseche kernel: On node 0, zone DMA32: 209 pages in unavailable ranges
Oct 10 17:19:55 yduseche kernel: On node 0, zone DMA32: 11 pages in unavailable ranges
Oct 10 17:19:55 yduseche kernel: On node 0, zone DMA32: 12398 pages in unavailable ranges
Oct 10 17:19:55 yduseche kernel: On node 0, zone Normal: 4096 pages in unavailable ranges
Oct 10 17:19:55 yduseche kernel: On node 0, zone Normal: 4096 pages in unavailable ranges
Oct 10 17:19:55 yduseche kernel: ACPI: PM-Timer IO Port: 0x408
Oct 10 17:19:55 yduseche kernel: CPU topo: Ignoring hot-pluggable APIC ID 8 in present package.
Oct 10 17:19:55 yduseche kernel: ACPI: LAPIC_NMI (acpi_id[0x00] high edge lint[0x1])
Oct 10 17:19:55 yduseche kernel: ACPI: LAPIC_NMI (acpi_id[0x01] high edge lint[0x1])
Oct 10 17:19:55 yduseche kernel: ACPI: LAPIC_NMI (acpi_id[0x02] high edge lint[0x1])
Oct 10 17:19:55 yduseche kernel: ACPI: LAPIC_NMI (acpi_id[0x03] high edge lint[0x1])
Oct 10 17:19:55 yduseche kernel: ACPI: LAPIC_NMI (acpi_id[0x04] high edge lint[0x1])
Oct 10 17:19:55 yduseche kernel: ACPI: LAPIC_NMI (acpi_id[0x05] high edge lint[0x1])
Oct 10 17:19:55 yduseche kernel: ACPI: LAPIC_NMI (acpi_id[0x06] high edge lint[0x1])
Oct 10 17:19:55 yduseche kernel: ACPI: LAPIC_NMI (acpi_id[0x07] high edge lint[0x1])
Oct 10 17:19:55 yduseche kernel: ACPI: LAPIC_NMI (acpi_id[0x08] high edge lint[0x1])
Oct 10 17:19:55 yduseche kernel: ACPI: LAPIC_NMI (acpi_id[0x09] high edge lint[0x1])
Oct 10 17:19:55 yduseche kernel: ACPI: LAPIC_NMI (acpi_id[0x0a] high edge lint[0x1])
Oct 10 17:19:55 yduseche kernel: ACPI: LAPIC_NMI (acpi_id[0x0b] high edge lint[0x1])
Oct 10 17:19:55 yduseche kernel: ACPI: LAPIC_NMI (acpi_id[0x0c] high edge lint[0x1])
Oct 10 17:19:55 yduseche kernel: ACPI: LAPIC_NMI (acpi_id[0x0d] high edge lint[0x1])
Oct 10 17:19:55 yduseche kernel: ACPI: LAPIC_NMI (acpi_id[0x0e] high edge lint[0x1])
Oct 10 17:19:55 yduseche kernel: ACPI: LAPIC_NMI (acpi_id[0x0f] high edge lint[0x1])
Oct 10 17:19:55 yduseche kernel: IOAPIC[0]: apic_id 32, version 33, address 0xfec00000, GSI 0-23
Oct 10 17:19:55 yduseche kernel: IOAPIC[1]: apic_id 33, version 33, address 0xfec01000, GSI 24-55
Oct 10 17:19:55 yduseche kernel: ACPI: Using ACPI (MADT) for SMP configuration information
Oct 10 17:19:55 yduseche kernel: ACPI: HPET id: 0x43538210 base: 0xfed00000
Oct 10 17:19:55 yduseche kernel: CPU topo: Max. logical packages:   1
Oct 10 17:19:55 yduseche kernel: CPU topo: Max. logical dies:       1
Oct 10 17:19:55 yduseche kernel: CPU topo: Max. dies per package:   1
Oct 10 17:19:55 yduseche kernel: CPU topo: Max. threads per core:   2
Oct 10 17:19:55 yduseche kernel: CPU topo: Num. cores per package:     4
Oct 10 17:19:55 yduseche kernel: CPU topo: Num. threads per package:   8
Oct 10 17:19:55 yduseche kernel: CPU topo: Rejected CPUs 8
Oct 10 17:19:55 yduseche kernel: [mem 0xc0000000-0xfed7ffff] available for PCI devices
Oct 10 17:19:55 yduseche kernel: Booting paravirtualized kernel on bare hardware
Oct 10 17:19:55 yduseche kernel: clocksource: refined-jiffies: mask: 0xffffffff max_cycles: 0xffffffff, max_idle_ns: 1910969940391419 ns
Oct 10 17:19:55 yduseche kernel: setup_percpu: NR_CPUS:8192 nr_cpumask_bits:8 nr_cpu_ids:8 nr_node_ids:1
Oct 10 17:19:55 yduseche kernel: percpu: Embedded 83 pages/cpu s217088 r8192 d114688 u524288
Oct 10 17:19:55 yduseche kernel: pcpu-alloc: s217088 r8192 d114688 u524288 alloc=1*2097152
Oct 10 17:19:55 yduseche kernel: Kernel command line: pti=on page_alloc.shuffle=1 cryptdevice=UUID=20d77993-67b8-4bac-b57c-266e5e290ab8:cryptlvm root=/dev/ArchinstallVg/root zswap.enabled=0 rootflags=subvol=@ rw rootfstype=btrfs
Oct 10 17:19:55 yduseche kernel: Unknown kernel command line parameters "cryptdevice=UUID=20d77993-67b8-4bac-b57c-266e5e290ab8:cryptlvm", will be passed to user space.
Oct 10 17:19:55 yduseche kernel: printk: log buffer data + meta data: 131072 + 458752 = 589824 bytes
Oct 10 17:19:55 yduseche kernel: Dentry cache hash table entries: 1048576 (order: 11, 8388608 bytes, linear)
Oct 10 17:19:55 yduseche kernel: Inode-cache hash table entries: 524288 (order: 10, 4194304 bytes, linear)
Oct 10 17:19:55 yduseche kernel: software IO TLB: area num 8.
Oct 10 17:19:55 yduseche kernel: Policy zone: Normal
Oct 10 17:19:55 yduseche kernel: mem auto-init: stack:all(zero), heap alloc:on, heap free:on
Oct 10 17:19:55 yduseche kernel: mem auto-init: clearing system memory may take some time...
Oct 10 17:19:55 yduseche kernel: SLUB: HWalign=64, Order=0-3, MinObjects=0, CPUs=8, Nodes=1
Oct 10 17:19:55 yduseche kernel: Kernel/User page tables isolation: enabled
Oct 10 17:19:55 yduseche kernel: ftrace: allocating 54581 entries in 216 pages
Oct 10 17:19:55 yduseche kernel: Dynamic Preempt: full
Oct 10 17:19:55 yduseche kernel: rcu: Preemptible hierarchical RCU implementation.
Oct 10 17:19:55 yduseche kernel: rcu:         RCU restricting CPUs from NR_CPUS=8192 to nr_cpu_ids=8.
Oct 10 17:19:55 yduseche kernel:         Trampoline variant of Tasks RCU enabled.
Oct 10 17:19:55 yduseche kernel:         Rude variant of Tasks RCU enabled.
Oct 10 17:19:55 yduseche kernel:         Tracing variant of Tasks RCU enabled.
Oct 10 17:19:55 yduseche kernel: rcu: RCU calculated value of scheduler-enlistment delay is 100 jiffies.
Oct 10 17:19:55 yduseche kernel: rcu: Adjusting geometry for rcu_fanout_leaf=16, nr_cpu_ids=8
Oct 10 17:19:55 yduseche kernel: NR_IRQS: 524544, nr_irqs: 1032, preallocated irqs: 16
Oct 10 17:19:55 yduseche kernel: rcu: srcu_init: Setting srcu_struct sizes based on contention.
Oct 10 17:19:55 yduseche kernel: kfence: initialized - using 2097152 bytes for 255 objects at 0x(____ptrval____)-0x(____ptrval____)
Oct 10 17:19:55 yduseche kernel: Console: colour dummy device 80x25
Oct 10 17:19:55 yduseche kernel: printk: legacy console [tty0] enabled
Oct 10 17:19:55 yduseche kernel: ACPI: Core revision 20240827
Oct 10 17:19:55 yduseche kernel: clocksource: hpet: mask: 0xffffffff max_cycles: 0xffffffff, max_idle_ns: 133484873504 ns
Oct 10 17:19:55 yduseche kernel: APIC: Switch to symmetric I/O mode setup
Oct 10 17:19:55 yduseche kernel: AMD-Vi: ivrs, add hid:PNP0D40, uid:, rdevid:0x98
Oct 10 17:19:55 yduseche kernel: AMD-Vi: Using global IVHD EFR:0x4f77ef22294ada, EFR2:0x0
Oct 10 17:19:55 yduseche kernel: ..TIMER: vector=0x30 apic1=0 pin1=2 apic2=-1 pin2=-1
Oct 10 17:19:55 yduseche kernel: clocksource: tsc-early: mask: 0xffffffffffffffff max_cycles: 0x1e36b7aedcd, max_idle_ns: 440795301353 ns
Oct 10 17:19:55 yduseche kernel: Calibrating delay loop (skipped), value calculated using timer frequency.. 4192.15 BogoMIPS (lpj=2096078)
Oct 10 17:19:55 yduseche kernel: AMD Zen1 DIV0 bug detected. Disable SMT for full protection.
Oct 10 17:19:55 yduseche kernel: Last level iTLB entries: 4KB 1024, 2MB 1024, 4MB 512
Oct 10 17:19:55 yduseche kernel: Last level dTLB entries: 4KB 1536, 2MB 1536, 4MB 768, 1GB 0
Oct 10 17:19:55 yduseche kernel: process: using mwait in idle threads
Oct 10 17:19:55 yduseche kernel: Spectre V1 : Mitigation: usercopy/swapgs barriers and __user pointer sanitization
Oct 10 17:19:55 yduseche kernel: Spectre V2 : Mitigation: Retpolines
Oct 10 17:19:55 yduseche kernel: Spectre V2 : Spectre v2 / SpectreRSB: Filling RSB on context switch and VMEXIT
Oct 10 17:19:55 yduseche kernel: Spectre V2 : Enabling Speculation Barrier for firmware calls
Oct 10 17:19:55 yduseche kernel: active return thunk: retbleed_return_thunk
Oct 10 17:19:55 yduseche kernel: RETBleed: Mitigation: untrained return thunk
Oct 10 17:19:55 yduseche kernel: Spectre V2 : mitigation: Enabling conditional Indirect Branch Prediction Barrier
Oct 10 17:19:55 yduseche kernel: Speculative Store Bypass: Mitigation: Speculative Store Bypass disabled via prctl
Oct 10 17:19:55 yduseche kernel: active return thunk: srso_return_thunk
Oct 10 17:19:55 yduseche kernel: Speculative Return Stack Overflow: Mitigation: Safe RET
Oct 10 17:19:55 yduseche kernel: x86/fpu: Supporting XSAVE feature 0x001: 'x87 floating point registers'
Oct 10 17:19:55 yduseche kernel: x86/fpu: Supporting XSAVE feature 0x002: 'SSE registers'
Oct 10 17:19:55 yduseche kernel: x86/fpu: Supporting XSAVE feature 0x004: 'AVX registers'
Oct 10 17:19:55 yduseche kernel: x86/fpu: xstate_offset[2]:  576, xstate_sizes[2]:  256
Oct 10 17:19:55 yduseche kernel: x86/fpu: Enabled xstate features 0x7, context size is 832 bytes, using 'compacted' format.
Oct 10 17:19:55 yduseche kernel: Freeing SMP alternatives memory: 52K
Oct 10 17:19:55 yduseche kernel: pid_max: default: 32768 minimum: 301
Oct 10 17:19:55 yduseche kernel: LSM: initializing lsm=capability,landlock,lockdown,yama,bpf
Oct 10 17:19:55 yduseche kernel: landlock: Up and running.
Oct 10 17:19:55 yduseche kernel: Yama: becoming mindful.
Oct 10 17:19:55 yduseche kernel: LSM support for eBPF active
Oct 10 17:19:55 yduseche kernel: Mount-cache hash table entries: 16384 (order: 5, 131072 bytes, linear)
Oct 10 17:19:55 yduseche kernel: Mountpoint-cache hash table entries: 16384 (order: 5, 131072 bytes, linear)
Oct 10 17:19:55 yduseche kernel: Performance Events: Fam17h+ core perfctr, AMD PMU driver.
Oct 10 17:19:55 yduseche kernel: ... version:                0
Oct 10 17:19:55 yduseche kernel: ... bit width:              48
Oct 10 17:19:55 yduseche kernel: ... generic registers:      6
Oct 10 17:19:55 yduseche kernel: ... value mask:             0000ffffffffffff
Oct 10 17:19:55 yduseche kernel: ... max period:             00007fffffffffff
Oct 10 17:19:55 yduseche kernel: ... fixed-purpose events:   0
Oct 10 17:19:55 yduseche kernel: ... event mask:             000000000000003f
Oct 10 17:19:55 yduseche kernel: signal: max sigframe size: 1776
Oct 10 17:19:55 yduseche kernel: rcu: Hierarchical SRCU implementation.
Oct 10 17:19:55 yduseche kernel: rcu:         Max phase no-delay instances is 400.
Oct 10 17:19:55 yduseche kernel: MCE: In-kernel MCE decoding enabled.
Oct 10 17:19:55 yduseche kernel: NMI watchdog: Enabled. Permanently consumes one hw-PMU counter.
Oct 10 17:19:55 yduseche kernel: smp: Bringing up secondary CPUs ...
Oct 10 17:19:55 yduseche kernel: smpboot: x86: Booting SMP configuration:
Oct 10 17:19:55 yduseche kernel: .... node  #0, CPUs:      #2 #4 #6 #1 #3 #5 #7
Oct 10 17:19:55 yduseche kernel: smpboot: Total of 8 processors activated (33537.24 BogoMIPS)
Oct 10 17:19:55 yduseche kernel: Memory: 5903976K/6207808K available (19184K kernel code, 2894K rwdata, 15388K rodata, 5068K init, 4688K bss, 287476K reserved, 0K cma-reserved)
Oct 10 17:19:55 yduseche kernel: devtmpfs: initialized
Oct 10 17:19:55 yduseche kernel: x86/mm: Memory block size: 128MB
Oct 10 17:19:55 yduseche kernel: ACPI: PM: Registering ACPI NVS region [mem 0x09f00000-0x09f0afff] (45056 bytes)
Oct 10 17:19:55 yduseche kernel: ACPI: PM: Registering ACPI NVS region [mem 0xbd661000-0xbd7f9fff] (1675264 bytes)
Oct 10 17:19:55 yduseche kernel: clocksource: jiffies: mask: 0xffffffff max_cycles: 0xffffffff, max_idle_ns: 1911260446275000 ns
Oct 10 17:19:55 yduseche kernel: posixtimers hash table entries: 4096 (order: 4, 65536 bytes, linear)
Oct 10 17:19:55 yduseche kernel: futex hash table entries: 2048 (order: 5, 131072 bytes, linear)
Oct 10 17:19:55 yduseche kernel: pinctrl core: initialized pinctrl subsystem
Oct 10 17:19:55 yduseche kernel: pinctrl core: failed to create debugfs directory
Oct 10 17:19:55 yduseche kernel: PM: RTC time: 15:19:05, date: 2025-10-10
Oct 10 17:19:55 yduseche kernel: NET: Registered PF_NETLINK/PF_ROUTE protocol family
Oct 10 17:19:55 yduseche kernel: DMA: preallocated 1024 KiB GFP_KERNEL pool for atomic allocations
Oct 10 17:19:55 yduseche kernel: DMA: preallocated 1024 KiB GFP_KERNEL|GFP_DMA pool for atomic allocations
Oct 10 17:19:55 yduseche kernel: DMA: preallocated 1024 KiB GFP_KERNEL|GFP_DMA32 pool for atomic allocations
Oct 10 17:19:55 yduseche kernel: audit: initializing netlink subsys (disabled)
Oct 10 17:19:55 yduseche kernel: audit: type=2000 audit(1760109545.196:1): state=initialized audit_enabled=0 res=1
Oct 10 17:19:55 yduseche kernel: thermal_sys: Registered thermal governor 'fair_share'
Oct 10 17:19:55 yduseche kernel: thermal_sys: Registered thermal governor 'bang_bang'
Oct 10 17:19:55 yduseche kernel: thermal_sys: Registered thermal governor 'step_wise'
Oct 10 17:19:55 yduseche kernel: thermal_sys: Registered thermal governor 'user_space'
Oct 10 17:19:55 yduseche kernel: thermal_sys: Registered thermal governor 'power_allocator'
Oct 10 17:19:55 yduseche kernel: cpuidle: using governor ladder
Oct 10 17:19:55 yduseche kernel: cpuidle: using governor menu
Oct 10 17:19:55 yduseche kernel: ACPI FADT declares the system doesn't support PCIe ASPM, so disable it
Oct 10 17:19:55 yduseche kernel: acpiphp: ACPI Hot Plug PCI Controller Driver version: 0.5
Oct 10 17:19:55 yduseche kernel: PCI: ECAM [mem 0xf8000000-0xfbffffff] (base 0xf8000000) for domain 0000 [bus 00-3f]
Oct 10 17:19:55 yduseche kernel: kprobes: kprobe jump-optimization is enabled. All kprobes are optimized if possible.
Oct 10 17:19:55 yduseche kernel: HugeTLB: allocation took 0ms with hugepage_allocation_threads=2
Oct 10 17:19:55 yduseche kernel: HugeTLB: 16380 KiB vmemmap can be freed for a 1.00 GiB page
Oct 10 17:19:55 yduseche kernel: HugeTLB: 28 KiB vmemmap can be freed for a 2.00 MiB page
Oct 10 17:19:55 yduseche kernel: raid6: skipped pq benchmark and selected avx2x4
Oct 10 17:19:55 yduseche kernel: raid6: using avx2x2 recovery algorithm
Oct 10 17:19:55 yduseche kernel: ACPI: Added _OSI(Module Device)
Oct 10 17:19:55 yduseche kernel: ACPI: Added _OSI(Processor Device)
Oct 10 17:19:55 yduseche kernel: ACPI: Added _OSI(Processor Aggregator Device)
Oct 10 17:19:55 yduseche kernel: ACPI: 10 ACPI AML tables successfully acquired and loaded
Oct 10 17:19:55 yduseche kernel: ACPI: [Firmware Bug]: BIOS _OSI(Linux) query ignored
Oct 10 17:19:55 yduseche kernel: ACPI: EC: EC started
Oct 10 17:19:55 yduseche kernel: ACPI: EC: interrupt blocked
Oct 10 17:19:55 yduseche kernel: ACPI: EC: EC_CMD/EC_SC=0x66, EC_DATA=0x62
Oct 10 17:19:55 yduseche kernel: ACPI: \_SB_.PCI0.LPC0.EC0_: Boot DSDT EC used to handle transactions
Oct 10 17:19:55 yduseche kernel: ACPI: Interpreter enabled
Oct 10 17:19:55 yduseche kernel: ACPI: PM: (supports S0 S3 S5)
Oct 10 17:19:55 yduseche kernel: ACPI: Using IOAPIC for interrupt routing
Oct 10 17:19:55 yduseche kernel: PCI: Using host bridge windows from ACPI; if necessary, use "pci=nocrs" and report a bug
Oct 10 17:19:55 yduseche kernel: PCI: Ignoring E820 reservations for host bridge windows
Oct 10 17:19:55 yduseche kernel: ACPI: \_SB_.PCI0.GPP1.PXSX.WRST: New power resource
Oct 10 17:19:55 yduseche kernel: ACPI: \_SB_.PCI0.GP17.XHC0.PUBS: New power resource
Oct 10 17:19:55 yduseche kernel: ACPI: PCI Root Bridge [PCI0] (domain 0000 [bus 00-ff])
Oct 10 17:19:55 yduseche kernel: acpi PNP0A08:00: _OSC: OS supports [ExtendedConfig ASPM ClockPM Segments MSI EDR HPX-Type3]
Oct 10 17:19:55 yduseche kernel: acpi PNP0A08:00: _OSC: platform does not support [SHPCHotplug LTR DPC]
Oct 10 17:19:55 yduseche kernel: acpi PNP0A08:00: _OSC: OS now controls [PCIeHotplug PME AER PCIeCapability]
Oct 10 17:19:55 yduseche kernel: acpi PNP0A08:00: FADT indicates ASPM is unsupported, using BIOS configuration
Oct 10 17:19:55 yduseche kernel: acpi PNP0A08:00: [Firmware Info]: ECAM [mem 0xf8000000-0xfbffffff] for domain 0000 [bus 00-3f] only partially covers this bridge
Oct 10 17:19:55 yduseche kernel: PCI host bridge to bus 0000:00
Oct 10 17:19:55 yduseche kernel: pci_bus 0000:00: root bus resource [mem 0x000a0000-0x000bffff window]
Oct 10 17:19:55 yduseche kernel: pci_bus 0000:00: root bus resource [mem 0xc0000000-0xf7ffffff window]
Oct 10 17:19:55 yduseche kernel: pci_bus 0000:00: root bus resource [mem 0xfc000000-0xfdffffff window]
Oct 10 17:19:55 yduseche kernel: pci_bus 0000:00: root bus resource [io  0x0000-0x0cf7 window]
Oct 10 17:19:55 yduseche kernel: pci_bus 0000:00: root bus resource [io  0x0d00-0xffff window]
Oct 10 17:19:55 yduseche kernel: pci_bus 0000:00: root bus resource [bus 00-ff]
Oct 10 17:19:55 yduseche kernel: pci 0000:00:00.0: [1022:15d0] type 00 class 0x060000 conventional PCI endpoint
Oct 10 17:19:55 yduseche kernel: pci 0000:00:00.2: [1022:15d1] type 00 class 0x080600 conventional PCI endpoint
Oct 10 17:19:55 yduseche kernel: pci 0000:00:01.0: [1022:1452] type 00 class 0x060000 conventional PCI endpoint
Oct 10 17:19:55 yduseche kernel: pci 0000:00:01.2: [1022:15d3] type 01 class 0x060400 PCIe Root Port
Oct 10 17:19:55 yduseche kernel: pci 0000:00:01.2: PCI bridge to [bus 01]
Oct 10 17:19:55 yduseche kernel: pci 0000:00:01.2:   bridge window [mem 0xd0900000-0xd09fffff]
Oct 10 17:19:55 yduseche kernel: pci 0000:00:01.2: enabling Extended Tags
Oct 10 17:19:55 yduseche kernel: pci 0000:00:01.2: PME# supported from D0 D3hot D3cold
Oct 10 17:19:55 yduseche kernel: pci 0000:00:01.3: [1022:15d3] type 01 class 0x060400 PCIe Root Port
Oct 10 17:19:55 yduseche kernel: pci 0000:00:01.3: PCI bridge to [bus 02]
Oct 10 17:19:55 yduseche kernel: pci 0000:00:01.3:   bridge window [mem 0xd0800000-0xd08fffff]
Oct 10 17:19:55 yduseche kernel: pci 0000:00:01.3: enabling Extended Tags
Oct 10 17:19:55 yduseche kernel: pci 0000:00:01.3: PME# supported from D0 D3hot D3cold
Oct 10 17:19:55 yduseche kernel: pci 0000:00:01.4: [1022:15d3] type 01 class 0x060400 PCIe Root Port
Oct 10 17:19:55 yduseche kernel: pci 0000:00:01.4: PCI bridge to [bus 03]
Oct 10 17:19:55 yduseche kernel: pci 0000:00:01.4:   bridge window [io  0x2000-0x2fff]
Oct 10 17:19:55 yduseche kernel: pci 0000:00:01.4:   bridge window [mem 0xd0700000-0xd07fffff]
Oct 10 17:19:55 yduseche kernel: pci 0000:00:01.4: enabling Extended Tags
Oct 10 17:19:55 yduseche kernel: pci 0000:00:01.4: PME# supported from D0 D3hot D3cold
Oct 10 17:19:55 yduseche kernel: pci 0000:00:01.7: [1022:15d3] type 01 class 0x060400 PCIe Root Port
Oct 10 17:19:55 yduseche kernel: pci 0000:00:01.7: PCI bridge to [bus 04]
Oct 10 17:19:55 yduseche kernel: pci 0000:00:01.7:   bridge window [mem 0xd0600000-0xd06fffff]
Oct 10 17:19:55 yduseche kernel: pci 0000:00:01.7: enabling Extended Tags
Oct 10 17:19:55 yduseche kernel: pci 0000:00:01.7: PME# supported from D0 D3hot D3cold
Oct 10 17:19:55 yduseche kernel: pci 0000:00:08.0: [1022:1452] type 00 class 0x060000 conventional PCI endpoint
Oct 10 17:19:55 yduseche kernel: pci 0000:00:08.1: [1022:15db] type 01 class 0x060400 PCIe Root Port
Oct 10 17:19:55 yduseche kernel: pci 0000:00:08.1: PCI bridge to [bus 05]
Oct 10 17:19:55 yduseche kernel: pci 0000:00:08.1:   bridge window [io  0x1000-0x1fff]
Oct 10 17:19:55 yduseche kernel: pci 0000:00:08.1:   bridge window [mem 0xd0200000-0xd05fffff]
Oct 10 17:19:55 yduseche kernel: pci 0000:00:08.1:   bridge window [mem 0xc0000000-0xd01fffff 64bit pref]
Oct 10 17:19:55 yduseche kernel: pci 0000:00:08.1: enabling Extended Tags
Oct 10 17:19:55 yduseche kernel: pci 0000:00:08.1: PME# supported from D0 D3hot D3cold
Oct 10 17:19:55 yduseche kernel: pci 0000:00:14.0: [1022:790b] type 00 class 0x0c0500 conventional PCI endpoint
Oct 10 17:19:55 yduseche kernel: pci 0000:00:14.3: [1022:790e] type 00 class 0x060100 conventional PCI endpoint
Oct 10 17:19:55 yduseche kernel: pci 0000:00:18.0: [1022:15e8] type 00 class 0x060000 conventional PCI endpoint
Oct 10 17:19:55 yduseche kernel: pci 0000:00:18.1: [1022:15e9] type 00 class 0x060000 conventional PCI endpoint
Oct 10 17:19:55 yduseche kernel: pci 0000:00:18.2: [1022:15ea] type 00 class 0x060000 conventional PCI endpoint
Oct 10 17:19:55 yduseche kernel: pci 0000:00:18.3: [1022:15eb] type 00 class 0x060000 conventional PCI endpoint
Oct 10 17:19:55 yduseche kernel: pci 0000:00:18.4: [1022:15ec] type 00 class 0x060000 conventional PCI endpoint
Oct 10 17:19:55 yduseche kernel: pci 0000:00:18.5: [1022:15ed] type 00 class 0x060000 conventional PCI endpoint
Oct 10 17:19:55 yduseche kernel: pci 0000:00:18.6: [1022:15ee] type 00 class 0x060000 conventional PCI endpoint
Oct 10 17:19:55 yduseche kernel: pci 0000:00:18.7: [1022:15ef] type 00 class 0x060000 conventional PCI endpoint
Oct 10 17:19:55 yduseche kernel: pci 0000:01:00.0: [8086:2526] type 00 class 0x028000 PCIe Endpoint
Oct 10 17:19:55 yduseche kernel: pci 0000:01:00.0: PME# supported from D0 D3hot D3cold
Oct 10 17:19:55 yduseche kernel: pci 0000:00:01.2: PCI bridge to [bus 01]
Oct 10 17:19:55 yduseche kernel: pci 0000:02:00.0: [144d:a808] type 00 class 0x010802 PCIe Endpoint
Oct 10 17:19:55 yduseche kernel: pci 0000:00:01.3: PCI bridge to [bus 02]
Oct 10 17:19:55 yduseche kernel: pci 0000:03:00.0: [10ec:8168] type 00 class 0x020000 PCIe Endpoint
Oct 10 17:19:55 yduseche kernel: pci 0000:03:00.0: supports D1 D2
Oct 10 17:19:55 yduseche kernel: pci 0000:03:00.0: PME# supported from D0 D1 D2 D3hot D3cold
Oct 10 17:19:55 yduseche kernel: pci 0000:03:00.1: [10ec:816a] type 00 class 0x070002 PCIe Endpoint
Oct 10 17:19:55 yduseche kernel: pci 0000:03:00.1: supports D1 D2
Oct 10 17:19:55 yduseche kernel: pci 0000:03:00.1: PME# supported from D0 D1 D2 D3hot D3cold
Oct 10 17:19:55 yduseche kernel: pci 0000:03:00.2: [10ec:816b] type 00 class 0x070002 PCIe Endpoint
Oct 10 17:19:55 yduseche kernel: pci 0000:03:00.2: supports D1 D2
Oct 10 17:19:55 yduseche kernel: pci 0000:03:00.2: PME# supported from D0 D1 D2 D3hot D3cold
Oct 10 17:19:55 yduseche kernel: pci 0000:03:00.3: [10ec:816c] type 00 class 0x0c0701 PCIe Endpoint
Oct 10 17:19:55 yduseche kernel: pci 0000:03:00.3: supports D1 D2
Oct 10 17:19:55 yduseche kernel: pci 0000:03:00.3: PME# supported from D0 D1 D2 D3hot D3cold
Oct 10 17:19:55 yduseche kernel: pci 0000:03:00.4: [10ec:816d] type 00 class 0x0c0320 PCIe Endpoint
Oct 10 17:19:55 yduseche kernel: pci 0000:03:00.4: PME# supported from D0 D3cold
Oct 10 17:19:55 yduseche kernel: pci 0000:00:01.4: PCI bridge to [bus 03]
Oct 10 17:19:55 yduseche kernel: pci 0000:04:00.0: [10ec:522a] type 00 class 0xff0000 PCIe Endpoint
Oct 10 17:19:55 yduseche kernel: pci 0000:04:00.0: supports D1 D2
Oct 10 17:19:55 yduseche kernel: pci 0000:04:00.0: PME# supported from D1 D2 D3hot D3cold
Oct 10 17:19:55 yduseche kernel: pci 0000:00:01.7: PCI bridge to [bus 04]
Oct 10 17:19:55 yduseche kernel: pci 0000:05:00.0: [1002:15d8] type 00 class 0x030000 PCIe Legacy Endpoint
Oct 10 17:19:55 yduseche kernel: pci 0000:05:00.0: enabling Extended Tags
Oct 10 17:19:55 yduseche kernel: pci 0000:05:00.0: PME# supported from D1 D2 D3hot D3cold
Oct 10 17:19:55 yduseche kernel: pci 0000:05:00.1: [1002:15de] type 00 class 0x040300 PCIe Legacy Endpoint
Oct 10 17:19:55 yduseche kernel: pci 0000:05:00.1: enabling Extended Tags
Oct 10 17:19:55 yduseche kernel: pci 0000:05:00.1: PME# supported from D1 D2 D3hot D3cold
Oct 10 17:19:55 yduseche kernel: pci 0000:05:00.2: [1022:15df] type 00 class 0x108000 PCIe Endpoint
Oct 10 17:19:55 yduseche kernel: pci 0000:05:00.2: enabling Extended Tags
Oct 10 17:19:55 yduseche kernel: pci 0000:05:00.3: [1022:15e0] type 00 class 0x0c0330 PCIe Endpoint
Oct 10 17:19:55 yduseche kernel: pci 0000:05:00.3: enabling Extended Tags
Oct 10 17:19:55 yduseche kernel: pci 0000:05:00.3: PME# supported from D0 D3hot D3cold
Oct 10 17:19:55 yduseche kernel: pci 0000:05:00.4: [1022:15e1] type 00 class 0x0c0330 PCIe Endpoint
Oct 10 17:19:55 yduseche kernel: pci 0000:05:00.4: enabling Extended Tags
Oct 10 17:19:55 yduseche kernel: pci 0000:05:00.4: PME# supported from D0 D3hot D3cold
Oct 10 17:19:55 yduseche kernel: pci 0000:05:00.5: [1022:15e2] type 00 class 0x048000 PCIe Endpoint
Oct 10 17:19:55 yduseche kernel: pci 0000:05:00.5: enabling Extended Tags
Oct 10 17:19:55 yduseche kernel: pci 0000:05:00.5: PME# supported from D0 D3hot D3cold
Oct 10 17:19:55 yduseche kernel: pci 0000:05:00.6: [1022:15e3] type 00 class 0x040300 PCIe Endpoint
Oct 10 17:19:55 yduseche kernel: pci 0000:05:00.6: enabling Extended Tags
Oct 10 17:19:55 yduseche kernel: pci 0000:05:00.6: PME# supported from D0 D3hot D3cold
Oct 10 17:19:55 yduseche kernel: pci 0000:00:08.1: PCI bridge to [bus 05]
Oct 10 17:19:55 yduseche kernel: ACPI: PCI: Interrupt link LNKA configured for IRQ 0
Oct 10 17:19:55 yduseche kernel: ACPI: PCI: Interrupt link LNKB configured for IRQ 0
Oct 10 17:19:55 yduseche kernel: ACPI: PCI: Interrupt link LNKC configured for IRQ 0
Oct 10 17:19:55 yduseche kernel: ACPI: PCI: Interrupt link LNKD configured for IRQ 0
Oct 10 17:19:55 yduseche kernel: ACPI: PCI: Interrupt link LNKE configured for IRQ 0
Oct 10 17:19:55 yduseche kernel: ACPI: PCI: Interrupt link LNKF configured for IRQ 0
Oct 10 17:19:55 yduseche kernel: ACPI: PCI: Interrupt link LNKG configured for IRQ 0
Oct 10 17:19:55 yduseche kernel: ACPI: PCI: Interrupt link LNKH configured for IRQ 0
Oct 10 17:19:55 yduseche kernel: ACPI: EC: interrupt unblocked
Oct 10 17:19:55 yduseche kernel: ACPI: EC: event unblocked
Oct 10 17:19:55 yduseche kernel: ACPI: EC: EC_CMD/EC_SC=0x66, EC_DATA=0x62
Oct 10 17:19:55 yduseche kernel: ACPI: EC: GPE=0x3
Oct 10 17:19:55 yduseche kernel: ACPI: \_SB_.PCI0.LPC0.EC0_: Boot DSDT EC initialization complete
Oct 10 17:19:55 yduseche kernel: ACPI: \_SB_.PCI0.LPC0.EC0_: EC: Used to handle transactions and events
Oct 10 17:19:55 yduseche kernel: iommu: Default domain type: Translated
Oct 10 17:19:55 yduseche kernel: iommu: DMA domain TLB invalidation policy: strict mode
Oct 10 17:19:55 yduseche kernel: SCSI subsystem initialized
Oct 10 17:19:55 yduseche kernel: libata version 3.00 loaded.
Oct 10 17:19:55 yduseche kernel: ACPI: bus type USB registered
Oct 10 17:19:55 yduseche kernel: usbcore: registered new interface driver usbfs
Oct 10 17:19:55 yduseche kernel: usbcore: registered new interface driver hub
Oct 10 17:19:55 yduseche kernel: usbcore: registered new device driver usb
Oct 10 17:19:55 yduseche kernel: EDAC MC: Ver: 3.0.0
Oct 10 17:19:55 yduseche kernel: efivars: Registered efivars operations
Oct 10 17:19:55 yduseche kernel: NetLabel: Initializing
Oct 10 17:19:55 yduseche kernel: NetLabel:  domain hash size = 128
Oct 10 17:19:55 yduseche kernel: NetLabel:  protocols = UNLABELED CIPSOv4 CALIPSO
Oct 10 17:19:55 yduseche kernel: NetLabel:  unlabeled traffic allowed by default
Oct 10 17:19:55 yduseche kernel: mctp: management component transport protocol core
Oct 10 17:19:55 yduseche kernel: NET: Registered PF_MCTP protocol family
Oct 10 17:19:55 yduseche kernel: PCI: Using ACPI for IRQ routing
Oct 10 17:19:55 yduseche kernel: PCI: pci_cache_line_size set to 64 bytes
Oct 10 17:19:55 yduseche kernel: e820: reserve RAM buffer [mem 0x0009f000-0x0009ffff]
Oct 10 17:19:55 yduseche kernel: e820: reserve RAM buffer [mem 0x09c00000-0x0bffffff]
Oct 10 17:19:55 yduseche kernel: e820: reserve RAM buffer [mem 0x09f00000-0x0bffffff]
Oct 10 17:19:55 yduseche kernel: e820: reserve RAM buffer [mem 0xac531000-0xafffffff]
Oct 10 17:19:55 yduseche kernel: e820: reserve RAM buffer [mem 0xac552000-0xafffffff]
Oct 10 17:19:55 yduseche kernel: e820: reserve RAM buffer [mem 0xba790000-0xbbffffff]
Oct 10 17:19:55 yduseche kernel: e820: reserve RAM buffer [mem 0xbf000000-0xbfffffff]
Oct 10 17:19:55 yduseche kernel: e820: reserve RAM buffer [mem 0x1bf000000-0x1bfffffff]
Oct 10 17:19:55 yduseche kernel: pci 0000:05:00.0: vgaarb: setting as boot VGA device
Oct 10 17:19:55 yduseche kernel: pci 0000:05:00.0: vgaarb: bridge control possible
Oct 10 17:19:55 yduseche kernel: pci 0000:05:00.0: vgaarb: VGA device added: decodes=io+mem,owns=none,locks=none
Oct 10 17:19:55 yduseche kernel: vgaarb: loaded
Oct 10 17:19:55 yduseche kernel: hpet0: at MMIO 0xfed00000, IRQs 2, 8, 0
Oct 10 17:19:55 yduseche kernel: Could not create 'lock_event_counts' debugfs entries
Oct 10 17:19:55 yduseche kernel: clocksource: Switched to clocksource tsc-early
Oct 10 17:19:55 yduseche kernel: VFS: Disk quotas dquot_6.6.0
Oct 10 17:19:55 yduseche kernel: VFS: Dquot-cache hash table entries: 512 (order 0, 4096 bytes)
Oct 10 17:19:55 yduseche kernel: pnp: PnP ACPI init
Oct 10 17:19:55 yduseche kernel: system 00:00: [io  0x0f50-0x0f51] has been reserved
Oct 10 17:19:55 yduseche kernel: system 00:00: [mem 0xfec00000-0xfec01fff] could not be reserved
Oct 10 17:19:55 yduseche kernel: system 00:00: [mem 0xfee00000-0xfee00fff] has been reserved
Oct 10 17:19:55 yduseche kernel: system 00:00: [mem 0xf8000000-0xfbffffff] has been reserved
Oct 10 17:19:55 yduseche kernel: system 00:02: [io  0x04d0-0x04d1] has been reserved
Oct 10 17:19:55 yduseche kernel: system 00:02: [io  0x0530-0x0537] has been reserved
Oct 10 17:19:55 yduseche kernel: system 00:02: [io  0x0400-0x0427] has been reserved
Oct 10 17:19:55 yduseche kernel: system 00:02: [io  0x0430] has been reserved
Oct 10 17:19:55 yduseche kernel: system 00:02: [io  0x0440-0x0447] has been reserved
Oct 10 17:19:55 yduseche kernel: system 00:02: [io  0x0b00-0x0b1f] has been reserved
Oct 10 17:19:55 yduseche kernel: system 00:02: [io  0x0b20-0x0b3f] has been reserved
Oct 10 17:19:55 yduseche kernel: system 00:02: [io  0x0c00-0x0c01] has been reserved
Oct 10 17:19:55 yduseche kernel: system 00:02: [io  0x0c14] has been reserved
Oct 10 17:19:55 yduseche kernel: system 00:02: [io  0x0c50-0x0c52] has been reserved
Oct 10 17:19:55 yduseche kernel: system 00:02: [io  0x0cd0-0x0cd1] has been reserved
Oct 10 17:19:55 yduseche kernel: system 00:02: [io  0x0cd2-0x0cd3] has been reserved
Oct 10 17:19:55 yduseche kernel: system 00:02: [io  0x0cd4-0x0cd5] has been reserved
Oct 10 17:19:55 yduseche kernel: system 00:02: [io  0x0cd6-0x0cd7] has been reserved
Oct 10 17:19:55 yduseche kernel: system 00:02: [io  0x0cd8-0x0cdf] has been reserved
Oct 10 17:19:55 yduseche kernel: system 00:02: [io  0x0cf9] could not be reserved
Oct 10 17:19:55 yduseche kernel: system 00:02: [io  0x8100-0x81ff window] has been reserved
Oct 10 17:19:55 yduseche kernel: system 00:02: [io  0x8200-0x82ff window] has been reserved
Oct 10 17:19:55 yduseche kernel: system 00:03: [mem 0x000e0000-0x000fffff] could not be reserved
Oct 10 17:19:55 yduseche kernel: system 00:03: [mem 0xff000000-0xffffffff] has been reserved
Oct 10 17:19:55 yduseche kernel: system 00:03: [mem 0xfec10000-0xfec1001f] has been reserved
Oct 10 17:19:55 yduseche kernel: system 00:03: [mem 0xfed00000-0xfed003ff] has been reserved
Oct 10 17:19:55 yduseche kernel: system 00:03: [mem 0xfed61000-0xfed613ff] has been reserved
Oct 10 17:19:55 yduseche kernel: system 00:03: [mem 0xfed80000-0xfed80fff] has been reserved
Oct 10 17:19:55 yduseche kernel: pnp: PnP ACPI: found 6 devices
Oct 10 17:19:55 yduseche kernel: clocksource: acpi_pm: mask: 0xffffff max_cycles: 0xffffff, max_idle_ns: 2085701024 ns
Oct 10 17:19:55 yduseche kernel: NET: Registered PF_INET protocol family
Oct 10 17:19:55 yduseche kernel: IP idents hash table entries: 131072 (order: 8, 1048576 bytes, linear)
Oct 10 17:19:55 yduseche kernel: tcp_listen_portaddr_hash hash table entries: 4096 (order: 4, 65536 bytes, linear)
Oct 10 17:19:55 yduseche kernel: Table-perturb hash table entries: 65536 (order: 6, 262144 bytes, linear)
Oct 10 17:19:55 yduseche kernel: TCP established hash table entries: 65536 (order: 7, 524288 bytes, linear)
Oct 10 17:19:55 yduseche kernel: TCP bind hash table entries: 65536 (order: 9, 2097152 bytes, linear)
Oct 10 17:19:55 yduseche kernel: TCP: Hash tables configured (established 65536 bind 65536)
Oct 10 17:19:55 yduseche kernel: MPTCP token hash table entries: 8192 (order: 5, 196608 bytes, linear)
Oct 10 17:19:55 yduseche kernel: UDP hash table entries: 4096 (order: 6, 262144 bytes, linear)
Oct 10 17:19:55 yduseche kernel: UDP-Lite hash table entries: 4096 (order: 6, 262144 bytes, linear)
Oct 10 17:19:55 yduseche kernel: NET: Registered PF_UNIX/PF_LOCAL protocol family
Oct 10 17:19:55 yduseche kernel: NET: Registered PF_XDP protocol family
Oct 10 17:19:55 yduseche kernel: pci 0000:00:01.2: bridge window [io  0x1000-0x0fff] to [bus 01] add_size 1000
Oct 10 17:19:55 yduseche kernel: pci 0000:00:01.2: bridge window [mem 0x00100000-0x000fffff 64bit pref] to [bus 01] add_size 200000 add_align 100000
Oct 10 17:19:55 yduseche kernel: pci 0000:00:01.2: bridge window [mem 0xd0a00000-0xd0bfffff 64bit pref]: assigned
Oct 10 17:19:55 yduseche kernel: pci 0000:00:01.2: bridge window [io  0x3000-0x3fff]: assigned
Oct 10 17:19:55 yduseche kernel: pci 0000:00:01.2: PCI bridge to [bus 01]
Oct 10 17:19:55 yduseche kernel: pci 0000:00:01.2:   bridge window [io  0x3000-0x3fff]
Oct 10 17:19:55 yduseche kernel: pci 0000:00:01.2:   bridge window [mem 0xd0900000-0xd09fffff]
Oct 10 17:19:55 yduseche kernel: pci 0000:00:01.2:   bridge window [mem 0xd0a00000-0xd0bfffff 64bit pref]
Oct 10 17:19:55 yduseche kernel: pci 0000:00:01.3: PCI bridge to [bus 02]
Oct 10 17:19:55 yduseche kernel: pci 0000:00:01.3:   bridge window [mem 0xd0800000-0xd08fffff]
Oct 10 17:19:55 yduseche kernel: pci 0000:00:01.4: PCI bridge to [bus 03]
Oct 10 17:19:55 yduseche kernel: pci 0000:00:01.4:   bridge window [io  0x2000-0x2fff]
Oct 10 17:19:55 yduseche kernel: pci 0000:00:01.4:   bridge window [mem 0xd0700000-0xd07fffff]
Oct 10 17:19:55 yduseche kernel: pci 0000:00:01.7: PCI bridge to [bus 04]
Oct 10 17:19:55 yduseche kernel: pci 0000:00:01.7:   bridge window [mem 0xd0600000-0xd06fffff]
Oct 10 17:19:55 yduseche kernel: pci 0000:00:08.1: PCI bridge to [bus 05]
Oct 10 17:19:55 yduseche kernel: pci 0000:00:08.1:   bridge window [io  0x1000-0x1fff]
Oct 10 17:19:55 yduseche kernel: pci 0000:00:08.1:   bridge window [mem 0xd0200000-0xd05fffff]
Oct 10 17:19:55 yduseche kernel: pci 0000:00:08.1:   bridge window [mem 0xc0000000-0xd01fffff 64bit pref]
Oct 10 17:19:55 yduseche kernel: pci_bus 0000:00: resource 6 [mem 0xfc000000-0xfdffffff window]
Oct 10 17:19:55 yduseche kernel: pci_bus 0000:00: resource 7 [io  0x0000-0x0cf7 window]
Oct 10 17:19:55 yduseche kernel: pci_bus 0000:00: resource 8 [io  0x0d00-0xffff window]
Oct 10 17:19:55 yduseche kernel: pci 0000:05:00.1: D0 power state depends on 0000:05:00.0
Oct 10 17:19:55 yduseche kernel: pci 0000:05:00.3: extending delay after power-on from D3hot to 20 msec
Oct 10 17:19:55 yduseche kernel: pci 0000:05:00.4: extending delay after power-on from D3hot to 20 msec
Oct 10 17:19:55 yduseche kernel: PCI: CLS 32 bytes, default 64
Oct 10 17:19:55 yduseche kernel: pci 0000:00:00.2: AMD-Vi: IOMMU performance counters supported
Oct 10 17:19:55 yduseche kernel: pci 0000:00:00.0: Adding to iommu group 0
Oct 10 17:19:56 yduseche kernel: pci 0000:00:01.0: Adding to iommu group 1
Oct 10 17:19:56 yduseche kernel: Trying to unpack rootfs image as initramfs...
Oct 10 17:19:56 yduseche kernel: pci 0000:00:01.2: Adding to iommu group 2
Oct 10 17:19:56 yduseche kernel: pci 0000:00:01.3: Adding to iommu group 3
Oct 10 17:19:56 yduseche kernel: pci 0000:00:01.4: Adding to iommu group 4
Oct 10 17:19:56 yduseche kernel: pci 0000:00:01.7: Adding to iommu group 5
Oct 10 17:19:56 yduseche kernel: pci 0000:00:08.0: Adding to iommu group 6
Oct 10 17:19:56 yduseche kernel: pci 0000:00:08.1: Adding to iommu group 7
Oct 10 17:19:56 yduseche kernel: pci 0000:00:14.0: Adding to iommu group 8
Oct 10 17:19:56 yduseche kernel: pci 0000:00:14.3: Adding to iommu group 8
Oct 10 17:19:56 yduseche kernel: pci 0000:00:18.0: Adding to iommu group 9
Oct 10 17:19:56 yduseche kernel: pci 0000:00:18.1: Adding to iommu group 9
Oct 10 17:19:56 yduseche kernel: pci 0000:00:18.2: Adding to iommu group 9
Oct 10 17:19:56 yduseche kernel: pci 0000:00:18.3: Adding to iommu group 9
Oct 10 17:19:56 yduseche kernel: pci 0000:00:18.4: Adding to iommu group 9
Oct 10 17:19:56 yduseche kernel: pci 0000:00:18.5: Adding to iommu group 9
Oct 10 17:19:56 yduseche kernel: pci 0000:00:18.6: Adding to iommu group 9
Oct 10 17:19:56 yduseche kernel: pci 0000:00:18.7: Adding to iommu group 9
Oct 10 17:19:56 yduseche kernel: pci 0000:01:00.0: Adding to iommu group 10
Oct 10 17:19:56 yduseche kernel: pci 0000:02:00.0: Adding to iommu group 11
Oct 10 17:19:56 yduseche kernel: pci 0000:03:00.0: Adding to iommu group 12
Oct 10 17:19:56 yduseche kernel: pci 0000:03:00.1: Adding to iommu group 12
Oct 10 17:19:56 yduseche kernel: pci 0000:03:00.2: Adding to iommu group 12
Oct 10 17:19:56 yduseche kernel: pci 0000:03:00.3: Adding to iommu group 12
Oct 10 17:19:56 yduseche kernel: pci 0000:03:00.4: Adding to iommu group 12
Oct 10 17:19:56 yduseche kernel: pci 0000:04:00.0: Adding to iommu group 13
Oct 10 17:19:56 yduseche kernel: pci 0000:05:00.0: Adding to iommu group 14
Oct 10 17:19:56 yduseche kernel: pci 0000:05:00.1: Adding to iommu group 15
Oct 10 17:19:56 yduseche kernel: pci 0000:05:00.2: Adding to iommu group 15
Oct 10 17:19:56 yduseche kernel: pci 0000:05:00.3: Adding to iommu group 15
Oct 10 17:19:56 yduseche kernel: pci 0000:05:00.4: Adding to iommu group 15
Oct 10 17:19:56 yduseche kernel: pci 0000:05:00.5: Adding to iommu group 15
Oct 10 17:19:56 yduseche kernel: pci 0000:05:00.6: Adding to iommu group 15
Oct 10 17:19:56 yduseche kernel: AMD-Vi: Extended features (0x4f77ef22294ada, 0x0): PPR NX GT IA GA PC GA_vAPIC
Oct 10 17:19:56 yduseche kernel: AMD-Vi: Interrupt remapping enabled
Oct 10 17:19:56 yduseche kernel: AMD-Vi: Virtual APIC enabled
Oct 10 17:19:56 yduseche kernel: PCI-DMA: Using software bounce buffering for IO (SWIOTLB)
Oct 10 17:19:56 yduseche kernel: software IO TLB: mapped [mem 0x00000000b2ff1000-0x00000000b6ff1000] (64MB)
Oct 10 17:19:56 yduseche kernel: Initialise system trusted keyrings
Oct 10 17:19:56 yduseche kernel: Key type blacklist registered
Oct 10 17:19:56 yduseche kernel: workingset: timestamp_bits=36 max_order=21 bucket_order=0
Oct 10 17:19:56 yduseche kernel: zsmalloc: debugfs not available, stat dir not created
Oct 10 17:19:56 yduseche kernel: fuse: init (API version 7.43)
Oct 10 17:19:56 yduseche kernel: integrity: Platform Keyring initialized
Oct 10 17:19:56 yduseche kernel: integrity: Machine keyring initialized
Oct 10 17:19:56 yduseche kernel: xor: automatically using best checksumming function   avx       
Oct 10 17:19:56 yduseche kernel: Key type asymmetric registered
Oct 10 17:19:56 yduseche kernel: Asymmetric key parser 'x509' registered
Oct 10 17:19:56 yduseche kernel: Block layer SCSI generic (bsg) driver version 0.4 loaded (major 247)
Oct 10 17:19:56 yduseche kernel: io scheduler mq-deadline registered
Oct 10 17:19:56 yduseche kernel: io scheduler kyber registered
Oct 10 17:19:56 yduseche kernel: io scheduler bfq registered
Oct 10 17:19:56 yduseche kernel: atomic64_test: passed for x86-64 platform with CX8 and with SSE
Oct 10 17:19:56 yduseche kernel: pinctrl core: failed to create debugfs directory for AMDI0030:00
Oct 10 17:19:56 yduseche kernel: ledtrig-cpu: registered to indicate activity on CPUs
Oct 10 17:19:56 yduseche kernel: pcieport 0000:00:01.2: PME: Signaling with IRQ 26
Oct 10 17:19:56 yduseche kernel: pcieport 0000:00:01.2: AER: enabled with IRQ 26
Oct 10 17:19:56 yduseche kernel: pcieport 0000:00:01.2: pciehp: Slot #0 AttnBtn- PwrCtrl- MRL- AttnInd- PwrInd- HotPlug+ Surprise- Interlock- NoCompl+ IbPresDis- LLActRep+
Oct 10 17:19:56 yduseche kernel: pcieport 0000:00:01.3: PME: Signaling with IRQ 27
Oct 10 17:19:56 yduseche kernel: pcieport 0000:00:01.3: AER: enabled with IRQ 27
Oct 10 17:19:56 yduseche kernel: pcieport 0000:00:01.4: PME: Signaling with IRQ 28
Oct 10 17:19:56 yduseche kernel: pcieport 0000:00:01.4: AER: enabled with IRQ 28
Oct 10 17:19:56 yduseche kernel: pcieport 0000:00:01.7: PME: Signaling with IRQ 29
Oct 10 17:19:56 yduseche kernel: pcieport 0000:00:01.7: AER: enabled with IRQ 29
Oct 10 17:19:56 yduseche kernel: pcieport 0000:00:08.1: PME: Signaling with IRQ 30
Oct 10 17:19:56 yduseche kernel: ACPI: AC: AC Adapter [AC] (on-line)
Oct 10 17:19:56 yduseche kernel: input: Power Button as /devices/LNXSYSTM:00/LNXSYBUS:00/PNP0C0C:00/input/input0
Oct 10 17:19:56 yduseche kernel: ACPI: button: Power Button [PWRB]
Oct 10 17:19:56 yduseche kernel: input: Lid Switch as /devices/LNXSYSTM:00/LNXSYBUS:00/PNP0C0D:00/input/input1
Oct 10 17:19:56 yduseche kernel: ACPI: button: Lid Switch [LID]
Oct 10 17:19:56 yduseche kernel: input: Sleep Button as /devices/LNXSYSTM:00/LNXSYBUS:00/PNP0C0E:00/input/input2
Oct 10 17:19:56 yduseche kernel: ACPI: button: Sleep Button [SLPB]
Oct 10 17:19:56 yduseche kernel: input: Power Button as /devices/LNXSYSTM:00/LNXPWRBN:00/input/input3
Oct 10 17:19:56 yduseche kernel: ACPI: button: Power Button [PWRF]
Oct 10 17:19:56 yduseche kernel: Monitor-Mwait will be used to enter C-1 state
Oct 10 17:19:56 yduseche kernel: Could not retrieve perf counters (-19)
Oct 10 17:19:56 yduseche kernel: Serial: 8250/16550 driver, 32 ports, IRQ sharing enabled
Oct 10 17:19:56 yduseche kernel: serial 0000:03:00.1: enabling device (0000 -> 0003)
Oct 10 17:19:56 yduseche kernel: 0000:03:00.1: ttyS4 at I/O 0x2200 (irq = 31, base_baud = 115200) is a 16550A
Oct 10 17:19:56 yduseche kernel: serial 0000:03:00.2: enabling device (0000 -> 0003)
Oct 10 17:19:56 yduseche kernel: 0000:03:00.2: ttyS5 at I/O 0x2100 (irq = 32, base_baud = 115200) is a 16550A
Oct 10 17:19:56 yduseche kernel: Linux agpgart interface v0.103
Oct 10 17:19:56 yduseche kernel: tpm_tis NTC0702:00: 2.0 TPM (device-id 0xFC, rev-id 1)
Oct 10 17:19:56 yduseche kernel: ACPI: battery: Slot [BAT0] (battery present)
Oct 10 17:19:56 yduseche kernel: Freeing initrd memory: 49212K
Oct 10 17:19:56 yduseche kernel: ACPI: bus type drm_connector registered
Oct 10 17:19:56 yduseche kernel: xhci_hcd 0000:05:00.3: xHCI Host Controller
Oct 10 17:19:56 yduseche kernel: xhci_hcd 0000:05:00.3: new USB bus registered, assigned bus number 1
Oct 10 17:19:56 yduseche kernel: xhci_hcd 0000:05:00.3: hcc params 0x0270ffe5 hci version 0x110 quirks 0x0004000840000010
Oct 10 17:19:56 yduseche kernel: ehci-pci 0000:03:00.4: EHCI Host Controller
Oct 10 17:19:56 yduseche kernel: ehci-pci 0000:03:00.4: new USB bus registered, assigned bus number 2
Oct 10 17:19:56 yduseche kernel: xhci_hcd 0000:05:00.3: xHCI Host Controller
Oct 10 17:19:56 yduseche kernel: xhci_hcd 0000:05:00.3: new USB bus registered, assigned bus number 3
Oct 10 17:19:56 yduseche kernel: xhci_hcd 0000:05:00.3: Host supports USB 3.1 Enhanced SuperSpeed
Oct 10 17:19:56 yduseche kernel: ehci-pci 0000:03:00.4: irq 36, io mem 0xd0718000
Oct 10 17:19:56 yduseche kernel: usb usb1: New USB device found, idVendor=1d6b, idProduct=0002, bcdDevice= 6.15
Oct 10 17:19:56 yduseche kernel: usb usb1: New USB device strings: Mfr=3, Product=2, SerialNumber=1
Oct 10 17:19:56 yduseche kernel: usb usb1: Product: xHCI Host Controller
Oct 10 17:19:56 yduseche kernel: usb usb1: Manufacturer: Linux 6.15.11-hardened1-1-hardened xhci-hcd
Oct 10 17:19:56 yduseche kernel: usb usb1: SerialNumber: 0000:05:00.3
Oct 10 17:19:56 yduseche kernel: hub 1-0:1.0: USB hub found
Oct 10 17:19:56 yduseche kernel: usb usb3: We don't know the algorithms for LPM for this host, disabling LPM.
Oct 10 17:19:56 yduseche kernel: usb usb3: New USB device found, idVendor=1d6b, idProduct=0003, bcdDevice= 6.15
Oct 10 17:19:56 yduseche kernel: usb usb3: New USB device strings: Mfr=3, Product=2, SerialNumber=1
Oct 10 17:19:56 yduseche kernel: usb usb3: Product: xHCI Host Controller
Oct 10 17:19:56 yduseche kernel: usb usb3: Manufacturer: Linux 6.15.11-hardened1-1-hardened xhci-hcd
Oct 10 17:19:56 yduseche kernel: usb usb3: SerialNumber: 0000:05:00.3
Oct 10 17:19:56 yduseche kernel: hub 3-0:1.0: USB hub found
Oct 10 17:19:56 yduseche kernel: ehci-pci 0000:03:00.4: USB 0.0 started, EHCI 1.00
Oct 10 17:19:56 yduseche kernel: usb usb2: New USB device found, idVendor=1d6b, idProduct=0002, bcdDevice= 6.15
Oct 10 17:19:56 yduseche kernel: usb usb2: New USB device strings: Mfr=3, Product=2, SerialNumber=1
Oct 10 17:19:56 yduseche kernel: usb usb2: Product: EHCI Host Controller
Oct 10 17:19:56 yduseche kernel: usb usb2: Manufacturer: Linux 6.15.11-hardened1-1-hardened ehci_hcd
Oct 10 17:19:56 yduseche kernel: usb usb2: SerialNumber: 0000:03:00.4
Oct 10 17:19:56 yduseche kernel: hub 2-0:1.0: USB hub found
Oct 10 17:19:56 yduseche kernel: xhci_hcd 0000:05:00.4: xHCI Host Controller
Oct 10 17:19:56 yduseche kernel: xhci_hcd 0000:05:00.4: new USB bus registered, assigned bus number 4
Oct 10 17:19:56 yduseche kernel: xhci_hcd 0000:05:00.4: hcc params 0x0260ffe5 hci version 0x110 quirks 0x0004000840000010
Oct 10 17:19:56 yduseche kernel: xhci_hcd 0000:05:00.4: xHCI Host Controller
Oct 10 17:19:56 yduseche kernel: xhci_hcd 0000:05:00.4: new USB bus registered, assigned bus number 5
Oct 10 17:19:56 yduseche kernel: xhci_hcd 0000:05:00.4: Host supports USB 3.1 Enhanced SuperSpeed
Oct 10 17:19:56 yduseche kernel: usb usb4: New USB device found, idVendor=1d6b, idProduct=0002, bcdDevice= 6.15
Oct 10 17:19:56 yduseche kernel: usb usb4: New USB device strings: Mfr=3, Product=2, SerialNumber=1
Oct 10 17:19:56 yduseche kernel: usb usb4: Product: xHCI Host Controller
Oct 10 17:19:56 yduseche kernel: usb usb4: Manufacturer: Linux 6.15.11-hardened1-1-hardened xhci-hcd
Oct 10 17:19:56 yduseche kernel: usb usb4: SerialNumber: 0000:05:00.4
Oct 10 17:19:56 yduseche kernel: hub 4-0:1.0: USB hub found
Oct 10 17:19:56 yduseche kernel: usb usb5: We don't know the algorithms for LPM for this host, disabling LPM.
Oct 10 17:19:56 yduseche kernel: usb usb5: New USB device found, idVendor=1d6b, idProduct=0003, bcdDevice= 6.15
Oct 10 17:19:56 yduseche kernel: usb usb5: New USB device strings: Mfr=3, Product=2, SerialNumber=1
Oct 10 17:19:56 yduseche kernel: usb usb5: Product: xHCI Host Controller
Oct 10 17:19:56 yduseche kernel: usb usb5: Manufacturer: Linux 6.15.11-hardened1-1-hardened xhci-hcd
Oct 10 17:19:56 yduseche kernel: usb usb5: SerialNumber: 0000:05:00.4
Oct 10 17:19:56 yduseche kernel: hub 5-0:1.0: USB hub found
Oct 10 17:19:56 yduseche kernel: usbcore: registered new interface driver usbserial_generic
Oct 10 17:19:56 yduseche kernel: usbserial: USB Serial support registered for generic
Oct 10 17:19:56 yduseche kernel: i8042: PNP: PS/2 Controller [PNP0303:KBD,PNP0f13:MOU] at 0x60,0x64 irq 1,12
Oct 10 17:19:56 yduseche kernel: serio: i8042 KBD port at 0x60,0x64 irq 1
Oct 10 17:19:56 yduseche kernel: serio: i8042 AUX port at 0x60,0x64 irq 12
Oct 10 17:19:56 yduseche kernel: rtc_cmos 00:01: RTC can wake from S4
Oct 10 17:19:56 yduseche kernel: rtc_cmos 00:01: registered as rtc0
Oct 10 17:19:56 yduseche kernel: rtc_cmos 00:01: setting system clock to 2025-10-10T15:19:05 UTC (1760109545)
Oct 10 17:19:56 yduseche kernel: rtc_cmos 00:01: alarms up to one month, y3k, 114 bytes nvram
Oct 10 17:19:56 yduseche kernel: [drm] Initialized simpledrm 1.0.0 for simple-framebuffer.0 on minor 0
Oct 10 17:19:56 yduseche kernel: fbcon: Deferring console take-over
Oct 10 17:19:56 yduseche kernel: simple-framebuffer simple-framebuffer.0: [drm] fb0: simpledrmdrmfb frame buffer device
Oct 10 17:19:56 yduseche kernel: hid: raw HID events driver (C) Jiri Kosina
Oct 10 17:19:56 yduseche kernel: usbcore: registered new interface driver usbhid
Oct 10 17:19:56 yduseche kernel: usbhid: USB HID core driver
Oct 10 17:19:56 yduseche kernel: drop_monitor: Initializing network drop monitor service
Oct 10 17:19:56 yduseche kernel: NET: Registered PF_INET6 protocol family
Oct 10 17:19:56 yduseche kernel: Segment Routing with IPv6
Oct 10 17:19:56 yduseche kernel: RPL Segment Routing with IPv6
Oct 10 17:19:56 yduseche kernel: In-situ OAM (IOAM) with IPv6
Oct 10 17:19:56 yduseche kernel: NET: Registered PF_PACKET protocol family
Oct 10 17:19:56 yduseche kernel: microcode: Current revision: 0x08108109
Oct 10 17:19:56 yduseche kernel: IPI shorthand broadcast: enabled
Oct 10 17:19:56 yduseche kernel: sched_clock: Marking stable (1512059574, 540723)->(1521979418, -9379121)
Oct 10 17:19:56 yduseche kernel: registered taskstats version 1
Oct 10 17:19:56 yduseche kernel: Loading compiled-in X.509 certificates
Oct 10 17:19:56 yduseche kernel: Loaded X.509 cert 'Build time autogenerated kernel key: 214c0d6d6895b0552d304232dd8cbac9c21ce002'
Oct 10 17:19:56 yduseche kernel: Demotion targets for Node 0: null
Oct 10 17:19:56 yduseche kernel: Key type .fscrypt registered
Oct 10 17:19:56 yduseche kernel: Key type fscrypt-provisioning registered
Oct 10 17:19:56 yduseche kernel: Btrfs loaded, zoned=yes, fsverity=yes
Oct 10 17:19:56 yduseche kernel: Key type big_key registered
Oct 10 17:19:56 yduseche kernel: PM:   Magic number: 13:637:335
Oct 10 17:19:56 yduseche kernel: tty tty56: hash matches
Oct 10 17:19:56 yduseche kernel: RAS: Correctable Errors collector initialized.
Oct 10 17:19:56 yduseche kernel: clk: Disabling unused clocks
Oct 10 17:19:56 yduseche kernel: PM: genpd: Disabling unused power domains
Oct 10 17:19:56 yduseche kernel: Freeing unused decrypted memory: 2028K
Oct 10 17:19:56 yduseche kernel: Freeing unused kernel image (initmem) memory: 5068K
Oct 10 17:19:56 yduseche kernel: Write protecting the kernel read-only data: 36864k
Oct 10 17:19:56 yduseche kernel: Freeing unused kernel image (text/rodata gap) memory: 1292K
Oct 10 17:19:56 yduseche kernel: Freeing unused kernel image (rodata/data gap) memory: 996K
Oct 10 17:19:56 yduseche kernel: x86/mm: Checked W+X mappings: passed, no W+X pages found.
Oct 10 17:19:56 yduseche kernel: rodata_test: all tests were successful
Oct 10 17:19:56 yduseche kernel: x86/mm: Checking user space page tables
Oct 10 17:19:56 yduseche kernel: x86/mm: Checked W+X mappings: passed, no W+X pages found.
Oct 10 17:19:56 yduseche kernel: Run /init as init process
Oct 10 17:19:56 yduseche kernel:   with arguments:
Oct 10 17:19:56 yduseche kernel:     /init
Oct 10 17:19:56 yduseche kernel:   with environment:
Oct 10 17:19:56 yduseche kernel:     HOME=/
Oct 10 17:19:56 yduseche kernel:     TERM=linux
Oct 10 17:19:56 yduseche kernel:     cryptdevice=UUID=20d77993-67b8-4bac-b57c-266e5e290ab8:cryptlvm
Oct 10 17:19:56 yduseche kernel: fbcon: Taking over console
Oct 10 17:19:56 yduseche kernel: Console: switching to colour frame buffer device 170x48
Oct 10 17:19:56 yduseche kernel: usb 4-1: New USB device found, idVendor=8087, idProduct=0025, bcdDevice= 0.02
Oct 10 17:19:56 yduseche kernel: usb 4-1: New USB device strings: Mfr=0, Product=0, SerialNumber=0
Oct 10 17:19:56 yduseche kernel: Key type psk registered
Oct 10 17:19:56 yduseche kernel: rtsx_pci 0000:04:00.0: enabling device (0000 -> 0002)
Oct 10 17:19:56 yduseche kernel: ccp 0000:05:00.2: enabling device (0000 -> 0002)
Oct 10 17:19:56 yduseche kernel: ccp 0000:05:00.2: ccp enabled
Oct 10 17:19:56 yduseche kernel: cec: Failed to create debugfs cec dir
Oct 10 17:19:56 yduseche kernel: ccp 0000:05:00.2: tee enabled
Oct 10 17:19:56 yduseche kernel: ccp 0000:05:00.2: psp enabled
Oct 10 17:19:56 yduseche kernel: ACPI: video: Video Device [VGA] (multi-head: yes  rom: no  post: no)
Oct 10 17:19:56 yduseche kernel: input: Video Bus as /devices/LNXSYSTM:00/LNXSYBUS:00/PNP0A08:00/device:0b/LNXVIDEO:00/input/input6
Oct 10 17:19:56 yduseche kernel: usb 4-2: New USB device found, idVendor=05e3, idProduct=0610, bcdDevice=60.52
Oct 10 17:19:56 yduseche kernel: usb 4-2: New USB device strings: Mfr=0, Product=1, SerialNumber=0
Oct 10 17:19:56 yduseche kernel: usb 4-2: Product: USB2.0 Hub
Oct 10 17:19:56 yduseche kernel: cryptd: max_cpu_qlen set to 1000
Oct 10 17:19:56 yduseche kernel: nvme nvme0: pci function 0000:02:00.0
Oct 10 17:19:56 yduseche kernel: nvme nvme0: missing or invalid SUBNQN field.
Oct 10 17:19:56 yduseche kernel: nvme nvme0: D3 entry latency set to 8 seconds
Oct 10 17:19:56 yduseche kernel: nvme nvme0: 8/0/0 default/read/poll queues
Oct 10 17:19:56 yduseche kernel:  nvme0n1: p1 p2
Oct 10 17:19:56 yduseche kernel: hub 4-2:1.0: USB hub found
Oct 10 17:19:56 yduseche kernel: Non-volatile memory driver v1.3
Oct 10 17:19:56 yduseche kernel: thinkpad_acpi: ThinkPad ACPI Extras v0.26
Oct 10 17:19:56 yduseche kernel: thinkpad_acpi: http://ibm-acpi.sf.net/
Oct 10 17:19:56 yduseche kernel: thinkpad_acpi: ThinkPad BIOS R13ET54W(1.28 ), EC R13HT54W
Oct 10 17:19:56 yduseche kernel: thinkpad_acpi: Lenovo ThinkPad X395, model 20NMS0C901
Oct 10 17:19:56 yduseche kernel: thinkpad_acpi: radio switch found; radios are enabled
Oct 10 17:19:56 yduseche kernel: thinkpad_acpi: This ThinkPad has standard ACPI backlight brightness control, supported by the ACPI video driver
Oct 10 17:19:56 yduseche kernel: thinkpad_acpi: Disabling thinkpad-acpi brightness events by default...
Oct 10 17:19:56 yduseche kernel: thinkpad_acpi: rfkill switch tpacpi_bluetooth_sw: radio is unblocked
Oct 10 17:19:56 yduseche kernel: thinkpad_acpi: Standard ACPI backlight interface available, not loading native one
Oct 10 17:19:56 yduseche kernel: thinkpad_acpi: Ignoring buggy ACPI fan access method
Oct 10 17:19:56 yduseche kernel: thinkpad_acpi: secondary fan control detected & enabled
Oct 10 17:19:56 yduseche kernel: ACPI: battery: new hook: ThinkPad Battery Extension
Oct 10 17:19:56 yduseche kernel: input: ThinkPad Extra Buttons as /devices/platform/thinkpad_acpi/input/input7
Oct 10 17:19:56 yduseche kernel: tsc: Refined TSC clocksource calibration: 2096.061 MHz
Oct 10 17:19:56 yduseche kernel: clocksource: tsc: mask: 0xffffffffffffffff max_cycles: 0x1e36a769ed4, max_idle_ns: 440795206585 ns
Oct 10 17:19:56 yduseche kernel: clocksource: Switched to clocksource tsc
Oct 10 17:19:56 yduseche kernel: usb 4-2.1: New USB device found, idVendor=13d3, idProduct=56a6, bcdDevice=20.01
Oct 10 17:19:56 yduseche kernel: usb 4-2.1: New USB device strings: Mfr=3, Product=1, SerialNumber=2
Oct 10 17:19:56 yduseche kernel: usb 4-2.1: Product: Integrated Camera
Oct 10 17:19:56 yduseche kernel: usb 4-2.1: Manufacturer: Azurewave
Oct 10 17:19:56 yduseche kernel: usb 4-2.1: SerialNumber: 0001
Oct 10 17:19:56 yduseche kernel: usb 4-2.4: New USB device found, idVendor=06cb, idProduct=00bd, bcdDevice= 0.00
Oct 10 17:19:56 yduseche kernel: usb 4-2.4: New USB device strings: Mfr=0, Product=0, SerialNumber=1
Oct 10 17:19:56 yduseche kernel: usb 4-2.4: SerialNumber: 9ea037685fb5
Oct 10 17:19:56 yduseche kernel: [drm] amdgpu kernel modesetting enabled.
Oct 10 17:19:56 yduseche kernel: amdgpu: Virtual CRAT table created for CPU
Oct 10 17:19:56 yduseche kernel: amdgpu: Topology: Add CPU node
Oct 10 17:19:56 yduseche kernel: amdgpu 0000:05:00.0: enabling device (0006 -> 0007)
Oct 10 17:19:56 yduseche kernel: [drm] initializing kernel modesetting (RAVEN 0x1002:0x15D8 0x17AA:0x5126 0xD2).
Oct 10 17:19:56 yduseche kernel: [drm] register mmio base: 0xD0500000
Oct 10 17:19:56 yduseche kernel: [drm] register mmio size: 524288
Oct 10 17:19:56 yduseche kernel: amdgpu 0000:05:00.0: amdgpu: detected ip block number 6 <gfx_v9_0>
Oct 10 17:19:56 yduseche kernel: amdgpu 0000:05:00.0: amdgpu: detected ip block number 7 <sdma_v4_0>
Oct 10 17:19:56 yduseche kernel: amdgpu 0000:05:00.0: amdgpu: detected ip block number 8 <vcn_v1_0>
Oct 10 17:19:56 yduseche kernel: amdgpu 0000:05:00.0: amdgpu: Fetched VBIOS from VFCT
Oct 10 17:19:56 yduseche kernel: amdgpu: ATOM BIOS: 113-PICASSO-117
Oct 10 17:19:56 yduseche kernel: Console: switching to colour dummy device 80x25
Oct 10 17:19:56 yduseche kernel: amdgpu 0000:05:00.0: vgaarb: deactivate vga console
Oct 10 17:19:56 yduseche kernel: amdgpu 0000:05:00.0: amdgpu: Trusted Memory Zone (TMZ) feature enabled
Oct 10 17:19:56 yduseche kernel: amdgpu 0000:05:00.0: amdgpu: VRAM: 2048M 0x000000F400000000 - 0x000000F47FFFFFFF (2048M used)
Oct 10 17:19:56 yduseche kernel: amdgpu 0000:05:00.0: amdgpu: GART: 1024M 0x0000000000000000 - 0x000000003FFFFFFF
Oct 10 17:19:56 yduseche kernel: [drm] Detected VRAM RAM=2048M, BAR=2048M
Oct 10 17:19:56 yduseche kernel: [drm] RAM width 128bits DDR4
Oct 10 17:19:56 yduseche kernel: [drm] amdgpu: 2048M of VRAM memory ready
Oct 10 17:19:56 yduseche kernel: [drm] amdgpu: 2919M of GTT memory ready.
Oct 10 17:19:56 yduseche kernel: [drm] GART: num cpu pages 262144, num gpu pages 262144
Oct 10 17:19:56 yduseche kernel: [drm] PCIE GART of 1024M enabled.
Oct 10 17:19:56 yduseche kernel: [drm] PTB located at 0x000000F47FC00000
Oct 10 17:19:56 yduseche kernel: amdgpu: hwmgr_sw_init smu backed is smu10_smu
Oct 10 17:19:56 yduseche kernel: amdgpu 0000:05:00.0: amdgpu: reserve 0x400000 from 0xf47f800000 for PSP TMR
Oct 10 17:19:56 yduseche kernel: amdgpu 0000:05:00.0: amdgpu: RAS: optional ras ta ucode is not available
Oct 10 17:19:56 yduseche kernel: amdgpu 0000:05:00.0: amdgpu: RAP: optional rap ta ucode is not available
Oct 10 17:19:56 yduseche kernel: amdgpu 0000:05:00.0: amdgpu: psp gfx command LOAD_TA(0x1) failed and response status is (0x7)
Oct 10 17:19:56 yduseche kernel: amdgpu 0000:05:00.0: amdgpu: psp gfx command INVOKE_CMD(0x3) failed and response status is (0x4)
Oct 10 17:19:56 yduseche kernel: amdgpu 0000:05:00.0: amdgpu: Secure display: Generic Failure.
Oct 10 17:19:56 yduseche kernel: amdgpu 0000:05:00.0: amdgpu: SECUREDISPLAY: query securedisplay TA failed. ret 0x0
Oct 10 17:19:56 yduseche kernel: [drm] DM_PPLIB: values for F clock
Oct 10 17:19:56 yduseche kernel: [drm] DM_PPLIB:         400000 in kHz, 2874 in mV
Oct 10 17:19:56 yduseche kernel: [drm] DM_PPLIB:         933000 in kHz, 3224 in mV
Oct 10 17:19:56 yduseche kernel: [drm] DM_PPLIB:         1067000 in kHz, 3924 in mV
Oct 10 17:19:56 yduseche kernel: [drm] DM_PPLIB:         1200000 in kHz, 4074 in mV
Oct 10 17:19:56 yduseche kernel: [drm] DM_PPLIB: values for DCF clock
Oct 10 17:19:56 yduseche kernel: [drm] DM_PPLIB:         300000 in kHz, 2874 in mV
Oct 10 17:19:56 yduseche kernel: [drm] DM_PPLIB:         600000 in kHz, 3224 in mV
Oct 10 17:19:56 yduseche kernel: [drm] DM_PPLIB:         626000 in kHz, 3924 in mV
Oct 10 17:19:56 yduseche kernel: [drm] DM_PPLIB:         654000 in kHz, 4074 in mV
Oct 10 17:19:56 yduseche kernel: [drm] Display Core v3.2.325 initialized on DCN 1.0
Oct 10 17:19:56 yduseche kernel: amdgpu 0000:05:00.0: amdgpu: [drm] Using ACPI provided EDID for eDP-1
Oct 10 17:19:56 yduseche kernel: kfd kfd: amdgpu: Allocated 3969056 bytes on gart
Oct 10 17:19:56 yduseche kernel: kfd kfd: amdgpu: Total number of KFD nodes to be created: 1
Oct 10 17:19:56 yduseche kernel: amdgpu: Virtual CRAT table created for GPU
Oct 10 17:19:56 yduseche kernel: amdgpu: Topology: Add dGPU node [0x15d8:0x1002]
Oct 10 17:19:56 yduseche kernel: kfd kfd: amdgpu: added device 1002:15d8
Oct 10 17:19:56 yduseche kernel: amdgpu 0000:05:00.0: amdgpu: SE 1, SH per SE 1, CU per SH 11, active_cu_number 8
Oct 10 17:19:56 yduseche kernel: amdgpu 0000:05:00.0: amdgpu: ring comp_1.3.0 uses VM inv eng 6 on hub 0
Oct 10 17:19:56 yduseche kernel: amdgpu 0000:05:00.0: amdgpu: ring comp_1.0.1 uses VM inv eng 7 on hub 0
Oct 10 17:19:56 yduseche kernel: amdgpu 0000:05:00.0: amdgpu: ring comp_1.1.1 uses VM inv eng 8 on hub 0
Oct 10 17:19:56 yduseche kernel: amdgpu 0000:05:00.0: amdgpu: ring comp_1.2.1 uses VM inv eng 9 on hub 0
Oct 10 17:19:56 yduseche kernel: amdgpu 0000:05:00.0: amdgpu: ring comp_1.3.1 uses VM inv eng 10 on hub 0
Oct 10 17:19:56 yduseche kernel: amdgpu 0000:05:00.0: amdgpu: ring kiq_0.2.1.0 uses VM inv eng 11 on hub 0
Oct 10 17:19:56 yduseche kernel: amdgpu 0000:05:00.0: amdgpu: ring jpeg_dec uses VM inv eng 6 on hub 8
Oct 10 17:19:56 yduseche kernel: amdgpu: pp_dpm_get_sclk_od was not implemented.
Oct 10 17:19:56 yduseche kernel: amdgpu: pp_dpm_get_mclk_od was not implemented.
Oct 10 17:19:56 yduseche kernel: amdgpu 0000:05:00.0: amdgpu: Runtime PM not available
Oct 10 17:19:56 yduseche kernel: amdgpu 0000:05:00.0: amdgpu: [drm] Using custom brightness curve
Oct 10 17:19:56 yduseche kernel: [drm] Initialized amdgpu 3.63.0 for 0000:05:00.0 on minor 1
Oct 10 17:19:56 yduseche kernel: fbcon: amdgpudrmfb (fb0) is primary device
Oct 10 17:19:56 yduseche kernel: Console: switching to colour frame buffer device 170x48
Oct 10 17:19:56 yduseche kernel: amdgpu 0000:05:00.0: [drm] fb0: amdgpudrmfb frame buffer device
Oct 10 17:19:56 yduseche kernel: device-mapper: uevent: version 1.0.3
Oct 10 17:19:56 yduseche kernel: device-mapper: ioctl: 4.49.0-ioctl (2025-01-17) initialised: dm-devel@lists.linux.dev
Oct 10 17:19:56 yduseche kernel: Key type trusted registered
Oct 10 17:19:56 yduseche kernel: Key type encrypted registered
Oct 10 17:19:56 yduseche kernel: BTRFS info (device dm-1): first mount of filesystem 1cd0b3cc-94be-46ab-97cb-40fd6a1a28c2
Oct 10 17:19:56 yduseche kernel: BTRFS info (device dm-1): using crc32c (crc32c-x86) checksum algorithm
Oct 10 17:19:56 yduseche kernel: BTRFS info (device dm-1): using free-space-tree
Oct 10 17:19:56 yduseche systemd[1]: systemd 258-4-arch running in system mode (+PAM +AUDIT -SELINUX +APPARMOR -IMA +IPE +SMACK +SECCOMP +GCRYPT +GNUTLS +OPENSSL +ACL +BLKID +CURL +ELFUTILS +FIDO2 +IDN2 -IDN +IPTC +KMOD +LIBCRYPTSETUP +LIBCRYPTSETUP_PLUGINS +LIBFDISK +PCRE2 +PWQUALITY +P11KIT +QRENCODE +TPM2 +BZIP2 +LZ4 +XZ +ZLIB +ZSTD +BPF_FRAMEWORK +BTF +XKBCOMMON +UTMP -SYSVINIT +LIBARCHIVE)
Oct 10 17:19:56 yduseche systemd[1]: Detected architecture x86-64.
Oct 10 17:19:56 yduseche systemd[1]: Hostname set to <yduseche>.
Oct 10 17:19:56 yduseche systemd[1]: bpf-restrict-fs: LSM BPF program attached
Oct 10 17:19:56 yduseche kernel: zram: Added device: zram0
Oct 10 17:19:56 yduseche systemd[1]: Queued start job for default target Graphical Interface.
Oct 10 17:19:56 yduseche systemd[1]: Created slice Slice /system/dirmngr.
Oct 10 17:19:56 yduseche systemd[1]: Created slice Slice /system/getty.
Oct 10 17:19:56 yduseche systemd[1]: Created slice Slice /system/gpg-agent.
Oct 10 17:19:56 yduseche systemd[1]: Created slice Slice /system/gpg-agent-browser.
Oct 10 17:19:56 yduseche systemd[1]: Created slice Slice /system/gpg-agent-extra.
Oct 10 17:19:56 yduseche systemd[1]: Created slice Slice /system/gpg-agent-ssh.
Oct 10 17:19:56 yduseche systemd[1]: Created slice Slice /system/keyboxd.
Oct 10 17:19:56 yduseche systemd[1]: Created slice Slice /system/modprobe.
Oct 10 17:19:56 yduseche systemd[1]: Created slice Slice /system/systemd-zram-setup.
Oct 10 17:19:56 yduseche systemd[1]: Created slice User and Session Slice.
Oct 10 17:19:56 yduseche systemd[1]: Started Dispatch Password Requests to Console Directory Watch.
Oct 10 17:19:56 yduseche systemd[1]: Started Forward Password Requests to Wall Directory Watch.
Oct 10 17:19:56 yduseche systemd[1]: Set up automount Arbitrary Executable File Formats File System Automount Point.
Oct 10 17:19:56 yduseche systemd[1]: Expecting device /dev/disk/by-uuid/0DAE-7C4E...
Oct 10 17:19:56 yduseche systemd[1]: Expecting device /dev/disk/by-uuid/1cd0b3cc-94be-46ab-97cb-40fd6a1a28c2...
Oct 10 17:19:56 yduseche systemd[1]: Expecting device /dev/zram0...
Oct 10 17:19:56 yduseche systemd[1]: Reached target Local Encrypted Volumes.
Oct 10 17:19:56 yduseche systemd[1]: Reached target Image Downloads.
Oct 10 17:19:56 yduseche systemd[1]: Reached target Local Integrity Protected Volumes.
Oct 10 17:19:56 yduseche systemd[1]: Reached target Path Units.
Oct 10 17:19:56 yduseche systemd[1]: Reached target Remote File Systems.
Oct 10 17:19:56 yduseche systemd[1]: Reached target Slice Units.
Oct 10 17:19:56 yduseche systemd[1]: Reached target Local Verity Protected Volumes.
Oct 10 17:19:56 yduseche systemd[1]: Listening on Device-mapper event daemon FIFOs.
Oct 10 17:19:56 yduseche systemd[1]: Listening on LVM2 poll daemon socket.
Oct 10 17:19:56 yduseche systemd[1]: Listening on Query the User Interactively for a Password.
Oct 10 17:19:56 yduseche systemd[1]: Listening on Process Core Dump Socket.
Oct 10 17:19:56 yduseche systemd[1]: Listening on Credential Encryption/Decryption.
Oct 10 17:19:56 yduseche systemd[1]: Listening on Factory Reset Management.
Oct 10 17:19:56 yduseche systemd[1]: Listening on Journal Socket (/dev/log).
Oct 10 17:19:56 yduseche systemd[1]: Listening on Journal Sockets.
Oct 10 17:19:56 yduseche systemd[1]: Listening on TPM PCR Measurements.
Oct 10 17:19:56 yduseche systemd[1]: Listening on Make TPM PCR Policy.
Oct 10 17:19:56 yduseche systemd[1]: Listening on udev Control Socket.
Oct 10 17:19:56 yduseche systemd[1]: Listening on udev Kernel Socket.
Oct 10 17:19:56 yduseche systemd[1]: Listening on udev Varlink Socket.
Oct 10 17:19:56 yduseche systemd[1]: Listening on User Database Manager Socket.
Oct 10 17:19:56 yduseche systemd[1]: Mounting Huge Pages File System...
Oct 10 17:19:56 yduseche systemd[1]: Mounting POSIX Message Queue File System...
Oct 10 17:19:56 yduseche systemd[1]: Kernel Debug File System was skipped because of an unmet condition check (ConditionPathExists=/sys/kernel/debug).
Oct 10 17:19:56 yduseche systemd[1]: Mounting Kernel Trace File System...
Oct 10 17:19:56 yduseche systemd[1]: Starting Create List of Static Device Nodes...
Oct 10 17:19:56 yduseche systemd[1]: Starting Monitoring of LVM2 mirrors, snapshots etc. using dmeventd or progress polling...
Oct 10 17:19:56 yduseche systemd[1]: Load Kernel Module configfs was skipped because of an unmet condition check (ConditionKernelModuleLoaded=!configfs).
Oct 10 17:19:56 yduseche systemd[1]: Mounting Kernel Configuration File System...
Oct 10 17:19:56 yduseche systemd[1]: Load Kernel Module dm_mod was skipped because of an unmet condition check (ConditionKernelModuleLoaded=!dm_mod).
Oct 10 17:19:56 yduseche systemd[1]: Load Kernel Module drm was skipped because of an unmet condition check (ConditionKernelModuleLoaded=!drm).
Oct 10 17:19:56 yduseche systemd[1]: Load Kernel Module fuse was skipped because of an unmet condition check (ConditionKernelModuleLoaded=!fuse).
Oct 10 17:19:56 yduseche systemd[1]: Mounting FUSE Control File System...
Oct 10 17:19:56 yduseche systemd[1]: Starting Load Kernel Module loop...
Oct 10 17:19:56 yduseche systemd[1]: Starting Clear Stale Hibernate Storage Info...
Oct 10 17:19:56 yduseche systemd[1]: Starting Journal Service...
Oct 10 17:19:56 yduseche systemd[1]: Starting Load Kernel Modules...
Oct 10 17:19:56 yduseche systemd[1]: Starting TPM PCR Machine ID Measurement...
Oct 10 17:19:56 yduseche systemd[1]: Starting Remount Root and Kernel File Systems...
Oct 10 17:19:56 yduseche kernel: loop: module loaded
Oct 10 17:19:56 yduseche systemd[1]: Starting Early TPM SRK Setup...
Oct 10 17:19:56 yduseche systemd[1]: Starting Load udev Rules from Credentials...
Oct 10 17:19:56 yduseche systemd[1]: Starting Coldplug All udev Devices...
Oct 10 17:19:56 yduseche systemd[1]: Mounted Huge Pages File System.
Oct 10 17:19:56 yduseche systemd[1]: Mounted POSIX Message Queue File System.
Oct 10 17:19:56 yduseche systemd[1]: Mounted Kernel Trace File System.
Oct 10 17:19:56 yduseche systemd[1]: Finished Create List of Static Device Nodes.
Oct 10 17:19:56 yduseche systemd[1]: Mounted Kernel Configuration File System.
Oct 10 17:19:56 yduseche systemd[1]: Mounted FUSE Control File System.
Oct 10 17:19:56 yduseche systemd[1]: modprobe@loop.service: Deactivated successfully.
Oct 10 17:19:56 yduseche systemd[1]: Finished Load Kernel Module loop.
Oct 10 17:19:56 yduseche systemd[1]: Finished Clear Stale Hibernate Storage Info.
Oct 10 17:19:56 yduseche systemd[1]: Finished Monitoring of LVM2 mirrors, snapshots etc. using dmeventd or progress polling.
Oct 10 17:19:56 yduseche systemd-journald[1459]: Collecting audit messages is disabled.
Oct 10 17:19:56 yduseche kernel: i2c_dev: i2c /dev entries driver
Oct 10 17:19:56 yduseche systemd[1]: Finished Load udev Rules from Credentials.
Oct 10 17:19:56 yduseche systemd[1]: Starting Create Static Device Nodes in /dev gracefully...
Oct 10 17:19:56 yduseche kernel: Asymmetric key parser 'pkcs8' registered
Oct 10 17:19:56 yduseche systemd[1]: Finished Load Kernel Modules.
Oct 10 17:19:56 yduseche systemd[1]: Starting Apply Kernel Variables...
Oct 10 17:19:56 yduseche kernel: BTRFS info (device dm-1 state M): use zstd compression, level 3
Oct 10 17:19:56 yduseche systemd[1]: Finished Apply Kernel Variables.
Oct 10 17:19:56 yduseche systemd[1]: Finished Remount Root and Kernel File Systems.
